[Policy] m=12 h=8 rounds=200 T_target=12 policy=soft+freeze cap=64 scale=1000 freeze=1 homotopy=1 sigma=0.8 shrink=0.9
[OC-Shortest/pow2] m=12 h=8 SEG=4 bits=48 words=1 threads=24
[DP-fwdX] L=0 states=1 -> 1
[DP-fwdX] L=16 states=179 -> 218
[DP-fwdX] L=32 states=1870 -> 2034
[DP-bwdX] L=96 states=1 -> 1
[DP-bwdX] L=80 states=179 -> 218
[DP-bwdX] L=64 states=1870 -> 2034
[DP-fwdX] L=0 states=1 -> 1
[DP-fwdX] L=16 states=179 -> 218
[DP-bwdX] L=48 states=1 -> 1
[DP-bwdX] L=32 states=94 -> 103
[DP-fwdX] L=0 states=1 -> 1
[DP-bwdX] L=16 states=10 -> 11
[DP-fwdX] L=0 states=1 -> 1
[DP-fwdX] L=0 states=1 -> 1
[DP-fwdX] L=0 states=1 -> 1
[DP-fwdX] L=16 states=19 -> 31
[DP-bwdX] L=16 states=4 -> 6
[DP-fwdX] L=16 states=1 -> 3
[DP-fwdX] L=32 states=22 -> 29
[DP-bwdX] L=48 states=1 -> 1
[DP-bwdX] L=32 states=12 -> 16
[DP-fwdX] L=32 states=4 -> 6
[DP-bwdX] L=32 states=2 -> 3
[DP-bwdX] L=48 states=1 -> 1
[DP-bwdX] L=48 states=1 -> 1
[DP-bwdX] L=48 states=1 -> 1
[DP-bwdX] L=48 states=1 -> 1
[DP-fwdX] L=48 states=1 -> 1
[DP-fwdX] L=64 states=94 -> 103
[DP-bwdX] L=96 states=1 -> 1
[DP-bwdX] L=80 states=179 -> 218
[DP-fwdX] L=48 states=1 -> 1
[DP-bwdX] L=64 states=22 -> 29
[DP-fwdX] L=48 states=1 -> 1
[DP-fwdX] L=48 states=1 -> 1
[DP-fwdX] L=48 states=1 -> 1
[DP-fwdX] L=64 states=12 -> 16
[DP-bwdX] L=64 states=4 -> 6
[DP-fwdX] L=64 states=1 -> 1
[DP-fwdX] L=80 states=10 -> 11
[DP-bwdX] L=96 states=1 -> 1
[DP-bwdX] L=80 states=19 -> 31
[DP-fwdX] L=80 states=2 -> 3
[DP-bwdX] L=80 states=2 -> 5
[DP-bwdX] L=96 states=1 -> 1
[DP-bwdX] L=96 states=1 -> 1
[DP-bwdX] L=96 states=1 -> 1
[DP-bwdX] L=96 states=1 -> 1
[Init-Homotopy] round1 maxL=20  set T_prime0=16 (T_target=12)
  [Round 1] T_prime=16  T_target=12  HPWL_w=756000  HPWL_eq=756  maxL=20  WNS(T')=-4  WNS*(T)=-8  picked=6  solve_ms=86.2866
[OC-Shortest/pow2] m=12 h=8 SEG=4 bits=48 words=1 threads=24
[DP-fwdX] L=0 states=1 -> 1
[DP-fwdX] L=16 states=179 -> 218
[DP-fwdX] L=32 states=1870 -> 2034
[DP-bwdX] L=96 states=1 -> 1
[DP-bwdX] L=80 states=179 -> 218
[DP-bwdX] L=64 states=1870 -> 2034
[DP-fwdX] L=0 states=1 -> 1
[DP-fwdX] L=16 states=179 -> 218
[DP-bwdX] L=48 states=1 -> 1
[DP-bwdX] L=32 states=94 -> 103
[DP-fwdX] L=0 states=1 -> 1
[DP-bwdX] L=16 states=10 -> 11
[DP-fwdX] L=0 states=1 -> 1
[DP-fwdX] L=0 states=1 -> 1
[DP-fwdX] L=0 states=1 -> 1
[DP-fwdX] L=16 states=19 -> 31
[DP-bwdX] L=16 states=4 -> 6
[DP-fwdX] L=16 states=1 -> 3
[DP-fwdX] L=32 states=22 -> 29
[DP-bwdX] L=48 states=1 -> 1
[DP-bwdX] L=32 states=12 -> 16
[DP-fwdX] L=32 states=4 -> 6
[DP-bwdX] L=32 states=2 -> 3
[DP-bwdX] L=48 states=1 -> 1
[DP-bwdX] L=48 states=1 -> 1
[DP-bwdX] L=48 states=1 -> 1
[DP-bwdX] L=48 states=1 -> 1
[DP-fwdX] L=48 states=1 -> 1
[DP-fwdX] L=64 states=94 -> 103
[DP-bwdX] L=96 states=1 -> 1
[DP-bwdX] L=80 states=179 -> 218
[DP-fwdX] L=48 states=1 -> 1
[DP-bwdX] L=64 states=22 -> 29
[DP-fwdX] L=48 states=1 -> 1
[DP-fwdX] L=48 states=1 -> 1
[DP-fwdX] L=48 states=1 -> 1
[DP-fwdX] L=64 states=12 -> 16
[DP-bwdX] L=64 states=4 -> 6
[DP-fwdX] L=64 states=1 -> 1
[DP-fwdX] L=80 states=10 -> 11
[DP-bwdX] L=96 states=1 -> 1
[DP-bwdX] L=80 states=19 -> 31
[DP-fwdX] L=80 states=2 -> 3
[DP-bwdX] L=80 states=2 -> 5
[DP-bwdX] L=96 states=1 -> 1
[DP-bwdX] L=96 states=1 -> 1
[DP-bwdX] L=96 states=1 -> 1
[DP-bwdX] L=96 states=1 -> 1
  [Round 2] T_prime=16  T_target=12  HPWL_w=757332  HPWL_eq=756  maxL=18  WNS(T')=-2  WNS*(T)=-6  picked=6  solve_ms=117.647
[OC-Shortest/pow2] m=12 h=8 SEG=4 bits=48 words=1 threads=24
[DP-fwdX] L=0 states=1 -> 1
[DP-fwdX] L=16 states=179 -> 218
[DP-fwdX] L=32 states=1870 -> 2034
[DP-bwdX] L=96 states=1 -> 1
[DP-bwdX] L=80 states=179 -> 218
[DP-bwdX] L=64 states=1870 -> 2034
[DP-fwdX] L=0 states=1 -> 1
[DP-fwdX] L=16 states=179 -> 218
[DP-bwdX] L=48 states=1 -> 1
[DP-bwdX] L=32 states=94 -> 103
[DP-fwdX] L=0 states=1 -> 1
[DP-bwdX] L=16 states=10 -> 11
[DP-fwdX] L=0 states=1 -> 1
[DP-fwdX] L=0 states=1 -> 1
[DP-fwdX] L=0 states=1 -> 1
[DP-fwdX] L=16 states=19 -> 31
[DP-bwdX] L=16 states=4 -> 6
[DP-fwdX] L=16 states=1 -> 3
[DP-fwdX] L=32 states=22 -> 29
[DP-bwdX] L=48 states=1 -> 1
[DP-bwdX] L=32 states=12 -> 16
[DP-fwdX] L=32 states=4 -> 6
[DP-bwdX] L=32 states=2 -> 3
[DP-bwdX] L=48 states=1 -> 1
[DP-bwdX] L=48 states=1 -> 1
[DP-bwdX] L=48 states=1 -> 1
[DP-bwdX] L=48 states=1 -> 1
[DP-fwdX] L=48 states=1 -> 1
[DP-fwdX] L=64 states=94 -> 103
[DP-bwdX] L=96 states=1 -> 1
[DP-bwdX] L=80 states=179 -> 218
[DP-fwdX] L=48 states=1 -> 1
[DP-bwdX] L=64 states=22 -> 29
[DP-fwdX] L=48 states=1 -> 1
[DP-fwdX] L=48 states=1 -> 1
[DP-fwdX] L=48 states=1 -> 1
[DP-fwdX] L=64 states=12 -> 16
[DP-bwdX] L=64 states=4 -> 6
[DP-fwdX] L=64 states=1 -> 1
[DP-fwdX] L=80 states=10 -> 11
[DP-bwdX] L=96 states=1 -> 1
[DP-bwdX] L=80 states=19 -> 31
[DP-fwdX] L=80 states=2 -> 3
[DP-bwdX] L=80 states=2 -> 5
[DP-bwdX] L=96 states=1 -> 1
[DP-bwdX] L=96 states=1 -> 1
[DP-bwdX] L=96 states=1 -> 1
[DP-bwdX] L=96 states=1 -> 1
  [Round 3] T_prime=16  T_target=12  HPWL_w=759528  HPWL_eq=756  maxL=18  WNS(T')=-2  WNS*(T)=-6  picked=6  solve_ms=87.855
[OC-Shortest/pow2] m=12 h=8 SEG=4 bits=48 words=1 threads=24
[DP-fwdX] L=0 states=1 -> 1
[DP-fwdX] L=16 states=179 -> 218
[DP-fwdX] L=32 states=1870 -> 2034
[DP-bwdX] L=96 states=1 -> 1
[DP-bwdX] L=80 states=179 -> 218
[DP-bwdX] L=64 states=1870 -> 2034
[DP-fwdX] L=0 states=1 -> 1
[DP-fwdX] L=16 states=179 -> 218
[DP-bwdX] L=48 states=1 -> 1
[DP-bwdX] L=32 states=94 -> 103
[DP-fwdX] L=0 states=1 -> 1
[DP-bwdX] L=16 states=10 -> 11
[DP-fwdX] L=0 states=1 -> 1
[DP-fwdX] L=0 states=1 -> 1
[DP-fwdX] L=0 states=1 -> 1
[DP-fwdX] L=16 states=19 -> 31
[DP-bwdX] L=16 states=4 -> 6
[DP-fwdX] L=16 states=1 -> 3
[DP-fwdX] L=32 states=22 -> 29
[DP-bwdX] L=48 states=1 -> 1
[DP-bwdX] L=32 states=12 -> 16
[DP-fwdX] L=32 states=4 -> 6
[DP-bwdX] L=32 states=2 -> 3
[DP-bwdX] L=48 states=1 -> 1
[DP-bwdX] L=48 states=1 -> 1
[DP-bwdX] L=48 states=1 -> 1
[DP-bwdX] L=48 states=1 -> 1
[DP-fwdX] L=48 states=1 -> 1
[DP-fwdX] L=64 states=94 -> 103
[DP-bwdX] L=96 states=1 -> 1
[DP-bwdX] L=80 states=179 -> 218
[DP-fwdX] L=48 states=1 -> 1
[DP-bwdX] L=64 states=22 -> 29
[DP-fwdX] L=48 states=1 -> 1
[DP-fwdX] L=48 states=1 -> 1
[DP-fwdX] L=48 states=1 -> 1
[DP-fwdX] L=64 states=12 -> 16
[DP-bwdX] L=64 states=4 -> 6
[DP-fwdX] L=64 states=1 -> 1
[DP-fwdX] L=80 states=10 -> 11
[DP-bwdX] L=96 states=1 -> 1
[DP-bwdX] L=80 states=14 -> 21
[DP-fwdX] L=80 states=4 -> 5
[DP-bwdX] L=80 states=2 -> 3
[DP-bwdX] L=96 states=1 -> 1
[DP-bwdX] L=96 states=1 -> 1
[DP-bwdX] L=96 states=1 -> 1
[DP-bwdX] L=96 states=1 -> 1
  [Round 4] T_prime=16  T_target=12  HPWL_w=762626  HPWL_eq=758  maxL=18  WNS(T')=-2  WNS*(T)=-6  picked=3  solve_ms=85.5103
[OC-Shortest/pow2] m=12 h=8 SEG=4 bits=48 words=1 threads=24
[DP-fwdX] L=0 states=1 -> 1
[DP-fwdX] L=16 states=179 -> 218
[DP-fwdX] L=32 states=1870 -> 2034
[DP-bwdX] L=96 states=1 -> 1
[DP-bwdX] L=80 states=179 -> 218
[DP-bwdX] L=64 states=1870 -> 2034
[DP-fwdX] L=0 states=1 -> 1
[DP-fwdX] L=16 states=179 -> 218
[DP-bwdX] L=48 states=1 -> 1
[DP-bwdX] L=32 states=94 -> 103
[DP-fwdX] L=0 states=1 -> 1
[DP-bwdX] L=16 states=10 -> 11
[DP-fwdX] L=0 states=1 -> 1
[DP-fwdX] L=0 states=1 -> 1
[DP-fwdX] L=0 states=1 -> 1
[DP-fwdX] L=16 states=14 -> 21
[DP-bwdX] L=16 states=4 -> 5
[DP-fwdX] L=16 states=1 -> 1
[DP-fwdX] L=32 states=22 -> 29
[DP-bwdX] L=48 states=1 -> 1
[DP-bwdX] L=32 states=12 -> 16
[DP-fwdX] L=32 states=4 -> 6
[DP-bwdX] L=32 states=2 -> 3
[DP-bwdX] L=48 states=1 -> 1
[DP-bwdX] L=48 states=1 -> 1
[DP-bwdX] L=48 states=1 -> 1
[DP-bwdX] L=48 states=1 -> 1
[DP-fwdX] L=48 states=1 -> 1
[DP-fwdX] L=64 states=94 -> 103
[DP-bwdX] L=96 states=1 -> 1
[DP-bwdX] L=80 states=179 -> 218
[DP-fwdX] L=48 states=1 -> 1
[DP-bwdX] L=64 states=22 -> 29
[DP-fwdX] L=48 states=1 -> 1
[DP-fwdX] L=48 states=1 -> 1
[DP-fwdX] L=48 states=1 -> 1
[DP-fwdX] L=64 states=12 -> 16
[DP-bwdX] L=64 states=4 -> 6
[DP-fwdX] L=64 states=1 -> 1
[DP-fwdX] L=80 states=10 -> 11
[DP-bwdX] L=96 states=1 -> 1
[DP-bwdX] L=80 states=14 -> 21
[DP-fwdX] L=80 states=4 -> 5
[DP-bwdX] L=80 states=2 -> 3
[DP-bwdX] L=96 states=1 -> 1
[DP-bwdX] L=96 states=1 -> 1
[DP-bwdX] L=96 states=1 -> 1
[DP-bwdX] L=96 states=1 -> 1
  [Round 5] T_prime=16  T_target=12  HPWL_w=763816  HPWL_eq=760  maxL=15  WNS(T')=1  WNS*(T)=-3  picked=0  solve_ms=141.463
    [Tighten] T_prime: 16 -> 12 (sigma*maxL=12, shrink=15)  | cold-start: reset inertia
[OC-Shortest/pow2] m=12 h=8 SEG=4 bits=48 words=1 threads=24
[DP-fwdX] L=0 states=1 -> 1
[DP-fwdX] L=16 states=179 -> 218
[DP-fwdX] L=32 states=1870 -> 2034
[DP-bwdX] L=96 states=1 -> 1
[DP-bwdX] L=80 states=179 -> 218
[DP-bwdX] L=64 states=1870 -> 2034
[DP-fwdX] L=0 states=1 -> 1
[DP-fwdX] L=16 states=179 -> 218
[DP-bwdX] L=48 states=1 -> 1
[DP-bwdX] L=32 states=94 -> 103
[DP-fwdX] L=0 states=1 -> 1
[DP-bwdX] L=16 states=10 -> 11
[DP-fwdX] L=0 states=1 -> 1
[DP-fwdX] L=0 states=1 -> 1
[DP-fwdX] L=0 states=1 -> 1
[DP-fwdX] L=16 states=14 -> 21
[DP-bwdX] L=16 states=4 -> 5
[DP-fwdX] L=16 states=1 -> 1
[DP-fwdX] L=32 states=22 -> 29
[DP-bwdX] L=48 states=1 -> 1
[DP-bwdX] L=32 states=12 -> 16
[DP-fwdX] L=32 states=4 -> 6
[DP-bwdX] L=32 states=2 -> 3
[DP-bwdX] L=48 states=1 -> 1
[DP-bwdX] L=48 states=1 -> 1
[DP-bwdX] L=48 states=1 -> 1
[DP-bwdX] L=48 states=1 -> 1
[DP-fwdX] L=48 states=1 -> 1
[DP-fwdX] L=64 states=94 -> 103
[DP-bwdX] L=96 states=1 -> 1
[DP-bwdX] L=80 states=179 -> 218
[DP-fwdX] L=48 states=1 -> 1
[DP-bwdX] L=64 states=22 -> 29
[DP-fwdX] L=48 states=1 -> 1
[DP-fwdX] L=48 states=1 -> 1
[DP-fwdX] L=48 states=1 -> 1
[DP-fwdX] L=64 states=12 -> 16
[DP-bwdX] L=64 states=4 -> 6
[DP-fwdX] L=64 states=1 -> 1
[DP-fwdX] L=80 states=10 -> 11
[DP-bwdX] L=96 states=1 -> 1
[DP-bwdX] L=80 states=14 -> 21
[DP-fwdX] L=80 states=4 -> 5
[DP-bwdX] L=80 states=2 -> 3
[DP-bwdX] L=96 states=1 -> 1
[DP-bwdX] L=96 states=1 -> 1
[DP-bwdX] L=96 states=1 -> 1
[DP-bwdX] L=96 states=1 -> 1
  [Round 6] T_prime=12  T_target=12  HPWL_w=763816  HPWL_eq=760  maxL=15  WNS(T')=-3  WNS*(T)=-3  picked=6  solve_ms=85.2581
[OC-Shortest/pow2] m=12 h=8 SEG=4 bits=48 words=1 threads=24
[DP-fwdX] L=0 states=1 -> 1
[DP-fwdX] L=16 states=179 -> 218
[DP-fwdX] L=32 states=1870 -> 2034
[DP-bwdX] L=96 states=1 -> 1
[DP-bwdX] L=80 states=179 -> 218
[DP-bwdX] L=64 states=1870 -> 2034
[DP-fwdX] L=0 states=1 -> 1
[DP-fwdX] L=16 states=179 -> 218
[DP-bwdX] L=48 states=1 -> 1
[DP-bwdX] L=32 states=94 -> 103
[DP-fwdX] L=0 states=1 -> 1
[DP-bwdX] L=16 states=10 -> 11
[DP-fwdX] L=0 states=1 -> 1
[DP-fwdX] L=0 states=1 -> 1
[DP-fwdX] L=0 states=1 -> 1
[DP-fwdX] L=16 states=14 -> 21
[DP-bwdX] L=16 states=4 -> 5
[DP-fwdX] L=16 states=1 -> 1
[DP-fwdX] L=32 states=22 -> 29
[DP-bwdX] L=48 states=1 -> 1
[DP-bwdX] L=32 states=12 -> 16
[DP-fwdX] L=32 states=4 -> 6
[DP-bwdX] L=32 states=2 -> 3
[DP-bwdX] L=48 states=1 -> 1
[DP-bwdX] L=48 states=1 -> 1
[DP-bwdX] L=48 states=1 -> 1
[DP-bwdX] L=48 states=1 -> 1
[DP-fwdX] L=48 states=1 -> 1
[DP-fwdX] L=64 states=94 -> 103
[DP-bwdX] L=96 states=1 -> 1
[DP-bwdX] L=80 states=179 -> 218
[DP-fwdX] L=48 states=1 -> 1
[DP-bwdX] L=64 states=22 -> 29
[DP-fwdX] L=48 states=1 -> 1
[DP-fwdX] L=48 states=1 -> 1
[DP-fwdX] L=48 states=1 -> 1
[DP-fwdX] L=64 states=12 -> 16
[DP-bwdX] L=64 states=4 -> 6
[DP-fwdX] L=64 states=1 -> 1
[DP-fwdX] L=80 states=10 -> 11
[DP-bwdX] L=96 states=1 -> 1
[DP-bwdX] L=80 states=19 -> 31
[DP-fwdX] L=80 states=2 -> 3
[DP-bwdX] L=80 states=2 -> 5
[DP-bwdX] L=96 states=1 -> 1
[DP-bwdX] L=96 states=1 -> 1
[DP-bwdX] L=96 states=1 -> 1
[DP-bwdX] L=96 states=1 -> 1
  [Round 7] T_prime=12  T_target=12  HPWL_w=764520  HPWL_eq=758  maxL=18  WNS(T')=-6  WNS*(T)=-6  picked=8  solve_ms=88.2372
[OC-Shortest/pow2] m=12 h=8 SEG=4 bits=48 words=1 threads=24
[DP-fwdX] L=0 states=1 -> 1
[DP-fwdX] L=16 states=179 -> 218
[DP-fwdX] L=32 states=1870 -> 2034
[DP-bwdX] L=96 states=1 -> 1
[DP-bwdX] L=80 states=179 -> 218
[DP-bwdX] L=64 states=1870 -> 2034
[DP-fwdX] L=0 states=1 -> 1
[DP-fwdX] L=16 states=179 -> 218
[DP-bwdX] L=48 states=1 -> 1
[DP-bwdX] L=32 states=94 -> 103
[DP-fwdX] L=0 states=1 -> 1
[DP-bwdX] L=16 states=10 -> 11
[DP-fwdX] L=0 states=1 -> 1
[DP-fwdX] L=0 states=1 -> 1
[DP-fwdX] L=0 states=1 -> 1
[DP-fwdX] L=16 states=19 -> 31
[DP-bwdX] L=16 states=4 -> 6
[DP-fwdX] L=16 states=1 -> 3
[DP-fwdX] L=32 states=22 -> 29
[DP-bwdX] L=48 states=1 -> 1
[DP-bwdX] L=32 states=12 -> 16
[DP-fwdX] L=32 states=4 -> 6
[DP-bwdX] L=32 states=2 -> 3
[DP-bwdX] L=48 states=1 -> 1
[DP-bwdX] L=48 states=1 -> 1
[DP-bwdX] L=48 states=1 -> 1
[DP-bwdX] L=48 states=1 -> 1
[DP-fwdX] L=48 states=1 -> 1
[DP-fwdX] L=64 states=94 -> 103
[DP-bwdX] L=96 states=1 -> 1
[DP-bwdX] L=80 states=179 -> 218
[DP-fwdX] L=48 states=1 -> 1
[DP-bwdX] L=64 states=22 -> 29
[DP-fwdX] L=48 states=1 -> 1
[DP-fwdX] L=48 states=1 -> 1
[DP-fwdX] L=48 states=1 -> 1
[DP-fwdX] L=64 states=12 -> 16
[DP-bwdX] L=64 states=4 -> 6
[DP-fwdX] L=64 states=1 -> 1
[DP-fwdX] L=80 states=10 -> 11
[DP-bwdX] L=96 states=1 -> 1
[DP-bwdX] L=80 states=14 -> 21
[DP-fwdX] L=80 states=4 -> 5
[DP-bwdX] L=80 states=2 -> 3
[DP-bwdX] L=96 states=1 -> 1
[DP-bwdX] L=96 states=1 -> 1
[DP-bwdX] L=96 states=1 -> 1
[DP-bwdX] L=96 states=1 -> 1
  [Round 8] T_prime=12  T_target=12  HPWL_w=766373  HPWL_eq=758  maxL=18  WNS(T')=-6  WNS*(T)=-6  picked=8  solve_ms=85.4395
[OC-Shortest/pow2] m=12 h=8 SEG=4 bits=48 words=1 threads=24
[DP-fwdX] L=0 states=1 -> 1
[DP-fwdX] L=16 states=179 -> 218
[DP-fwdX] L=32 states=1870 -> 2034
[DP-bwdX] L=96 states=1 -> 1
[DP-bwdX] L=80 states=179 -> 218
[DP-bwdX] L=64 states=1870 -> 2034
[DP-fwdX] L=0 states=1 -> 1
[DP-fwdX] L=16 states=179 -> 218
[DP-bwdX] L=48 states=1 -> 1
[DP-bwdX] L=32 states=94 -> 103
[DP-fwdX] L=0 states=1 -> 1
[DP-bwdX] L=16 states=10 -> 11
[DP-fwdX] L=0 states=1 -> 1
[DP-fwdX] L=0 states=1 -> 1
[DP-fwdX] L=0 states=1 -> 1
[DP-fwdX] L=16 states=14 -> 21
[DP-bwdX] L=16 states=4 -> 5
[DP-fwdX] L=16 states=1 -> 1
[DP-fwdX] L=32 states=22 -> 29
[DP-bwdX] L=48 states=1 -> 1
[DP-bwdX] L=32 states=12 -> 16
[DP-fwdX] L=32 states=4 -> 6
[DP-bwdX] L=32 states=2 -> 3
[DP-bwdX] L=48 states=1 -> 1
[DP-bwdX] L=48 states=1 -> 1
[DP-bwdX] L=48 states=1 -> 1
[DP-bwdX] L=48 states=1 -> 1
[DP-fwdX] L=48 states=1 -> 1
[DP-fwdX] L=64 states=94 -> 103
[DP-bwdX] L=96 states=1 -> 1
[DP-bwdX] L=80 states=179 -> 218
[DP-fwdX] L=48 states=1 -> 1
[DP-bwdX] L=64 states=22 -> 29
[DP-fwdX] L=48 states=1 -> 1
[DP-fwdX] L=48 states=1 -> 1
[DP-fwdX] L=48 states=1 -> 1
[DP-fwdX] L=64 states=12 -> 16
[DP-bwdX] L=64 states=4 -> 6
[DP-fwdX] L=64 states=1 -> 1
[DP-fwdX] L=80 states=10 -> 11
[DP-bwdX] L=96 states=1 -> 1
[DP-bwdX] L=80 states=14 -> 21
[DP-fwdX] L=80 states=4 -> 5
[DP-bwdX] L=80 states=2 -> 3
[DP-bwdX] L=96 states=1 -> 1
[DP-bwdX] L=96 states=1 -> 1
[DP-bwdX] L=96 states=1 -> 1
[DP-bwdX] L=96 states=1 -> 1
  [Round 9] T_prime=12  T_target=12  HPWL_w=768533  HPWL_eq=760  maxL=14  WNS(T')=-2  WNS*(T)=-2  picked=6  solve_ms=85.764
[OC-Shortest/pow2] m=12 h=8 SEG=4 bits=48 words=1 threads=24
[DP-fwdX] L=0 states=1 -> 1
[DP-fwdX] L=16 states=179 -> 218
[DP-fwdX] L=32 states=1870 -> 2034
[DP-bwdX] L=96 states=1 -> 1
[DP-bwdX] L=80 states=179 -> 218
[DP-bwdX] L=64 states=1870 -> 2034
[DP-fwdX] L=0 states=1 -> 1
[DP-fwdX] L=16 states=179 -> 218
[DP-bwdX] L=48 states=1 -> 1
[DP-bwdX] L=32 states=94 -> 103
[DP-fwdX] L=0 states=1 -> 1
[DP-bwdX] L=16 states=10 -> 11
[DP-fwdX] L=0 states=1 -> 1
[DP-fwdX] L=0 states=1 -> 1
[DP-fwdX] L=0 states=1 -> 1
[DP-fwdX] L=16 states=14 -> 21
[DP-bwdX] L=16 states=4 -> 5
[DP-fwdX] L=16 states=1 -> 1
[DP-fwdX] L=32 states=22 -> 29
[DP-bwdX] L=48 states=1 -> 1
[DP-bwdX] L=32 states=12 -> 16
[DP-fwdX] L=32 states=4 -> 6
[DP-bwdX] L=32 states=2 -> 3
[DP-bwdX] L=48 states=1 -> 1
[DP-bwdX] L=48 states=1 -> 1
[DP-bwdX] L=48 states=1 -> 1
[DP-bwdX] L=48 states=1 -> 1
[DP-fwdX] L=48 states=1 -> 1
[DP-fwdX] L=64 states=94 -> 103
[DP-bwdX] L=96 states=1 -> 1
[DP-bwdX] L=80 states=179 -> 218
[DP-fwdX] L=48 states=1 -> 1
[DP-bwdX] L=64 states=22 -> 29
[DP-fwdX] L=48 states=1 -> 1
[DP-fwdX] L=48 states=1 -> 1
[DP-fwdX] L=48 states=1 -> 1
[DP-fwdX] L=64 states=12 -> 16
[DP-bwdX] L=64 states=4 -> 6
[DP-fwdX] L=64 states=1 -> 1
[DP-fwdX] L=80 states=10 -> 11
[DP-bwdX] L=96 states=1 -> 1
[DP-bwdX] L=80 states=19 -> 31
[DP-fwdX] L=80 states=2 -> 3
[DP-bwdX] L=80 states=2 -> 5
[DP-bwdX] L=96 states=1 -> 1
[DP-bwdX] L=96 states=1 -> 1
[DP-bwdX] L=96 states=1 -> 1
[DP-bwdX] L=96 states=1 -> 1
  [Round 10] T_prime=12  T_target=12  HPWL_w=770274  HPWL_eq=758  maxL=18  WNS(T')=-6  WNS*(T)=-6  picked=8  solve_ms=83.1039
[OC-Shortest/pow2] m=12 h=8 SEG=4 bits=48 words=1 threads=24
[DP-fwdX] L=0 states=1 -> 1
[DP-fwdX] L=16 states=179 -> 218
[DP-fwdX] L=32 states=1870 -> 2034
[DP-bwdX] L=96 states=1 -> 1
[DP-bwdX] L=80 states=179 -> 218
[DP-bwdX] L=64 states=1870 -> 2034
[DP-fwdX] L=0 states=1 -> 1
[DP-fwdX] L=16 states=179 -> 218
[DP-bwdX] L=48 states=1 -> 1
[DP-bwdX] L=32 states=94 -> 103
[DP-fwdX] L=0 states=1 -> 1
[DP-bwdX] L=16 states=10 -> 11
[DP-fwdX] L=0 states=1 -> 1
[DP-fwdX] L=0 states=1 -> 1
[DP-fwdX] L=0 states=1 -> 1
[DP-fwdX] L=16 states=19 -> 31
[DP-bwdX] L=16 states=4 -> 6
[DP-fwdX] L=16 states=1 -> 3
[DP-fwdX] L=32 states=22 -> 29
[DP-bwdX] L=48 states=1 -> 1
[DP-bwdX] L=32 states=12 -> 16
[DP-fwdX] L=32 states=4 -> 6
[DP-bwdX] L=32 states=2 -> 3
[DP-bwdX] L=48 states=1 -> 1
[DP-bwdX] L=48 states=1 -> 1
[DP-bwdX] L=48 states=1 -> 1
[DP-bwdX] L=48 states=1 -> 1
[DP-fwdX] L=48 states=1 -> 1
[DP-fwdX] L=64 states=94 -> 103
[DP-bwdX] L=96 states=1 -> 1
[DP-bwdX] L=80 states=179 -> 218
[DP-fwdX] L=48 states=1 -> 1
[DP-bwdX] L=64 states=22 -> 29
[DP-fwdX] L=48 states=1 -> 1
[DP-fwdX] L=48 states=1 -> 1
[DP-fwdX] L=48 states=1 -> 1
[DP-fwdX] L=64 states=12 -> 16
[DP-bwdX] L=64 states=4 -> 6
[DP-fwdX] L=64 states=1 -> 1
[DP-fwdX] L=80 states=10 -> 11
[DP-bwdX] L=96 states=1 -> 1
[DP-bwdX] L=80 states=14 -> 21
[DP-fwdX] L=80 states=4 -> 5
[DP-bwdX] L=80 states=2 -> 3
[DP-bwdX] L=96 states=1 -> 1
[DP-bwdX] L=96 states=1 -> 1
[DP-bwdX] L=96 states=1 -> 1
[DP-bwdX] L=96 states=1 -> 1
  [Round 11] T_prime=12  T_target=12  HPWL_w=773023  HPWL_eq=758  maxL=20  WNS(T')=-8  WNS*(T)=-8  picked=8  solve_ms=138.711
[OC-Shortest/pow2] m=12 h=8 SEG=4 bits=48 words=1 threads=24
[DP-fwdX] L=0 states=1 -> 1
[DP-fwdX] L=16 states=179 -> 218
[DP-fwdX] L=32 states=1870 -> 2034
[DP-bwdX] L=96 states=1 -> 1
[DP-bwdX] L=80 states=179 -> 218
[DP-bwdX] L=64 states=1870 -> 2034
[DP-fwdX] L=0 states=1 -> 1
[DP-fwdX] L=16 states=179 -> 218
[DP-bwdX] L=48 states=1 -> 1
[DP-bwdX] L=32 states=94 -> 103
[DP-fwdX] L=0 states=1 -> 1
[DP-bwdX] L=16 states=29 -> 29
[DP-fwdX] L=0 states=1 -> 1
[DP-fwdX] L=0 states=1 -> 1
[DP-fwdX] L=0 states=1 -> 1
[DP-fwdX] L=16 states=19 -> 32
[DP-bwdX] L=16 states=4 -> 5
[DP-fwdX] L=16 states=1 -> 2
[DP-fwdX] L=32 states=126 -> 174
[DP-bwdX] L=48 states=1 -> 1
[DP-bwdX] L=32 states=12 -> 16
[DP-fwdX] L=32 states=4 -> 6
[DP-bwdX] L=32 states=2 -> 3
[DP-bwdX] L=48 states=1 -> 1
[DP-bwdX] L=48 states=1 -> 1
[DP-bwdX] L=48 states=1 -> 1
[DP-bwdX] L=48 states=1 -> 1
[DP-fwdX] L=48 states=1 -> 1
[DP-fwdX] L=64 states=94 -> 103
[DP-bwdX] L=96 states=1 -> 1
[DP-bwdX] L=80 states=179 -> 218
[DP-fwdX] L=48 states=1 -> 1
[DP-bwdX] L=64 states=163 -> 226
[DP-fwdX] L=48 states=1 -> 1
[DP-fwdX] L=48 states=1 -> 1
[DP-fwdX] L=48 states=1 -> 1
[DP-fwdX] L=64 states=12 -> 16
[DP-bwdX] L=64 states=4 -> 6
[DP-fwdX] L=64 states=1 -> 1
[DP-fwdX] L=80 states=21 -> 22
[DP-bwdX] L=96 states=1 -> 1
[DP-bwdX] L=80 states=19 -> 32
[DP-fwdX] L=80 states=4 -> 5
[DP-bwdX] L=80 states=3 -> 7
[DP-bwdX] L=96 states=1 -> 1
[DP-bwdX] L=96 states=1 -> 1
[DP-bwdX] L=96 states=1 -> 1
[DP-bwdX] L=96 states=1 -> 1
  [Round 12] T_prime=12  T_target=12  HPWL_w=776937  HPWL_eq=774  maxL=26  WNS(T')=-14  WNS*(T)=-14  picked=10  solve_ms=94.2111
[OC-Shortest/pow2] m=12 h=8 SEG=4 bits=48 words=1 threads=24
[DP-fwdX] L=0 states=1 -> 1
[DP-fwdX] L=16 states=179 -> 218
[DP-fwdX] L=32 states=1870 -> 2034
[DP-bwdX] L=96 states=1 -> 1
[DP-bwdX] L=80 states=179 -> 218
[DP-bwdX] L=64 states=1870 -> 2034
[DP-fwdX] L=0 states=1 -> 1
[DP-fwdX] L=16 states=179 -> 218
[DP-bwdX] L=48 states=1 -> 1
[DP-bwdX] L=32 states=94 -> 103
[DP-fwdX] L=0 states=1 -> 1
[DP-bwdX] L=16 states=10 -> 11
[DP-fwdX] L=0 states=1 -> 1
[DP-fwdX] L=0 states=1 -> 1
[DP-fwdX] L=0 states=1 -> 1
[DP-fwdX] L=16 states=14 -> 21
[DP-bwdX] L=16 states=4 -> 5
[DP-fwdX] L=16 states=1 -> 1
[DP-fwdX] L=32 states=22 -> 29
[DP-bwdX] L=48 states=1 -> 1
[DP-bwdX] L=32 states=12 -> 16
[DP-fwdX] L=32 states=4 -> 6
[DP-bwdX] L=32 states=2 -> 3
[DP-bwdX] L=48 states=1 -> 1
[DP-bwdX] L=48 states=1 -> 1
[DP-bwdX] L=48 states=1 -> 1
[DP-bwdX] L=48 states=1 -> 1
[DP-fwdX] L=48 states=1 -> 1
[DP-fwdX] L=64 states=94 -> 103
[DP-bwdX] L=96 states=1 -> 1
[DP-bwdX] L=80 states=179 -> 218
[DP-fwdX] L=48 states=1 -> 1
[DP-bwdX] L=64 states=22 -> 29
[DP-fwdX] L=48 states=1 -> 1
[DP-fwdX] L=48 states=1 -> 1
[DP-fwdX] L=48 states=1 -> 1
[DP-fwdX] L=64 states=12 -> 16
[DP-bwdX] L=64 states=4 -> 6
[DP-fwdX] L=64 states=1 -> 1
[DP-fwdX] L=80 states=10 -> 11
[DP-bwdX] L=96 states=1 -> 1
[DP-bwdX] L=80 states=14 -> 21
[DP-fwdX] L=80 states=4 -> 5
[DP-bwdX] L=80 states=2 -> 3
[DP-bwdX] L=96 states=1 -> 1
[DP-bwdX] L=96 states=1 -> 1
[DP-bwdX] L=96 states=1 -> 1
[DP-bwdX] L=96 states=1 -> 1
  [Round 13] T_prime=12  T_target=12  HPWL_w=780721  HPWL_eq=760  maxL=14  WNS(T')=-2  WNS*(T)=-2  picked=6  solve_ms=89.5818
[OC-Shortest/pow2] m=12 h=8 SEG=4 bits=48 words=1 threads=24
[DP-fwdX] L=0 states=1 -> 1
[DP-fwdX] L=16 states=179 -> 218
[DP-fwdX] L=32 states=1870 -> 2034
[DP-bwdX] L=96 states=1 -> 1
[DP-bwdX] L=80 states=179 -> 218
[DP-bwdX] L=64 states=1870 -> 2034
[DP-fwdX] L=0 states=1 -> 1
[DP-fwdX] L=16 states=179 -> 218
[DP-bwdX] L=48 states=1 -> 1
[DP-bwdX] L=32 states=94 -> 103
[DP-fwdX] L=0 states=1 -> 1
[DP-bwdX] L=16 states=10 -> 11
[DP-fwdX] L=0 states=1 -> 1
[DP-fwdX] L=0 states=1 -> 1
[DP-fwdX] L=0 states=1 -> 1
[DP-fwdX] L=16 states=19 -> 31
[DP-bwdX] L=16 states=4 -> 6
[DP-fwdX] L=16 states=1 -> 3
[DP-fwdX] L=32 states=22 -> 29
[DP-bwdX] L=48 states=1 -> 1
[DP-bwdX] L=32 states=12 -> 16
[DP-fwdX] L=32 states=4 -> 6
[DP-bwdX] L=32 states=2 -> 3
[DP-bwdX] L=48 states=1 -> 1
[DP-bwdX] L=48 states=1 -> 1
[DP-bwdX] L=48 states=1 -> 1
[DP-bwdX] L=48 states=1 -> 1
[DP-fwdX] L=48 states=1 -> 1
[DP-fwdX] L=64 states=94 -> 103
[DP-bwdX] L=96 states=1 -> 1
[DP-bwdX] L=80 states=179 -> 218
[DP-fwdX] L=48 states=1 -> 1
[DP-bwdX] L=64 states=22 -> 29
[DP-fwdX] L=48 states=1 -> 1
[DP-fwdX] L=48 states=1 -> 1
[DP-fwdX] L=48 states=1 -> 1
[DP-fwdX] L=64 states=12 -> 16
[DP-bwdX] L=64 states=4 -> 6
[DP-fwdX] L=64 states=1 -> 1
[DP-fwdX] L=80 states=10 -> 11
[DP-bwdX] L=96 states=1 -> 1
[DP-bwdX] L=80 states=19 -> 31
[DP-fwdX] L=80 states=2 -> 3
[DP-bwdX] L=80 states=2 -> 5
[DP-bwdX] L=96 states=1 -> 1
[DP-bwdX] L=96 states=1 -> 1
[DP-bwdX] L=96 states=1 -> 1
[DP-bwdX] L=96 states=1 -> 1
  [Round 14] T_prime=12  T_target=12  HPWL_w=782679  HPWL_eq=756  maxL=20  WNS(T')=-8  WNS*(T)=-8  picked=10  solve_ms=103.25
[OC-Shortest/pow2] m=12 h=8 SEG=4 bits=48 words=1 threads=24
[DP-fwdX] L=0 states=1 -> 1
[DP-fwdX] L=16 states=179 -> 218
[DP-fwdX] L=32 states=1870 -> 2034
[DP-bwdX] L=96 states=1 -> 1
[DP-bwdX] L=80 states=179 -> 218
[DP-bwdX] L=64 states=1870 -> 2034
[DP-fwdX] L=0 states=1 -> 1
[DP-fwdX] L=16 states=179 -> 218
[DP-bwdX] L=48 states=1 -> 1
[DP-bwdX] L=32 states=94 -> 103
[DP-fwdX] L=0 states=1 -> 1
[DP-bwdX] L=16 states=29 -> 29
[DP-fwdX] L=0 states=1 -> 1
[DP-fwdX] L=0 states=1 -> 1
[DP-fwdX] L=0 states=1 -> 1
[DP-fwdX] L=16 states=19 -> 32
[DP-bwdX] L=16 states=4 -> 5
[DP-fwdX] L=16 states=1 -> 2
[DP-fwdX] L=32 states=126 -> 174
[DP-bwdX] L=48 states=1 -> 1
[DP-bwdX] L=32 states=12 -> 16
[DP-fwdX] L=32 states=4 -> 6
[DP-bwdX] L=32 states=2 -> 3
[DP-bwdX] L=48 states=1 -> 1
[DP-bwdX] L=48 states=1 -> 1
[DP-bwdX] L=48 states=1 -> 1
[DP-bwdX] L=48 states=1 -> 1
[DP-fwdX] L=48 states=1 -> 1
[DP-fwdX] L=64 states=94 -> 103
[DP-bwdX] L=96 states=1 -> 1
[DP-bwdX] L=80 states=179 -> 218
[DP-fwdX] L=48 states=1 -> 1
[DP-bwdX] L=64 states=163 -> 226
[DP-fwdX] L=48 states=1 -> 1
[DP-fwdX] L=48 states=1 -> 1
[DP-fwdX] L=48 states=1 -> 1
[DP-fwdX] L=64 states=12 -> 16
[DP-bwdX] L=64 states=4 -> 6
[DP-fwdX] L=64 states=1 -> 1
[DP-fwdX] L=80 states=21 -> 22
[DP-bwdX] L=96 states=1 -> 1
[DP-bwdX] L=80 states=19 -> 32
[DP-fwdX] L=80 states=4 -> 5
[DP-bwdX] L=80 states=3 -> 7
[DP-bwdX] L=96 states=1 -> 1
[DP-bwdX] L=96 states=1 -> 1
[DP-bwdX] L=96 states=1 -> 1
[DP-bwdX] L=96 states=1 -> 1
  [Round 15] T_prime=12  T_target=12  HPWL_w=787173  HPWL_eq=774  maxL=26  WNS(T')=-14  WNS*(T)=-14  picked=10  solve_ms=99.1199
[OC-Shortest/pow2] m=12 h=8 SEG=4 bits=48 words=1 threads=24
[DP-fwdX] L=0 states=1 -> 1
[DP-fwdX] L=16 states=179 -> 218
[DP-fwdX] L=32 states=1870 -> 2034
[DP-bwdX] L=96 states=1 -> 1
[DP-bwdX] L=80 states=179 -> 218
[DP-bwdX] L=64 states=1870 -> 2034
[DP-fwdX] L=0 states=1 -> 1
[DP-fwdX] L=16 states=179 -> 218
[DP-bwdX] L=48 states=1 -> 1
[DP-bwdX] L=32 states=94 -> 103
[DP-fwdX] L=0 states=1 -> 1
[DP-bwdX] L=16 states=10 -> 11
[DP-fwdX] L=0 states=1 -> 1
[DP-fwdX] L=0 states=1 -> 1
[DP-fwdX] L=0 states=1 -> 1
[DP-fwdX] L=16 states=14 -> 21
[DP-bwdX] L=16 states=4 -> 5
[DP-fwdX] L=16 states=1 -> 1
[DP-fwdX] L=32 states=22 -> 29
[DP-bwdX] L=48 states=1 -> 1
[DP-bwdX] L=32 states=12 -> 16
[DP-fwdX] L=32 states=4 -> 6
[DP-bwdX] L=32 states=2 -> 3
[DP-bwdX] L=48 states=1 -> 1
[DP-bwdX] L=48 states=1 -> 1
[DP-bwdX] L=48 states=1 -> 1
[DP-bwdX] L=48 states=1 -> 1
[DP-fwdX] L=48 states=1 -> 1
[DP-fwdX] L=64 states=94 -> 103
[DP-bwdX] L=96 states=1 -> 1
[DP-bwdX] L=80 states=179 -> 218
[DP-fwdX] L=48 states=1 -> 1
[DP-bwdX] L=64 states=22 -> 29
[DP-fwdX] L=48 states=1 -> 1
[DP-fwdX] L=48 states=1 -> 1
[DP-fwdX] L=48 states=1 -> 1
[DP-fwdX] L=64 states=12 -> 16
[DP-bwdX] L=64 states=4 -> 6
[DP-fwdX] L=64 states=1 -> 1
[DP-fwdX] L=80 states=10 -> 11
[DP-bwdX] L=96 states=1 -> 1
[DP-bwdX] L=80 states=14 -> 21
[DP-fwdX] L=80 states=4 -> 5
[DP-bwdX] L=80 states=2 -> 3
[DP-bwdX] L=96 states=1 -> 1
[DP-bwdX] L=96 states=1 -> 1
[DP-bwdX] L=96 states=1 -> 1
[DP-bwdX] L=96 states=1 -> 1
  [Round 16] T_prime=12  T_target=12  HPWL_w=794735  HPWL_eq=760  maxL=14  WNS(T')=-2  WNS*(T)=-2  picked=6  solve_ms=95.5544
[OC-Shortest/pow2] m=12 h=8 SEG=4 bits=48 words=1 threads=24
[DP-fwdX] L=0 states=1 -> 1
[DP-fwdX] L=16 states=179 -> 218
[DP-fwdX] L=32 states=1870 -> 2034
[DP-bwdX] L=96 states=1 -> 1
[DP-bwdX] L=80 states=179 -> 218
[DP-bwdX] L=64 states=1870 -> 2034
[DP-fwdX] L=0 states=1 -> 1
[DP-fwdX] L=16 states=179 -> 218
[DP-bwdX] L=48 states=1 -> 1
[DP-bwdX] L=32 states=94 -> 103
[DP-fwdX] L=0 states=1 -> 1
[DP-bwdX] L=16 states=10 -> 11
[DP-fwdX] L=0 states=1 -> 1
[DP-fwdX] L=0 states=1 -> 1
[DP-fwdX] L=0 states=1 -> 1
[DP-fwdX] L=16 states=14 -> 21
[DP-bwdX] L=16 states=4 -> 5
[DP-fwdX] L=16 states=1 -> 1
[DP-fwdX] L=32 states=22 -> 29
[DP-bwdX] L=48 states=1 -> 1
[DP-bwdX] L=32 states=12 -> 16
[DP-fwdX] L=32 states=4 -> 6
[DP-bwdX] L=32 states=2 -> 3
[DP-bwdX] L=48 states=1 -> 1
[DP-bwdX] L=48 states=1 -> 1
[DP-bwdX] L=48 states=1 -> 1
[DP-bwdX] L=48 states=1 -> 1
[DP-fwdX] L=48 states=1 -> 1
[DP-fwdX] L=64 states=94 -> 103
[DP-bwdX] L=96 states=1 -> 1
[DP-bwdX] L=80 states=179 -> 218
[DP-fwdX] L=48 states=1 -> 1
[DP-bwdX] L=64 states=22 -> 29
[DP-fwdX] L=48 states=1 -> 1
[DP-fwdX] L=48 states=1 -> 1
[DP-fwdX] L=48 states=1 -> 1
[DP-fwdX] L=64 states=12 -> 16
[DP-bwdX] L=64 states=4 -> 6
[DP-fwdX] L=64 states=1 -> 1
[DP-fwdX] L=80 states=10 -> 11
[DP-bwdX] L=96 states=1 -> 1
[DP-bwdX] L=80 states=14 -> 21
[DP-fwdX] L=80 states=4 -> 5
[DP-bwdX] L=80 states=2 -> 3
[DP-bwdX] L=96 states=1 -> 1
[DP-bwdX] L=96 states=1 -> 1
[DP-bwdX] L=96 states=1 -> 1
[DP-bwdX] L=96 states=1 -> 1
  [Round 17] T_prime=12  T_target=12  HPWL_w=798323  HPWL_eq=760  maxL=14  WNS(T')=-2  WNS*(T)=-2  picked=6  solve_ms=83.9606
[OC-Shortest/pow2] m=12 h=8 SEG=4 bits=48 words=1 threads=24
[DP-fwdX] L=0 states=1 -> 1
[DP-fwdX] L=16 states=179 -> 218
[DP-fwdX] L=32 states=1870 -> 2034
[DP-bwdX] L=96 states=1 -> 1
[DP-bwdX] L=80 states=179 -> 218
[DP-bwdX] L=64 states=1870 -> 2034
[DP-fwdX] L=0 states=1 -> 1
[DP-fwdX] L=16 states=179 -> 218
[DP-bwdX] L=48 states=1 -> 1
[DP-bwdX] L=32 states=94 -> 103
[DP-fwdX] L=0 states=1 -> 1
[DP-bwdX] L=16 states=10 -> 11
[DP-fwdX] L=0 states=1 -> 1
[DP-fwdX] L=0 states=1 -> 1
[DP-fwdX] L=0 states=1 -> 1
[DP-fwdX] L=16 states=19 -> 31
[DP-bwdX] L=16 states=4 -> 6
[DP-fwdX] L=16 states=1 -> 3
[DP-fwdX] L=32 states=22 -> 29
[DP-bwdX] L=48 states=1 -> 1
[DP-bwdX] L=32 states=12 -> 16
[DP-fwdX] L=32 states=4 -> 6
[DP-bwdX] L=32 states=2 -> 3
[DP-bwdX] L=48 states=1 -> 1
[DP-bwdX] L=48 states=1 -> 1
[DP-bwdX] L=48 states=1 -> 1
[DP-bwdX] L=48 states=1 -> 1
[DP-fwdX] L=48 states=1 -> 1
[DP-fwdX] L=64 states=94 -> 103
[DP-bwdX] L=96 states=1 -> 1
[DP-bwdX] L=80 states=179 -> 218
[DP-fwdX] L=48 states=1 -> 1
[DP-bwdX] L=64 states=22 -> 29
[DP-fwdX] L=48 states=1 -> 1
[DP-fwdX] L=48 states=1 -> 1
[DP-fwdX] L=48 states=1 -> 1
[DP-fwdX] L=64 states=12 -> 16
[DP-bwdX] L=64 states=4 -> 6
[DP-fwdX] L=64 states=1 -> 1
[DP-fwdX] L=80 states=10 -> 11
[DP-bwdX] L=96 states=1 -> 1
[DP-bwdX] L=80 states=19 -> 31
[DP-fwdX] L=80 states=2 -> 3
[DP-bwdX] L=80 states=2 -> 5
[DP-bwdX] L=96 states=1 -> 1
[DP-bwdX] L=96 states=1 -> 1
[DP-bwdX] L=96 states=1 -> 1
[DP-bwdX] L=96 states=1 -> 1
  [Round 18] T_prime=12  T_target=12  HPWL_w=800831  HPWL_eq=756  maxL=20  WNS(T')=-8  WNS*(T)=-8  picked=10  solve_ms=83.6051
[OC-Shortest/pow2] m=12 h=8 SEG=4 bits=48 words=1 threads=24
[DP-fwdX] L=0 states=1 -> 1
[DP-fwdX] L=16 states=179 -> 218
[DP-fwdX] L=32 states=1870 -> 2034
[DP-bwdX] L=96 states=1 -> 1
[DP-bwdX] L=80 states=179 -> 218
[DP-bwdX] L=64 states=1870 -> 2034
[DP-fwdX] L=0 states=1 -> 1
[DP-fwdX] L=16 states=179 -> 218
[DP-bwdX] L=48 states=1 -> 1
[DP-bwdX] L=32 states=94 -> 103
[DP-fwdX] L=0 states=1 -> 1
[DP-bwdX] L=16 states=29 -> 29
[DP-fwdX] L=0 states=1 -> 1
[DP-fwdX] L=0 states=1 -> 1
[DP-fwdX] L=0 states=1 -> 1
[DP-fwdX] L=16 states=19 -> 32
[DP-bwdX] L=16 states=4 -> 5
[DP-fwdX] L=16 states=1 -> 2
[DP-fwdX] L=32 states=126 -> 174
[DP-bwdX] L=48 states=1 -> 1
[DP-bwdX] L=32 states=12 -> 16
[DP-fwdX] L=32 states=4 -> 6
[DP-bwdX] L=32 states=2 -> 3
[DP-bwdX] L=48 states=1 -> 1
[DP-bwdX] L=48 states=1 -> 1
[DP-bwdX] L=48 states=1 -> 1
[DP-bwdX] L=48 states=1 -> 1
[DP-fwdX] L=48 states=1 -> 1
[DP-fwdX] L=64 states=94 -> 103
[DP-bwdX] L=96 states=1 -> 1
[DP-bwdX] L=80 states=179 -> 218
[DP-fwdX] L=48 states=1 -> 1
[DP-bwdX] L=64 states=163 -> 226
[DP-fwdX] L=48 states=1 -> 1
[DP-fwdX] L=48 states=1 -> 1
[DP-fwdX] L=48 states=1 -> 1
[DP-fwdX] L=64 states=12 -> 16
[DP-bwdX] L=64 states=4 -> 6
[DP-fwdX] L=64 states=1 -> 1
[DP-fwdX] L=80 states=21 -> 22
[DP-bwdX] L=96 states=1 -> 1
[DP-bwdX] L=80 states=19 -> 32
[DP-fwdX] L=80 states=4 -> 5
[DP-bwdX] L=80 states=3 -> 7
[DP-bwdX] L=96 states=1 -> 1
[DP-bwdX] L=96 states=1 -> 1
[DP-bwdX] L=96 states=1 -> 1
[DP-bwdX] L=96 states=1 -> 1
  [Round 19] T_prime=12  T_target=12  HPWL_w=805516  HPWL_eq=774  maxL=26  WNS(T')=-14  WNS*(T)=-14  picked=10  solve_ms=86.5306
[OC-Shortest/pow2] m=12 h=8 SEG=4 bits=48 words=1 threads=24
[DP-fwdX] L=0 states=1 -> 1
[DP-fwdX] L=16 states=179 -> 218
[DP-fwdX] L=32 states=1870 -> 2034
[DP-bwdX] L=96 states=1 -> 1
[DP-bwdX] L=80 states=179 -> 218
[DP-bwdX] L=64 states=1870 -> 2034
[DP-fwdX] L=0 states=1 -> 1
[DP-fwdX] L=16 states=179 -> 218
[DP-bwdX] L=48 states=1 -> 1
[DP-bwdX] L=32 states=94 -> 103
[DP-fwdX] L=0 states=1 -> 1
[DP-bwdX] L=16 states=10 -> 11
[DP-fwdX] L=0 states=1 -> 1
[DP-fwdX] L=0 states=1 -> 1
[DP-fwdX] L=0 states=1 -> 1
[DP-fwdX] L=16 states=14 -> 21
[DP-bwdX] L=16 states=4 -> 5
[DP-fwdX] L=16 states=1 -> 1
[DP-fwdX] L=32 states=22 -> 29
[DP-bwdX] L=48 states=1 -> 1
[DP-bwdX] L=32 states=12 -> 16
[DP-fwdX] L=32 states=4 -> 6
[DP-bwdX] L=32 states=2 -> 3
[DP-bwdX] L=48 states=1 -> 1
[DP-bwdX] L=48 states=1 -> 1
[DP-bwdX] L=48 states=1 -> 1
[DP-bwdX] L=48 states=1 -> 1
[DP-fwdX] L=48 states=1 -> 1
[DP-fwdX] L=64 states=94 -> 103
[DP-bwdX] L=96 states=1 -> 1
[DP-bwdX] L=80 states=179 -> 218
[DP-fwdX] L=48 states=1 -> 1
[DP-bwdX] L=64 states=22 -> 29
[DP-fwdX] L=48 states=1 -> 1
[DP-fwdX] L=48 states=1 -> 1
[DP-fwdX] L=48 states=1 -> 1
[DP-fwdX] L=64 states=12 -> 16
[DP-bwdX] L=64 states=4 -> 6
[DP-fwdX] L=64 states=1 -> 1
[DP-fwdX] L=80 states=10 -> 11
[DP-bwdX] L=96 states=1 -> 1
[DP-bwdX] L=80 states=14 -> 21
[DP-fwdX] L=80 states=4 -> 5
[DP-bwdX] L=80 states=2 -> 3
[DP-bwdX] L=96 states=1 -> 1
[DP-bwdX] L=96 states=1 -> 1
[DP-bwdX] L=96 states=1 -> 1
[DP-bwdX] L=96 states=1 -> 1
  [Round 20] T_prime=12  T_target=12  HPWL_w=816189  HPWL_eq=760  maxL=14  WNS(T')=-2  WNS*(T)=-2  picked=6  solve_ms=91.4507
[OC-Shortest/pow2] m=12 h=8 SEG=4 bits=48 words=1 threads=24
[DP-fwdX] L=0 states=1 -> 1
[DP-fwdX] L=16 states=179 -> 218
[DP-fwdX] L=32 states=1870 -> 2034
[DP-bwdX] L=96 states=1 -> 1
[DP-bwdX] L=80 states=179 -> 218
[DP-bwdX] L=64 states=1870 -> 2034
[DP-fwdX] L=0 states=1 -> 1
[DP-fwdX] L=16 states=179 -> 218
[DP-bwdX] L=48 states=1 -> 1
[DP-bwdX] L=32 states=94 -> 103
[DP-fwdX] L=0 states=1 -> 1
[DP-bwdX] L=16 states=10 -> 11
[DP-fwdX] L=0 states=1 -> 1
[DP-fwdX] L=0 states=1 -> 1
[DP-fwdX] L=0 states=1 -> 1
[DP-fwdX] L=16 states=14 -> 21
[DP-bwdX] L=16 states=4 -> 5
[DP-fwdX] L=16 states=1 -> 1
[DP-fwdX] L=32 states=22 -> 29
[DP-bwdX] L=48 states=1 -> 1
[DP-bwdX] L=32 states=12 -> 16
[DP-fwdX] L=32 states=4 -> 6
[DP-bwdX] L=32 states=2 -> 3
[DP-bwdX] L=48 states=1 -> 1
[DP-bwdX] L=48 states=1 -> 1
[DP-bwdX] L=48 states=1 -> 1
[DP-bwdX] L=48 states=1 -> 1
[DP-fwdX] L=48 states=1 -> 1
[DP-fwdX] L=64 states=94 -> 103
[DP-bwdX] L=96 states=1 -> 1
[DP-bwdX] L=80 states=179 -> 218
[DP-fwdX] L=48 states=1 -> 1
[DP-bwdX] L=64 states=22 -> 29
[DP-fwdX] L=48 states=1 -> 1
[DP-fwdX] L=48 states=1 -> 1
[DP-fwdX] L=48 states=1 -> 1
[DP-fwdX] L=64 states=12 -> 16
[DP-bwdX] L=64 states=4 -> 6
[DP-fwdX] L=64 states=1 -> 1
[DP-fwdX] L=80 states=10 -> 11
[DP-bwdX] L=96 states=1 -> 1
[DP-bwdX] L=80 states=14 -> 21
[DP-fwdX] L=80 states=4 -> 5
[DP-bwdX] L=80 states=2 -> 3
[DP-bwdX] L=96 states=1 -> 1
[DP-bwdX] L=96 states=1 -> 1
[DP-bwdX] L=96 states=1 -> 1
[DP-bwdX] L=96 states=1 -> 1
  [Round 21] T_prime=12  T_target=12  HPWL_w=820704  HPWL_eq=760  maxL=14  WNS(T')=-2  WNS*(T)=-2  picked=6  solve_ms=87.9519
[OC-Shortest/pow2] m=12 h=8 SEG=4 bits=48 words=1 threads=24
[DP-fwdX] L=0 states=1 -> 1
[DP-fwdX] L=16 states=179 -> 218
[DP-fwdX] L=32 states=1870 -> 2034
[DP-bwdX] L=96 states=1 -> 1
[DP-bwdX] L=80 states=179 -> 218
[DP-bwdX] L=64 states=1870 -> 2034
[DP-fwdX] L=0 states=1 -> 1
[DP-fwdX] L=16 states=179 -> 218
[DP-bwdX] L=48 states=1 -> 1
[DP-bwdX] L=32 states=94 -> 103
[DP-fwdX] L=0 states=1 -> 1
[DP-bwdX] L=16 states=16 -> 18
[DP-fwdX] L=0 states=1 -> 1
[DP-fwdX] L=0 states=1 -> 1
[DP-fwdX] L=0 states=1 -> 1
[DP-fwdX] L=16 states=30 -> 50
[DP-bwdX] L=16 states=4 -> 6
[DP-fwdX] L=16 states=1 -> 3
[DP-fwdX] L=32 states=197 -> 283
[DP-bwdX] L=48 states=1 -> 1
[DP-bwdX] L=32 states=15 -> 21
[DP-fwdX] L=32 states=7 -> 14
[DP-bwdX] L=32 states=3 -> 7
[DP-bwdX] L=48 states=1 -> 1
[DP-bwdX] L=48 states=1 -> 1
[DP-bwdX] L=48 states=1 -> 1
[DP-bwdX] L=48 states=1 -> 1
[DP-fwdX] L=48 states=1 -> 1
[DP-fwdX] L=64 states=94 -> 103
[DP-bwdX] L=96 states=1 -> 1
[DP-bwdX] L=80 states=179 -> 218
[DP-fwdX] L=48 states=1 -> 1
[DP-bwdX] L=64 states=22 -> 29
[DP-fwdX] L=48 states=1 -> 1
[DP-fwdX] L=48 states=1 -> 1
[DP-fwdX] L=48 states=1 -> 1
[DP-fwdX] L=64 states=12 -> 16
[DP-bwdX] L=64 states=4 -> 6
[DP-fwdX] L=64 states=1 -> 1
[DP-fwdX] L=80 states=10 -> 11
[DP-bwdX] L=96 states=1 -> 1
[DP-bwdX] L=80 states=19 -> 31
[DP-fwdX] L=80 states=2 -> 3
[DP-bwdX] L=80 states=2 -> 5
[DP-bwdX] L=96 states=1 -> 1
[DP-bwdX] L=96 states=1 -> 1
[DP-bwdX] L=96 states=1 -> 1
[DP-bwdX] L=96 states=1 -> 1
  [Round 22] T_prime=12  T_target=12  HPWL_w=822881  HPWL_eq=785  maxL=32  WNS(T')=-20  WNS*(T)=-20  picked=11  solve_ms=88.1892
[OC-Shortest/pow2] m=12 h=8 SEG=4 bits=48 words=1 threads=24
[DP-fwdX] L=0 states=1 -> 1
[DP-fwdX] L=16 states=179 -> 218
[DP-fwdX] L=32 states=1870 -> 2034
[DP-bwdX] L=96 states=1 -> 1
[DP-bwdX] L=80 states=179 -> 218
[DP-bwdX] L=64 states=1870 -> 2034
[DP-fwdX] L=0 states=1 -> 1
[DP-fwdX] L=16 states=179 -> 218
[DP-bwdX] L=48 states=1 -> 1
[DP-bwdX] L=32 states=94 -> 103
[DP-fwdX] L=0 states=1 -> 1
[DP-bwdX] L=16 states=10 -> 11
[DP-fwdX] L=0 states=1 -> 1
[DP-fwdX] L=0 states=1 -> 1
[DP-fwdX] L=0 states=1 -> 1
[DP-fwdX] L=16 states=19 -> 31
[DP-bwdX] L=16 states=4 -> 6
[DP-fwdX] L=16 states=1 -> 3
[DP-fwdX] L=32 states=22 -> 29
[DP-bwdX] L=48 states=1 -> 1
[DP-bwdX] L=32 states=12 -> 16
[DP-fwdX] L=32 states=4 -> 6
[DP-bwdX] L=32 states=2 -> 3
[DP-bwdX] L=48 states=1 -> 1
[DP-bwdX] L=48 states=1 -> 1
[DP-bwdX] L=48 states=1 -> 1
[DP-bwdX] L=48 states=1 -> 1
[DP-fwdX] L=48 states=1 -> 1
[DP-fwdX] L=64 states=94 -> 103
[DP-bwdX] L=96 states=1 -> 1
[DP-bwdX] L=80 states=179 -> 218
[DP-fwdX] L=48 states=1 -> 1
[DP-bwdX] L=64 states=197 -> 283
[DP-fwdX] L=48 states=1 -> 1
[DP-fwdX] L=48 states=1 -> 1
[DP-fwdX] L=48 states=1 -> 1
[DP-fwdX] L=64 states=15 -> 21
[DP-bwdX] L=64 states=10 -> 20
[DP-fwdX] L=64 states=1 -> 3
[DP-fwdX] L=80 states=16 -> 18
[DP-bwdX] L=96 states=1 -> 1
[DP-bwdX] L=80 states=30 -> 50
[DP-fwdX] L=80 states=4 -> 6
[DP-bwdX] L=80 states=2 -> 5
[DP-bwdX] L=96 states=1 -> 1
[DP-bwdX] L=96 states=1 -> 1
[DP-bwdX] L=96 states=1 -> 1
[DP-bwdX] L=96 states=1 -> 1
  [Round 23] T_prime=12  T_target=12  HPWL_w=827911  HPWL_eq=785  maxL=32  WNS(T')=-20  WNS*(T)=-20  picked=11  solve_ms=91.2541
[OC-Shortest/pow2] m=12 h=8 SEG=4 bits=48 words=1 threads=24
[DP-fwdX] L=0 states=1 -> 1
[DP-fwdX] L=16 states=179 -> 218
[DP-fwdX] L=32 states=1870 -> 2034
[DP-bwdX] L=96 states=1 -> 1
[DP-bwdX] L=80 states=179 -> 218
[DP-bwdX] L=64 states=1870 -> 2034
[DP-fwdX] L=0 states=1 -> 1
[DP-fwdX] L=16 states=179 -> 218
[DP-bwdX] L=48 states=1 -> 1
[DP-bwdX] L=32 states=94 -> 103
[DP-fwdX] L=0 states=1 -> 1
[DP-bwdX] L=16 states=29 -> 29
[DP-fwdX] L=0 states=1 -> 1
[DP-fwdX] L=0 states=1 -> 1
[DP-fwdX] L=0 states=1 -> 1
[DP-fwdX] L=16 states=19 -> 32
[DP-bwdX] L=16 states=4 -> 5
[DP-fwdX] L=16 states=1 -> 2
[DP-fwdX] L=32 states=126 -> 174
[DP-bwdX] L=48 states=1 -> 1
[DP-bwdX] L=32 states=12 -> 16
[DP-fwdX] L=32 states=4 -> 6
[DP-bwdX] L=32 states=2 -> 3
[DP-bwdX] L=48 states=1 -> 1
[DP-bwdX] L=48 states=1 -> 1
[DP-bwdX] L=48 states=1 -> 1
[DP-bwdX] L=48 states=1 -> 1
[DP-fwdX] L=48 states=1 -> 1
[DP-fwdX] L=64 states=94 -> 103
[DP-bwdX] L=96 states=1 -> 1
[DP-bwdX] L=80 states=179 -> 218
[DP-fwdX] L=48 states=1 -> 1
[DP-bwdX] L=64 states=163 -> 226
[DP-fwdX] L=48 states=1 -> 1
[DP-fwdX] L=48 states=1 -> 1
[DP-fwdX] L=48 states=1 -> 1
[DP-fwdX] L=64 states=12 -> 16
[DP-bwdX] L=64 states=4 -> 6
[DP-fwdX] L=64 states=1 -> 1
[DP-fwdX] L=80 states=21 -> 22
[DP-bwdX] L=96 states=1 -> 1
[DP-bwdX] L=80 states=19 -> 32
[DP-fwdX] L=80 states=4 -> 5
[DP-bwdX] L=80 states=3 -> 7
[DP-bwdX] L=96 states=1 -> 1
[DP-bwdX] L=96 states=1 -> 1
[DP-bwdX] L=96 states=1 -> 1
[DP-bwdX] L=96 states=1 -> 1
  [Round 24] T_prime=12  T_target=12  HPWL_w=833435  HPWL_eq=774  maxL=26  WNS(T')=-14  WNS*(T)=-14  picked=10  solve_ms=117.742
[OC-Shortest/pow2] m=12 h=8 SEG=4 bits=48 words=1 threads=24
[DP-fwdX] L=0 states=1 -> 1
[DP-fwdX] L=16 states=179 -> 218
[DP-fwdX] L=32 states=1870 -> 2034
[DP-bwdX] L=96 states=1 -> 1
[DP-bwdX] L=80 states=179 -> 218
[DP-bwdX] L=64 states=1870 -> 2034
[DP-fwdX] L=0 states=1 -> 1
[DP-fwdX] L=16 states=179 -> 218
[DP-bwdX] L=48 states=1 -> 1
[DP-bwdX] L=32 states=94 -> 103
[DP-fwdX] L=0 states=1 -> 1
[DP-bwdX] L=16 states=16 -> 18
[DP-fwdX] L=0 states=1 -> 1
[DP-fwdX] L=0 states=1 -> 1
[DP-fwdX] L=0 states=1 -> 1
[DP-fwdX] L=16 states=30 -> 50
[DP-bwdX] L=16 states=4 -> 6
[DP-fwdX] L=16 states=1 -> 3
[DP-fwdX] L=32 states=197 -> 283
[DP-bwdX] L=48 states=1 -> 1
[DP-bwdX] L=32 states=15 -> 21
[DP-fwdX] L=32 states=7 -> 14
[DP-bwdX] L=32 states=3 -> 7
[DP-bwdX] L=48 states=1 -> 1
[DP-bwdX] L=48 states=1 -> 1
[DP-bwdX] L=48 states=1 -> 1
[DP-bwdX] L=48 states=1 -> 1
[DP-fwdX] L=48 states=1 -> 1
[DP-fwdX] L=64 states=94 -> 103
[DP-bwdX] L=96 states=1 -> 1
[DP-bwdX] L=80 states=179 -> 218
[DP-fwdX] L=48 states=1 -> 1
[DP-bwdX] L=64 states=197 -> 283
[DP-fwdX] L=48 states=1 -> 1
[DP-fwdX] L=48 states=1 -> 1
[DP-fwdX] L=48 states=1 -> 1
[DP-fwdX] L=64 states=15 -> 21
[DP-bwdX] L=64 states=10 -> 20
[DP-fwdX] L=64 states=1 -> 3
[DP-fwdX] L=80 states=16 -> 18
[DP-bwdX] L=96 states=1 -> 1
[DP-bwdX] L=80 states=30 -> 50
[DP-fwdX] L=80 states=4 -> 6
[DP-bwdX] L=80 states=2 -> 5
[DP-bwdX] L=96 states=1 -> 1
[DP-bwdX] L=96 states=1 -> 1
[DP-bwdX] L=96 states=1 -> 1
[DP-bwdX] L=96 states=1 -> 1
  [Round 25] T_prime=12  T_target=12  HPWL_w=841073  HPWL_eq=814  maxL=32  WNS(T')=-20  WNS*(T)=-20  picked=12  solve_ms=93.3002
[OC-Shortest/pow2] m=12 h=8 SEG=4 bits=48 words=1 threads=24
[DP-fwdX] L=0 states=1 -> 1
[DP-fwdX] L=16 states=179 -> 218
[DP-fwdX] L=32 states=1870 -> 2034
[DP-bwdX] L=96 states=1 -> 1
[DP-bwdX] L=80 states=179 -> 218
[DP-bwdX] L=64 states=1870 -> 2034
[DP-fwdX] L=0 states=1 -> 1
[DP-fwdX] L=16 states=179 -> 218
[DP-bwdX] L=48 states=1 -> 1
[DP-bwdX] L=32 states=94 -> 103
[DP-fwdX] L=0 states=1 -> 1
[DP-bwdX] L=16 states=10 -> 11
[DP-fwdX] L=0 states=1 -> 1
[DP-fwdX] L=0 states=1 -> 1
[DP-fwdX] L=0 states=1 -> 1
[DP-fwdX] L=16 states=14 -> 21
[DP-bwdX] L=16 states=4 -> 5
[DP-fwdX] L=16 states=1 -> 1
[DP-fwdX] L=32 states=22 -> 29
[DP-bwdX] L=48 states=1 -> 1
[DP-bwdX] L=32 states=12 -> 16
[DP-fwdX] L=32 states=4 -> 6
[DP-bwdX] L=32 states=2 -> 3
[DP-bwdX] L=48 states=1 -> 1
[DP-bwdX] L=48 states=1 -> 1
[DP-bwdX] L=48 states=1 -> 1
[DP-bwdX] L=48 states=1 -> 1
[DP-fwdX] L=48 states=1 -> 1
[DP-fwdX] L=64 states=94 -> 103
[DP-bwdX] L=96 states=1 -> 1
[DP-bwdX] L=80 states=179 -> 218
[DP-fwdX] L=48 states=1 -> 1
[DP-bwdX] L=64 states=22 -> 29
[DP-fwdX] L=48 states=1 -> 1
[DP-fwdX] L=48 states=1 -> 1
[DP-fwdX] L=48 states=1 -> 1
[DP-fwdX] L=64 states=12 -> 16
[DP-bwdX] L=64 states=4 -> 6
[DP-fwdX] L=64 states=1 -> 1
[DP-fwdX] L=80 states=10 -> 11
[DP-bwdX] L=96 states=1 -> 1
[DP-bwdX] L=80 states=14 -> 21
[DP-fwdX] L=80 states=4 -> 5
[DP-bwdX] L=80 states=2 -> 3
[DP-bwdX] L=96 states=1 -> 1
[DP-bwdX] L=96 states=1 -> 1
[DP-bwdX] L=96 states=1 -> 1
[DP-bwdX] L=96 states=1 -> 1
  [Round 26] T_prime=12  T_target=12  HPWL_w=852327  HPWL_eq=760  maxL=14  WNS(T')=-2  WNS*(T)=-2  picked=6  solve_ms=96.114
[OC-Shortest/pow2] m=12 h=8 SEG=4 bits=48 words=1 threads=24
[DP-fwdX] L=0 states=1 -> 1
[DP-fwdX] L=16 states=179 -> 218
[DP-fwdX] L=32 states=1870 -> 2034
[DP-bwdX] L=96 states=1 -> 1
[DP-bwdX] L=80 states=179 -> 218
[DP-bwdX] L=64 states=1870 -> 2034
[DP-fwdX] L=0 states=1 -> 1
[DP-fwdX] L=16 states=179 -> 218
[DP-bwdX] L=48 states=1 -> 1
[DP-bwdX] L=32 states=94 -> 103
[DP-fwdX] L=0 states=1 -> 1
[DP-bwdX] L=16 states=10 -> 11
[DP-fwdX] L=0 states=1 -> 1
[DP-fwdX] L=0 states=1 -> 1
[DP-fwdX] L=0 states=1 -> 1
[DP-fwdX] L=16 states=14 -> 21
[DP-bwdX] L=16 states=4 -> 5
[DP-fwdX] L=16 states=1 -> 1
[DP-fwdX] L=32 states=22 -> 29
[DP-bwdX] L=48 states=1 -> 1
[DP-bwdX] L=32 states=12 -> 16
[DP-fwdX] L=32 states=4 -> 6
[DP-bwdX] L=32 states=2 -> 3
[DP-bwdX] L=48 states=1 -> 1
[DP-bwdX] L=48 states=1 -> 1
[DP-bwdX] L=48 states=1 -> 1
[DP-bwdX] L=48 states=1 -> 1
[DP-fwdX] L=48 states=1 -> 1
[DP-fwdX] L=64 states=94 -> 103
[DP-bwdX] L=96 states=1 -> 1
[DP-bwdX] L=80 states=179 -> 218
[DP-fwdX] L=48 states=1 -> 1
[DP-bwdX] L=64 states=22 -> 29
[DP-fwdX] L=48 states=1 -> 1
[DP-fwdX] L=48 states=1 -> 1
[DP-fwdX] L=48 states=1 -> 1
[DP-fwdX] L=64 states=12 -> 16
[DP-bwdX] L=64 states=4 -> 6
[DP-fwdX] L=64 states=1 -> 1
[DP-fwdX] L=80 states=10 -> 11
[DP-bwdX] L=96 states=1 -> 1
[DP-bwdX] L=80 states=14 -> 21
[DP-fwdX] L=80 states=4 -> 5
[DP-bwdX] L=80 states=2 -> 3
[DP-bwdX] L=96 states=1 -> 1
[DP-bwdX] L=96 states=1 -> 1
[DP-bwdX] L=96 states=1 -> 1
[DP-bwdX] L=96 states=1 -> 1
  [Round 27] T_prime=12  T_target=12  HPWL_w=856858  HPWL_eq=760  maxL=14  WNS(T')=-2  WNS*(T)=-2  picked=6  solve_ms=94.9311
[OC-Shortest/pow2] m=12 h=8 SEG=4 bits=48 words=1 threads=24
[DP-fwdX] L=0 states=1 -> 1
[DP-fwdX] L=16 states=179 -> 218
[DP-fwdX] L=32 states=1870 -> 2034
[DP-bwdX] L=96 states=1 -> 1
[DP-bwdX] L=80 states=179 -> 218
[DP-bwdX] L=64 states=1870 -> 2034
[DP-fwdX] L=0 states=1 -> 1
[DP-fwdX] L=16 states=179 -> 218
[DP-bwdX] L=48 states=1 -> 1
[DP-bwdX] L=32 states=94 -> 103
[DP-fwdX] L=0 states=1 -> 1
[DP-bwdX] L=16 states=10 -> 11
[DP-fwdX] L=0 states=1 -> 1
[DP-fwdX] L=0 states=1 -> 1
[DP-fwdX] L=0 states=1 -> 1
[DP-fwdX] L=16 states=19 -> 31
[DP-bwdX] L=16 states=4 -> 6
[DP-fwdX] L=16 states=1 -> 3
[DP-fwdX] L=32 states=22 -> 29
[DP-bwdX] L=48 states=1 -> 1
[DP-bwdX] L=32 states=12 -> 16
[DP-fwdX] L=32 states=4 -> 6
[DP-bwdX] L=32 states=2 -> 3
[DP-bwdX] L=48 states=1 -> 1
[DP-bwdX] L=48 states=1 -> 1
[DP-bwdX] L=48 states=1 -> 1
[DP-bwdX] L=48 states=1 -> 1
[DP-fwdX] L=48 states=1 -> 1
[DP-fwdX] L=64 states=94 -> 103
[DP-bwdX] L=96 states=1 -> 1
[DP-bwdX] L=80 states=179 -> 218
[DP-fwdX] L=48 states=1 -> 1
[DP-bwdX] L=64 states=22 -> 29
[DP-fwdX] L=48 states=1 -> 1
[DP-fwdX] L=48 states=1 -> 1
[DP-fwdX] L=48 states=1 -> 1
[DP-fwdX] L=64 states=12 -> 16
[DP-bwdX] L=64 states=4 -> 6
[DP-fwdX] L=64 states=1 -> 1
[DP-fwdX] L=80 states=10 -> 11
[DP-bwdX] L=96 states=1 -> 1
[DP-bwdX] L=80 states=19 -> 31
[DP-fwdX] L=80 states=2 -> 3
[DP-bwdX] L=80 states=2 -> 5
[DP-bwdX] L=96 states=1 -> 1
[DP-bwdX] L=96 states=1 -> 1
[DP-bwdX] L=96 states=1 -> 1
[DP-bwdX] L=96 states=1 -> 1
  [Round 28] T_prime=12  T_target=12  HPWL_w=859798  HPWL_eq=756  maxL=20  WNS(T')=-8  WNS*(T)=-8  picked=10  solve_ms=84.2276
[OC-Shortest/pow2] m=12 h=8 SEG=4 bits=48 words=1 threads=24
[DP-fwdX] L=0 states=1 -> 1
[DP-fwdX] L=16 states=179 -> 218
[DP-fwdX] L=32 states=1870 -> 2034
[DP-bwdX] L=96 states=1 -> 1
[DP-bwdX] L=80 states=179 -> 218
[DP-bwdX] L=64 states=1870 -> 2034
[DP-fwdX] L=0 states=1 -> 1
[DP-fwdX] L=16 states=179 -> 218
[DP-bwdX] L=48 states=1 -> 1
[DP-bwdX] L=32 states=94 -> 103
[DP-fwdX] L=0 states=1 -> 1
[DP-bwdX] L=16 states=32 -> 31
[DP-fwdX] L=0 states=1 -> 1
[DP-fwdX] L=0 states=1 -> 1
[DP-fwdX] L=0 states=1 -> 1
[DP-fwdX] L=16 states=19 -> 32
[DP-bwdX] L=16 states=4 -> 5
[DP-fwdX] L=16 states=1 -> 2
[DP-fwdX] L=32 states=150 -> 204
[DP-bwdX] L=48 states=1 -> 1
[DP-bwdX] L=32 states=12 -> 16
[DP-fwdX] L=32 states=4 -> 6
[DP-bwdX] L=32 states=2 -> 3
[DP-bwdX] L=48 states=1 -> 1
[DP-bwdX] L=48 states=1 -> 1
[DP-bwdX] L=48 states=1 -> 1
[DP-bwdX] L=48 states=1 -> 1
[DP-fwdX] L=48 states=1 -> 1
[DP-fwdX] L=64 states=94 -> 103
[DP-bwdX] L=96 states=1 -> 1
[DP-bwdX] L=80 states=179 -> 218
[DP-fwdX] L=48 states=1 -> 1
[DP-bwdX] L=64 states=173 -> 236
[DP-fwdX] L=48 states=1 -> 1
[DP-fwdX] L=48 states=1 -> 1
[DP-fwdX] L=48 states=1 -> 1
[DP-fwdX] L=64 states=12 -> 16
[DP-bwdX] L=64 states=4 -> 6
[DP-fwdX] L=64 states=1 -> 1
[DP-fwdX] L=80 states=23 -> 23
[DP-bwdX] L=96 states=1 -> 1
[DP-bwdX] L=80 states=19 -> 32
[DP-fwdX] L=80 states=4 -> 5
[DP-bwdX] L=80 states=3 -> 7
[DP-bwdX] L=96 states=1 -> 1
[DP-bwdX] L=96 states=1 -> 1
[DP-bwdX] L=96 states=1 -> 1
[DP-bwdX] L=96 states=1 -> 1
  [Round 29] T_prime=12  T_target=12  HPWL_w=867688  HPWL_eq=774  maxL=26  WNS(T')=-14  WNS*(T)=-14  picked=10  solve_ms=86.2086
[OC-Shortest/pow2] m=12 h=8 SEG=4 bits=48 words=1 threads=24
[DP-fwdX] L=0 states=1 -> 1
[DP-fwdX] L=16 states=179 -> 218
[DP-fwdX] L=32 states=1870 -> 2034
[DP-bwdX] L=96 states=1 -> 1
[DP-bwdX] L=80 states=179 -> 218
[DP-bwdX] L=64 states=1870 -> 2034
[DP-fwdX] L=0 states=1 -> 1
[DP-fwdX] L=16 states=179 -> 218
[DP-bwdX] L=48 states=1 -> 1
[DP-bwdX] L=32 states=94 -> 103
[DP-fwdX] L=0 states=1 -> 1
[DP-bwdX] L=16 states=28 -> 29
[DP-fwdX] L=0 states=1 -> 1
[DP-fwdX] L=0 states=1 -> 1
[DP-fwdX] L=0 states=1 -> 1
[DP-fwdX] L=16 states=30 -> 50
[DP-bwdX] L=16 states=4 -> 6
[DP-fwdX] L=16 states=1 -> 3
[DP-fwdX] L=32 states=281 -> 396
[DP-bwdX] L=48 states=1 -> 1
[DP-bwdX] L=32 states=12 -> 16
[DP-fwdX] L=32 states=8 -> 15
[DP-bwdX] L=32 states=3 -> 6
[DP-bwdX] L=48 states=1 -> 1
[DP-bwdX] L=48 states=1 -> 1
[DP-bwdX] L=48 states=1 -> 1
[DP-bwdX] L=48 states=1 -> 1
[DP-fwdX] L=48 states=1 -> 1
[DP-fwdX] L=64 states=94 -> 103
[DP-bwdX] L=96 states=1 -> 1
[DP-bwdX] L=80 states=179 -> 218
[DP-fwdX] L=48 states=1 -> 1
[DP-bwdX] L=64 states=281 -> 396
[DP-fwdX] L=48 states=1 -> 1
[DP-fwdX] L=48 states=1 -> 1
[DP-fwdX] L=48 states=1 -> 1
[DP-fwdX] L=64 states=12 -> 16
[DP-bwdX] L=64 states=8 -> 15
[DP-fwdX] L=64 states=1 -> 2
[DP-fwdX] L=80 states=28 -> 29
[DP-bwdX] L=96 states=1 -> 1
[DP-bwdX] L=80 states=30 -> 50
[DP-fwdX] L=80 states=4 -> 6
[DP-bwdX] L=80 states=2 -> 5
[DP-bwdX] L=96 states=1 -> 1
[DP-bwdX] L=96 states=1 -> 1
[DP-bwdX] L=96 states=1 -> 1
[DP-bwdX] L=96 states=1 -> 1
  [Round 30] T_prime=12  T_target=12  HPWL_w=870290  HPWL_eq=812  maxL=32  WNS(T')=-20  WNS*(T)=-20  picked=12  solve_ms=146.043
[OC-Shortest/pow2] m=12 h=8 SEG=4 bits=48 words=1 threads=24
[DP-fwdX] L=0 states=1 -> 1
[DP-fwdX] L=16 states=179 -> 218
[DP-fwdX] L=32 states=1870 -> 2034
[DP-bwdX] L=96 states=1 -> 1
[DP-bwdX] L=80 states=179 -> 218
[DP-bwdX] L=64 states=1870 -> 2034
[DP-fwdX] L=0 states=1 -> 1
[DP-fwdX] L=16 states=179 -> 218
[DP-bwdX] L=48 states=1 -> 1
[DP-bwdX] L=32 states=94 -> 103
[DP-fwdX] L=0 states=1 -> 1
[DP-bwdX] L=16 states=10 -> 11
[DP-fwdX] L=0 states=1 -> 1
[DP-fwdX] L=0 states=1 -> 1
[DP-fwdX] L=0 states=1 -> 1
[DP-fwdX] L=16 states=14 -> 21
[DP-bwdX] L=16 states=4 -> 5
[DP-fwdX] L=16 states=1 -> 1
[DP-fwdX] L=32 states=22 -> 29
[DP-bwdX] L=48 states=1 -> 1
[DP-bwdX] L=32 states=12 -> 16
[DP-fwdX] L=32 states=4 -> 6
[DP-bwdX] L=32 states=2 -> 3
[DP-bwdX] L=48 states=1 -> 1
[DP-bwdX] L=48 states=1 -> 1
[DP-bwdX] L=48 states=1 -> 1
[DP-bwdX] L=48 states=1 -> 1
[DP-fwdX] L=48 states=1 -> 1
[DP-fwdX] L=64 states=94 -> 103
[DP-bwdX] L=96 states=1 -> 1
[DP-bwdX] L=80 states=179 -> 218
[DP-fwdX] L=48 states=1 -> 1
[DP-bwdX] L=64 states=22 -> 29
[DP-fwdX] L=48 states=1 -> 1
[DP-fwdX] L=48 states=1 -> 1
[DP-fwdX] L=48 states=1 -> 1
[DP-fwdX] L=64 states=12 -> 16
[DP-bwdX] L=64 states=4 -> 6
[DP-fwdX] L=64 states=1 -> 1
[DP-fwdX] L=80 states=10 -> 11
[DP-bwdX] L=96 states=1 -> 1
[DP-bwdX] L=80 states=14 -> 21
[DP-fwdX] L=80 states=4 -> 5
[DP-bwdX] L=80 states=2 -> 3
[DP-bwdX] L=96 states=1 -> 1
[DP-bwdX] L=96 states=1 -> 1
[DP-bwdX] L=96 states=1 -> 1
[DP-bwdX] L=96 states=1 -> 1
  [Round 31] T_prime=12  T_target=12  HPWL_w=885487  HPWL_eq=762  maxL=13  WNS(T')=-1  WNS*(T)=-1  picked=6  solve_ms=84.411
[OC-Shortest/pow2] m=12 h=8 SEG=4 bits=48 words=1 threads=24
[DP-fwdX] L=0 states=1 -> 1
[DP-fwdX] L=16 states=179 -> 218
[DP-fwdX] L=32 states=1870 -> 2034
[DP-bwdX] L=96 states=1 -> 1
[DP-bwdX] L=80 states=179 -> 218
[DP-bwdX] L=64 states=1870 -> 2034
[DP-fwdX] L=0 states=1 -> 1
[DP-fwdX] L=16 states=179 -> 218
[DP-bwdX] L=48 states=1 -> 1
[DP-bwdX] L=32 states=94 -> 103
[DP-fwdX] L=0 states=1 -> 1
[DP-bwdX] L=16 states=10 -> 11
[DP-fwdX] L=0 states=1 -> 1
[DP-fwdX] L=0 states=1 -> 1
[DP-fwdX] L=0 states=1 -> 1
[DP-fwdX] L=16 states=14 -> 21
[DP-bwdX] L=16 states=4 -> 5
[DP-fwdX] L=16 states=1 -> 1
[DP-fwdX] L=32 states=22 -> 29
[DP-bwdX] L=48 states=1 -> 1
[DP-bwdX] L=32 states=12 -> 16
[DP-fwdX] L=32 states=4 -> 6
[DP-bwdX] L=32 states=2 -> 3
[DP-bwdX] L=48 states=1 -> 1
[DP-bwdX] L=48 states=1 -> 1
[DP-bwdX] L=48 states=1 -> 1
[DP-bwdX] L=48 states=1 -> 1
[DP-fwdX] L=48 states=1 -> 1
[DP-fwdX] L=64 states=94 -> 103
[DP-bwdX] L=96 states=1 -> 1
[DP-bwdX] L=80 states=179 -> 218
[DP-fwdX] L=48 states=1 -> 1
[DP-bwdX] L=64 states=22 -> 29
[DP-fwdX] L=48 states=1 -> 1
[DP-fwdX] L=48 states=1 -> 1
[DP-fwdX] L=48 states=1 -> 1
[DP-fwdX] L=64 states=12 -> 16
[DP-bwdX] L=64 states=4 -> 6
[DP-fwdX] L=64 states=1 -> 1
[DP-fwdX] L=80 states=10 -> 11
[DP-bwdX] L=96 states=1 -> 1
[DP-bwdX] L=80 states=14 -> 21
[DP-fwdX] L=80 states=4 -> 5
[DP-bwdX] L=80 states=2 -> 3
[DP-bwdX] L=96 states=1 -> 1
[DP-bwdX] L=96 states=1 -> 1
[DP-bwdX] L=96 states=1 -> 1
[DP-bwdX] L=96 states=1 -> 1
  [Round 32] T_prime=12  T_target=12  HPWL_w=889868  HPWL_eq=762  maxL=13  WNS(T')=-1  WNS*(T)=-1  picked=6  solve_ms=86.5418
[OC-Shortest/pow2] m=12 h=8 SEG=4 bits=48 words=1 threads=24
[DP-fwdX] L=0 states=1 -> 1
[DP-fwdX] L=16 states=179 -> 218
[DP-fwdX] L=32 states=1870 -> 2034
[DP-bwdX] L=96 states=1 -> 1
[DP-bwdX] L=80 states=179 -> 218
[DP-bwdX] L=64 states=1870 -> 2034
[DP-fwdX] L=0 states=1 -> 1
[DP-fwdX] L=16 states=179 -> 218
[DP-bwdX] L=48 states=1 -> 1
[DP-bwdX] L=32 states=94 -> 103
[DP-fwdX] L=0 states=1 -> 1
[DP-bwdX] L=16 states=10 -> 11
[DP-fwdX] L=0 states=1 -> 1
[DP-fwdX] L=0 states=1 -> 1
[DP-fwdX] L=0 states=1 -> 1
[DP-fwdX] L=16 states=14 -> 21
[DP-bwdX] L=16 states=4 -> 5
[DP-fwdX] L=16 states=1 -> 1
[DP-fwdX] L=32 states=22 -> 29
[DP-bwdX] L=48 states=1 -> 1
[DP-bwdX] L=32 states=12 -> 16
[DP-fwdX] L=32 states=4 -> 6
[DP-bwdX] L=32 states=2 -> 3
[DP-bwdX] L=48 states=1 -> 1
[DP-bwdX] L=48 states=1 -> 1
[DP-bwdX] L=48 states=1 -> 1
[DP-bwdX] L=48 states=1 -> 1
[DP-fwdX] L=48 states=1 -> 1
[DP-fwdX] L=64 states=94 -> 103
[DP-bwdX] L=96 states=1 -> 1
[DP-bwdX] L=80 states=179 -> 218
[DP-fwdX] L=48 states=1 -> 1
[DP-bwdX] L=64 states=22 -> 29
[DP-fwdX] L=48 states=1 -> 1
[DP-fwdX] L=48 states=1 -> 1
[DP-fwdX] L=48 states=1 -> 1
[DP-fwdX] L=64 states=12 -> 16
[DP-bwdX] L=64 states=4 -> 6
[DP-fwdX] L=64 states=1 -> 1
[DP-fwdX] L=80 states=10 -> 11
[DP-bwdX] L=96 states=1 -> 1
[DP-bwdX] L=80 states=33 -> 54
[DP-fwdX] L=80 states=5 -> 8
[DP-bwdX] L=80 states=3 -> 8
[DP-bwdX] L=96 states=1 -> 1
[DP-bwdX] L=96 states=1 -> 1
[DP-bwdX] L=96 states=1 -> 1
[DP-bwdX] L=96 states=1 -> 1
  [Round 33] T_prime=12  T_target=12  HPWL_w=892842  HPWL_eq=762  maxL=20  WNS(T')=-8  WNS*(T)=-8  picked=6  solve_ms=81.3568
[OC-Shortest/pow2] m=12 h=8 SEG=4 bits=48 words=1 threads=24
[DP-fwdX] L=0 states=1 -> 1
[DP-fwdX] L=16 states=179 -> 218
[DP-fwdX] L=32 states=1870 -> 2034
[DP-bwdX] L=96 states=1 -> 1
[DP-bwdX] L=80 states=179 -> 218
[DP-bwdX] L=64 states=1870 -> 2034
[DP-fwdX] L=0 states=1 -> 1
[DP-fwdX] L=16 states=179 -> 218
[DP-bwdX] L=48 states=1 -> 1
[DP-bwdX] L=32 states=94 -> 103
[DP-fwdX] L=0 states=1 -> 1
[DP-bwdX] L=16 states=10 -> 11
[DP-fwdX] L=0 states=1 -> 1
[DP-fwdX] L=0 states=1 -> 1
[DP-fwdX] L=0 states=1 -> 1
[DP-fwdX] L=16 states=33 -> 54
[DP-bwdX] L=16 states=5 -> 8
[DP-fwdX] L=16 states=1 -> 4
[DP-fwdX] L=32 states=22 -> 29
[DP-bwdX] L=48 states=1 -> 1
[DP-bwdX] L=32 states=12 -> 16
[DP-fwdX] L=32 states=4 -> 6
[DP-bwdX] L=32 states=2 -> 3
[DP-bwdX] L=48 states=1 -> 1
[DP-bwdX] L=48 states=1 -> 1
[DP-bwdX] L=48 states=1 -> 1
[DP-bwdX] L=48 states=1 -> 1
[DP-fwdX] L=48 states=1 -> 1
[DP-fwdX] L=64 states=94 -> 103
[DP-bwdX] L=96 states=1 -> 1
[DP-bwdX] L=80 states=179 -> 218
[DP-fwdX] L=48 states=1 -> 1
[DP-bwdX] L=64 states=22 -> 29
[DP-fwdX] L=48 states=1 -> 1
[DP-fwdX] L=48 states=1 -> 1
[DP-fwdX] L=48 states=1 -> 1
[DP-fwdX] L=64 states=12 -> 16
[DP-bwdX] L=64 states=4 -> 6
[DP-fwdX] L=64 states=1 -> 1
[DP-fwdX] L=80 states=10 -> 11
[DP-bwdX] L=96 states=1 -> 1
[DP-bwdX] L=80 states=14 -> 21
[DP-fwdX] L=80 states=4 -> 5
[DP-bwdX] L=80 states=2 -> 3
[DP-bwdX] L=96 states=1 -> 1
[DP-bwdX] L=96 states=1 -> 1
[DP-bwdX] L=96 states=1 -> 1
[DP-bwdX] L=96 states=1 -> 1
  [Round 34] T_prime=12  T_target=12  HPWL_w=898104  HPWL_eq=762  maxL=20  WNS(T')=-8  WNS*(T)=-8  picked=6  solve_ms=258.459
[OC-Shortest/pow2] m=12 h=8 SEG=4 bits=48 words=1 threads=24
[DP-fwdX] L=0 states=1 -> 1
[DP-fwdX] L=16 states=179 -> 218
[DP-fwdX] L=32 states=1870 -> 2034
[DP-bwdX] L=96 states=1 -> 1
[DP-bwdX] L=80 states=179 -> 218
[DP-bwdX] L=64 states=1870 -> 2034
[DP-fwdX] L=0 states=1 -> 1
[DP-fwdX] L=16 states=179 -> 218
[DP-bwdX] L=48 states=1 -> 1
[DP-bwdX] L=32 states=94 -> 103
[DP-fwdX] L=0 states=1 -> 1
[DP-bwdX] L=16 states=13 -> 14
[DP-fwdX] L=0 states=1 -> 1
[DP-fwdX] L=0 states=1 -> 1
[DP-fwdX] L=0 states=1 -> 1
[DP-fwdX] L=16 states=17 -> 28
[DP-bwdX] L=16 states=2 -> 3
[DP-fwdX] L=16 states=1 -> 3
[DP-fwdX] L=32 states=143 -> 208
[DP-bwdX] L=48 states=1 -> 1
[DP-bwdX] L=32 states=32 -> 47
[DP-fwdX] L=32 states=10 -> 21
[DP-bwdX] L=32 states=4 -> 9
[DP-bwdX] L=48 states=1 -> 1
[DP-bwdX] L=48 states=1 -> 1
[DP-bwdX] L=48 states=1 -> 1
[DP-bwdX] L=48 states=1 -> 1
[DP-fwdX] L=48 states=1 -> 1
[DP-fwdX] L=64 states=94 -> 103
[DP-bwdX] L=96 states=1 -> 1
[DP-bwdX] L=80 states=179 -> 218
[DP-fwdX] L=48 states=1 -> 1
[DP-bwdX] L=64 states=143 -> 208
[DP-fwdX] L=48 states=1 -> 1
[DP-fwdX] L=48 states=1 -> 1
[DP-fwdX] L=48 states=1 -> 1
[DP-fwdX] L=64 states=32 -> 47
[DP-bwdX] L=64 states=10 -> 21
[DP-fwdX] L=64 states=1 -> 3
[DP-fwdX] L=80 states=13 -> 14
[DP-bwdX] L=96 states=1 -> 1
[DP-bwdX] L=80 states=17 -> 28
[DP-fwdX] L=80 states=2 -> 3
[DP-bwdX] L=80 states=3 -> 8
[DP-bwdX] L=96 states=1 -> 1
[DP-bwdX] L=96 states=1 -> 1
[DP-bwdX] L=96 states=1 -> 1
[DP-bwdX] L=96 states=1 -> 1
  [Round 35] T_prime=12  T_target=12  HPWL_w=900763  HPWL_eq=872  maxL=38  WNS(T')=-26  WNS*(T)=-26  picked=14  solve_ms=149.813
[OC-Shortest/pow2] m=12 h=8 SEG=4 bits=48 words=1 threads=24
[DP-fwdX] L=0 states=1 -> 1
[DP-fwdX] L=16 states=179 -> 218
[DP-fwdX] L=32 states=1870 -> 2034
[DP-bwdX] L=96 states=1 -> 1
[DP-bwdX] L=80 states=179 -> 218
[DP-bwdX] L=64 states=1870 -> 2034
[DP-fwdX] L=0 states=1 -> 1
[DP-fwdX] L=16 states=179 -> 218
[DP-bwdX] L=48 states=1 -> 1
[DP-bwdX] L=32 states=94 -> 103
[DP-fwdX] L=0 states=1 -> 1
[DP-bwdX] L=16 states=28 -> 29
[DP-fwdX] L=0 states=1 -> 1
[DP-fwdX] L=0 states=1 -> 1
[DP-fwdX] L=0 states=1 -> 1
[DP-fwdX] L=16 states=30 -> 50
[DP-bwdX] L=16 states=4 -> 6
[DP-fwdX] L=16 states=1 -> 3
[DP-fwdX] L=32 states=281 -> 396
[DP-bwdX] L=48 states=1 -> 1
[DP-bwdX] L=32 states=12 -> 16
[DP-fwdX] L=32 states=8 -> 15
[DP-bwdX] L=32 states=3 -> 6
[DP-bwdX] L=48 states=1 -> 1
[DP-bwdX] L=48 states=1 -> 1
[DP-bwdX] L=48 states=1 -> 1
[DP-bwdX] L=48 states=1 -> 1
[DP-fwdX] L=48 states=1 -> 1
[DP-fwdX] L=64 states=94 -> 103
[DP-bwdX] L=96 states=1 -> 1
[DP-bwdX] L=80 states=179 -> 218
[DP-fwdX] L=48 states=1 -> 1
[DP-bwdX] L=64 states=281 -> 396
[DP-fwdX] L=48 states=1 -> 1
[DP-fwdX] L=48 states=1 -> 1
[DP-fwdX] L=48 states=1 -> 1
[DP-fwdX] L=64 states=12 -> 16
[DP-bwdX] L=64 states=8 -> 15
[DP-fwdX] L=64 states=1 -> 2
[DP-fwdX] L=80 states=28 -> 29
[DP-bwdX] L=96 states=1 -> 1
[DP-bwdX] L=80 states=30 -> 50
[DP-fwdX] L=80 states=4 -> 6
[DP-bwdX] L=80 states=2 -> 5
[DP-bwdX] L=96 states=1 -> 1
[DP-bwdX] L=96 states=1 -> 1
[DP-bwdX] L=96 states=1 -> 1
[DP-bwdX] L=96 states=1 -> 1
  [Round 36] T_prime=12  T_target=12  HPWL_w=908097  HPWL_eq=812  maxL=32  WNS(T')=-20  WNS*(T)=-20  picked=12  solve_ms=87.3385
[OC-Shortest/pow2] m=12 h=8 SEG=4 bits=48 words=1 threads=24
[DP-fwdX] L=0 states=1 -> 1
[DP-fwdX] L=16 states=179 -> 218
[DP-fwdX] L=32 states=1870 -> 2034
[DP-bwdX] L=96 states=1 -> 1
[DP-bwdX] L=80 states=179 -> 218
[DP-bwdX] L=64 states=1870 -> 2034
[DP-fwdX] L=0 states=1 -> 1
[DP-fwdX] L=16 states=179 -> 218
[DP-bwdX] L=48 states=1 -> 1
[DP-bwdX] L=32 states=94 -> 103
[DP-fwdX] L=0 states=1 -> 1
[DP-bwdX] L=16 states=32 -> 31
[DP-fwdX] L=0 states=1 -> 1
[DP-fwdX] L=0 states=1 -> 1
[DP-fwdX] L=0 states=1 -> 1
[DP-fwdX] L=16 states=19 -> 32
[DP-bwdX] L=16 states=5 -> 8
[DP-fwdX] L=16 states=1 -> 3
[DP-fwdX] L=32 states=100 -> 133
[DP-bwdX] L=48 states=1 -> 1
[DP-bwdX] L=32 states=12 -> 16
[DP-fwdX] L=32 states=4 -> 6
[DP-bwdX] L=32 states=2 -> 3
[DP-bwdX] L=48 states=1 -> 1
[DP-bwdX] L=48 states=1 -> 1
[DP-bwdX] L=48 states=1 -> 1
[DP-bwdX] L=48 states=1 -> 1
[DP-fwdX] L=48 states=1 -> 1
[DP-fwdX] L=64 states=94 -> 103
[DP-bwdX] L=96 states=1 -> 1
[DP-bwdX] L=80 states=179 -> 218
[DP-fwdX] L=48 states=1 -> 1
[DP-bwdX] L=64 states=100 -> 133
[DP-fwdX] L=48 states=1 -> 1
[DP-fwdX] L=48 states=1 -> 1
[DP-fwdX] L=48 states=1 -> 1
[DP-fwdX] L=64 states=12 -> 16
[DP-bwdX] L=64 states=4 -> 6
[DP-fwdX] L=64 states=1 -> 1
[DP-fwdX] L=80 states=32 -> 31
[DP-bwdX] L=96 states=1 -> 1
[DP-bwdX] L=80 states=19 -> 32
[DP-fwdX] L=80 states=5 -> 8
[DP-bwdX] L=80 states=4 -> 10
[DP-bwdX] L=96 states=1 -> 1
[DP-bwdX] L=96 states=1 -> 1
[DP-bwdX] L=96 states=1 -> 1
[DP-bwdX] L=96 states=1 -> 1
  [Round 37] T_prime=12  T_target=12  HPWL_w=918104  HPWL_eq=782  maxL=26  WNS(T')=-14  WNS*(T)=-14  picked=8  solve_ms=84.2155
[OC-Shortest/pow2] m=12 h=8 SEG=4 bits=48 words=1 threads=24
[DP-fwdX] L=0 states=1 -> 1
[DP-fwdX] L=16 states=179 -> 218
[DP-fwdX] L=32 states=1870 -> 2034
[DP-bwdX] L=96 states=1 -> 1
[DP-bwdX] L=80 states=179 -> 218
[DP-bwdX] L=64 states=1870 -> 2034
[DP-fwdX] L=0 states=1 -> 1
[DP-fwdX] L=16 states=179 -> 218
[DP-bwdX] L=48 states=1 -> 1
[DP-bwdX] L=32 states=94 -> 103
[DP-fwdX] L=0 states=1 -> 1
[DP-bwdX] L=16 states=13 -> 14
[DP-fwdX] L=0 states=1 -> 1
[DP-fwdX] L=0 states=1 -> 1
[DP-fwdX] L=0 states=1 -> 1
[DP-fwdX] L=16 states=17 -> 28
[DP-bwdX] L=16 states=2 -> 3
[DP-fwdX] L=16 states=1 -> 3
[DP-fwdX] L=32 states=143 -> 208
[DP-bwdX] L=48 states=1 -> 1
[DP-bwdX] L=32 states=32 -> 47
[DP-fwdX] L=32 states=10 -> 21
[DP-bwdX] L=32 states=4 -> 9
[DP-bwdX] L=48 states=1 -> 1
[DP-bwdX] L=48 states=1 -> 1
[DP-bwdX] L=48 states=1 -> 1
[DP-bwdX] L=48 states=1 -> 1
[DP-fwdX] L=48 states=1 -> 1
[DP-fwdX] L=64 states=94 -> 103
[DP-bwdX] L=96 states=1 -> 1
[DP-bwdX] L=80 states=179 -> 218
[DP-fwdX] L=48 states=1 -> 1
[DP-bwdX] L=64 states=143 -> 208
[DP-fwdX] L=48 states=1 -> 1
[DP-fwdX] L=48 states=1 -> 1
[DP-fwdX] L=48 states=1 -> 1
[DP-fwdX] L=64 states=33 -> 50
[DP-bwdX] L=64 states=12 -> 26
[DP-fwdX] L=64 states=1 -> 4
[DP-fwdX] L=80 states=13 -> 14
[DP-bwdX] L=96 states=1 -> 1
[DP-bwdX] L=80 states=17 -> 28
[DP-fwdX] L=80 states=2 -> 3
[DP-bwdX] L=80 states=3 -> 8
[DP-bwdX] L=96 states=1 -> 1
[DP-bwdX] L=96 states=1 -> 1
[DP-bwdX] L=96 states=1 -> 1
[DP-bwdX] L=96 states=1 -> 1
  [Round 38] T_prime=12  T_target=12  HPWL_w=924040  HPWL_eq=871  maxL=38  WNS(T')=-26  WNS*(T)=-26  picked=14  solve_ms=88.1157
[OC-Shortest/pow2] m=12 h=8 SEG=4 bits=48 words=1 threads=24
[DP-fwdX] L=0 states=1 -> 1
[DP-fwdX] L=16 states=179 -> 218
[DP-fwdX] L=32 states=1870 -> 2034
[DP-bwdX] L=96 states=1 -> 1
[DP-bwdX] L=80 states=179 -> 218
[DP-bwdX] L=64 states=1870 -> 2034
[DP-fwdX] L=0 states=1 -> 1
[DP-fwdX] L=16 states=179 -> 218
[DP-bwdX] L=48 states=1 -> 1
[DP-bwdX] L=32 states=94 -> 103
[DP-fwdX] L=0 states=1 -> 1
[DP-bwdX] L=16 states=10 -> 11
[DP-fwdX] L=0 states=1 -> 1
[DP-fwdX] L=0 states=1 -> 1
[DP-fwdX] L=0 states=1 -> 1
[DP-fwdX] L=16 states=14 -> 21
[DP-bwdX] L=16 states=4 -> 5
[DP-fwdX] L=16 states=1 -> 1
[DP-fwdX] L=32 states=22 -> 29
[DP-bwdX] L=48 states=1 -> 1
[DP-bwdX] L=32 states=12 -> 16
[DP-fwdX] L=32 states=4 -> 6
[DP-bwdX] L=32 states=2 -> 3
[DP-bwdX] L=48 states=1 -> 1
[DP-bwdX] L=48 states=1 -> 1
[DP-bwdX] L=48 states=1 -> 1
[DP-bwdX] L=48 states=1 -> 1
[DP-fwdX] L=48 states=1 -> 1
[DP-fwdX] L=64 states=94 -> 103
[DP-bwdX] L=96 states=1 -> 1
[DP-bwdX] L=80 states=179 -> 218
[DP-fwdX] L=48 states=1 -> 1
[DP-bwdX] L=64 states=22 -> 29
[DP-fwdX] L=48 states=1 -> 1
[DP-fwdX] L=48 states=1 -> 1
[DP-fwdX] L=48 states=1 -> 1
[DP-fwdX] L=64 states=12 -> 16
[DP-bwdX] L=64 states=4 -> 6
[DP-fwdX] L=64 states=1 -> 1
[DP-fwdX] L=80 states=10 -> 11
[DP-bwdX] L=96 states=1 -> 1
[DP-bwdX] L=80 states=33 -> 54
[DP-fwdX] L=80 states=5 -> 8
[DP-bwdX] L=80 states=3 -> 8
[DP-bwdX] L=96 states=1 -> 1
[DP-bwdX] L=96 states=1 -> 1
[DP-bwdX] L=96 states=1 -> 1
[DP-bwdX] L=96 states=1 -> 1
  [Round 39] T_prime=12  T_target=12  HPWL_w=933473  HPWL_eq=762  maxL=20  WNS(T')=-8  WNS*(T)=-8  picked=6  solve_ms=130.688
[OC-Shortest/pow2] m=12 h=8 SEG=4 bits=48 words=1 threads=24
[DP-fwdX] L=0 states=1 -> 1
[DP-fwdX] L=16 states=179 -> 218
[DP-fwdX] L=32 states=1870 -> 2034
[DP-bwdX] L=96 states=1 -> 1
[DP-bwdX] L=80 states=179 -> 218
[DP-bwdX] L=64 states=1870 -> 2034
[DP-fwdX] L=0 states=1 -> 1
[DP-fwdX] L=16 states=179 -> 218
[DP-bwdX] L=48 states=1 -> 1
[DP-bwdX] L=32 states=94 -> 103
[DP-fwdX] L=0 states=1 -> 1
[DP-bwdX] L=16 states=10 -> 11
[DP-fwdX] L=0 states=1 -> 1
[DP-fwdX] L=0 states=1 -> 1
[DP-fwdX] L=0 states=1 -> 1
[DP-fwdX] L=16 states=14 -> 21
[DP-bwdX] L=16 states=4 -> 5
[DP-fwdX] L=16 states=1 -> 1
[DP-fwdX] L=32 states=22 -> 29
[DP-bwdX] L=48 states=1 -> 1
[DP-bwdX] L=32 states=12 -> 16
[DP-fwdX] L=32 states=4 -> 6
[DP-bwdX] L=32 states=2 -> 3
[DP-bwdX] L=48 states=1 -> 1
[DP-bwdX] L=48 states=1 -> 1
[DP-bwdX] L=48 states=1 -> 1
[DP-bwdX] L=48 states=1 -> 1
[DP-fwdX] L=48 states=1 -> 1
[DP-fwdX] L=64 states=94 -> 103
[DP-bwdX] L=96 states=1 -> 1
[DP-bwdX] L=80 states=179 -> 218
[DP-fwdX] L=48 states=1 -> 1
[DP-bwdX] L=64 states=22 -> 29
[DP-fwdX] L=48 states=1 -> 1
[DP-fwdX] L=48 states=1 -> 1
[DP-fwdX] L=48 states=1 -> 1
[DP-fwdX] L=64 states=12 -> 16
[DP-bwdX] L=64 states=4 -> 6
[DP-fwdX] L=64 states=1 -> 1
[DP-fwdX] L=80 states=10 -> 11
[DP-bwdX] L=96 states=1 -> 1
[DP-bwdX] L=80 states=14 -> 21
[DP-fwdX] L=80 states=4 -> 5
[DP-bwdX] L=80 states=2 -> 3
[DP-bwdX] L=96 states=1 -> 1
[DP-bwdX] L=96 states=1 -> 1
[DP-bwdX] L=96 states=1 -> 1
[DP-bwdX] L=96 states=1 -> 1
  [Round 40] T_prime=12  T_target=12  HPWL_w=938187  HPWL_eq=764  maxL=13  WNS(T')=-1  WNS*(T)=-1  picked=3  solve_ms=84.4213
[OC-Shortest/pow2] m=12 h=8 SEG=4 bits=48 words=1 threads=24
[DP-fwdX] L=0 states=1 -> 1
[DP-fwdX] L=16 states=179 -> 218
[DP-fwdX] L=32 states=1870 -> 2034
[DP-bwdX] L=96 states=1 -> 1
[DP-bwdX] L=80 states=179 -> 218
[DP-bwdX] L=64 states=1870 -> 2034
[DP-fwdX] L=0 states=1 -> 1
[DP-fwdX] L=16 states=179 -> 218
[DP-bwdX] L=48 states=1 -> 1
[DP-bwdX] L=32 states=94 -> 103
[DP-fwdX] L=0 states=1 -> 1
[DP-bwdX] L=16 states=10 -> 11
[DP-fwdX] L=0 states=1 -> 1
[DP-fwdX] L=0 states=1 -> 1
[DP-fwdX] L=0 states=1 -> 1
[DP-fwdX] L=16 states=14 -> 21
[DP-bwdX] L=16 states=4 -> 5
[DP-fwdX] L=16 states=1 -> 1
[DP-fwdX] L=32 states=22 -> 29
[DP-bwdX] L=48 states=1 -> 1
[DP-bwdX] L=32 states=12 -> 16
[DP-fwdX] L=32 states=4 -> 6
[DP-bwdX] L=32 states=2 -> 3
[DP-bwdX] L=48 states=1 -> 1
[DP-bwdX] L=48 states=1 -> 1
[DP-bwdX] L=48 states=1 -> 1
[DP-bwdX] L=48 states=1 -> 1
[DP-fwdX] L=48 states=1 -> 1
[DP-fwdX] L=64 states=94 -> 103
[DP-bwdX] L=96 states=1 -> 1
[DP-bwdX] L=80 states=179 -> 218
[DP-fwdX] L=48 states=1 -> 1
[DP-bwdX] L=64 states=22 -> 29
[DP-fwdX] L=48 states=1 -> 1
[DP-fwdX] L=48 states=1 -> 1
[DP-fwdX] L=48 states=1 -> 1
[DP-fwdX] L=64 states=12 -> 16
[DP-bwdX] L=64 states=4 -> 6
[DP-fwdX] L=64 states=1 -> 1
[DP-fwdX] L=80 states=10 -> 11
[DP-bwdX] L=96 states=1 -> 1
[DP-bwdX] L=80 states=14 -> 21
[DP-fwdX] L=80 states=4 -> 5
[DP-bwdX] L=80 states=2 -> 3
[DP-bwdX] L=96 states=1 -> 1
[DP-bwdX] L=96 states=1 -> 1
[DP-bwdX] L=96 states=1 -> 1
[DP-bwdX] L=96 states=1 -> 1
  [Round 41] T_prime=12  T_target=12  HPWL_w=939873  HPWL_eq=766  maxL=12  WNS(T')=0  WNS*(T)=0  picked=0  solve_ms=85.4109
  [TD] reach target: all edges <= T_target.
[Policy] wrote placement to: placement12_Col_1_T_12.txt
