[Policy] m=16 h=8 rounds=150 T_target=13 policy=soft+freeze cap=64 scale=1000 freeze=1 homotopy=1 sigma=0.8 shrink=0.9
[OC-Shortest/pow2] m=16 h=8 SEG=4 bits=64 words=1 threads=24
[DP-fwdX] L=0 states=1 -> 1
[DP-fwdX] L=16 states=186 -> 229
[DP-fwdX] L=32 states=2755 -> 3100
[DP-fwdX] L=48 states=11271 -> 11887
[DP-bwdX] L=128 states=1 -> 1
[DP-bwdX] L=112 states=186 -> 229
[DP-bwdX] L=96 states=2755 -> 3100
[DP-bwdX] L=80 states=11271 -> 11887
[DP-fwdX] L=0 states=1 -> 1
[DP-fwdX] L=16 states=186 -> 229
[DP-bwdX] L=64 states=1 -> 1
[DP-bwdX] L=48 states=141 -> 164
[DP-fwdX] L=0 states=1 -> 1
[DP-bwdX] L=32 states=1 -> 1
[DP-fwdX] L=0 states=1 -> 1
[DP-bwdX] L=16 states=1 -> 2
[DP-fwdX] L=0 states=1 -> 1
[DP-fwdX] L=0 states=1 -> 1
[DP-fwdX] L=0 states=1 -> 1
[DP-bwdX] L=16 states=1 -> 2
[DP-bwdX] L=16 states=1 -> 2
[DP-bwdX] L=16 states=1 -> 2
[DP-fwdX] L=16 states=1 -> 3
[DP-bwdX] L=32 states=1 -> 1
[DP-fwdX] L=16 states=1 -> 3
[DP-fwdX] L=16 states=1 -> 3
[DP-fwdX] L=16 states=1 -> 3
[DP-bwdX] L=32 states=1 -> 1
[DP-bwdX] L=32 states=1 -> 1
[DP-bwdX] L=32 states=1 -> 1
[DP-fwdX] L=32 states=1 -> 1
[DP-bwdX] L=64 states=1 -> 1
[DP-fwdX] L=32 states=1 -> 1
[DP-bwdX] L=48 states=1 -> 1
[DP-fwdX] L=32 states=1 -> 1
[DP-fwdX] L=32 states=1 -> 1
[DP-fwdX] L=32 states=1 -> 1
[DP-bwdX] L=48 states=1 -> 1
[DP-bwdX] L=48 states=1 -> 1
[DP-bwdX] L=48 states=1 -> 1
[DP-fwdX] L=48 states=1 -> 1
[DP-bwdX] L=64 states=1 -> 1
[DP-fwdX] L=48 states=1 -> 1
[DP-fwdX] L=48 states=1 -> 1
[DP-fwdX] L=48 states=1 -> 1
[DP-bwdX] L=64 states=1 -> 1
[DP-bwdX] L=64 states=1 -> 1
[DP-bwdX] L=64 states=1 -> 1
[DP-fwdX] L=64 states=1 -> 1
[DP-fwdX] L=80 states=141 -> 164
[DP-bwdX] L=128 states=1 -> 1
[DP-bwdX] L=112 states=186 -> 229
[DP-fwdX] L=64 states=1 -> 1
[DP-bwdX] L=96 states=1 -> 1
[DP-fwdX] L=64 states=1 -> 1
[DP-bwdX] L=80 states=1 -> 1
[DP-fwdX] L=64 states=1 -> 1
[DP-fwdX] L=64 states=1 -> 1
[DP-fwdX] L=64 states=1 -> 1
[DP-bwdX] L=80 states=1 -> 1
[DP-bwdX] L=80 states=1 -> 1
[DP-bwdX] L=80 states=1 -> 1
[DP-fwdX] L=80 states=1 -> 1
[DP-bwdX] L=96 states=1 -> 1
[DP-fwdX] L=80 states=1 -> 1
[DP-fwdX] L=80 states=1 -> 1
[DP-fwdX] L=80 states=1 -> 1
[DP-bwdX] L=96 states=1 -> 1
[DP-bwdX] L=96 states=1 -> 1
[DP-bwdX] L=96 states=1 -> 1
[DP-fwdX] L=96 states=1 -> 1
[DP-bwdX] L=128 states=1 -> 1
[DP-fwdX] L=96 states=1 -> 1
[DP-bwdX] L=112 states=1 -> 3
[DP-fwdX] L=96 states=1 -> 1
[DP-fwdX] L=96 states=1 -> 1
[DP-fwdX] L=96 states=1 -> 1
[DP-bwdX] L=112 states=1 -> 3
[DP-bwdX] L=112 states=1 -> 3
[DP-bwdX] L=112 states=1 -> 3
[DP-fwdX] L=112 states=1 -> 2
[DP-bwdX] L=128 states=1 -> 1
[DP-fwdX] L=112 states=1 -> 2
[DP-fwdX] L=112 states=1 -> 2
[DP-fwdX] L=112 states=1 -> 2
[DP-bwdX] L=128 states=1 -> 1
[DP-bwdX] L=128 states=1 -> 1
[DP-bwdX] L=128 states=1 -> 1
[Init-Homotopy] round1 maxL=20  set T_prime0=16 (T_target=13)
  [Round 1] T_prime=16  T_target=13  HPWL_w=1040000  HPWL_eq=1040  maxL=20  WNS(T')=-4  WNS*(T)=-7  picked=6  solve_ms=407.07
[OC-Shortest/pow2] m=16 h=8 SEG=4 bits=64 words=1 threads=24
[DP-fwdX] L=0 states=1 -> 1
[DP-fwdX] L=16 states=186 -> 229
[DP-fwdX] L=32 states=2755 -> 3100
[DP-fwdX] L=48 states=11271 -> 11887
[DP-bwdX] L=128 states=1 -> 1
[DP-bwdX] L=112 states=186 -> 229
[DP-bwdX] L=96 states=2755 -> 3100
[DP-bwdX] L=80 states=11271 -> 11887
[DP-fwdX] L=0 states=1 -> 1
[DP-fwdX] L=16 states=186 -> 229
[DP-bwdX] L=64 states=1 -> 1
[DP-bwdX] L=48 states=141 -> 164
[DP-fwdX] L=0 states=1 -> 1
[DP-bwdX] L=32 states=1 -> 1
[DP-fwdX] L=0 states=1 -> 1
[DP-bwdX] L=16 states=1 -> 2
[DP-fwdX] L=0 states=1 -> 1
[DP-fwdX] L=0 states=1 -> 1
[DP-fwdX] L=0 states=1 -> 1
[DP-bwdX] L=16 states=1 -> 2
[DP-bwdX] L=16 states=1 -> 2
[DP-bwdX] L=16 states=1 -> 2
[DP-fwdX] L=16 states=1 -> 3
[DP-bwdX] L=32 states=1 -> 1
[DP-fwdX] L=16 states=1 -> 3
[DP-fwdX] L=16 states=1 -> 3
[DP-fwdX] L=16 states=1 -> 3
[DP-bwdX] L=32 states=1 -> 1
[DP-bwdX] L=32 states=1 -> 1
[DP-bwdX] L=32 states=1 -> 1
[DP-fwdX] L=32 states=1 -> 1
[DP-bwdX] L=64 states=1 -> 1
[DP-fwdX] L=32 states=1 -> 1
[DP-bwdX] L=48 states=1 -> 1
[DP-fwdX] L=32 states=1 -> 1
[DP-fwdX] L=32 states=1 -> 1
[DP-fwdX] L=32 states=1 -> 1
[DP-bwdX] L=48 states=1 -> 1
[DP-bwdX] L=48 states=1 -> 1
[DP-bwdX] L=48 states=1 -> 1
[DP-fwdX] L=48 states=1 -> 1
[DP-bwdX] L=64 states=1 -> 1
[DP-fwdX] L=48 states=1 -> 1
[DP-fwdX] L=48 states=1 -> 1
[DP-fwdX] L=48 states=1 -> 1
[DP-bwdX] L=64 states=1 -> 1
[DP-bwdX] L=64 states=1 -> 1
[DP-bwdX] L=64 states=1 -> 1
[DP-fwdX] L=64 states=1 -> 1
[DP-fwdX] L=80 states=141 -> 164
[DP-bwdX] L=128 states=1 -> 1
[DP-bwdX] L=112 states=186 -> 229
[DP-fwdX] L=64 states=1 -> 1
[DP-bwdX] L=96 states=1 -> 1
[DP-fwdX] L=64 states=1 -> 1
[DP-bwdX] L=80 states=1 -> 1
[DP-fwdX] L=64 states=1 -> 1
[DP-fwdX] L=64 states=1 -> 1
[DP-fwdX] L=64 states=1 -> 1
[DP-bwdX] L=80 states=1 -> 1
[DP-bwdX] L=80 states=1 -> 1
[DP-bwdX] L=80 states=1 -> 1
[DP-fwdX] L=80 states=1 -> 1
[DP-bwdX] L=96 states=1 -> 1
[DP-fwdX] L=80 states=1 -> 1
[DP-fwdX] L=80 states=1 -> 1
[DP-fwdX] L=80 states=1 -> 1
[DP-bwdX] L=96 states=1 -> 1
[DP-bwdX] L=96 states=1 -> 1
[DP-bwdX] L=96 states=1 -> 1
[DP-fwdX] L=96 states=1 -> 1
[DP-bwdX] L=128 states=1 -> 1
[DP-fwdX] L=96 states=1 -> 1
[DP-bwdX] L=112 states=1 -> 3
[DP-fwdX] L=96 states=1 -> 1
[DP-fwdX] L=96 states=1 -> 1
[DP-fwdX] L=96 states=1 -> 1
[DP-bwdX] L=112 states=1 -> 3
[DP-bwdX] L=112 states=1 -> 3
[DP-bwdX] L=112 states=1 -> 3
[DP-fwdX] L=112 states=1 -> 2
[DP-bwdX] L=128 states=1 -> 1
[DP-fwdX] L=112 states=1 -> 2
[DP-fwdX] L=112 states=1 -> 2
[DP-fwdX] L=112 states=1 -> 2
[DP-bwdX] L=128 states=1 -> 1
[DP-bwdX] L=128 states=1 -> 1
[DP-bwdX] L=128 states=1 -> 1
  [Round 2] T_prime=16  T_target=13  HPWL_w=1041332  HPWL_eq=1040  maxL=18  WNS(T')=-2  WNS*(T)=-5  picked=6  solve_ms=417.099
[OC-Shortest/pow2] m=16 h=8 SEG=4 bits=64 words=1 threads=24
[DP-fwdX] L=0 states=1 -> 1
[DP-fwdX] L=16 states=186 -> 229
[DP-fwdX] L=32 states=2755 -> 3100
[DP-fwdX] L=48 states=11271 -> 11887
[DP-bwdX] L=128 states=1 -> 1
[DP-bwdX] L=112 states=186 -> 229
[DP-bwdX] L=96 states=2755 -> 3100
[DP-bwdX] L=80 states=11271 -> 11887
[DP-fwdX] L=0 states=1 -> 1
[DP-fwdX] L=16 states=186 -> 229
[DP-bwdX] L=64 states=1 -> 1
[DP-bwdX] L=48 states=141 -> 164
[DP-fwdX] L=0 states=1 -> 1
[DP-bwdX] L=32 states=1 -> 1
[DP-fwdX] L=0 states=1 -> 1
[DP-bwdX] L=16 states=1 -> 2
[DP-fwdX] L=0 states=1 -> 1
[DP-fwdX] L=0 states=1 -> 1
[DP-fwdX] L=0 states=1 -> 1
[DP-bwdX] L=16 states=1 -> 2
[DP-bwdX] L=16 states=1 -> 2
[DP-bwdX] L=16 states=1 -> 2
[DP-fwdX] L=16 states=1 -> 3
[DP-bwdX] L=32 states=1 -> 1
[DP-fwdX] L=16 states=1 -> 3
[DP-fwdX] L=16 states=1 -> 3
[DP-fwdX] L=16 states=1 -> 3
[DP-bwdX] L=32 states=1 -> 1
[DP-bwdX] L=32 states=1 -> 1
[DP-bwdX] L=32 states=1 -> 1
[DP-fwdX] L=32 states=1 -> 1
[DP-bwdX] L=64 states=1 -> 1
[DP-fwdX] L=32 states=1 -> 1
[DP-bwdX] L=48 states=1 -> 1
[DP-fwdX] L=32 states=1 -> 1
[DP-fwdX] L=32 states=1 -> 1
[DP-fwdX] L=32 states=1 -> 1
[DP-bwdX] L=48 states=1 -> 1
[DP-bwdX] L=48 states=1 -> 1
[DP-bwdX] L=48 states=1 -> 1
[DP-fwdX] L=48 states=1 -> 1
[DP-bwdX] L=64 states=1 -> 1
[DP-fwdX] L=48 states=1 -> 1
[DP-fwdX] L=48 states=1 -> 1
[DP-fwdX] L=48 states=1 -> 1
[DP-bwdX] L=64 states=1 -> 1
[DP-bwdX] L=64 states=1 -> 1
[DP-bwdX] L=64 states=1 -> 1
[DP-fwdX] L=64 states=1 -> 1
[DP-fwdX] L=80 states=141 -> 164
[DP-bwdX] L=128 states=1 -> 1
[DP-bwdX] L=112 states=186 -> 229
[DP-fwdX] L=64 states=1 -> 1
[DP-bwdX] L=96 states=1 -> 1
[DP-fwdX] L=64 states=1 -> 1
[DP-bwdX] L=80 states=1 -> 1
[DP-fwdX] L=64 states=1 -> 1
[DP-fwdX] L=64 states=1 -> 1
[DP-fwdX] L=64 states=1 -> 1
[DP-bwdX] L=80 states=1 -> 1
[DP-bwdX] L=80 states=1 -> 1
[DP-bwdX] L=80 states=1 -> 1
[DP-fwdX] L=80 states=1 -> 1
[DP-bwdX] L=96 states=1 -> 1
[DP-fwdX] L=80 states=1 -> 1
[DP-fwdX] L=80 states=1 -> 1
[DP-fwdX] L=80 states=1 -> 1
[DP-bwdX] L=96 states=1 -> 1
[DP-bwdX] L=96 states=1 -> 1
[DP-bwdX] L=96 states=1 -> 1
[DP-fwdX] L=96 states=1 -> 1
[DP-bwdX] L=128 states=1 -> 1
[DP-fwdX] L=96 states=1 -> 1
[DP-bwdX] L=112 states=1 -> 3
[DP-fwdX] L=96 states=1 -> 1
[DP-fwdX] L=96 states=1 -> 1
[DP-fwdX] L=96 states=1 -> 1
[DP-bwdX] L=112 states=1 -> 3
[DP-bwdX] L=112 states=1 -> 3
[DP-bwdX] L=112 states=1 -> 3
[DP-fwdX] L=112 states=1 -> 2
[DP-bwdX] L=128 states=1 -> 1
[DP-fwdX] L=112 states=1 -> 2
[DP-fwdX] L=112 states=1 -> 2
[DP-fwdX] L=112 states=1 -> 2
[DP-bwdX] L=128 states=1 -> 1
[DP-bwdX] L=128 states=1 -> 1
[DP-bwdX] L=128 states=1 -> 1
  [Round 3] T_prime=16  T_target=13  HPWL_w=1043528  HPWL_eq=1040  maxL=18  WNS(T')=-2  WNS*(T)=-5  picked=6  solve_ms=431.365
[OC-Shortest/pow2] m=16 h=8 SEG=4 bits=64 words=1 threads=24
[DP-fwdX] L=0 states=1 -> 1
[DP-fwdX] L=16 states=186 -> 229
[DP-fwdX] L=32 states=2755 -> 3100
[DP-fwdX] L=48 states=11271 -> 11887
[DP-bwdX] L=128 states=1 -> 1
[DP-bwdX] L=112 states=186 -> 229
[DP-bwdX] L=96 states=2755 -> 3100
[DP-bwdX] L=80 states=11271 -> 11887
[DP-fwdX] L=0 states=1 -> 1
[DP-fwdX] L=16 states=186 -> 229
[DP-bwdX] L=64 states=1 -> 1
[DP-bwdX] L=48 states=141 -> 164
[DP-fwdX] L=0 states=1 -> 1
[DP-bwdX] L=32 states=1 -> 1
[DP-fwdX] L=0 states=1 -> 1
[DP-bwdX] L=16 states=1 -> 2
[DP-fwdX] L=0 states=1 -> 1
[DP-fwdX] L=0 states=1 -> 1
[DP-fwdX] L=0 states=1 -> 1
[DP-bwdX] L=16 states=1 -> 2
[DP-bwdX] L=16 states=1 -> 2
[DP-bwdX] L=16 states=1 -> 2
[DP-fwdX] L=16 states=1 -> 3
[DP-bwdX] L=32 states=1 -> 1
[DP-fwdX] L=16 states=1 -> 3
[DP-fwdX] L=16 states=1 -> 3
[DP-fwdX] L=16 states=1 -> 3
[DP-bwdX] L=32 states=1 -> 1
[DP-bwdX] L=32 states=1 -> 1
[DP-bwdX] L=32 states=1 -> 1
[DP-fwdX] L=32 states=1 -> 1
[DP-bwdX] L=64 states=1 -> 1
[DP-fwdX] L=32 states=1 -> 1
[DP-bwdX] L=48 states=1 -> 1
[DP-fwdX] L=32 states=1 -> 1
[DP-fwdX] L=32 states=1 -> 1
[DP-fwdX] L=32 states=1 -> 1
[DP-bwdX] L=48 states=1 -> 1
[DP-bwdX] L=48 states=1 -> 1
[DP-bwdX] L=48 states=1 -> 1
[DP-fwdX] L=48 states=1 -> 1
[DP-bwdX] L=64 states=1 -> 1
[DP-fwdX] L=48 states=1 -> 1
[DP-fwdX] L=48 states=1 -> 1
[DP-fwdX] L=48 states=1 -> 1
[DP-bwdX] L=64 states=1 -> 1
[DP-bwdX] L=64 states=1 -> 1
[DP-bwdX] L=64 states=1 -> 1
[DP-fwdX] L=64 states=1 -> 1
[DP-fwdX] L=80 states=141 -> 164
[DP-bwdX] L=128 states=1 -> 1
[DP-bwdX] L=112 states=186 -> 229
[DP-fwdX] L=64 states=1 -> 1
[DP-bwdX] L=96 states=1 -> 1
[DP-fwdX] L=64 states=1 -> 1
[DP-bwdX] L=80 states=1 -> 1
[DP-fwdX] L=64 states=1 -> 1
[DP-fwdX] L=64 states=1 -> 1
[DP-fwdX] L=64 states=1 -> 1
[DP-bwdX] L=80 states=1 -> 1
[DP-bwdX] L=80 states=1 -> 1
[DP-bwdX] L=80 states=1 -> 1
[DP-fwdX] L=80 states=1 -> 1
[DP-bwdX] L=96 states=1 -> 1
[DP-fwdX] L=80 states=1 -> 1
[DP-fwdX] L=80 states=1 -> 1
[DP-fwdX] L=80 states=1 -> 1
[DP-bwdX] L=96 states=1 -> 1
[DP-bwdX] L=96 states=1 -> 1
[DP-bwdX] L=96 states=1 -> 1
[DP-fwdX] L=96 states=1 -> 1
[DP-bwdX] L=128 states=1 -> 1
[DP-fwdX] L=96 states=1 -> 1
[DP-bwdX] L=112 states=1 -> 1
[DP-fwdX] L=96 states=1 -> 1
[DP-fwdX] L=96 states=1 -> 1
[DP-fwdX] L=96 states=1 -> 1
[DP-bwdX] L=112 states=1 -> 1
[DP-bwdX] L=112 states=1 -> 1
[DP-bwdX] L=112 states=1 -> 1
[DP-fwdX] L=112 states=1 -> 1
[DP-bwdX] L=128 states=1 -> 1
[DP-fwdX] L=112 states=1 -> 1
[DP-fwdX] L=112 states=1 -> 1
[DP-fwdX] L=112 states=1 -> 1
[DP-bwdX] L=128 states=1 -> 1
[DP-bwdX] L=128 states=1 -> 1
[DP-bwdX] L=128 states=1 -> 1
  [Round 4] T_prime=16  T_target=13  HPWL_w=1046626  HPWL_eq=1042  maxL=18  WNS(T')=-2  WNS*(T)=-5  picked=3  solve_ms=421.632
[OC-Shortest/pow2] m=16 h=8 SEG=4 bits=64 words=1 threads=24
[DP-fwdX] L=0 states=1 -> 1
[DP-fwdX] L=16 states=186 -> 229
[DP-fwdX] L=32 states=2755 -> 3100
[DP-fwdX] L=48 states=11271 -> 11887
[DP-bwdX] L=128 states=1 -> 1
[DP-bwdX] L=112 states=186 -> 229
[DP-bwdX] L=96 states=2755 -> 3100
[DP-bwdX] L=80 states=11271 -> 11887
[DP-fwdX] L=0 states=1 -> 1
[DP-fwdX] L=16 states=186 -> 229
[DP-bwdX] L=64 states=1 -> 1
[DP-bwdX] L=48 states=141 -> 164
[DP-fwdX] L=0 states=1 -> 1
[DP-bwdX] L=32 states=1 -> 1
[DP-fwdX] L=0 states=1 -> 1
[DP-bwdX] L=16 states=1 -> 1
[DP-fwdX] L=0 states=1 -> 1
[DP-fwdX] L=0 states=1 -> 1
[DP-fwdX] L=0 states=1 -> 1
[DP-bwdX] L=16 states=1 -> 1
[DP-bwdX] L=16 states=1 -> 1
[DP-bwdX] L=16 states=1 -> 1
[DP-fwdX] L=16 states=1 -> 1
[DP-bwdX] L=32 states=1 -> 1
[DP-fwdX] L=16 states=1 -> 1
[DP-fwdX] L=16 states=1 -> 1
[DP-fwdX] L=16 states=1 -> 1
[DP-bwdX] L=32 states=1 -> 1
[DP-bwdX] L=32 states=1 -> 1
[DP-bwdX] L=32 states=1 -> 1
[DP-fwdX] L=32 states=1 -> 1
[DP-bwdX] L=64 states=1 -> 1
[DP-fwdX] L=32 states=1 -> 1
[DP-bwdX] L=48 states=1 -> 1
[DP-fwdX] L=32 states=1 -> 1
[DP-fwdX] L=32 states=1 -> 1
[DP-fwdX] L=32 states=1 -> 1
[DP-bwdX] L=48 states=1 -> 1
[DP-bwdX] L=48 states=1 -> 1
[DP-bwdX] L=48 states=1 -> 1
[DP-fwdX] L=48 states=1 -> 1
[DP-bwdX] L=64 states=1 -> 1
[DP-fwdX] L=48 states=1 -> 1
[DP-fwdX] L=48 states=1 -> 1
[DP-fwdX] L=48 states=1 -> 1
[DP-bwdX] L=64 states=1 -> 1
[DP-bwdX] L=64 states=1 -> 1
[DP-bwdX] L=64 states=1 -> 1
[DP-fwdX] L=64 states=1 -> 1
[DP-fwdX] L=80 states=141 -> 164
[DP-bwdX] L=128 states=1 -> 1
[DP-bwdX] L=112 states=186 -> 229
[DP-fwdX] L=64 states=1 -> 1
[DP-bwdX] L=96 states=1 -> 1
[DP-fwdX] L=64 states=1 -> 1
[DP-bwdX] L=80 states=1 -> 1
[DP-fwdX] L=64 states=1 -> 1
[DP-fwdX] L=64 states=1 -> 1
[DP-fwdX] L=64 states=1 -> 1
[DP-bwdX] L=80 states=1 -> 1
[DP-bwdX] L=80 states=1 -> 1
[DP-bwdX] L=80 states=1 -> 1
[DP-fwdX] L=80 states=1 -> 1
[DP-bwdX] L=96 states=1 -> 1
[DP-fwdX] L=80 states=1 -> 1
[DP-fwdX] L=80 states=1 -> 1
[DP-fwdX] L=80 states=1 -> 1
[DP-bwdX] L=96 states=1 -> 1
[DP-bwdX] L=96 states=1 -> 1
[DP-bwdX] L=96 states=1 -> 1
[DP-fwdX] L=96 states=1 -> 1
[DP-bwdX] L=128 states=1 -> 1
[DP-fwdX] L=96 states=1 -> 1
[DP-bwdX] L=112 states=1 -> 1
[DP-fwdX] L=96 states=1 -> 1
[DP-fwdX] L=96 states=1 -> 1
[DP-fwdX] L=96 states=1 -> 1
[DP-bwdX] L=112 states=1 -> 1
[DP-bwdX] L=112 states=1 -> 1
[DP-bwdX] L=112 states=1 -> 1
[DP-fwdX] L=112 states=1 -> 1
[DP-bwdX] L=128 states=1 -> 1
[DP-fwdX] L=112 states=1 -> 1
[DP-fwdX] L=112 states=1 -> 1
[DP-fwdX] L=112 states=1 -> 1
[DP-bwdX] L=128 states=1 -> 1
[DP-bwdX] L=128 states=1 -> 1
[DP-bwdX] L=128 states=1 -> 1
  [Round 5] T_prime=16  T_target=13  HPWL_w=1047816  HPWL_eq=1044  maxL=15  WNS(T')=1  WNS*(T)=-2  picked=0  solve_ms=421.641
    [Tighten] T_prime: 16 -> 13 (sigma*maxL=12, shrink=15)  | cold-start: reset inertia
[OC-Shortest/pow2] m=16 h=8 SEG=4 bits=64 words=1 threads=24
[DP-fwdX] L=0 states=1 -> 1
[DP-fwdX] L=16 states=186 -> 229
[DP-fwdX] L=32 states=2755 -> 3100
[DP-fwdX] L=48 states=11271 -> 11887
[DP-bwdX] L=128 states=1 -> 1
[DP-bwdX] L=112 states=186 -> 229
[DP-bwdX] L=96 states=2755 -> 3100
[DP-bwdX] L=80 states=11271 -> 11887
[DP-fwdX] L=0 states=1 -> 1
[DP-fwdX] L=16 states=186 -> 229
[DP-bwdX] L=64 states=1 -> 1
[DP-bwdX] L=48 states=141 -> 164
[DP-fwdX] L=0 states=1 -> 1
[DP-bwdX] L=32 states=1 -> 1
[DP-fwdX] L=0 states=1 -> 1
[DP-bwdX] L=16 states=1 -> 1
[DP-fwdX] L=0 states=1 -> 1
[DP-fwdX] L=0 states=1 -> 1
[DP-fwdX] L=0 states=1 -> 1
[DP-bwdX] L=16 states=1 -> 1
[DP-bwdX] L=16 states=1 -> 1
[DP-bwdX] L=16 states=1 -> 1
[DP-fwdX] L=16 states=1 -> 1
[DP-bwdX] L=32 states=1 -> 1
[DP-fwdX] L=16 states=1 -> 1
[DP-fwdX] L=16 states=1 -> 1
[DP-fwdX] L=16 states=1 -> 1
[DP-bwdX] L=32 states=1 -> 1
[DP-bwdX] L=32 states=1 -> 1
[DP-bwdX] L=32 states=1 -> 1
[DP-fwdX] L=32 states=1 -> 1
[DP-bwdX] L=64 states=1 -> 1
[DP-fwdX] L=32 states=1 -> 1
[DP-bwdX] L=48 states=1 -> 1
[DP-fwdX] L=32 states=1 -> 1
[DP-fwdX] L=32 states=1 -> 1
[DP-fwdX] L=32 states=1 -> 1
[DP-bwdX] L=48 states=1 -> 1
[DP-bwdX] L=48 states=1 -> 1
[DP-bwdX] L=48 states=1 -> 1
[DP-fwdX] L=48 states=1 -> 1
[DP-bwdX] L=64 states=1 -> 1
[DP-fwdX] L=48 states=1 -> 1
[DP-fwdX] L=48 states=1 -> 1
[DP-fwdX] L=48 states=1 -> 1
[DP-bwdX] L=64 states=1 -> 1
[DP-bwdX] L=64 states=1 -> 1
[DP-bwdX] L=64 states=1 -> 1
[DP-fwdX] L=64 states=1 -> 1
[DP-fwdX] L=80 states=141 -> 164
[DP-bwdX] L=128 states=1 -> 1
[DP-bwdX] L=112 states=186 -> 229
[DP-fwdX] L=64 states=1 -> 1
[DP-bwdX] L=96 states=1 -> 1
[DP-fwdX] L=64 states=1 -> 1
[DP-bwdX] L=80 states=1 -> 1
[DP-fwdX] L=64 states=1 -> 1
[DP-fwdX] L=64 states=1 -> 1
[DP-fwdX] L=64 states=1 -> 1
[DP-bwdX] L=80 states=1 -> 1
[DP-bwdX] L=80 states=1 -> 1
[DP-bwdX] L=80 states=1 -> 1
[DP-fwdX] L=80 states=1 -> 1
[DP-bwdX] L=96 states=1 -> 1
[DP-fwdX] L=80 states=1 -> 1
[DP-fwdX] L=80 states=1 -> 1
[DP-fwdX] L=80 states=1 -> 1
[DP-bwdX] L=96 states=1 -> 1
[DP-bwdX] L=96 states=1 -> 1
[DP-bwdX] L=96 states=1 -> 1
[DP-fwdX] L=96 states=1 -> 1
[DP-bwdX] L=128 states=1 -> 1
[DP-fwdX] L=96 states=1 -> 1
[DP-bwdX] L=112 states=1 -> 1
[DP-fwdX] L=96 states=1 -> 1
[DP-fwdX] L=96 states=1 -> 1
[DP-fwdX] L=96 states=1 -> 1
[DP-bwdX] L=112 states=1 -> 1
[DP-bwdX] L=112 states=1 -> 1
[DP-bwdX] L=112 states=1 -> 1
[DP-fwdX] L=112 states=1 -> 1
[DP-bwdX] L=128 states=1 -> 1
[DP-fwdX] L=112 states=1 -> 1
[DP-fwdX] L=112 states=1 -> 1
[DP-fwdX] L=112 states=1 -> 1
[DP-bwdX] L=128 states=1 -> 1
[DP-bwdX] L=128 states=1 -> 1
[DP-bwdX] L=128 states=1 -> 1
  [Round 6] T_prime=13  T_target=13  HPWL_w=1047816  HPWL_eq=1044  maxL=15  WNS(T')=-2  WNS*(T)=-2  picked=4  solve_ms=434.925
[OC-Shortest/pow2] m=16 h=8 SEG=4 bits=64 words=1 threads=24
[DP-fwdX] L=0 states=1 -> 1
[DP-fwdX] L=16 states=186 -> 229
[DP-fwdX] L=32 states=2755 -> 3100
[DP-fwdX] L=48 states=11271 -> 11887
[DP-bwdX] L=128 states=1 -> 1
[DP-bwdX] L=112 states=186 -> 229
[DP-bwdX] L=96 states=2755 -> 3100
[DP-bwdX] L=80 states=11271 -> 11887
[DP-fwdX] L=0 states=1 -> 1
[DP-fwdX] L=16 states=186 -> 229
[DP-bwdX] L=64 states=1 -> 1
[DP-bwdX] L=48 states=141 -> 164
[DP-fwdX] L=0 states=1 -> 1
[DP-bwdX] L=32 states=1 -> 1
[DP-fwdX] L=0 states=1 -> 1
[DP-bwdX] L=16 states=1 -> 1
[DP-fwdX] L=0 states=1 -> 1
[DP-fwdX] L=0 states=1 -> 1
[DP-fwdX] L=0 states=1 -> 1
[DP-bwdX] L=16 states=1 -> 1
[DP-bwdX] L=16 states=1 -> 1
[DP-bwdX] L=16 states=1 -> 1
[DP-fwdX] L=16 states=1 -> 1
[DP-bwdX] L=32 states=1 -> 1
[DP-fwdX] L=16 states=1 -> 1
[DP-fwdX] L=16 states=1 -> 1
[DP-fwdX] L=16 states=1 -> 1
[DP-bwdX] L=32 states=1 -> 1
[DP-bwdX] L=32 states=1 -> 1
[DP-bwdX] L=32 states=1 -> 1
[DP-fwdX] L=32 states=1 -> 1
[DP-bwdX] L=64 states=1 -> 1
[DP-fwdX] L=32 states=1 -> 1
[DP-bwdX] L=48 states=1 -> 1
[DP-fwdX] L=32 states=1 -> 1
[DP-fwdX] L=32 states=1 -> 1
[DP-fwdX] L=32 states=1 -> 1
[DP-bwdX] L=48 states=1 -> 1
[DP-bwdX] L=48 states=1 -> 1
[DP-bwdX] L=48 states=1 -> 1
[DP-fwdX] L=48 states=1 -> 1
[DP-bwdX] L=64 states=1 -> 1
[DP-fwdX] L=48 states=1 -> 1
[DP-fwdX] L=48 states=1 -> 1
[DP-fwdX] L=48 states=1 -> 1
[DP-bwdX] L=64 states=1 -> 1
[DP-bwdX] L=64 states=1 -> 1
[DP-bwdX] L=64 states=1 -> 1
[DP-fwdX] L=64 states=1 -> 1
[DP-fwdX] L=80 states=141 -> 164
[DP-bwdX] L=128 states=1 -> 1
[DP-bwdX] L=112 states=186 -> 229
[DP-fwdX] L=64 states=1 -> 1
[DP-bwdX] L=96 states=1 -> 1
[DP-fwdX] L=64 states=1 -> 1
[DP-bwdX] L=80 states=1 -> 1
[DP-fwdX] L=64 states=1 -> 1
[DP-fwdX] L=64 states=1 -> 1
[DP-fwdX] L=64 states=1 -> 1
[DP-bwdX] L=80 states=1 -> 1
[DP-bwdX] L=80 states=1 -> 1
[DP-bwdX] L=80 states=1 -> 1
[DP-fwdX] L=80 states=1 -> 1
[DP-bwdX] L=96 states=1 -> 1
[DP-fwdX] L=80 states=1 -> 1
[DP-fwdX] L=80 states=1 -> 1
[DP-fwdX] L=80 states=1 -> 1
[DP-bwdX] L=96 states=1 -> 1
[DP-bwdX] L=96 states=1 -> 1
[DP-bwdX] L=96 states=1 -> 1
[DP-fwdX] L=96 states=1 -> 1
[DP-bwdX] L=128 states=1 -> 1
[DP-fwdX] L=96 states=1 -> 1
[DP-bwdX] L=112 states=1 -> 3
[DP-fwdX] L=96 states=1 -> 1
[DP-fwdX] L=96 states=1 -> 1
[DP-fwdX] L=96 states=1 -> 1
[DP-bwdX] L=112 states=1 -> 3
[DP-bwdX] L=112 states=1 -> 3
[DP-bwdX] L=112 states=1 -> 3
[DP-fwdX] L=112 states=1 -> 2
[DP-bwdX] L=128 states=1 -> 1
[DP-fwdX] L=112 states=1 -> 2
[DP-fwdX] L=112 states=1 -> 2
[DP-fwdX] L=112 states=1 -> 2
[DP-bwdX] L=128 states=1 -> 1
[DP-bwdX] L=128 states=1 -> 1
[DP-bwdX] L=128 states=1 -> 1
  [Round 7] T_prime=13  T_target=13  HPWL_w=1048192  HPWL_eq=1042  maxL=18  WNS(T')=-5  WNS*(T)=-5  picked=7  solve_ms=421.389
[OC-Shortest/pow2] m=16 h=8 SEG=4 bits=64 words=1 threads=24
[DP-fwdX] L=0 states=1 -> 1
[DP-fwdX] L=16 states=186 -> 229
[DP-fwdX] L=32 states=2755 -> 3100
[DP-fwdX] L=48 states=11271 -> 11887
[DP-bwdX] L=128 states=1 -> 1
[DP-bwdX] L=112 states=186 -> 229
[DP-bwdX] L=96 states=2755 -> 3100
[DP-bwdX] L=80 states=11271 -> 11887
[DP-fwdX] L=0 states=1 -> 1
[DP-fwdX] L=16 states=186 -> 229
[DP-bwdX] L=64 states=1 -> 1
[DP-bwdX] L=48 states=141 -> 164
[DP-fwdX] L=0 states=1 -> 1
[DP-bwdX] L=32 states=1 -> 1
[DP-fwdX] L=0 states=1 -> 1
[DP-bwdX] L=16 states=1 -> 1
[DP-fwdX] L=0 states=1 -> 1
[DP-fwdX] L=0 states=1 -> 1
[DP-fwdX] L=0 states=1 -> 1
[DP-bwdX] L=16 states=1 -> 1
[DP-bwdX] L=16 states=1 -> 1
[DP-bwdX] L=16 states=1 -> 1
[DP-fwdX] L=16 states=1 -> 1
[DP-bwdX] L=32 states=1 -> 1
[DP-fwdX] L=16 states=1 -> 1
[DP-fwdX] L=16 states=1 -> 1
[DP-fwdX] L=16 states=1 -> 1
[DP-bwdX] L=32 states=1 -> 1
[DP-bwdX] L=32 states=1 -> 1
[DP-bwdX] L=32 states=1 -> 1
[DP-fwdX] L=32 states=1 -> 1
[DP-bwdX] L=64 states=1 -> 1
[DP-fwdX] L=32 states=1 -> 1
[DP-bwdX] L=48 states=1 -> 1
[DP-fwdX] L=32 states=1 -> 1
[DP-fwdX] L=32 states=1 -> 1
[DP-fwdX] L=32 states=1 -> 1
[DP-bwdX] L=48 states=1 -> 1
[DP-bwdX] L=48 states=1 -> 1
[DP-bwdX] L=48 states=1 -> 1
[DP-fwdX] L=48 states=1 -> 1
[DP-bwdX] L=64 states=1 -> 1
[DP-fwdX] L=48 states=1 -> 1
[DP-fwdX] L=48 states=1 -> 1
[DP-fwdX] L=48 states=1 -> 1
[DP-bwdX] L=64 states=1 -> 1
[DP-bwdX] L=64 states=1 -> 1
[DP-bwdX] L=64 states=1 -> 1
[DP-fwdX] L=64 states=1 -> 1
[DP-fwdX] L=80 states=141 -> 164
[DP-bwdX] L=128 states=1 -> 1
[DP-bwdX] L=112 states=186 -> 229
[DP-fwdX] L=64 states=1 -> 1
[DP-bwdX] L=96 states=1 -> 1
[DP-fwdX] L=64 states=1 -> 1
[DP-bwdX] L=80 states=1 -> 1
[DP-fwdX] L=64 states=1 -> 1
[DP-fwdX] L=64 states=1 -> 1
[DP-fwdX] L=64 states=1 -> 1
[DP-bwdX] L=80 states=1 -> 1
[DP-bwdX] L=80 states=1 -> 1
[DP-bwdX] L=80 states=1 -> 1
[DP-fwdX] L=80 states=1 -> 1
[DP-bwdX] L=96 states=1 -> 1
[DP-fwdX] L=80 states=1 -> 1
[DP-fwdX] L=80 states=1 -> 1
[DP-fwdX] L=80 states=1 -> 1
[DP-bwdX] L=96 states=1 -> 1
[DP-bwdX] L=96 states=1 -> 1
[DP-bwdX] L=96 states=1 -> 1
[DP-fwdX] L=96 states=1 -> 1
[DP-bwdX] L=128 states=1 -> 1
[DP-fwdX] L=96 states=1 -> 1
[DP-bwdX] L=112 states=1 -> 1
[DP-fwdX] L=96 states=1 -> 1
[DP-fwdX] L=96 states=1 -> 1
[DP-fwdX] L=96 states=1 -> 1
[DP-bwdX] L=112 states=1 -> 1
[DP-bwdX] L=112 states=1 -> 1
[DP-bwdX] L=112 states=1 -> 1
[DP-fwdX] L=112 states=1 -> 1
[DP-bwdX] L=128 states=1 -> 1
[DP-fwdX] L=112 states=1 -> 1
[DP-fwdX] L=112 states=1 -> 1
[DP-fwdX] L=112 states=1 -> 1
[DP-bwdX] L=128 states=1 -> 1
[DP-bwdX] L=128 states=1 -> 1
[DP-bwdX] L=128 states=1 -> 1
  [Round 8] T_prime=13  T_target=13  HPWL_w=1049474  HPWL_eq=1044  maxL=14  WNS(T')=-1  WNS*(T)=-1  picked=4  solve_ms=470.384
[OC-Shortest/pow2] m=16 h=8 SEG=4 bits=64 words=1 threads=24
[DP-fwdX] L=0 states=1 -> 1
[DP-fwdX] L=16 states=186 -> 229
[DP-fwdX] L=32 states=2755 -> 3100
[DP-fwdX] L=48 states=11271 -> 11887
[DP-bwdX] L=128 states=1 -> 1
[DP-bwdX] L=112 states=186 -> 229
[DP-bwdX] L=96 states=2755 -> 3100
[DP-bwdX] L=80 states=11271 -> 11887
[DP-fwdX] L=0 states=1 -> 1
[DP-fwdX] L=16 states=186 -> 229
[DP-bwdX] L=64 states=1 -> 1
[DP-bwdX] L=48 states=141 -> 164
[DP-fwdX] L=0 states=1 -> 1
[DP-bwdX] L=32 states=1 -> 1
[DP-fwdX] L=0 states=1 -> 1
[DP-bwdX] L=16 states=1 -> 2
[DP-fwdX] L=0 states=1 -> 1
[DP-fwdX] L=0 states=1 -> 1
[DP-fwdX] L=0 states=1 -> 1
[DP-bwdX] L=16 states=1 -> 2
[DP-bwdX] L=16 states=1 -> 2
[DP-bwdX] L=16 states=1 -> 2
[DP-fwdX] L=16 states=1 -> 3
[DP-bwdX] L=32 states=1 -> 1
[DP-fwdX] L=16 states=1 -> 3
[DP-fwdX] L=16 states=1 -> 3
[DP-fwdX] L=16 states=1 -> 3
[DP-bwdX] L=32 states=1 -> 1
[DP-bwdX] L=32 states=1 -> 1
[DP-bwdX] L=32 states=1 -> 1
[DP-fwdX] L=32 states=1 -> 1
[DP-bwdX] L=64 states=1 -> 1
[DP-fwdX] L=32 states=1 -> 1
[DP-bwdX] L=48 states=1 -> 1
[DP-fwdX] L=32 states=1 -> 1
[DP-fwdX] L=32 states=1 -> 1
[DP-fwdX] L=32 states=1 -> 1
[DP-bwdX] L=48 states=1 -> 1
[DP-bwdX] L=48 states=1 -> 1
[DP-bwdX] L=48 states=1 -> 1
[DP-fwdX] L=48 states=1 -> 1
[DP-bwdX] L=64 states=1 -> 1
[DP-fwdX] L=48 states=1 -> 1
[DP-fwdX] L=48 states=1 -> 1
[DP-fwdX] L=48 states=1 -> 1
[DP-bwdX] L=64 states=1 -> 1
[DP-bwdX] L=64 states=1 -> 1
[DP-bwdX] L=64 states=1 -> 1
[DP-fwdX] L=64 states=1 -> 1
[DP-fwdX] L=80 states=141 -> 164
[DP-bwdX] L=128 states=1 -> 1
[DP-bwdX] L=112 states=186 -> 229
[DP-fwdX] L=64 states=1 -> 1
[DP-bwdX] L=96 states=1 -> 1
[DP-fwdX] L=64 states=1 -> 1
[DP-bwdX] L=80 states=1 -> 1
[DP-fwdX] L=64 states=1 -> 1
[DP-fwdX] L=64 states=1 -> 1
[DP-fwdX] L=64 states=1 -> 1
[DP-bwdX] L=80 states=1 -> 1
[DP-bwdX] L=80 states=1 -> 1
[DP-bwdX] L=80 states=1 -> 1
[DP-fwdX] L=80 states=1 -> 1
[DP-bwdX] L=96 states=1 -> 1
[DP-fwdX] L=80 states=1 -> 1
[DP-fwdX] L=80 states=1 -> 1
[DP-fwdX] L=80 states=1 -> 1
[DP-bwdX] L=96 states=1 -> 1
[DP-bwdX] L=96 states=1 -> 1
[DP-bwdX] L=96 states=1 -> 1
[DP-fwdX] L=96 states=1 -> 1
[DP-bwdX] L=128 states=1 -> 1
[DP-fwdX] L=96 states=1 -> 1
[DP-bwdX] L=112 states=1 -> 1
[DP-fwdX] L=96 states=1 -> 1
[DP-fwdX] L=96 states=1 -> 1
[DP-fwdX] L=96 states=1 -> 1
[DP-bwdX] L=112 states=1 -> 1
[DP-bwdX] L=112 states=1 -> 1
[DP-bwdX] L=112 states=1 -> 1
[DP-fwdX] L=112 states=1 -> 1
[DP-bwdX] L=128 states=1 -> 1
[DP-fwdX] L=112 states=1 -> 1
[DP-fwdX] L=112 states=1 -> 1
[DP-fwdX] L=112 states=1 -> 1
[DP-bwdX] L=128 states=1 -> 1
[DP-bwdX] L=128 states=1 -> 1
[DP-bwdX] L=128 states=1 -> 1
  [Round 9] T_prime=13  T_target=13  HPWL_w=1050266  HPWL_eq=1042  maxL=18  WNS(T')=-5  WNS*(T)=-5  picked=7  solve_ms=427.278
[OC-Shortest/pow2] m=16 h=8 SEG=4 bits=64 words=1 threads=24
[DP-fwdX] L=0 states=1 -> 1
[DP-fwdX] L=16 states=186 -> 229
[DP-fwdX] L=32 states=2755 -> 3100
[DP-fwdX] L=48 states=11271 -> 11887
[DP-bwdX] L=128 states=1 -> 1
[DP-bwdX] L=112 states=186 -> 229
[DP-bwdX] L=96 states=2755 -> 3100
[DP-bwdX] L=80 states=11271 -> 11887
[DP-fwdX] L=0 states=1 -> 1
[DP-fwdX] L=16 states=186 -> 229
[DP-bwdX] L=64 states=1 -> 1
[DP-bwdX] L=48 states=141 -> 164
[DP-fwdX] L=0 states=1 -> 1
[DP-bwdX] L=32 states=1 -> 1
[DP-fwdX] L=0 states=1 -> 1
[DP-bwdX] L=16 states=1 -> 1
[DP-fwdX] L=0 states=1 -> 1
[DP-fwdX] L=0 states=1 -> 1
[DP-fwdX] L=0 states=1 -> 1
[DP-bwdX] L=16 states=1 -> 1
[DP-bwdX] L=16 states=1 -> 1
[DP-bwdX] L=16 states=1 -> 1
[DP-fwdX] L=16 states=1 -> 1
[DP-bwdX] L=32 states=1 -> 1
[DP-fwdX] L=16 states=1 -> 1
[DP-fwdX] L=16 states=1 -> 1
[DP-fwdX] L=16 states=1 -> 1
[DP-bwdX] L=32 states=1 -> 1
[DP-bwdX] L=32 states=1 -> 1
[DP-bwdX] L=32 states=1 -> 1
[DP-fwdX] L=32 states=1 -> 1
[DP-bwdX] L=64 states=1 -> 1
[DP-fwdX] L=32 states=1 -> 1
[DP-bwdX] L=48 states=1 -> 1
[DP-fwdX] L=32 states=1 -> 1
[DP-fwdX] L=32 states=1 -> 1
[DP-fwdX] L=32 states=1 -> 1
[DP-bwdX] L=48 states=1 -> 1
[DP-bwdX] L=48 states=1 -> 1
[DP-bwdX] L=48 states=1 -> 1
[DP-fwdX] L=48 states=1 -> 1
[DP-bwdX] L=64 states=1 -> 1
[DP-fwdX] L=48 states=1 -> 1
[DP-fwdX] L=48 states=1 -> 1
[DP-fwdX] L=48 states=1 -> 1
[DP-bwdX] L=64 states=1 -> 1
[DP-bwdX] L=64 states=1 -> 1
[DP-bwdX] L=64 states=1 -> 1
[DP-fwdX] L=64 states=1 -> 1
[DP-fwdX] L=80 states=141 -> 164
[DP-bwdX] L=128 states=1 -> 1
[DP-bwdX] L=112 states=186 -> 229
[DP-fwdX] L=64 states=1 -> 1
[DP-bwdX] L=96 states=1 -> 1
[DP-fwdX] L=64 states=1 -> 1
[DP-bwdX] L=80 states=1 -> 1
[DP-fwdX] L=64 states=1 -> 1
[DP-fwdX] L=64 states=1 -> 1
[DP-fwdX] L=64 states=1 -> 1
[DP-bwdX] L=80 states=1 -> 1
[DP-bwdX] L=80 states=1 -> 1
[DP-bwdX] L=80 states=1 -> 1
[DP-fwdX] L=80 states=1 -> 1
[DP-bwdX] L=96 states=1 -> 1
[DP-fwdX] L=80 states=1 -> 1
[DP-fwdX] L=80 states=1 -> 1
[DP-fwdX] L=80 states=1 -> 1
[DP-bwdX] L=96 states=1 -> 1
[DP-bwdX] L=96 states=1 -> 1
[DP-bwdX] L=96 states=1 -> 1
[DP-fwdX] L=96 states=1 -> 1
[DP-bwdX] L=128 states=1 -> 1
[DP-fwdX] L=96 states=1 -> 1
[DP-bwdX] L=112 states=1 -> 1
[DP-fwdX] L=96 states=1 -> 1
[DP-fwdX] L=96 states=1 -> 1
[DP-fwdX] L=96 states=1 -> 1
[DP-bwdX] L=112 states=1 -> 1
[DP-bwdX] L=112 states=1 -> 1
[DP-bwdX] L=112 states=1 -> 1
[DP-fwdX] L=112 states=1 -> 1
[DP-bwdX] L=128 states=1 -> 1
[DP-fwdX] L=112 states=1 -> 1
[DP-fwdX] L=112 states=1 -> 1
[DP-fwdX] L=112 states=1 -> 1
[DP-bwdX] L=128 states=1 -> 1
[DP-bwdX] L=128 states=1 -> 1
[DP-bwdX] L=128 states=1 -> 1
  [Round 10] T_prime=13  T_target=13  HPWL_w=1051744  HPWL_eq=1044  maxL=14  WNS(T')=-1  WNS*(T)=-1  picked=4  solve_ms=427.825
[OC-Shortest/pow2] m=16 h=8 SEG=4 bits=64 words=1 threads=24
[DP-fwdX] L=0 states=1 -> 1
[DP-fwdX] L=16 states=186 -> 229
[DP-fwdX] L=32 states=2755 -> 3100
[DP-fwdX] L=48 states=11271 -> 11887
[DP-bwdX] L=128 states=1 -> 1
[DP-bwdX] L=112 states=186 -> 229
[DP-bwdX] L=96 states=2755 -> 3100
[DP-bwdX] L=80 states=11271 -> 11887
[DP-fwdX] L=0 states=1 -> 1
[DP-fwdX] L=16 states=186 -> 229
[DP-bwdX] L=64 states=1 -> 1
[DP-bwdX] L=48 states=141 -> 164
[DP-fwdX] L=0 states=1 -> 1
[DP-bwdX] L=32 states=1 -> 1
[DP-fwdX] L=0 states=1 -> 1
[DP-bwdX] L=16 states=1 -> 1
[DP-fwdX] L=0 states=1 -> 1
[DP-fwdX] L=0 states=1 -> 1
[DP-fwdX] L=0 states=1 -> 1
[DP-bwdX] L=16 states=1 -> 1
[DP-bwdX] L=16 states=1 -> 1
[DP-bwdX] L=16 states=1 -> 1
[DP-fwdX] L=16 states=1 -> 1
[DP-bwdX] L=32 states=1 -> 1
[DP-fwdX] L=16 states=1 -> 1
[DP-fwdX] L=16 states=1 -> 1
[DP-fwdX] L=16 states=1 -> 1
[DP-bwdX] L=32 states=1 -> 1
[DP-bwdX] L=32 states=1 -> 1
[DP-bwdX] L=32 states=1 -> 1
[DP-fwdX] L=32 states=1 -> 1
[DP-bwdX] L=64 states=1 -> 1
[DP-fwdX] L=32 states=1 -> 1
[DP-bwdX] L=48 states=1 -> 1
[DP-fwdX] L=32 states=1 -> 1
[DP-fwdX] L=32 states=1 -> 1
[DP-fwdX] L=32 states=1 -> 1
[DP-bwdX] L=48 states=1 -> 1
[DP-bwdX] L=48 states=1 -> 1
[DP-bwdX] L=48 states=1 -> 1
[DP-fwdX] L=48 states=1 -> 1
[DP-bwdX] L=64 states=1 -> 1
[DP-fwdX] L=48 states=1 -> 1
[DP-fwdX] L=48 states=1 -> 1
[DP-fwdX] L=48 states=1 -> 1
[DP-bwdX] L=64 states=1 -> 1
[DP-bwdX] L=64 states=1 -> 1
[DP-bwdX] L=64 states=1 -> 1
[DP-fwdX] L=64 states=1 -> 1
[DP-fwdX] L=80 states=141 -> 164
[DP-bwdX] L=128 states=1 -> 1
[DP-bwdX] L=112 states=186 -> 229
[DP-fwdX] L=64 states=1 -> 1
[DP-bwdX] L=96 states=1 -> 1
[DP-fwdX] L=64 states=1 -> 1
[DP-bwdX] L=80 states=1 -> 1
[DP-fwdX] L=64 states=1 -> 1
[DP-fwdX] L=64 states=1 -> 1
[DP-fwdX] L=64 states=1 -> 1
[DP-bwdX] L=80 states=1 -> 1
[DP-bwdX] L=80 states=1 -> 1
[DP-bwdX] L=80 states=1 -> 1
[DP-fwdX] L=80 states=1 -> 1
[DP-bwdX] L=96 states=1 -> 1
[DP-fwdX] L=80 states=1 -> 1
[DP-fwdX] L=80 states=1 -> 1
[DP-fwdX] L=80 states=1 -> 1
[DP-bwdX] L=96 states=1 -> 1
[DP-bwdX] L=96 states=1 -> 1
[DP-bwdX] L=96 states=1 -> 1
[DP-fwdX] L=96 states=1 -> 1
[DP-bwdX] L=128 states=1 -> 1
[DP-fwdX] L=96 states=1 -> 1
[DP-bwdX] L=112 states=1 -> 3
[DP-fwdX] L=96 states=1 -> 1
[DP-fwdX] L=96 states=1 -> 1
[DP-fwdX] L=96 states=1 -> 1
[DP-bwdX] L=112 states=1 -> 3
[DP-bwdX] L=112 states=1 -> 3
[DP-bwdX] L=112 states=1 -> 3
[DP-fwdX] L=112 states=1 -> 2
[DP-bwdX] L=128 states=1 -> 1
[DP-fwdX] L=112 states=1 -> 2
[DP-fwdX] L=112 states=1 -> 2
[DP-fwdX] L=112 states=1 -> 2
[DP-bwdX] L=128 states=1 -> 1
[DP-bwdX] L=128 states=1 -> 1
[DP-bwdX] L=128 states=1 -> 1
  [Round 11] T_prime=13  T_target=13  HPWL_w=1052730  HPWL_eq=1042  maxL=18  WNS(T')=-5  WNS*(T)=-5  picked=7  solve_ms=420.179
[OC-Shortest/pow2] m=16 h=8 SEG=4 bits=64 words=1 threads=24
[DP-fwdX] L=0 states=1 -> 1
[DP-fwdX] L=16 states=186 -> 229
[DP-fwdX] L=32 states=2755 -> 3100
[DP-fwdX] L=48 states=11271 -> 11887
[DP-bwdX] L=128 states=1 -> 1
[DP-bwdX] L=112 states=186 -> 229
[DP-bwdX] L=96 states=2755 -> 3100
[DP-bwdX] L=80 states=11271 -> 11887
[DP-fwdX] L=0 states=1 -> 1
[DP-fwdX] L=16 states=186 -> 229
[DP-bwdX] L=64 states=1 -> 1
[DP-bwdX] L=48 states=141 -> 164
[DP-fwdX] L=0 states=1 -> 1
[DP-bwdX] L=32 states=1 -> 1
[DP-fwdX] L=0 states=1 -> 1
[DP-bwdX] L=16 states=1 -> 2
[DP-fwdX] L=0 states=1 -> 1
[DP-fwdX] L=0 states=1 -> 1
[DP-fwdX] L=0 states=1 -> 1
[DP-bwdX] L=16 states=1 -> 2
[DP-bwdX] L=16 states=1 -> 2
[DP-bwdX] L=16 states=1 -> 2
[DP-fwdX] L=16 states=1 -> 3
[DP-bwdX] L=32 states=1 -> 1
[DP-fwdX] L=16 states=1 -> 3
[DP-fwdX] L=16 states=1 -> 3
[DP-fwdX] L=16 states=1 -> 3
[DP-bwdX] L=32 states=1 -> 1
[DP-bwdX] L=32 states=1 -> 1
[DP-bwdX] L=32 states=1 -> 1
[DP-fwdX] L=32 states=1 -> 1
[DP-bwdX] L=64 states=1 -> 1
[DP-fwdX] L=32 states=1 -> 1
[DP-bwdX] L=48 states=1 -> 1
[DP-fwdX] L=32 states=1 -> 1
[DP-fwdX] L=32 states=1 -> 1
[DP-fwdX] L=32 states=1 -> 1
[DP-bwdX] L=48 states=1 -> 1
[DP-bwdX] L=48 states=1 -> 1
[DP-bwdX] L=48 states=1 -> 1
[DP-fwdX] L=48 states=1 -> 1
[DP-bwdX] L=64 states=1 -> 1
[DP-fwdX] L=48 states=1 -> 1
[DP-fwdX] L=48 states=1 -> 1
[DP-fwdX] L=48 states=1 -> 1
[DP-bwdX] L=64 states=1 -> 1
[DP-bwdX] L=64 states=1 -> 1
[DP-bwdX] L=64 states=1 -> 1
[DP-fwdX] L=64 states=1 -> 1
[DP-fwdX] L=80 states=141 -> 164
[DP-bwdX] L=128 states=1 -> 1
[DP-bwdX] L=112 states=186 -> 229
[DP-fwdX] L=64 states=1 -> 1
[DP-bwdX] L=96 states=1 -> 1
[DP-fwdX] L=64 states=1 -> 1
[DP-bwdX] L=80 states=1 -> 1
[DP-fwdX] L=64 states=1 -> 1
[DP-fwdX] L=64 states=1 -> 1
[DP-fwdX] L=64 states=1 -> 1
[DP-bwdX] L=80 states=1 -> 1
[DP-bwdX] L=80 states=1 -> 1
[DP-bwdX] L=80 states=1 -> 1
[DP-fwdX] L=80 states=1 -> 1
[DP-bwdX] L=96 states=1 -> 1
[DP-fwdX] L=80 states=1 -> 1
[DP-fwdX] L=80 states=1 -> 1
[DP-fwdX] L=80 states=1 -> 1
[DP-bwdX] L=96 states=1 -> 1
[DP-bwdX] L=96 states=1 -> 1
[DP-bwdX] L=96 states=1 -> 1
[DP-fwdX] L=96 states=1 -> 1
[DP-bwdX] L=128 states=1 -> 1
[DP-fwdX] L=96 states=1 -> 1
[DP-bwdX] L=112 states=1 -> 1
[DP-fwdX] L=96 states=1 -> 1
[DP-fwdX] L=96 states=1 -> 1
[DP-fwdX] L=96 states=1 -> 1
[DP-bwdX] L=112 states=1 -> 1
[DP-bwdX] L=112 states=1 -> 1
[DP-bwdX] L=112 states=1 -> 1
[DP-fwdX] L=112 states=1 -> 1
[DP-bwdX] L=128 states=1 -> 1
[DP-fwdX] L=112 states=1 -> 1
[DP-fwdX] L=112 states=1 -> 1
[DP-fwdX] L=112 states=1 -> 1
[DP-bwdX] L=128 states=1 -> 1
[DP-bwdX] L=128 states=1 -> 1
[DP-bwdX] L=128 states=1 -> 1
  [Round 12] T_prime=13  T_target=13  HPWL_w=1054928  HPWL_eq=1042  maxL=18  WNS(T')=-5  WNS*(T)=-5  picked=7  solve_ms=472.867
[OC-Shortest/pow2] m=16 h=8 SEG=4 bits=64 words=1 threads=24
[DP-fwdX] L=0 states=1 -> 1
[DP-fwdX] L=16 states=186 -> 229
[DP-fwdX] L=32 states=2755 -> 3100
[DP-fwdX] L=48 states=11271 -> 11887
[DP-bwdX] L=128 states=1 -> 1
[DP-bwdX] L=112 states=186 -> 229
[DP-bwdX] L=96 states=2755 -> 3100
[DP-bwdX] L=80 states=11271 -> 11887
[DP-fwdX] L=0 states=1 -> 1
[DP-fwdX] L=16 states=186 -> 229
[DP-bwdX] L=64 states=1 -> 1
[DP-bwdX] L=48 states=141 -> 164
[DP-fwdX] L=0 states=1 -> 1
[DP-bwdX] L=32 states=1 -> 1
[DP-fwdX] L=0 states=1 -> 1
[DP-bwdX] L=16 states=1 -> 1
[DP-fwdX] L=0 states=1 -> 1
[DP-fwdX] L=0 states=1 -> 1
[DP-fwdX] L=0 states=1 -> 1
[DP-bwdX] L=16 states=1 -> 1
[DP-bwdX] L=16 states=1 -> 1
[DP-bwdX] L=16 states=1 -> 1
[DP-fwdX] L=16 states=1 -> 1
[DP-bwdX] L=32 states=1 -> 1
[DP-fwdX] L=16 states=1 -> 1
[DP-fwdX] L=16 states=1 -> 1
[DP-fwdX] L=16 states=1 -> 1
[DP-bwdX] L=32 states=1 -> 1
[DP-bwdX] L=32 states=1 -> 1
[DP-bwdX] L=32 states=1 -> 1
[DP-fwdX] L=32 states=1 -> 1
[DP-bwdX] L=64 states=1 -> 1
[DP-fwdX] L=32 states=1 -> 1
[DP-bwdX] L=48 states=1 -> 1
[DP-fwdX] L=32 states=1 -> 1
[DP-fwdX] L=32 states=1 -> 1
[DP-fwdX] L=32 states=1 -> 1
[DP-bwdX] L=48 states=1 -> 1
[DP-bwdX] L=48 states=1 -> 1
[DP-bwdX] L=48 states=1 -> 1
[DP-fwdX] L=48 states=1 -> 1
[DP-bwdX] L=64 states=1 -> 1
[DP-fwdX] L=48 states=1 -> 1
[DP-fwdX] L=48 states=1 -> 1
[DP-fwdX] L=48 states=1 -> 1
[DP-bwdX] L=64 states=1 -> 1
[DP-bwdX] L=64 states=1 -> 1
[DP-bwdX] L=64 states=1 -> 1
[DP-fwdX] L=64 states=1 -> 1
[DP-fwdX] L=80 states=141 -> 164
[DP-bwdX] L=128 states=1 -> 1
[DP-bwdX] L=112 states=186 -> 229
[DP-fwdX] L=64 states=1 -> 1
[DP-bwdX] L=96 states=1 -> 1
[DP-fwdX] L=64 states=1 -> 1
[DP-bwdX] L=80 states=1 -> 1
[DP-fwdX] L=64 states=1 -> 1
[DP-fwdX] L=64 states=1 -> 1
[DP-fwdX] L=64 states=1 -> 1
[DP-bwdX] L=80 states=1 -> 1
[DP-bwdX] L=80 states=1 -> 1
[DP-bwdX] L=80 states=1 -> 1
[DP-fwdX] L=80 states=1 -> 1
[DP-bwdX] L=96 states=1 -> 1
[DP-fwdX] L=80 states=1 -> 1
[DP-fwdX] L=80 states=1 -> 1
[DP-fwdX] L=80 states=1 -> 1
[DP-bwdX] L=96 states=1 -> 1
[DP-bwdX] L=96 states=1 -> 1
[DP-bwdX] L=96 states=1 -> 1
[DP-fwdX] L=96 states=1 -> 1
[DP-bwdX] L=128 states=1 -> 1
[DP-fwdX] L=96 states=1 -> 1
[DP-bwdX] L=112 states=1 -> 1
[DP-fwdX] L=96 states=1 -> 1
[DP-fwdX] L=96 states=1 -> 1
[DP-fwdX] L=96 states=1 -> 1
[DP-bwdX] L=112 states=1 -> 1
[DP-bwdX] L=112 states=1 -> 1
[DP-bwdX] L=112 states=1 -> 1
[DP-fwdX] L=112 states=1 -> 1
[DP-bwdX] L=128 states=1 -> 1
[DP-fwdX] L=112 states=1 -> 1
[DP-fwdX] L=112 states=1 -> 1
[DP-fwdX] L=112 states=1 -> 1
[DP-bwdX] L=128 states=1 -> 1
[DP-bwdX] L=128 states=1 -> 1
[DP-bwdX] L=128 states=1 -> 1
  [Round 13] T_prime=13  T_target=13  HPWL_w=1057278  HPWL_eq=1044  maxL=14  WNS(T')=-1  WNS*(T)=-1  picked=4  solve_ms=442.517
[OC-Shortest/pow2] m=16 h=8 SEG=4 bits=64 words=1 threads=24
[DP-fwdX] L=0 states=1 -> 1
[DP-fwdX] L=16 states=186 -> 229
[DP-fwdX] L=32 states=2755 -> 3100
[DP-fwdX] L=48 states=11271 -> 11887
[DP-bwdX] L=128 states=1 -> 1
[DP-bwdX] L=112 states=186 -> 229
[DP-bwdX] L=96 states=2755 -> 3100
[DP-bwdX] L=80 states=11271 -> 11887
[DP-fwdX] L=0 states=1 -> 1
[DP-fwdX] L=16 states=186 -> 229
[DP-bwdX] L=64 states=1 -> 1
[DP-bwdX] L=48 states=141 -> 164
[DP-fwdX] L=0 states=1 -> 1
[DP-bwdX] L=32 states=1 -> 1
[DP-fwdX] L=0 states=1 -> 1
[DP-bwdX] L=16 states=1 -> 1
[DP-fwdX] L=0 states=1 -> 1
[DP-fwdX] L=0 states=1 -> 1
[DP-fwdX] L=0 states=1 -> 1
[DP-bwdX] L=16 states=1 -> 1
[DP-bwdX] L=16 states=1 -> 1
[DP-bwdX] L=16 states=1 -> 1
[DP-fwdX] L=16 states=1 -> 1
[DP-bwdX] L=32 states=1 -> 1
[DP-fwdX] L=16 states=1 -> 1
[DP-fwdX] L=16 states=1 -> 1
[DP-fwdX] L=16 states=1 -> 1
[DP-bwdX] L=32 states=1 -> 1
[DP-bwdX] L=32 states=1 -> 1
[DP-bwdX] L=32 states=1 -> 1
[DP-fwdX] L=32 states=1 -> 1
[DP-bwdX] L=64 states=1 -> 1
[DP-fwdX] L=32 states=1 -> 1
[DP-bwdX] L=48 states=1 -> 1
[DP-fwdX] L=32 states=1 -> 1
[DP-fwdX] L=32 states=1 -> 1
[DP-fwdX] L=32 states=1 -> 1
[DP-bwdX] L=48 states=1 -> 1
[DP-bwdX] L=48 states=1 -> 1
[DP-bwdX] L=48 states=1 -> 1
[DP-fwdX] L=48 states=1 -> 1
[DP-bwdX] L=64 states=1 -> 1
[DP-fwdX] L=48 states=1 -> 1
[DP-fwdX] L=48 states=1 -> 1
[DP-fwdX] L=48 states=1 -> 1
[DP-bwdX] L=64 states=1 -> 1
[DP-bwdX] L=64 states=1 -> 1
[DP-bwdX] L=64 states=1 -> 1
[DP-fwdX] L=64 states=1 -> 1
[DP-fwdX] L=80 states=141 -> 164
[DP-bwdX] L=128 states=1 -> 1
[DP-bwdX] L=112 states=186 -> 229
[DP-fwdX] L=64 states=1 -> 1
[DP-bwdX] L=96 states=1 -> 1
[DP-fwdX] L=64 states=1 -> 1
[DP-bwdX] L=80 states=1 -> 1
[DP-fwdX] L=64 states=1 -> 1
[DP-fwdX] L=64 states=1 -> 1
[DP-fwdX] L=64 states=1 -> 1
[DP-bwdX] L=80 states=1 -> 1
[DP-bwdX] L=80 states=1 -> 1
[DP-bwdX] L=80 states=1 -> 1
[DP-fwdX] L=80 states=1 -> 1
[DP-bwdX] L=96 states=1 -> 1
[DP-fwdX] L=80 states=1 -> 1
[DP-fwdX] L=80 states=1 -> 1
[DP-fwdX] L=80 states=1 -> 1
[DP-bwdX] L=96 states=1 -> 1
[DP-bwdX] L=96 states=1 -> 1
[DP-bwdX] L=96 states=1 -> 1
[DP-fwdX] L=96 states=1 -> 1
[DP-bwdX] L=128 states=1 -> 1
[DP-fwdX] L=96 states=1 -> 1
[DP-bwdX] L=112 states=1 -> 1
[DP-fwdX] L=96 states=1 -> 1
[DP-fwdX] L=96 states=1 -> 1
[DP-fwdX] L=96 states=1 -> 1
[DP-bwdX] L=112 states=1 -> 1
[DP-bwdX] L=112 states=1 -> 1
[DP-bwdX] L=112 states=1 -> 1
[DP-fwdX] L=112 states=1 -> 1
[DP-bwdX] L=128 states=1 -> 1
[DP-fwdX] L=112 states=1 -> 1
[DP-fwdX] L=112 states=1 -> 1
[DP-fwdX] L=112 states=1 -> 1
[DP-bwdX] L=128 states=1 -> 1
[DP-bwdX] L=128 states=1 -> 1
[DP-bwdX] L=128 states=1 -> 1
  [Round 14] T_prime=13  T_target=13  HPWL_w=1059000  HPWL_eq=1044  maxL=14  WNS(T')=-1  WNS*(T)=-1  picked=4  solve_ms=426.416
[OC-Shortest/pow2] m=16 h=8 SEG=4 bits=64 words=1 threads=24
[DP-fwdX] L=0 states=1 -> 1
[DP-fwdX] L=16 states=186 -> 229
[DP-fwdX] L=32 states=2755 -> 3100
[DP-fwdX] L=48 states=11271 -> 11887
[DP-bwdX] L=128 states=1 -> 1
[DP-bwdX] L=112 states=186 -> 229
[DP-bwdX] L=96 states=2755 -> 3100
[DP-bwdX] L=80 states=11271 -> 11887
[DP-fwdX] L=0 states=1 -> 1
[DP-fwdX] L=16 states=186 -> 229
[DP-bwdX] L=64 states=1 -> 1
[DP-bwdX] L=48 states=141 -> 164
[DP-fwdX] L=0 states=1 -> 1
[DP-bwdX] L=32 states=1 -> 1
[DP-fwdX] L=0 states=1 -> 1
[DP-bwdX] L=16 states=1 -> 1
[DP-fwdX] L=0 states=1 -> 1
[DP-fwdX] L=0 states=1 -> 1
[DP-fwdX] L=0 states=1 -> 1
[DP-bwdX] L=16 states=1 -> 1
[DP-bwdX] L=16 states=1 -> 1
[DP-bwdX] L=16 states=1 -> 1
[DP-fwdX] L=16 states=1 -> 2
[DP-bwdX] L=32 states=1 -> 1
[DP-fwdX] L=16 states=1 -> 2
[DP-fwdX] L=16 states=1 -> 2
[DP-fwdX] L=16 states=1 -> 2
[DP-bwdX] L=32 states=1 -> 1
[DP-bwdX] L=32 states=1 -> 1
[DP-bwdX] L=32 states=1 -> 1
[DP-fwdX] L=32 states=1 -> 1
[DP-bwdX] L=64 states=1 -> 1
[DP-fwdX] L=32 states=1 -> 1
[DP-bwdX] L=48 states=1 -> 1
[DP-fwdX] L=32 states=1 -> 1
[DP-fwdX] L=32 states=1 -> 1
[DP-fwdX] L=32 states=1 -> 1
[DP-bwdX] L=48 states=1 -> 1
[DP-bwdX] L=48 states=1 -> 1
[DP-bwdX] L=48 states=1 -> 1
[DP-fwdX] L=48 states=1 -> 1
[DP-bwdX] L=64 states=1 -> 1
[DP-fwdX] L=48 states=1 -> 1
[DP-fwdX] L=48 states=1 -> 1
[DP-fwdX] L=48 states=1 -> 1
[DP-bwdX] L=64 states=1 -> 1
[DP-bwdX] L=64 states=1 -> 1
[DP-bwdX] L=64 states=1 -> 1
[DP-fwdX] L=64 states=1 -> 1
[DP-fwdX] L=80 states=141 -> 164
[DP-bwdX] L=128 states=1 -> 1
[DP-bwdX] L=112 states=186 -> 229
[DP-fwdX] L=64 states=1 -> 1
[DP-bwdX] L=96 states=1 -> 1
[DP-fwdX] L=64 states=1 -> 1
[DP-bwdX] L=80 states=1 -> 1
[DP-fwdX] L=64 states=1 -> 1
[DP-fwdX] L=64 states=1 -> 1
[DP-fwdX] L=64 states=1 -> 1
[DP-bwdX] L=80 states=1 -> 1
[DP-bwdX] L=80 states=1 -> 1
[DP-bwdX] L=80 states=1 -> 1
[DP-fwdX] L=80 states=1 -> 1
[DP-bwdX] L=96 states=1 -> 1
[DP-fwdX] L=80 states=1 -> 1
[DP-fwdX] L=80 states=1 -> 1
[DP-fwdX] L=80 states=1 -> 1
[DP-bwdX] L=96 states=1 -> 1
[DP-bwdX] L=96 states=1 -> 1
[DP-bwdX] L=96 states=1 -> 1
[DP-fwdX] L=96 states=1 -> 1
[DP-bwdX] L=128 states=1 -> 1
[DP-fwdX] L=96 states=1 -> 1
[DP-bwdX] L=112 states=1 -> 3
[DP-fwdX] L=96 states=1 -> 1
[DP-fwdX] L=96 states=1 -> 1
[DP-fwdX] L=96 states=1 -> 1
[DP-bwdX] L=112 states=1 -> 3
[DP-bwdX] L=112 states=1 -> 3
[DP-bwdX] L=112 states=1 -> 3
[DP-fwdX] L=112 states=1 -> 2
[DP-bwdX] L=128 states=1 -> 1
[DP-fwdX] L=112 states=1 -> 2
[DP-fwdX] L=112 states=1 -> 2
[DP-fwdX] L=112 states=1 -> 2
[DP-bwdX] L=128 states=1 -> 1
[DP-bwdX] L=128 states=1 -> 1
[DP-bwdX] L=128 states=1 -> 1
  [Round 15] T_prime=13  T_target=13  HPWL_w=1060018  HPWL_eq=1049  maxL=26  WNS(T')=-13  WNS*(T)=-13  picked=10  solve_ms=445.149
[OC-Shortest/pow2] m=16 h=8 SEG=4 bits=64 words=1 threads=24
[DP-fwdX] L=0 states=1 -> 1
[DP-fwdX] L=16 states=186 -> 229
[DP-fwdX] L=32 states=2755 -> 3100
[DP-fwdX] L=48 states=11271 -> 11887
[DP-bwdX] L=128 states=1 -> 1
[DP-bwdX] L=112 states=186 -> 229
[DP-bwdX] L=96 states=2755 -> 3100
[DP-bwdX] L=80 states=11271 -> 11887
[DP-fwdX] L=0 states=1 -> 1
[DP-fwdX] L=16 states=186 -> 229
[DP-bwdX] L=64 states=1 -> 1
[DP-bwdX] L=48 states=141 -> 164
[DP-fwdX] L=0 states=1 -> 1
[DP-bwdX] L=32 states=1 -> 1
[DP-fwdX] L=0 states=1 -> 1
[DP-bwdX] L=16 states=1 -> 1
[DP-fwdX] L=0 states=1 -> 1
[DP-fwdX] L=0 states=1 -> 1
[DP-fwdX] L=0 states=1 -> 1
[DP-bwdX] L=16 states=1 -> 1
[DP-bwdX] L=16 states=1 -> 1
[DP-bwdX] L=16 states=1 -> 1
[DP-fwdX] L=16 states=1 -> 1
[DP-bwdX] L=32 states=1 -> 1
[DP-fwdX] L=16 states=1 -> 1
[DP-fwdX] L=16 states=1 -> 1
[DP-fwdX] L=16 states=1 -> 1
[DP-bwdX] L=32 states=1 -> 1
[DP-bwdX] L=32 states=1 -> 1
[DP-bwdX] L=32 states=1 -> 1
[DP-fwdX] L=32 states=1 -> 1
[DP-bwdX] L=64 states=1 -> 1
[DP-fwdX] L=32 states=1 -> 1
[DP-bwdX] L=48 states=1 -> 1
[DP-fwdX] L=32 states=1 -> 1
[DP-fwdX] L=32 states=1 -> 1
[DP-fwdX] L=32 states=1 -> 1
[DP-bwdX] L=48 states=1 -> 1
[DP-bwdX] L=48 states=1 -> 1
[DP-bwdX] L=48 states=1 -> 1
[DP-fwdX] L=48 states=1 -> 1
[DP-bwdX] L=64 states=1 -> 1
[DP-fwdX] L=48 states=1 -> 1
[DP-fwdX] L=48 states=1 -> 1
[DP-fwdX] L=48 states=1 -> 1
[DP-bwdX] L=64 states=1 -> 1
[DP-bwdX] L=64 states=1 -> 1
[DP-bwdX] L=64 states=1 -> 1
[DP-fwdX] L=64 states=1 -> 1
[DP-fwdX] L=80 states=141 -> 164
[DP-bwdX] L=128 states=1 -> 1
[DP-bwdX] L=112 states=186 -> 229
[DP-fwdX] L=64 states=1 -> 1
[DP-bwdX] L=96 states=1 -> 1
[DP-fwdX] L=64 states=1 -> 1
[DP-bwdX] L=80 states=1 -> 1
[DP-fwdX] L=64 states=1 -> 1
[DP-fwdX] L=64 states=1 -> 1
[DP-fwdX] L=64 states=1 -> 1
[DP-bwdX] L=80 states=1 -> 1
[DP-bwdX] L=80 states=1 -> 1
[DP-bwdX] L=80 states=1 -> 1
[DP-fwdX] L=80 states=1 -> 1
[DP-bwdX] L=96 states=1 -> 1
[DP-fwdX] L=80 states=1 -> 1
[DP-fwdX] L=80 states=1 -> 1
[DP-fwdX] L=80 states=1 -> 1
[DP-bwdX] L=96 states=1 -> 1
[DP-bwdX] L=96 states=1 -> 1
[DP-bwdX] L=96 states=1 -> 1
[DP-fwdX] L=96 states=1 -> 1
[DP-bwdX] L=128 states=1 -> 1
[DP-fwdX] L=96 states=1 -> 1
[DP-bwdX] L=112 states=1 -> 2
[DP-fwdX] L=96 states=1 -> 1
[DP-fwdX] L=96 states=1 -> 1
[DP-fwdX] L=96 states=1 -> 1
[DP-bwdX] L=112 states=1 -> 2
[DP-bwdX] L=112 states=1 -> 2
[DP-bwdX] L=112 states=1 -> 2
[DP-fwdX] L=112 states=1 -> 1
[DP-bwdX] L=128 states=1 -> 1
[DP-fwdX] L=112 states=1 -> 1
[DP-fwdX] L=112 states=1 -> 1
[DP-fwdX] L=112 states=1 -> 1
[DP-bwdX] L=128 states=1 -> 1
[DP-bwdX] L=128 states=1 -> 1
[DP-bwdX] L=128 states=1 -> 1
  [Round 16] T_prime=13  T_target=13  HPWL_w=1062899  HPWL_eq=1051  maxL=26  WNS(T')=-13  WNS*(T)=-13  picked=7  solve_ms=429.159
[OC-Shortest/pow2] m=16 h=8 SEG=4 bits=64 words=1 threads=24
[DP-fwdX] L=0 states=1 -> 1
[DP-fwdX] L=16 states=186 -> 229
[DP-fwdX] L=32 states=2755 -> 3100
[DP-fwdX] L=48 states=11271 -> 11887
[DP-bwdX] L=128 states=1 -> 1
[DP-bwdX] L=112 states=186 -> 229
[DP-bwdX] L=96 states=2755 -> 3100
[DP-bwdX] L=80 states=11271 -> 11887
[DP-fwdX] L=0 states=1 -> 1
[DP-fwdX] L=16 states=186 -> 229
[DP-bwdX] L=64 states=1 -> 1
[DP-bwdX] L=48 states=141 -> 164
[DP-fwdX] L=0 states=1 -> 1
[DP-bwdX] L=32 states=1 -> 1
[DP-fwdX] L=0 states=1 -> 1
[DP-bwdX] L=16 states=1 -> 2
[DP-fwdX] L=0 states=1 -> 1
[DP-fwdX] L=0 states=1 -> 1
[DP-fwdX] L=0 states=1 -> 1
[DP-bwdX] L=16 states=1 -> 2
[DP-bwdX] L=16 states=1 -> 2
[DP-bwdX] L=16 states=1 -> 2
[DP-fwdX] L=16 states=1 -> 3
[DP-bwdX] L=32 states=1 -> 1
[DP-fwdX] L=16 states=1 -> 3
[DP-fwdX] L=16 states=1 -> 3
[DP-fwdX] L=16 states=1 -> 3
[DP-bwdX] L=32 states=1 -> 1
[DP-bwdX] L=32 states=1 -> 1
[DP-bwdX] L=32 states=1 -> 1
[DP-fwdX] L=32 states=1 -> 1
[DP-bwdX] L=64 states=1 -> 1
[DP-fwdX] L=32 states=1 -> 1
[DP-bwdX] L=48 states=1 -> 1
[DP-fwdX] L=32 states=1 -> 1
[DP-fwdX] L=32 states=1 -> 1
[DP-fwdX] L=32 states=1 -> 1
[DP-bwdX] L=48 states=1 -> 1
[DP-bwdX] L=48 states=1 -> 1
[DP-bwdX] L=48 states=1 -> 1
[DP-fwdX] L=48 states=1 -> 1
[DP-bwdX] L=64 states=1 -> 1
[DP-fwdX] L=48 states=1 -> 1
[DP-fwdX] L=48 states=1 -> 1
[DP-fwdX] L=48 states=1 -> 1
[DP-bwdX] L=64 states=1 -> 1
[DP-bwdX] L=64 states=1 -> 1
[DP-bwdX] L=64 states=1 -> 1
[DP-fwdX] L=64 states=1 -> 1
[DP-fwdX] L=80 states=141 -> 164
[DP-bwdX] L=128 states=1 -> 1
[DP-bwdX] L=112 states=186 -> 229
[DP-fwdX] L=64 states=1 -> 1
[DP-bwdX] L=96 states=1 -> 1
[DP-fwdX] L=64 states=1 -> 1
[DP-bwdX] L=80 states=1 -> 1
[DP-fwdX] L=64 states=1 -> 1
[DP-fwdX] L=64 states=1 -> 1
[DP-fwdX] L=64 states=1 -> 1
[DP-bwdX] L=80 states=1 -> 1
[DP-bwdX] L=80 states=1 -> 1
[DP-bwdX] L=80 states=1 -> 1
[DP-fwdX] L=80 states=1 -> 1
[DP-bwdX] L=96 states=1 -> 1
[DP-fwdX] L=80 states=1 -> 1
[DP-fwdX] L=80 states=1 -> 1
[DP-fwdX] L=80 states=1 -> 1
[DP-bwdX] L=96 states=1 -> 1
[DP-bwdX] L=96 states=1 -> 1
[DP-bwdX] L=96 states=1 -> 1
[DP-fwdX] L=96 states=1 -> 1
[DP-bwdX] L=128 states=1 -> 1
[DP-fwdX] L=96 states=1 -> 1
[DP-bwdX] L=112 states=1 -> 1
[DP-fwdX] L=96 states=1 -> 1
[DP-fwdX] L=96 states=1 -> 1
[DP-fwdX] L=96 states=1 -> 1
[DP-bwdX] L=112 states=1 -> 1
[DP-bwdX] L=112 states=1 -> 1
[DP-bwdX] L=112 states=1 -> 1
[DP-fwdX] L=112 states=1 -> 1
[DP-bwdX] L=128 states=1 -> 1
[DP-fwdX] L=112 states=1 -> 1
[DP-fwdX] L=112 states=1 -> 1
[DP-fwdX] L=112 states=1 -> 1
[DP-bwdX] L=128 states=1 -> 1
[DP-bwdX] L=128 states=1 -> 1
[DP-bwdX] L=128 states=1 -> 1
  [Round 17] T_prime=13  T_target=13  HPWL_w=1065824  HPWL_eq=1042  maxL=20  WNS(T')=-7  WNS*(T)=-7  picked=7  solve_ms=419.84
[OC-Shortest/pow2] m=16 h=8 SEG=4 bits=64 words=1 threads=24
[DP-fwdX] L=0 states=1 -> 1
[DP-fwdX] L=16 states=186 -> 229
[DP-fwdX] L=32 states=2755 -> 3100
[DP-fwdX] L=48 states=11271 -> 11887
[DP-bwdX] L=128 states=1 -> 1
[DP-bwdX] L=112 states=186 -> 229
[DP-bwdX] L=96 states=2755 -> 3100
[DP-bwdX] L=80 states=11271 -> 11887
[DP-fwdX] L=0 states=1 -> 1
[DP-fwdX] L=16 states=186 -> 229
[DP-bwdX] L=64 states=1 -> 1
[DP-bwdX] L=48 states=141 -> 164
[DP-fwdX] L=0 states=1 -> 1
[DP-bwdX] L=32 states=1 -> 1
[DP-fwdX] L=0 states=1 -> 1
[DP-bwdX] L=16 states=1 -> 1
[DP-fwdX] L=0 states=1 -> 1
[DP-fwdX] L=0 states=1 -> 1
[DP-fwdX] L=0 states=1 -> 1
[DP-bwdX] L=16 states=1 -> 1
[DP-bwdX] L=16 states=1 -> 1
[DP-bwdX] L=16 states=1 -> 1
[DP-fwdX] L=16 states=1 -> 2
[DP-bwdX] L=32 states=1 -> 1
[DP-fwdX] L=16 states=1 -> 2
[DP-fwdX] L=16 states=1 -> 2
[DP-fwdX] L=16 states=1 -> 2
[DP-bwdX] L=32 states=1 -> 1
[DP-bwdX] L=32 states=1 -> 1
[DP-bwdX] L=32 states=1 -> 1
[DP-fwdX] L=32 states=1 -> 1
[DP-bwdX] L=64 states=1 -> 1
[DP-fwdX] L=32 states=1 -> 1
[DP-bwdX] L=48 states=1 -> 1
[DP-fwdX] L=32 states=1 -> 1
[DP-fwdX] L=32 states=1 -> 1
[DP-fwdX] L=32 states=1 -> 1
[DP-bwdX] L=48 states=1 -> 1
[DP-bwdX] L=48 states=1 -> 1
[DP-bwdX] L=48 states=1 -> 1
[DP-fwdX] L=48 states=1 -> 1
[DP-bwdX] L=64 states=1 -> 1
[DP-fwdX] L=48 states=1 -> 1
[DP-fwdX] L=48 states=1 -> 1
[DP-fwdX] L=48 states=1 -> 1
[DP-bwdX] L=64 states=1 -> 1
[DP-bwdX] L=64 states=1 -> 1
[DP-bwdX] L=64 states=1 -> 1
[DP-fwdX] L=64 states=1 -> 1
[DP-fwdX] L=80 states=141 -> 164
[DP-bwdX] L=128 states=1 -> 1
[DP-bwdX] L=112 states=186 -> 229
[DP-fwdX] L=64 states=1 -> 1
[DP-bwdX] L=96 states=1 -> 1
[DP-fwdX] L=64 states=1 -> 1
[DP-bwdX] L=80 states=1 -> 1
[DP-fwdX] L=64 states=1 -> 1
[DP-fwdX] L=64 states=1 -> 1
[DP-fwdX] L=64 states=1 -> 1
[DP-bwdX] L=80 states=1 -> 1
[DP-bwdX] L=80 states=1 -> 1
[DP-bwdX] L=80 states=1 -> 1
[DP-fwdX] L=80 states=1 -> 1
[DP-bwdX] L=96 states=1 -> 1
[DP-fwdX] L=80 states=1 -> 1
[DP-fwdX] L=80 states=1 -> 1
[DP-fwdX] L=80 states=1 -> 1
[DP-bwdX] L=96 states=1 -> 1
[DP-bwdX] L=96 states=1 -> 1
[DP-bwdX] L=96 states=1 -> 1
[DP-fwdX] L=96 states=1 -> 1
[DP-bwdX] L=128 states=1 -> 1
[DP-fwdX] L=96 states=1 -> 1
[DP-bwdX] L=112 states=1 -> 1
[DP-fwdX] L=96 states=1 -> 1
[DP-fwdX] L=96 states=1 -> 1
[DP-fwdX] L=96 states=1 -> 1
[DP-bwdX] L=112 states=1 -> 1
[DP-bwdX] L=112 states=1 -> 1
[DP-bwdX] L=112 states=1 -> 1
[DP-fwdX] L=112 states=1 -> 1
[DP-bwdX] L=128 states=1 -> 1
[DP-fwdX] L=112 states=1 -> 1
[DP-fwdX] L=112 states=1 -> 1
[DP-fwdX] L=112 states=1 -> 1
[DP-bwdX] L=128 states=1 -> 1
[DP-bwdX] L=128 states=1 -> 1
[DP-bwdX] L=128 states=1 -> 1
  [Round 18] T_prime=13  T_target=13  HPWL_w=1069335  HPWL_eq=1051  maxL=26  WNS(T')=-13  WNS*(T)=-13  picked=7  solve_ms=426.36
[OC-Shortest/pow2] m=16 h=8 SEG=4 bits=64 words=1 threads=24
[DP-fwdX] L=0 states=1 -> 1
[DP-fwdX] L=16 states=186 -> 229
[DP-fwdX] L=32 states=2755 -> 3100
[DP-fwdX] L=48 states=11271 -> 11887
[DP-bwdX] L=128 states=1 -> 1
[DP-bwdX] L=112 states=186 -> 229
[DP-bwdX] L=96 states=2755 -> 3100
[DP-bwdX] L=80 states=11271 -> 11887
[DP-fwdX] L=0 states=1 -> 1
[DP-fwdX] L=16 states=186 -> 229
[DP-bwdX] L=64 states=1 -> 1
[DP-bwdX] L=48 states=141 -> 164
[DP-fwdX] L=0 states=1 -> 1
[DP-bwdX] L=32 states=1 -> 1
[DP-fwdX] L=0 states=1 -> 1
[DP-bwdX] L=16 states=1 -> 1
[DP-fwdX] L=0 states=1 -> 1
[DP-fwdX] L=0 states=1 -> 1
[DP-fwdX] L=0 states=1 -> 1
[DP-bwdX] L=16 states=1 -> 1
[DP-bwdX] L=16 states=1 -> 1
[DP-bwdX] L=16 states=1 -> 1
[DP-fwdX] L=16 states=1 -> 1
[DP-bwdX] L=32 states=1 -> 1
[DP-fwdX] L=16 states=1 -> 1
[DP-fwdX] L=16 states=1 -> 1
[DP-fwdX] L=16 states=1 -> 1
[DP-bwdX] L=32 states=1 -> 1
[DP-bwdX] L=32 states=1 -> 1
[DP-bwdX] L=32 states=1 -> 1
[DP-fwdX] L=32 states=1 -> 1
[DP-bwdX] L=64 states=1 -> 1
[DP-fwdX] L=32 states=1 -> 1
[DP-bwdX] L=48 states=1 -> 1
[DP-fwdX] L=32 states=1 -> 1
[DP-fwdX] L=32 states=1 -> 1
[DP-fwdX] L=32 states=1 -> 1
[DP-bwdX] L=48 states=1 -> 1
[DP-bwdX] L=48 states=1 -> 1
[DP-bwdX] L=48 states=1 -> 1
[DP-fwdX] L=48 states=1 -> 1
[DP-bwdX] L=64 states=1 -> 1
[DP-fwdX] L=48 states=1 -> 1
[DP-fwdX] L=48 states=1 -> 1
[DP-fwdX] L=48 states=1 -> 1
[DP-bwdX] L=64 states=1 -> 1
[DP-bwdX] L=64 states=1 -> 1
[DP-bwdX] L=64 states=1 -> 1
[DP-fwdX] L=64 states=1 -> 1
[DP-fwdX] L=80 states=141 -> 164
[DP-bwdX] L=128 states=1 -> 1
[DP-bwdX] L=112 states=186 -> 229
[DP-fwdX] L=64 states=1 -> 1
[DP-bwdX] L=96 states=1 -> 1
[DP-fwdX] L=64 states=1 -> 1
[DP-bwdX] L=80 states=1 -> 1
[DP-fwdX] L=64 states=1 -> 1
[DP-fwdX] L=64 states=1 -> 1
[DP-fwdX] L=64 states=1 -> 1
[DP-bwdX] L=80 states=1 -> 1
[DP-bwdX] L=80 states=1 -> 1
[DP-bwdX] L=80 states=1 -> 1
[DP-fwdX] L=80 states=1 -> 1
[DP-bwdX] L=96 states=1 -> 1
[DP-fwdX] L=80 states=1 -> 1
[DP-fwdX] L=80 states=1 -> 1
[DP-fwdX] L=80 states=1 -> 1
[DP-bwdX] L=96 states=1 -> 1
[DP-bwdX] L=96 states=1 -> 1
[DP-bwdX] L=96 states=1 -> 1
[DP-fwdX] L=96 states=1 -> 1
[DP-bwdX] L=128 states=1 -> 1
[DP-fwdX] L=96 states=1 -> 1
[DP-bwdX] L=112 states=1 -> 2
[DP-fwdX] L=96 states=1 -> 1
[DP-fwdX] L=96 states=1 -> 1
[DP-fwdX] L=96 states=1 -> 1
[DP-bwdX] L=112 states=1 -> 2
[DP-bwdX] L=112 states=1 -> 2
[DP-bwdX] L=112 states=1 -> 2
[DP-fwdX] L=112 states=1 -> 1
[DP-bwdX] L=128 states=1 -> 1
[DP-fwdX] L=112 states=1 -> 1
[DP-fwdX] L=112 states=1 -> 1
[DP-fwdX] L=112 states=1 -> 1
[DP-bwdX] L=128 states=1 -> 1
[DP-bwdX] L=128 states=1 -> 1
[DP-bwdX] L=128 states=1 -> 1
  [Round 19] T_prime=13  T_target=13  HPWL_w=1072462  HPWL_eq=1051  maxL=26  WNS(T')=-13  WNS*(T)=-13  picked=7  solve_ms=417.337
[OC-Shortest/pow2] m=16 h=8 SEG=4 bits=64 words=1 threads=24
[DP-fwdX] L=0 states=1 -> 1
[DP-fwdX] L=16 states=186 -> 229
[DP-fwdX] L=32 states=2755 -> 3100
[DP-fwdX] L=48 states=11271 -> 11887
[DP-bwdX] L=128 states=1 -> 1
[DP-bwdX] L=112 states=186 -> 229
[DP-bwdX] L=96 states=2755 -> 3100
[DP-bwdX] L=80 states=11271 -> 11887
[DP-fwdX] L=0 states=1 -> 1
[DP-fwdX] L=16 states=186 -> 229
[DP-bwdX] L=64 states=1 -> 1
[DP-bwdX] L=48 states=141 -> 164
[DP-fwdX] L=0 states=1 -> 1
[DP-bwdX] L=32 states=1 -> 1
[DP-fwdX] L=0 states=1 -> 1
[DP-bwdX] L=16 states=1 -> 1
[DP-fwdX] L=0 states=1 -> 1
[DP-fwdX] L=0 states=1 -> 1
[DP-fwdX] L=0 states=1 -> 1
[DP-bwdX] L=16 states=1 -> 1
[DP-bwdX] L=16 states=1 -> 1
[DP-bwdX] L=16 states=1 -> 1
[DP-fwdX] L=16 states=1 -> 1
[DP-bwdX] L=32 states=1 -> 1
[DP-fwdX] L=16 states=1 -> 1
[DP-fwdX] L=16 states=1 -> 1
[DP-fwdX] L=16 states=1 -> 1
[DP-bwdX] L=32 states=1 -> 1
[DP-bwdX] L=32 states=1 -> 1
[DP-bwdX] L=32 states=1 -> 1
[DP-fwdX] L=32 states=1 -> 1
[DP-bwdX] L=64 states=1 -> 1
[DP-fwdX] L=32 states=1 -> 1
[DP-bwdX] L=48 states=1 -> 1
[DP-fwdX] L=32 states=1 -> 1
[DP-fwdX] L=32 states=1 -> 1
[DP-fwdX] L=32 states=1 -> 1
[DP-bwdX] L=48 states=1 -> 1
[DP-bwdX] L=48 states=1 -> 1
[DP-bwdX] L=48 states=1 -> 1
[DP-fwdX] L=48 states=1 -> 1
[DP-bwdX] L=64 states=1 -> 1
[DP-fwdX] L=48 states=1 -> 1
[DP-fwdX] L=48 states=1 -> 1
[DP-fwdX] L=48 states=1 -> 1
[DP-bwdX] L=64 states=1 -> 1
[DP-bwdX] L=64 states=1 -> 1
[DP-bwdX] L=64 states=1 -> 1
[DP-fwdX] L=64 states=1 -> 1
[DP-fwdX] L=80 states=141 -> 164
[DP-bwdX] L=128 states=1 -> 1
[DP-bwdX] L=112 states=186 -> 229
[DP-fwdX] L=64 states=1 -> 1
[DP-bwdX] L=96 states=1 -> 1
[DP-fwdX] L=64 states=1 -> 1
[DP-bwdX] L=80 states=1 -> 1
[DP-fwdX] L=64 states=1 -> 1
[DP-fwdX] L=64 states=1 -> 1
[DP-fwdX] L=64 states=1 -> 1
[DP-bwdX] L=80 states=1 -> 1
[DP-bwdX] L=80 states=1 -> 1
[DP-bwdX] L=80 states=1 -> 1
[DP-fwdX] L=80 states=1 -> 1
[DP-bwdX] L=96 states=1 -> 1
[DP-fwdX] L=80 states=1 -> 1
[DP-fwdX] L=80 states=1 -> 1
[DP-fwdX] L=80 states=1 -> 1
[DP-bwdX] L=96 states=1 -> 1
[DP-bwdX] L=96 states=1 -> 1
[DP-bwdX] L=96 states=1 -> 1
[DP-fwdX] L=96 states=1 -> 1
[DP-bwdX] L=128 states=1 -> 1
[DP-fwdX] L=96 states=1 -> 1
[DP-bwdX] L=112 states=1 -> 3
[DP-fwdX] L=96 states=1 -> 1
[DP-fwdX] L=96 states=1 -> 1
[DP-fwdX] L=96 states=1 -> 1
[DP-bwdX] L=112 states=1 -> 3
[DP-bwdX] L=112 states=1 -> 3
[DP-bwdX] L=112 states=1 -> 3
[DP-fwdX] L=112 states=1 -> 2
[DP-bwdX] L=128 states=1 -> 1
[DP-fwdX] L=112 states=1 -> 2
[DP-fwdX] L=112 states=1 -> 2
[DP-fwdX] L=112 states=1 -> 2
[DP-bwdX] L=128 states=1 -> 1
[DP-bwdX] L=128 states=1 -> 1
[DP-bwdX] L=128 states=1 -> 1
  [Round 20] T_prime=13  T_target=13  HPWL_w=1076334  HPWL_eq=1042  maxL=20  WNS(T')=-7  WNS*(T)=-7  picked=7  solve_ms=495.57
[OC-Shortest/pow2] m=16 h=8 SEG=4 bits=64 words=1 threads=24
[DP-fwdX] L=0 states=1 -> 1
[DP-fwdX] L=16 states=186 -> 229
[DP-fwdX] L=32 states=2755 -> 3100
[DP-fwdX] L=48 states=11271 -> 11887
[DP-bwdX] L=128 states=1 -> 1
[DP-bwdX] L=112 states=186 -> 229
[DP-bwdX] L=96 states=2755 -> 3100
[DP-bwdX] L=80 states=11271 -> 11887
[DP-fwdX] L=0 states=1 -> 1
[DP-fwdX] L=16 states=186 -> 229
[DP-bwdX] L=64 states=1 -> 1
[DP-bwdX] L=48 states=141 -> 164
[DP-fwdX] L=0 states=1 -> 1
[DP-bwdX] L=32 states=1 -> 1
[DP-fwdX] L=0 states=1 -> 1
[DP-bwdX] L=16 states=1 -> 2
[DP-fwdX] L=0 states=1 -> 1
[DP-fwdX] L=0 states=1 -> 1
[DP-fwdX] L=0 states=1 -> 1
[DP-bwdX] L=16 states=1 -> 2
[DP-bwdX] L=16 states=1 -> 2
[DP-bwdX] L=16 states=1 -> 2
[DP-fwdX] L=16 states=1 -> 3
[DP-bwdX] L=32 states=1 -> 1
[DP-fwdX] L=16 states=1 -> 3
[DP-fwdX] L=16 states=1 -> 3
[DP-fwdX] L=16 states=1 -> 3
[DP-bwdX] L=32 states=1 -> 1
[DP-bwdX] L=32 states=1 -> 1
[DP-bwdX] L=32 states=1 -> 1
[DP-fwdX] L=32 states=1 -> 1
[DP-bwdX] L=64 states=1 -> 1
[DP-fwdX] L=32 states=1 -> 1
[DP-bwdX] L=48 states=1 -> 1
[DP-fwdX] L=32 states=1 -> 1
[DP-fwdX] L=32 states=1 -> 1
[DP-fwdX] L=32 states=1 -> 1
[DP-bwdX] L=48 states=1 -> 1
[DP-bwdX] L=48 states=1 -> 1
[DP-bwdX] L=48 states=1 -> 1
[DP-fwdX] L=48 states=1 -> 1
[DP-bwdX] L=64 states=1 -> 1
[DP-fwdX] L=48 states=1 -> 1
[DP-fwdX] L=48 states=1 -> 1
[DP-fwdX] L=48 states=1 -> 1
[DP-bwdX] L=64 states=1 -> 1
[DP-bwdX] L=64 states=1 -> 1
[DP-bwdX] L=64 states=1 -> 1
[DP-fwdX] L=64 states=1 -> 1
[DP-fwdX] L=80 states=141 -> 164
[DP-bwdX] L=128 states=1 -> 1
[DP-bwdX] L=112 states=186 -> 229
[DP-fwdX] L=64 states=1 -> 1
[DP-bwdX] L=96 states=1 -> 1
[DP-fwdX] L=64 states=1 -> 1
[DP-bwdX] L=80 states=1 -> 1
[DP-fwdX] L=64 states=1 -> 1
[DP-fwdX] L=64 states=1 -> 1
[DP-fwdX] L=64 states=1 -> 1
[DP-bwdX] L=80 states=1 -> 1
[DP-bwdX] L=80 states=1 -> 1
[DP-bwdX] L=80 states=1 -> 1
[DP-fwdX] L=80 states=1 -> 1
[DP-bwdX] L=96 states=1 -> 1
[DP-fwdX] L=80 states=1 -> 1
[DP-fwdX] L=80 states=1 -> 1
[DP-fwdX] L=80 states=1 -> 1
[DP-bwdX] L=96 states=1 -> 1
[DP-bwdX] L=96 states=1 -> 1
[DP-bwdX] L=96 states=1 -> 1
[DP-fwdX] L=96 states=1 -> 1
[DP-bwdX] L=128 states=1 -> 1
[DP-fwdX] L=96 states=1 -> 1
[DP-bwdX] L=112 states=1 -> 1
[DP-fwdX] L=96 states=1 -> 1
[DP-fwdX] L=96 states=1 -> 1
[DP-fwdX] L=96 states=1 -> 1
[DP-bwdX] L=112 states=1 -> 1
[DP-bwdX] L=112 states=1 -> 1
[DP-bwdX] L=112 states=1 -> 1
[DP-fwdX] L=112 states=1 -> 1
[DP-bwdX] L=128 states=1 -> 1
[DP-fwdX] L=112 states=1 -> 1
[DP-fwdX] L=112 states=1 -> 1
[DP-fwdX] L=112 states=1 -> 1
[DP-bwdX] L=128 states=1 -> 1
[DP-bwdX] L=128 states=1 -> 1
[DP-bwdX] L=128 states=1 -> 1
  [Round 21] T_prime=13  T_target=13  HPWL_w=1079492  HPWL_eq=1042  maxL=20  WNS(T')=-7  WNS*(T)=-7  picked=7  solve_ms=428.048
[OC-Shortest/pow2] m=16 h=8 SEG=4 bits=64 words=1 threads=24
[DP-fwdX] L=0 states=1 -> 1
[DP-fwdX] L=16 states=186 -> 229
[DP-fwdX] L=32 states=2755 -> 3100
[DP-fwdX] L=48 states=11271 -> 11887
[DP-bwdX] L=128 states=1 -> 1
[DP-bwdX] L=112 states=186 -> 229
[DP-bwdX] L=96 states=2755 -> 3100
[DP-bwdX] L=80 states=11271 -> 11887
[DP-fwdX] L=0 states=1 -> 1
[DP-fwdX] L=16 states=186 -> 229
[DP-bwdX] L=64 states=1 -> 1
[DP-bwdX] L=48 states=141 -> 164
[DP-fwdX] L=0 states=1 -> 1
[DP-bwdX] L=32 states=1 -> 1
[DP-fwdX] L=0 states=1 -> 1
[DP-bwdX] L=16 states=1 -> 1
[DP-fwdX] L=0 states=1 -> 1
[DP-fwdX] L=0 states=1 -> 1
[DP-fwdX] L=0 states=1 -> 1
[DP-bwdX] L=16 states=1 -> 1
[DP-bwdX] L=16 states=1 -> 1
[DP-bwdX] L=16 states=1 -> 1
[DP-fwdX] L=16 states=1 -> 1
[DP-bwdX] L=32 states=1 -> 1
[DP-fwdX] L=16 states=1 -> 1
[DP-fwdX] L=16 states=1 -> 1
[DP-fwdX] L=16 states=1 -> 1
[DP-bwdX] L=32 states=1 -> 1
[DP-bwdX] L=32 states=1 -> 1
[DP-bwdX] L=32 states=1 -> 1
[DP-fwdX] L=32 states=1 -> 1
[DP-bwdX] L=64 states=1 -> 1
[DP-fwdX] L=32 states=1 -> 1
[DP-bwdX] L=48 states=1 -> 1
[DP-fwdX] L=32 states=1 -> 1
[DP-fwdX] L=32 states=1 -> 1
[DP-fwdX] L=32 states=1 -> 1
[DP-bwdX] L=48 states=1 -> 1
[DP-bwdX] L=48 states=1 -> 1
[DP-bwdX] L=48 states=1 -> 1
[DP-fwdX] L=48 states=1 -> 1
[DP-bwdX] L=64 states=1 -> 1
[DP-fwdX] L=48 states=1 -> 1
[DP-fwdX] L=48 states=1 -> 1
[DP-fwdX] L=48 states=1 -> 1
[DP-bwdX] L=64 states=1 -> 1
[DP-bwdX] L=64 states=1 -> 1
[DP-bwdX] L=64 states=1 -> 1
[DP-fwdX] L=64 states=1 -> 1
[DP-fwdX] L=80 states=141 -> 164
[DP-bwdX] L=128 states=1 -> 1
[DP-bwdX] L=112 states=186 -> 229
[DP-fwdX] L=64 states=1 -> 1
[DP-bwdX] L=96 states=1 -> 1
[DP-fwdX] L=64 states=1 -> 1
[DP-bwdX] L=80 states=1 -> 1
[DP-fwdX] L=64 states=1 -> 1
[DP-fwdX] L=64 states=1 -> 1
[DP-fwdX] L=64 states=1 -> 1
[DP-bwdX] L=80 states=1 -> 1
[DP-bwdX] L=80 states=1 -> 1
[DP-bwdX] L=80 states=1 -> 1
[DP-fwdX] L=80 states=1 -> 1
[DP-bwdX] L=96 states=1 -> 1
[DP-fwdX] L=80 states=1 -> 1
[DP-fwdX] L=80 states=1 -> 1
[DP-fwdX] L=80 states=1 -> 1
[DP-bwdX] L=96 states=1 -> 1
[DP-bwdX] L=96 states=1 -> 1
[DP-bwdX] L=96 states=1 -> 1
[DP-fwdX] L=96 states=1 -> 1
[DP-bwdX] L=128 states=1 -> 1
[DP-fwdX] L=96 states=1 -> 1
[DP-bwdX] L=112 states=1 -> 1
[DP-fwdX] L=96 states=1 -> 1
[DP-fwdX] L=96 states=1 -> 1
[DP-fwdX] L=96 states=1 -> 1
[DP-bwdX] L=112 states=1 -> 1
[DP-bwdX] L=112 states=1 -> 1
[DP-bwdX] L=112 states=1 -> 1
[DP-fwdX] L=112 states=1 -> 1
[DP-bwdX] L=128 states=1 -> 1
[DP-fwdX] L=112 states=1 -> 1
[DP-fwdX] L=112 states=1 -> 1
[DP-fwdX] L=112 states=1 -> 1
[DP-bwdX] L=128 states=1 -> 1
[DP-bwdX] L=128 states=1 -> 1
[DP-bwdX] L=128 states=1 -> 1
  [Round 22] T_prime=13  T_target=13  HPWL_w=1082950  HPWL_eq=1044  maxL=14  WNS(T')=-1  WNS*(T)=-1  picked=4  solve_ms=428.761
[OC-Shortest/pow2] m=16 h=8 SEG=4 bits=64 words=1 threads=24
[DP-fwdX] L=0 states=1 -> 1
[DP-fwdX] L=16 states=186 -> 229
[DP-fwdX] L=32 states=2755 -> 3100
[DP-fwdX] L=48 states=11271 -> 11887
[DP-bwdX] L=128 states=1 -> 1
[DP-bwdX] L=112 states=186 -> 229
[DP-bwdX] L=96 states=2755 -> 3100
[DP-bwdX] L=80 states=11271 -> 11887
[DP-fwdX] L=0 states=1 -> 1
[DP-fwdX] L=16 states=186 -> 229
[DP-bwdX] L=64 states=1 -> 1
[DP-bwdX] L=48 states=141 -> 164
[DP-fwdX] L=0 states=1 -> 1
[DP-bwdX] L=32 states=1 -> 1
[DP-fwdX] L=0 states=1 -> 1
[DP-bwdX] L=16 states=1 -> 1
[DP-fwdX] L=0 states=1 -> 1
[DP-fwdX] L=0 states=1 -> 1
[DP-fwdX] L=0 states=1 -> 1
[DP-bwdX] L=16 states=1 -> 1
[DP-bwdX] L=16 states=1 -> 1
[DP-bwdX] L=16 states=1 -> 1
[DP-fwdX] L=16 states=1 -> 1
[DP-bwdX] L=32 states=1 -> 1
[DP-fwdX] L=16 states=1 -> 1
[DP-fwdX] L=16 states=1 -> 1
[DP-fwdX] L=16 states=1 -> 1
[DP-bwdX] L=32 states=1 -> 1
[DP-bwdX] L=32 states=1 -> 1
[DP-bwdX] L=32 states=1 -> 1
[DP-fwdX] L=32 states=1 -> 1
[DP-bwdX] L=64 states=1 -> 1
[DP-fwdX] L=32 states=1 -> 1
[DP-bwdX] L=48 states=1 -> 1
[DP-fwdX] L=32 states=1 -> 1
[DP-fwdX] L=32 states=1 -> 1
[DP-fwdX] L=32 states=1 -> 1
[DP-bwdX] L=48 states=1 -> 1
[DP-bwdX] L=48 states=1 -> 1
[DP-bwdX] L=48 states=1 -> 1
[DP-fwdX] L=48 states=1 -> 1
[DP-bwdX] L=64 states=1 -> 1
[DP-fwdX] L=48 states=1 -> 1
[DP-fwdX] L=48 states=1 -> 1
[DP-fwdX] L=48 states=1 -> 1
[DP-bwdX] L=64 states=1 -> 1
[DP-bwdX] L=64 states=1 -> 1
[DP-bwdX] L=64 states=1 -> 1
[DP-fwdX] L=64 states=1 -> 1
[DP-fwdX] L=80 states=141 -> 164
[DP-bwdX] L=128 states=1 -> 1
[DP-bwdX] L=112 states=186 -> 229
[DP-fwdX] L=64 states=1 -> 1
[DP-bwdX] L=96 states=1 -> 1
[DP-fwdX] L=64 states=1 -> 1
[DP-bwdX] L=80 states=1 -> 1
[DP-fwdX] L=64 states=1 -> 1
[DP-fwdX] L=64 states=1 -> 1
[DP-fwdX] L=64 states=1 -> 1
[DP-bwdX] L=80 states=1 -> 1
[DP-bwdX] L=80 states=1 -> 1
[DP-bwdX] L=80 states=1 -> 1
[DP-fwdX] L=80 states=1 -> 1
[DP-bwdX] L=96 states=1 -> 1
[DP-fwdX] L=80 states=1 -> 1
[DP-fwdX] L=80 states=1 -> 1
[DP-fwdX] L=80 states=1 -> 1
[DP-bwdX] L=96 states=1 -> 1
[DP-bwdX] L=96 states=1 -> 1
[DP-bwdX] L=96 states=1 -> 1
[DP-fwdX] L=96 states=1 -> 1
[DP-bwdX] L=128 states=1 -> 1
[DP-fwdX] L=96 states=1 -> 1
[DP-bwdX] L=112 states=1 -> 1
[DP-fwdX] L=96 states=1 -> 1
[DP-fwdX] L=96 states=1 -> 1
[DP-fwdX] L=96 states=1 -> 1
[DP-bwdX] L=112 states=1 -> 1
[DP-bwdX] L=112 states=1 -> 1
[DP-bwdX] L=112 states=1 -> 1
[DP-fwdX] L=112 states=1 -> 1
[DP-bwdX] L=128 states=1 -> 1
[DP-fwdX] L=112 states=1 -> 1
[DP-fwdX] L=112 states=1 -> 1
[DP-fwdX] L=112 states=1 -> 1
[DP-bwdX] L=128 states=1 -> 1
[DP-bwdX] L=128 states=1 -> 1
[DP-bwdX] L=128 states=1 -> 1
  [Round 23] T_prime=13  T_target=13  HPWL_w=1085316  HPWL_eq=1044  maxL=14  WNS(T')=-1  WNS*(T)=-1  picked=4  solve_ms=413.759
[OC-Shortest/pow2] m=16 h=8 SEG=4 bits=64 words=1 threads=24
[DP-fwdX] L=0 states=1 -> 1
[DP-fwdX] L=16 states=186 -> 229
[DP-fwdX] L=32 states=2755 -> 3100
[DP-fwdX] L=48 states=11271 -> 11887
[DP-bwdX] L=128 states=1 -> 1
[DP-bwdX] L=112 states=186 -> 229
[DP-bwdX] L=96 states=2755 -> 3100
[DP-bwdX] L=80 states=11271 -> 11887
[DP-fwdX] L=0 states=1 -> 1
[DP-fwdX] L=16 states=186 -> 229
[DP-bwdX] L=64 states=1 -> 1
[DP-bwdX] L=48 states=141 -> 164
[DP-fwdX] L=0 states=1 -> 1
[DP-bwdX] L=32 states=1 -> 1
[DP-fwdX] L=0 states=1 -> 1
[DP-bwdX] L=16 states=1 -> 1
[DP-fwdX] L=0 states=1 -> 1
[DP-fwdX] L=0 states=1 -> 1
[DP-fwdX] L=0 states=1 -> 1
[DP-bwdX] L=16 states=1 -> 1
[DP-bwdX] L=16 states=1 -> 1
[DP-bwdX] L=16 states=1 -> 1
[DP-fwdX] L=16 states=1 -> 2
[DP-bwdX] L=32 states=1 -> 1
[DP-fwdX] L=16 states=1 -> 2
[DP-fwdX] L=16 states=1 -> 2
[DP-fwdX] L=16 states=1 -> 2
[DP-bwdX] L=32 states=1 -> 1
[DP-bwdX] L=32 states=1 -> 1
[DP-bwdX] L=32 states=1 -> 1
[DP-fwdX] L=32 states=1 -> 1
[DP-bwdX] L=64 states=1 -> 1
[DP-fwdX] L=32 states=1 -> 1
[DP-bwdX] L=48 states=1 -> 1
[DP-fwdX] L=32 states=1 -> 1
[DP-fwdX] L=32 states=1 -> 1
[DP-fwdX] L=32 states=1 -> 1
[DP-bwdX] L=48 states=1 -> 1
[DP-bwdX] L=48 states=1 -> 1
[DP-bwdX] L=48 states=1 -> 1
[DP-fwdX] L=48 states=1 -> 1
[DP-bwdX] L=64 states=1 -> 1
[DP-fwdX] L=48 states=1 -> 1
[DP-fwdX] L=48 states=1 -> 1
[DP-fwdX] L=48 states=1 -> 1
[DP-bwdX] L=64 states=1 -> 1
[DP-bwdX] L=64 states=1 -> 1
[DP-bwdX] L=64 states=1 -> 1
[DP-fwdX] L=64 states=1 -> 1
[DP-fwdX] L=80 states=141 -> 164
[DP-bwdX] L=128 states=1 -> 1
[DP-bwdX] L=112 states=186 -> 229
[DP-fwdX] L=64 states=1 -> 1
[DP-bwdX] L=96 states=1 -> 1
[DP-fwdX] L=64 states=1 -> 1
[DP-bwdX] L=80 states=1 -> 1
[DP-fwdX] L=64 states=1 -> 1
[DP-fwdX] L=64 states=1 -> 1
[DP-fwdX] L=64 states=1 -> 1
[DP-bwdX] L=80 states=1 -> 1
[DP-bwdX] L=80 states=1 -> 1
[DP-bwdX] L=80 states=1 -> 1
[DP-fwdX] L=80 states=1 -> 1
[DP-bwdX] L=96 states=1 -> 1
[DP-fwdX] L=80 states=1 -> 1
[DP-fwdX] L=80 states=1 -> 1
[DP-fwdX] L=80 states=1 -> 1
[DP-bwdX] L=96 states=1 -> 1
[DP-bwdX] L=96 states=1 -> 1
[DP-bwdX] L=96 states=1 -> 1
[DP-fwdX] L=96 states=1 -> 1
[DP-bwdX] L=128 states=1 -> 1
[DP-fwdX] L=96 states=1 -> 1
[DP-bwdX] L=112 states=1 -> 2
[DP-fwdX] L=96 states=1 -> 1
[DP-fwdX] L=96 states=1 -> 1
[DP-fwdX] L=96 states=1 -> 1
[DP-bwdX] L=112 states=1 -> 2
[DP-bwdX] L=112 states=1 -> 2
[DP-bwdX] L=112 states=1 -> 2
[DP-fwdX] L=112 states=1 -> 1
[DP-bwdX] L=128 states=1 -> 1
[DP-fwdX] L=112 states=1 -> 1
[DP-fwdX] L=112 states=1 -> 1
[DP-fwdX] L=112 states=1 -> 1
[DP-bwdX] L=128 states=1 -> 1
[DP-bwdX] L=128 states=1 -> 1
[DP-bwdX] L=128 states=1 -> 1
  [Round 24] T_prime=13  T_target=13  HPWL_w=1086252  HPWL_eq=1058  maxL=26  WNS(T')=-13  WNS*(T)=-13  picked=8  solve_ms=419.348
[OC-Shortest/pow2] m=16 h=8 SEG=4 bits=64 words=1 threads=24
[DP-fwdX] L=0 states=1 -> 1
[DP-fwdX] L=16 states=186 -> 229
[DP-fwdX] L=32 states=2755 -> 3100
[DP-fwdX] L=48 states=11271 -> 11887
[DP-bwdX] L=128 states=1 -> 1
[DP-bwdX] L=112 states=186 -> 229
[DP-bwdX] L=96 states=2755 -> 3100
[DP-bwdX] L=80 states=11271 -> 11887
[DP-fwdX] L=0 states=1 -> 1
[DP-fwdX] L=16 states=186 -> 229
[DP-bwdX] L=64 states=1 -> 1
[DP-bwdX] L=48 states=141 -> 164
[DP-fwdX] L=0 states=1 -> 1
[DP-bwdX] L=32 states=1 -> 1
[DP-fwdX] L=0 states=1 -> 1
[DP-bwdX] L=16 states=1 -> 1
[DP-fwdX] L=0 states=1 -> 1
[DP-fwdX] L=0 states=1 -> 1
[DP-fwdX] L=0 states=1 -> 1
[DP-bwdX] L=16 states=1 -> 1
[DP-bwdX] L=16 states=1 -> 1
[DP-bwdX] L=16 states=1 -> 1
[DP-fwdX] L=16 states=1 -> 1
[DP-bwdX] L=32 states=1 -> 1
[DP-fwdX] L=16 states=1 -> 1
[DP-fwdX] L=16 states=1 -> 1
[DP-fwdX] L=16 states=1 -> 1
[DP-bwdX] L=32 states=1 -> 1
[DP-bwdX] L=32 states=1 -> 1
[DP-bwdX] L=32 states=1 -> 1
[DP-fwdX] L=32 states=1 -> 1
[DP-bwdX] L=64 states=1 -> 1
[DP-fwdX] L=32 states=1 -> 1
[DP-bwdX] L=48 states=1 -> 1
[DP-fwdX] L=32 states=1 -> 1
[DP-fwdX] L=32 states=1 -> 1
[DP-fwdX] L=32 states=1 -> 1
[DP-bwdX] L=48 states=1 -> 1
[DP-bwdX] L=48 states=1 -> 1
[DP-bwdX] L=48 states=1 -> 1
[DP-fwdX] L=48 states=1 -> 1
[DP-bwdX] L=64 states=1 -> 1
[DP-fwdX] L=48 states=1 -> 1
[DP-fwdX] L=48 states=1 -> 1
[DP-fwdX] L=48 states=1 -> 1
[DP-bwdX] L=64 states=1 -> 1
[DP-bwdX] L=64 states=1 -> 1
[DP-bwdX] L=64 states=1 -> 1
[DP-fwdX] L=64 states=1 -> 1
[DP-fwdX] L=80 states=141 -> 164
[DP-bwdX] L=128 states=1 -> 1
[DP-bwdX] L=112 states=186 -> 229
[DP-fwdX] L=64 states=1 -> 1
[DP-bwdX] L=96 states=1 -> 1
[DP-fwdX] L=64 states=1 -> 1
[DP-bwdX] L=80 states=1 -> 1
[DP-fwdX] L=64 states=1 -> 1
[DP-fwdX] L=64 states=1 -> 1
[DP-fwdX] L=64 states=1 -> 1
[DP-bwdX] L=80 states=1 -> 1
[DP-bwdX] L=80 states=1 -> 1
[DP-bwdX] L=80 states=1 -> 1
[DP-fwdX] L=80 states=1 -> 1
[DP-bwdX] L=96 states=1 -> 1
[DP-fwdX] L=80 states=1 -> 1
[DP-fwdX] L=80 states=1 -> 1
[DP-fwdX] L=80 states=1 -> 1
[DP-bwdX] L=96 states=1 -> 1
[DP-bwdX] L=96 states=1 -> 1
[DP-bwdX] L=96 states=1 -> 1
[DP-fwdX] L=96 states=1 -> 1
[DP-bwdX] L=128 states=1 -> 1
[DP-fwdX] L=96 states=1 -> 1
[DP-bwdX] L=112 states=1 -> 3
[DP-fwdX] L=96 states=1 -> 1
[DP-fwdX] L=96 states=1 -> 1
[DP-fwdX] L=96 states=1 -> 1
[DP-bwdX] L=112 states=1 -> 3
[DP-bwdX] L=112 states=1 -> 3
[DP-bwdX] L=112 states=1 -> 3
[DP-fwdX] L=112 states=1 -> 2
[DP-bwdX] L=128 states=1 -> 1
[DP-fwdX] L=112 states=1 -> 2
[DP-fwdX] L=112 states=1 -> 2
[DP-fwdX] L=112 states=1 -> 2
[DP-bwdX] L=128 states=1 -> 1
[DP-bwdX] L=128 states=1 -> 1
[DP-bwdX] L=128 states=1 -> 1
  [Round 25] T_prime=13  T_target=13  HPWL_w=1093038  HPWL_eq=1042  maxL=20  WNS(T')=-7  WNS*(T)=-7  picked=7  solve_ms=419.231
[OC-Shortest/pow2] m=16 h=8 SEG=4 bits=64 words=1 threads=24
[DP-fwdX] L=0 states=1 -> 1
[DP-fwdX] L=16 states=186 -> 229
[DP-fwdX] L=32 states=2755 -> 3100
[DP-fwdX] L=48 states=11271 -> 11887
[DP-bwdX] L=128 states=1 -> 1
[DP-bwdX] L=112 states=186 -> 229
[DP-bwdX] L=96 states=2755 -> 3100
[DP-bwdX] L=80 states=11271 -> 11887
[DP-fwdX] L=0 states=1 -> 1
[DP-fwdX] L=16 states=186 -> 229
[DP-bwdX] L=64 states=1 -> 1
[DP-bwdX] L=48 states=141 -> 164
[DP-fwdX] L=0 states=1 -> 1
[DP-bwdX] L=32 states=1 -> 1
[DP-fwdX] L=0 states=1 -> 1
[DP-bwdX] L=16 states=1 -> 2
[DP-fwdX] L=0 states=1 -> 1
[DP-fwdX] L=0 states=1 -> 1
[DP-fwdX] L=0 states=1 -> 1
[DP-bwdX] L=16 states=1 -> 2
[DP-bwdX] L=16 states=1 -> 2
[DP-bwdX] L=16 states=1 -> 2
[DP-fwdX] L=16 states=1 -> 3
[DP-bwdX] L=32 states=1 -> 1
[DP-fwdX] L=16 states=1 -> 3
[DP-fwdX] L=16 states=1 -> 3
[DP-fwdX] L=16 states=1 -> 3
[DP-bwdX] L=32 states=1 -> 1
[DP-bwdX] L=32 states=1 -> 1
[DP-bwdX] L=32 states=1 -> 1
[DP-fwdX] L=32 states=1 -> 1
[DP-bwdX] L=64 states=1 -> 1
[DP-fwdX] L=32 states=1 -> 1
[DP-bwdX] L=48 states=1 -> 1
[DP-fwdX] L=32 states=1 -> 1
[DP-fwdX] L=32 states=1 -> 1
[DP-fwdX] L=32 states=1 -> 1
[DP-bwdX] L=48 states=1 -> 1
[DP-bwdX] L=48 states=1 -> 1
[DP-bwdX] L=48 states=1 -> 1
[DP-fwdX] L=48 states=1 -> 1
[DP-bwdX] L=64 states=1 -> 1
[DP-fwdX] L=48 states=1 -> 1
[DP-fwdX] L=48 states=1 -> 1
[DP-fwdX] L=48 states=1 -> 1
[DP-bwdX] L=64 states=1 -> 1
[DP-bwdX] L=64 states=1 -> 1
[DP-bwdX] L=64 states=1 -> 1
[DP-fwdX] L=64 states=1 -> 1
[DP-fwdX] L=80 states=141 -> 164
[DP-bwdX] L=128 states=1 -> 1
[DP-bwdX] L=112 states=186 -> 229
[DP-fwdX] L=64 states=1 -> 1
[DP-bwdX] L=96 states=1 -> 1
[DP-fwdX] L=64 states=1 -> 1
[DP-bwdX] L=80 states=1 -> 1
[DP-fwdX] L=64 states=1 -> 1
[DP-fwdX] L=64 states=1 -> 1
[DP-fwdX] L=64 states=1 -> 1
[DP-bwdX] L=80 states=1 -> 1
[DP-bwdX] L=80 states=1 -> 1
[DP-bwdX] L=80 states=1 -> 1
[DP-fwdX] L=80 states=1 -> 1
[DP-bwdX] L=96 states=1 -> 1
[DP-fwdX] L=80 states=1 -> 1
[DP-fwdX] L=80 states=1 -> 1
[DP-fwdX] L=80 states=1 -> 1
[DP-bwdX] L=96 states=1 -> 1
[DP-bwdX] L=96 states=1 -> 1
[DP-bwdX] L=96 states=1 -> 1
[DP-fwdX] L=96 states=1 -> 1
[DP-bwdX] L=128 states=1 -> 1
[DP-fwdX] L=96 states=1 -> 1
[DP-bwdX] L=112 states=1 -> 1
[DP-fwdX] L=96 states=1 -> 1
[DP-fwdX] L=96 states=1 -> 1
[DP-fwdX] L=96 states=1 -> 1
[DP-bwdX] L=112 states=1 -> 1
[DP-bwdX] L=112 states=1 -> 1
[DP-bwdX] L=112 states=1 -> 1
[DP-fwdX] L=112 states=1 -> 1
[DP-bwdX] L=128 states=1 -> 1
[DP-fwdX] L=112 states=1 -> 1
[DP-fwdX] L=112 states=1 -> 1
[DP-fwdX] L=112 states=1 -> 1
[DP-bwdX] L=128 states=1 -> 1
[DP-bwdX] L=128 states=1 -> 1
[DP-bwdX] L=128 states=1 -> 1
  [Round 26] T_prime=13  T_target=13  HPWL_w=1096636  HPWL_eq=1042  maxL=20  WNS(T')=-7  WNS*(T)=-7  picked=7  solve_ms=411.4
[OC-Shortest/pow2] m=16 h=8 SEG=4 bits=64 words=1 threads=24
[DP-fwdX] L=0 states=1 -> 1
[DP-fwdX] L=16 states=186 -> 229
[DP-fwdX] L=32 states=2755 -> 3100
[DP-fwdX] L=48 states=11271 -> 11887
[DP-bwdX] L=128 states=1 -> 1
[DP-bwdX] L=112 states=186 -> 229
[DP-bwdX] L=96 states=2755 -> 3100
[DP-bwdX] L=80 states=11271 -> 11887
[DP-fwdX] L=0 states=1 -> 1
[DP-fwdX] L=16 states=186 -> 229
[DP-bwdX] L=64 states=1 -> 1
[DP-bwdX] L=48 states=141 -> 164
[DP-fwdX] L=0 states=1 -> 1
[DP-bwdX] L=32 states=1 -> 1
[DP-fwdX] L=0 states=1 -> 1
[DP-bwdX] L=16 states=1 -> 1
[DP-fwdX] L=0 states=1 -> 1
[DP-fwdX] L=0 states=1 -> 1
[DP-fwdX] L=0 states=1 -> 1
[DP-bwdX] L=16 states=1 -> 1
[DP-bwdX] L=16 states=1 -> 1
[DP-bwdX] L=16 states=1 -> 1
[DP-fwdX] L=16 states=1 -> 1
[DP-bwdX] L=32 states=1 -> 1
[DP-fwdX] L=16 states=1 -> 1
[DP-fwdX] L=16 states=1 -> 1
[DP-fwdX] L=16 states=1 -> 1
[DP-bwdX] L=32 states=1 -> 1
[DP-bwdX] L=32 states=1 -> 1
[DP-bwdX] L=32 states=1 -> 1
[DP-fwdX] L=32 states=1 -> 1
[DP-bwdX] L=64 states=1 -> 1
[DP-fwdX] L=32 states=1 -> 1
[DP-bwdX] L=48 states=1 -> 1
[DP-fwdX] L=32 states=1 -> 1
[DP-fwdX] L=32 states=1 -> 1
[DP-fwdX] L=32 states=1 -> 1
[DP-bwdX] L=48 states=1 -> 1
[DP-bwdX] L=48 states=1 -> 1
[DP-bwdX] L=48 states=1 -> 1
[DP-fwdX] L=48 states=1 -> 1
[DP-bwdX] L=64 states=1 -> 1
[DP-fwdX] L=48 states=1 -> 1
[DP-fwdX] L=48 states=1 -> 1
[DP-fwdX] L=48 states=1 -> 1
[DP-bwdX] L=64 states=1 -> 1
[DP-bwdX] L=64 states=1 -> 1
[DP-bwdX] L=64 states=1 -> 1
[DP-fwdX] L=64 states=1 -> 1
[DP-fwdX] L=80 states=141 -> 164
[DP-bwdX] L=128 states=1 -> 1
[DP-bwdX] L=112 states=186 -> 229
[DP-fwdX] L=64 states=1 -> 1
[DP-bwdX] L=96 states=1 -> 1
[DP-fwdX] L=64 states=1 -> 1
[DP-bwdX] L=80 states=1 -> 1
[DP-fwdX] L=64 states=1 -> 1
[DP-fwdX] L=64 states=1 -> 1
[DP-fwdX] L=64 states=1 -> 1
[DP-bwdX] L=80 states=1 -> 1
[DP-bwdX] L=80 states=1 -> 1
[DP-bwdX] L=80 states=1 -> 1
[DP-fwdX] L=80 states=1 -> 1
[DP-bwdX] L=96 states=1 -> 1
[DP-fwdX] L=80 states=1 -> 1
[DP-fwdX] L=80 states=1 -> 1
[DP-fwdX] L=80 states=1 -> 1
[DP-bwdX] L=96 states=1 -> 1
[DP-bwdX] L=96 states=1 -> 1
[DP-bwdX] L=96 states=1 -> 1
[DP-fwdX] L=96 states=1 -> 1
[DP-bwdX] L=128 states=1 -> 1
[DP-fwdX] L=96 states=1 -> 1
[DP-bwdX] L=112 states=1 -> 1
[DP-fwdX] L=96 states=1 -> 1
[DP-fwdX] L=96 states=1 -> 1
[DP-fwdX] L=96 states=1 -> 1
[DP-bwdX] L=112 states=1 -> 1
[DP-bwdX] L=112 states=1 -> 1
[DP-bwdX] L=112 states=1 -> 1
[DP-fwdX] L=112 states=1 -> 1
[DP-bwdX] L=128 states=1 -> 1
[DP-fwdX] L=112 states=1 -> 1
[DP-fwdX] L=112 states=1 -> 1
[DP-fwdX] L=112 states=1 -> 1
[DP-bwdX] L=128 states=1 -> 1
[DP-bwdX] L=128 states=1 -> 1
[DP-bwdX] L=128 states=1 -> 1
  [Round 27] T_prime=13  T_target=13  HPWL_w=1100808  HPWL_eq=1044  maxL=14  WNS(T')=-1  WNS*(T)=-1  picked=4  solve_ms=432.473
[OC-Shortest/pow2] m=16 h=8 SEG=4 bits=64 words=1 threads=24
[DP-fwdX] L=0 states=1 -> 1
[DP-fwdX] L=16 states=186 -> 229
[DP-fwdX] L=32 states=2755 -> 3100
[DP-fwdX] L=48 states=11271 -> 11887
[DP-bwdX] L=128 states=1 -> 1
[DP-bwdX] L=112 states=186 -> 229
[DP-bwdX] L=96 states=2755 -> 3100
[DP-bwdX] L=80 states=11271 -> 11887
[DP-fwdX] L=0 states=1 -> 1
[DP-fwdX] L=16 states=186 -> 229
[DP-bwdX] L=64 states=1 -> 1
[DP-bwdX] L=48 states=141 -> 164
[DP-fwdX] L=0 states=1 -> 1
[DP-bwdX] L=32 states=1 -> 1
[DP-fwdX] L=0 states=1 -> 1
[DP-bwdX] L=16 states=1 -> 1
[DP-fwdX] L=0 states=1 -> 1
[DP-fwdX] L=0 states=1 -> 1
[DP-fwdX] L=0 states=1 -> 1
[DP-bwdX] L=16 states=1 -> 1
[DP-bwdX] L=16 states=1 -> 1
[DP-bwdX] L=16 states=1 -> 1
[DP-fwdX] L=16 states=1 -> 2
[DP-bwdX] L=32 states=1 -> 1
[DP-fwdX] L=16 states=1 -> 2
[DP-fwdX] L=16 states=1 -> 2
[DP-fwdX] L=16 states=1 -> 2
[DP-bwdX] L=32 states=1 -> 1
[DP-bwdX] L=32 states=1 -> 1
[DP-bwdX] L=32 states=1 -> 1
[DP-fwdX] L=32 states=1 -> 1
[DP-bwdX] L=64 states=1 -> 1
[DP-fwdX] L=32 states=1 -> 1
[DP-bwdX] L=48 states=1 -> 1
[DP-fwdX] L=32 states=1 -> 1
[DP-fwdX] L=32 states=1 -> 1
[DP-fwdX] L=32 states=1 -> 1
[DP-bwdX] L=48 states=1 -> 1
[DP-bwdX] L=48 states=1 -> 1
[DP-bwdX] L=48 states=1 -> 1
[DP-fwdX] L=48 states=1 -> 1
[DP-bwdX] L=64 states=1 -> 1
[DP-fwdX] L=48 states=1 -> 1
[DP-fwdX] L=48 states=1 -> 1
[DP-fwdX] L=48 states=1 -> 1
[DP-bwdX] L=64 states=1 -> 1
[DP-bwdX] L=64 states=1 -> 1
[DP-bwdX] L=64 states=1 -> 1
[DP-fwdX] L=64 states=1 -> 1
[DP-fwdX] L=80 states=141 -> 164
[DP-bwdX] L=128 states=1 -> 1
[DP-bwdX] L=112 states=186 -> 229
[DP-fwdX] L=64 states=1 -> 1
[DP-bwdX] L=96 states=1 -> 1
[DP-fwdX] L=64 states=1 -> 1
[DP-bwdX] L=80 states=1 -> 1
[DP-fwdX] L=64 states=1 -> 1
[DP-fwdX] L=64 states=1 -> 1
[DP-fwdX] L=64 states=1 -> 1
[DP-bwdX] L=80 states=1 -> 1
[DP-bwdX] L=80 states=1 -> 1
[DP-bwdX] L=80 states=1 -> 1
[DP-fwdX] L=80 states=1 -> 1
[DP-bwdX] L=96 states=1 -> 1
[DP-fwdX] L=80 states=1 -> 1
[DP-fwdX] L=80 states=1 -> 1
[DP-fwdX] L=80 states=1 -> 1
[DP-bwdX] L=96 states=1 -> 1
[DP-bwdX] L=96 states=1 -> 1
[DP-bwdX] L=96 states=1 -> 1
[DP-fwdX] L=96 states=1 -> 1
[DP-bwdX] L=128 states=1 -> 1
[DP-fwdX] L=96 states=1 -> 1
[DP-bwdX] L=112 states=1 -> 1
[DP-fwdX] L=96 states=1 -> 1
[DP-fwdX] L=96 states=1 -> 1
[DP-fwdX] L=96 states=1 -> 1
[DP-bwdX] L=112 states=1 -> 1
[DP-bwdX] L=112 states=1 -> 1
[DP-bwdX] L=112 states=1 -> 1
[DP-fwdX] L=112 states=1 -> 1
[DP-bwdX] L=128 states=1 -> 1
[DP-fwdX] L=112 states=1 -> 1
[DP-fwdX] L=112 states=1 -> 1
[DP-fwdX] L=112 states=1 -> 1
[DP-bwdX] L=128 states=1 -> 1
[DP-bwdX] L=128 states=1 -> 1
[DP-bwdX] L=128 states=1 -> 1
  [Round 28] T_prime=13  T_target=13  HPWL_w=1103542  HPWL_eq=1051  maxL=26  WNS(T')=-13  WNS*(T)=-13  picked=7  solve_ms=416.144
[OC-Shortest/pow2] m=16 h=8 SEG=4 bits=64 words=1 threads=24
[DP-fwdX] L=0 states=1 -> 1
[DP-fwdX] L=16 states=186 -> 229
[DP-fwdX] L=32 states=2755 -> 3100
[DP-fwdX] L=48 states=11271 -> 11887
[DP-bwdX] L=128 states=1 -> 1
[DP-bwdX] L=112 states=186 -> 229
[DP-bwdX] L=96 states=2755 -> 3100
[DP-bwdX] L=80 states=11271 -> 11887
[DP-fwdX] L=0 states=1 -> 1
[DP-fwdX] L=16 states=186 -> 229
[DP-bwdX] L=64 states=1 -> 1
[DP-bwdX] L=48 states=141 -> 164
[DP-fwdX] L=0 states=1 -> 1
[DP-bwdX] L=32 states=1 -> 2
[DP-fwdX] L=0 states=1 -> 1
[DP-bwdX] L=16 states=1 -> 2
[DP-fwdX] L=0 states=1 -> 1
[DP-fwdX] L=0 states=1 -> 1
[DP-fwdX] L=0 states=1 -> 1
[DP-bwdX] L=16 states=1 -> 2
[DP-bwdX] L=16 states=1 -> 2
[DP-bwdX] L=16 states=1 -> 2
[DP-fwdX] L=16 states=1 -> 3
[DP-bwdX] L=32 states=1 -> 2
[DP-fwdX] L=16 states=1 -> 3
[DP-fwdX] L=16 states=1 -> 3
[DP-fwdX] L=16 states=1 -> 3
[DP-bwdX] L=32 states=1 -> 2
[DP-bwdX] L=32 states=1 -> 2
[DP-bwdX] L=32 states=1 -> 2
[DP-fwdX] L=32 states=1 -> 2
[DP-bwdX] L=64 states=1 -> 1
[DP-fwdX] L=32 states=1 -> 2
[DP-bwdX] L=48 states=1 -> 1
[DP-fwdX] L=32 states=1 -> 2
[DP-fwdX] L=32 states=1 -> 2
[DP-fwdX] L=32 states=1 -> 2
[DP-bwdX] L=48 states=1 -> 1
[DP-bwdX] L=48 states=1 -> 1
[DP-bwdX] L=48 states=1 -> 1
[DP-fwdX] L=48 states=1 -> 1
[DP-bwdX] L=64 states=1 -> 1
[DP-fwdX] L=48 states=1 -> 1
[DP-fwdX] L=48 states=1 -> 1
[DP-fwdX] L=48 states=1 -> 1
[DP-bwdX] L=64 states=1 -> 1
[DP-bwdX] L=64 states=1 -> 1
[DP-bwdX] L=64 states=1 -> 1
[DP-fwdX] L=64 states=1 -> 1
[DP-fwdX] L=80 states=141 -> 164
[DP-bwdX] L=128 states=1 -> 1
[DP-bwdX] L=112 states=186 -> 229
[DP-fwdX] L=64 states=1 -> 1
[DP-bwdX] L=96 states=1 -> 1
[DP-fwdX] L=64 states=1 -> 1
[DP-bwdX] L=80 states=1 -> 1
[DP-fwdX] L=64 states=1 -> 1
[DP-fwdX] L=64 states=1 -> 1
[DP-fwdX] L=64 states=1 -> 1
[DP-bwdX] L=80 states=1 -> 1
[DP-bwdX] L=80 states=1 -> 1
[DP-bwdX] L=80 states=1 -> 1
[DP-fwdX] L=80 states=1 -> 1
[DP-bwdX] L=96 states=1 -> 1
[DP-fwdX] L=80 states=1 -> 1
[DP-fwdX] L=80 states=1 -> 1
[DP-fwdX] L=80 states=1 -> 1
[DP-bwdX] L=96 states=1 -> 1
[DP-bwdX] L=96 states=1 -> 1
[DP-bwdX] L=96 states=1 -> 1
[DP-fwdX] L=96 states=1 -> 1
[DP-bwdX] L=128 states=1 -> 1
[DP-fwdX] L=96 states=1 -> 1
[DP-bwdX] L=112 states=1 -> 3
[DP-fwdX] L=96 states=1 -> 1
[DP-fwdX] L=96 states=1 -> 1
[DP-fwdX] L=96 states=1 -> 1
[DP-bwdX] L=112 states=1 -> 3
[DP-bwdX] L=112 states=1 -> 3
[DP-bwdX] L=112 states=1 -> 3
[DP-fwdX] L=112 states=1 -> 2
[DP-bwdX] L=128 states=1 -> 1
[DP-fwdX] L=112 states=1 -> 2
[DP-fwdX] L=112 states=1 -> 2
[DP-fwdX] L=112 states=1 -> 2
[DP-bwdX] L=128 states=1 -> 1
[DP-bwdX] L=128 states=1 -> 1
[DP-bwdX] L=128 states=1 -> 1
  [Round 29] T_prime=13  T_target=13  HPWL_w=1106975  HPWL_eq=1068  maxL=32  WNS(T')=-19  WNS*(T)=-19  picked=11  solve_ms=467.811
[OC-Shortest/pow2] m=16 h=8 SEG=4 bits=64 words=1 threads=24
[DP-fwdX] L=0 states=1 -> 1
[DP-fwdX] L=16 states=186 -> 229
[DP-fwdX] L=32 states=2755 -> 3100
[DP-fwdX] L=48 states=11271 -> 11887
[DP-bwdX] L=128 states=1 -> 1
[DP-bwdX] L=112 states=186 -> 229
[DP-bwdX] L=96 states=2755 -> 3100
[DP-bwdX] L=80 states=11271 -> 11887
[DP-fwdX] L=0 states=1 -> 1
[DP-fwdX] L=16 states=186 -> 229
[DP-bwdX] L=64 states=1 -> 1
[DP-bwdX] L=48 states=141 -> 164
[DP-fwdX] L=0 states=1 -> 1
[DP-bwdX] L=32 states=1 -> 1
[DP-fwdX] L=0 states=1 -> 1
[DP-bwdX] L=16 states=1 -> 1
[DP-fwdX] L=0 states=1 -> 1
[DP-fwdX] L=0 states=1 -> 1
[DP-fwdX] L=0 states=1 -> 1
[DP-bwdX] L=16 states=1 -> 1
[DP-bwdX] L=16 states=1 -> 1
[DP-bwdX] L=16 states=1 -> 1
[DP-fwdX] L=16 states=1 -> 1
[DP-bwdX] L=32 states=1 -> 1
[DP-fwdX] L=16 states=1 -> 1
[DP-fwdX] L=16 states=1 -> 1
[DP-fwdX] L=16 states=1 -> 1
[DP-bwdX] L=32 states=1 -> 1
[DP-bwdX] L=32 states=1 -> 1
[DP-bwdX] L=32 states=1 -> 1
[DP-fwdX] L=32 states=1 -> 1
[DP-bwdX] L=64 states=1 -> 1
[DP-fwdX] L=32 states=1 -> 1
[DP-bwdX] L=48 states=1 -> 1
[DP-fwdX] L=32 states=1 -> 1
[DP-fwdX] L=32 states=1 -> 1
[DP-fwdX] L=32 states=1 -> 1
[DP-bwdX] L=48 states=1 -> 1
[DP-bwdX] L=48 states=1 -> 1
[DP-bwdX] L=48 states=1 -> 1
[DP-fwdX] L=48 states=1 -> 1
[DP-bwdX] L=64 states=1 -> 1
[DP-fwdX] L=48 states=1 -> 1
[DP-fwdX] L=48 states=1 -> 1
[DP-fwdX] L=48 states=1 -> 1
[DP-bwdX] L=64 states=1 -> 1
[DP-bwdX] L=64 states=1 -> 1
[DP-bwdX] L=64 states=1 -> 1
[DP-fwdX] L=64 states=1 -> 1
[DP-fwdX] L=80 states=141 -> 164
[DP-bwdX] L=128 states=1 -> 1
[DP-bwdX] L=112 states=186 -> 229
[DP-fwdX] L=64 states=1 -> 1
[DP-bwdX] L=96 states=1 -> 1
[DP-fwdX] L=64 states=1 -> 1
[DP-bwdX] L=80 states=1 -> 1
[DP-fwdX] L=64 states=1 -> 1
[DP-fwdX] L=64 states=1 -> 1
[DP-fwdX] L=64 states=1 -> 1
[DP-bwdX] L=80 states=1 -> 1
[DP-bwdX] L=80 states=1 -> 1
[DP-bwdX] L=80 states=1 -> 1
[DP-fwdX] L=80 states=1 -> 1
[DP-bwdX] L=96 states=1 -> 1
[DP-fwdX] L=80 states=1 -> 1
[DP-fwdX] L=80 states=1 -> 1
[DP-fwdX] L=80 states=1 -> 1
[DP-bwdX] L=96 states=1 -> 1
[DP-bwdX] L=96 states=1 -> 1
[DP-bwdX] L=96 states=1 -> 1
[DP-fwdX] L=96 states=1 -> 1
[DP-bwdX] L=128 states=1 -> 1
[DP-fwdX] L=96 states=1 -> 1
[DP-bwdX] L=112 states=1 -> 2
[DP-fwdX] L=96 states=1 -> 1
[DP-fwdX] L=96 states=1 -> 1
[DP-fwdX] L=96 states=1 -> 1
[DP-bwdX] L=112 states=1 -> 2
[DP-bwdX] L=112 states=1 -> 2
[DP-bwdX] L=112 states=1 -> 2
[DP-fwdX] L=112 states=1 -> 1
[DP-bwdX] L=128 states=1 -> 1
[DP-fwdX] L=112 states=1 -> 1
[DP-fwdX] L=112 states=1 -> 1
[DP-fwdX] L=112 states=1 -> 1
[DP-bwdX] L=128 states=1 -> 1
[DP-bwdX] L=128 states=1 -> 1
[DP-bwdX] L=128 states=1 -> 1
  [Round 30] T_prime=13  T_target=13  HPWL_w=1110323  HPWL_eq=1051  maxL=26  WNS(T')=-13  WNS*(T)=-13  picked=7  solve_ms=419.501
[OC-Shortest/pow2] m=16 h=8 SEG=4 bits=64 words=1 threads=24
[DP-fwdX] L=0 states=1 -> 1
[DP-fwdX] L=16 states=186 -> 229
[DP-fwdX] L=32 states=2755 -> 3100
[DP-fwdX] L=48 states=11271 -> 11887
[DP-bwdX] L=128 states=1 -> 1
[DP-bwdX] L=112 states=186 -> 229
[DP-bwdX] L=96 states=2755 -> 3100
[DP-bwdX] L=80 states=11271 -> 11887
[DP-fwdX] L=0 states=1 -> 1
[DP-fwdX] L=16 states=186 -> 229
[DP-bwdX] L=64 states=1 -> 1
[DP-bwdX] L=48 states=141 -> 164
[DP-fwdX] L=0 states=1 -> 1
[DP-bwdX] L=32 states=1 -> 1
[DP-fwdX] L=0 states=1 -> 1
[DP-bwdX] L=16 states=1 -> 1
[DP-fwdX] L=0 states=1 -> 1
[DP-fwdX] L=0 states=1 -> 1
[DP-fwdX] L=0 states=1 -> 1
[DP-bwdX] L=16 states=1 -> 1
[DP-bwdX] L=16 states=1 -> 1
[DP-bwdX] L=16 states=1 -> 1
[DP-fwdX] L=16 states=1 -> 1
[DP-bwdX] L=32 states=1 -> 1
[DP-fwdX] L=16 states=1 -> 1
[DP-fwdX] L=16 states=1 -> 1
[DP-fwdX] L=16 states=1 -> 1
[DP-bwdX] L=32 states=1 -> 1
[DP-bwdX] L=32 states=1 -> 1
[DP-bwdX] L=32 states=1 -> 1
[DP-fwdX] L=32 states=1 -> 1
[DP-bwdX] L=64 states=1 -> 1
[DP-fwdX] L=32 states=1 -> 1
[DP-bwdX] L=48 states=1 -> 1
[DP-fwdX] L=32 states=1 -> 1
[DP-fwdX] L=32 states=1 -> 1
[DP-fwdX] L=32 states=1 -> 1
[DP-bwdX] L=48 states=1 -> 1
[DP-bwdX] L=48 states=1 -> 1
[DP-bwdX] L=48 states=1 -> 1
[DP-fwdX] L=48 states=1 -> 1
[DP-bwdX] L=64 states=1 -> 1
[DP-fwdX] L=48 states=1 -> 1
[DP-fwdX] L=48 states=1 -> 1
[DP-fwdX] L=48 states=1 -> 1
[DP-bwdX] L=64 states=1 -> 1
[DP-bwdX] L=64 states=1 -> 1
[DP-bwdX] L=64 states=1 -> 1
[DP-fwdX] L=64 states=1 -> 1
[DP-fwdX] L=80 states=141 -> 164
[DP-bwdX] L=128 states=1 -> 1
[DP-bwdX] L=112 states=186 -> 229
[DP-fwdX] L=64 states=1 -> 1
[DP-bwdX] L=96 states=1 -> 2
[DP-fwdX] L=64 states=1 -> 1
[DP-bwdX] L=80 states=1 -> 1
[DP-fwdX] L=64 states=1 -> 1
[DP-fwdX] L=64 states=1 -> 1
[DP-fwdX] L=64 states=1 -> 1
[DP-bwdX] L=80 states=1 -> 1
[DP-bwdX] L=80 states=1 -> 1
[DP-bwdX] L=80 states=1 -> 1
[DP-fwdX] L=80 states=1 -> 1
[DP-bwdX] L=96 states=1 -> 2
[DP-fwdX] L=80 states=1 -> 1
[DP-fwdX] L=80 states=1 -> 1
[DP-fwdX] L=80 states=1 -> 1
[DP-bwdX] L=96 states=1 -> 2
[DP-bwdX] L=96 states=1 -> 2
[DP-bwdX] L=96 states=1 -> 2
[DP-fwdX] L=96 states=1 -> 2
[DP-bwdX] L=128 states=1 -> 1
[DP-fwdX] L=96 states=1 -> 2
[DP-bwdX] L=112 states=1 -> 3
[DP-fwdX] L=96 states=1 -> 2
[DP-fwdX] L=96 states=1 -> 2
[DP-fwdX] L=96 states=1 -> 2
[DP-bwdX] L=112 states=1 -> 3
[DP-bwdX] L=112 states=1 -> 3
[DP-bwdX] L=112 states=1 -> 3
[DP-fwdX] L=112 states=1 -> 2
[DP-bwdX] L=128 states=1 -> 1
[DP-fwdX] L=112 states=1 -> 2
[DP-fwdX] L=112 states=1 -> 2
[DP-fwdX] L=112 states=1 -> 2
[DP-bwdX] L=128 states=1 -> 1
[DP-bwdX] L=128 states=1 -> 1
[DP-bwdX] L=128 states=1 -> 1
  [Round 31] T_prime=13  T_target=13  HPWL_w=1113971  HPWL_eq=1071  maxL=32  WNS(T')=-19  WNS*(T)=-19  picked=6  solve_ms=429.534
[OC-Shortest/pow2] m=16 h=8 SEG=4 bits=64 words=1 threads=24
[DP-fwdX] L=0 states=1 -> 1
[DP-fwdX] L=16 states=186 -> 229
[DP-fwdX] L=32 states=2755 -> 3100
[DP-fwdX] L=48 states=11271 -> 11887
[DP-bwdX] L=128 states=1 -> 1
[DP-bwdX] L=112 states=186 -> 229
[DP-bwdX] L=96 states=2755 -> 3100
[DP-bwdX] L=80 states=11271 -> 11887
[DP-fwdX] L=0 states=1 -> 1
[DP-fwdX] L=16 states=186 -> 229
[DP-bwdX] L=64 states=1 -> 1
[DP-bwdX] L=48 states=141 -> 164
[DP-fwdX] L=0 states=1 -> 1
[DP-bwdX] L=32 states=1 -> 1
[DP-fwdX] L=0 states=1 -> 1
[DP-bwdX] L=16 states=1 -> 1
[DP-fwdX] L=0 states=1 -> 1
[DP-fwdX] L=0 states=1 -> 1
[DP-fwdX] L=0 states=1 -> 1
[DP-bwdX] L=16 states=1 -> 1
[DP-bwdX] L=16 states=1 -> 1
[DP-bwdX] L=16 states=1 -> 1
[DP-fwdX] L=16 states=1 -> 1
[DP-bwdX] L=32 states=1 -> 1
[DP-fwdX] L=16 states=1 -> 1
[DP-fwdX] L=16 states=1 -> 1
[DP-fwdX] L=16 states=1 -> 1
[DP-bwdX] L=32 states=1 -> 1
[DP-bwdX] L=32 states=1 -> 1
[DP-bwdX] L=32 states=1 -> 1
[DP-fwdX] L=32 states=1 -> 1
[DP-bwdX] L=64 states=1 -> 1
[DP-fwdX] L=32 states=1 -> 1
[DP-bwdX] L=48 states=1 -> 1
[DP-fwdX] L=32 states=1 -> 1
[DP-fwdX] L=32 states=1 -> 1
[DP-fwdX] L=32 states=1 -> 1
[DP-bwdX] L=48 states=1 -> 1
[DP-bwdX] L=48 states=1 -> 1
[DP-bwdX] L=48 states=1 -> 1
[DP-fwdX] L=48 states=1 -> 1
[DP-bwdX] L=64 states=1 -> 1
[DP-fwdX] L=48 states=1 -> 1
[DP-fwdX] L=48 states=1 -> 1
[DP-fwdX] L=48 states=1 -> 1
[DP-bwdX] L=64 states=1 -> 1
[DP-bwdX] L=64 states=1 -> 1
[DP-bwdX] L=64 states=1 -> 1
[DP-fwdX] L=64 states=1 -> 1
[DP-fwdX] L=80 states=141 -> 164
[DP-bwdX] L=128 states=1 -> 1
[DP-bwdX] L=112 states=186 -> 229
[DP-fwdX] L=64 states=1 -> 1
[DP-bwdX] L=96 states=1 -> 1
[DP-fwdX] L=64 states=1 -> 1
[DP-bwdX] L=80 states=1 -> 1
[DP-fwdX] L=64 states=1 -> 1
[DP-fwdX] L=64 states=1 -> 1
[DP-fwdX] L=64 states=1 -> 1
[DP-bwdX] L=80 states=1 -> 1
[DP-bwdX] L=80 states=1 -> 1
[DP-bwdX] L=80 states=1 -> 1
[DP-fwdX] L=80 states=1 -> 1
[DP-bwdX] L=96 states=1 -> 1
[DP-fwdX] L=80 states=1 -> 1
[DP-fwdX] L=80 states=1 -> 1
[DP-fwdX] L=80 states=1 -> 1
[DP-bwdX] L=96 states=1 -> 1
[DP-bwdX] L=96 states=1 -> 1
[DP-bwdX] L=96 states=1 -> 1
[DP-fwdX] L=96 states=1 -> 1
[DP-bwdX] L=128 states=1 -> 1
[DP-fwdX] L=96 states=1 -> 1
[DP-bwdX] L=112 states=1 -> 1
[DP-fwdX] L=96 states=1 -> 1
[DP-fwdX] L=96 states=1 -> 1
[DP-fwdX] L=96 states=1 -> 1
[DP-bwdX] L=112 states=1 -> 1
[DP-bwdX] L=112 states=1 -> 1
[DP-bwdX] L=112 states=1 -> 1
[DP-fwdX] L=112 states=1 -> 1
[DP-bwdX] L=128 states=1 -> 1
[DP-fwdX] L=112 states=1 -> 1
[DP-fwdX] L=112 states=1 -> 1
[DP-fwdX] L=112 states=1 -> 1
[DP-bwdX] L=128 states=1 -> 1
[DP-bwdX] L=128 states=1 -> 1
[DP-bwdX] L=128 states=1 -> 1
  [Round 32] T_prime=13  T_target=13  HPWL_w=1119216  HPWL_eq=1046  maxL=13  WNS(T')=0  WNS*(T)=0  picked=0  solve_ms=418.664
  [TD] reach target: all edges <= T_target.
[Policy] wrote placement to: placement16_Col_1_T_13.txt
