[Policy] m=16 h=8 rounds=150 T_target=17 policy=soft+freeze cap=64 scale=1000 freeze=1 homotopy=1 sigma=0.8 shrink=0.9
[OC-Shortest/pow2] m=16 h=8 SEG=4 bits=64 words=1 threads=24
[DP-fwdX] L=0 states=1 -> 1
[DP-fwdX] L=16 states=186 -> 229
[DP-fwdX] L=32 states=2755 -> 3100
[DP-fwdX] L=48 states=11271 -> 11887
[DP-bwdX] L=128 states=1 -> 1
[DP-bwdX] L=112 states=186 -> 229
[DP-bwdX] L=96 states=2755 -> 3100
[DP-bwdX] L=80 states=11271 -> 11887
[DP-fwdX] L=0 states=1 -> 1
[DP-fwdX] L=16 states=186 -> 229
[DP-bwdX] L=64 states=1 -> 1
[DP-bwdX] L=48 states=141 -> 164
[DP-fwdX] L=0 states=1 -> 1
[DP-bwdX] L=32 states=1 -> 1
[DP-fwdX] L=0 states=1 -> 1
[DP-bwdX] L=16 states=1 -> 2
[DP-fwdX] L=0 states=1 -> 1
[DP-fwdX] L=0 states=1 -> 1
[DP-fwdX] L=0 states=1 -> 1
[DP-bwdX] L=16 states=1 -> 2
[DP-bwdX] L=16 states=1 -> 2
[DP-bwdX] L=16 states=1 -> 2
[DP-fwdX] L=16 states=1 -> 3
[DP-bwdX] L=32 states=1 -> 1
[DP-fwdX] L=16 states=1 -> 3
[DP-fwdX] L=16 states=1 -> 3
[DP-fwdX] L=16 states=1 -> 3
[DP-bwdX] L=32 states=1 -> 1
[DP-bwdX] L=32 states=1 -> 1
[DP-bwdX] L=32 states=1 -> 1
[DP-fwdX] L=32 states=1 -> 1
[DP-bwdX] L=64 states=1 -> 1
[DP-fwdX] L=32 states=1 -> 1
[DP-bwdX] L=48 states=1 -> 1
[DP-fwdX] L=32 states=1 -> 1
[DP-fwdX] L=32 states=1 -> 1
[DP-fwdX] L=32 states=1 -> 1
[DP-bwdX] L=48 states=1 -> 1
[DP-bwdX] L=48 states=1 -> 1
[DP-bwdX] L=48 states=1 -> 1
[DP-fwdX] L=48 states=1 -> 1
[DP-bwdX] L=64 states=1 -> 1
[DP-fwdX] L=48 states=1 -> 1
[DP-fwdX] L=48 states=1 -> 1
[DP-fwdX] L=48 states=1 -> 1
[DP-bwdX] L=64 states=1 -> 1
[DP-bwdX] L=64 states=1 -> 1
[DP-bwdX] L=64 states=1 -> 1
[DP-fwdX] L=64 states=1 -> 1
[DP-fwdX] L=80 states=141 -> 164
[DP-bwdX] L=128 states=1 -> 1
[DP-bwdX] L=112 states=186 -> 229
[DP-fwdX] L=64 states=1 -> 1
[DP-bwdX] L=96 states=1 -> 1
[DP-fwdX] L=64 states=1 -> 1
[DP-bwdX] L=80 states=1 -> 1
[DP-fwdX] L=64 states=1 -> 1
[DP-fwdX] L=64 states=1 -> 1
[DP-fwdX] L=64 states=1 -> 1
[DP-bwdX] L=80 states=1 -> 1
[DP-bwdX] L=80 states=1 -> 1
[DP-bwdX] L=80 states=1 -> 1
[DP-fwdX] L=80 states=1 -> 1
[DP-bwdX] L=96 states=1 -> 1
[DP-fwdX] L=80 states=1 -> 1
[DP-fwdX] L=80 states=1 -> 1
[DP-fwdX] L=80 states=1 -> 1
[DP-bwdX] L=96 states=1 -> 1
[DP-bwdX] L=96 states=1 -> 1
[DP-bwdX] L=96 states=1 -> 1
[DP-fwdX] L=96 states=1 -> 1
[DP-bwdX] L=128 states=1 -> 1
[DP-fwdX] L=96 states=1 -> 1
[DP-bwdX] L=112 states=1 -> 3
[DP-fwdX] L=96 states=1 -> 1
[DP-fwdX] L=96 states=1 -> 1
[DP-fwdX] L=96 states=1 -> 1
[DP-bwdX] L=112 states=1 -> 3
[DP-bwdX] L=112 states=1 -> 3
[DP-bwdX] L=112 states=1 -> 3
[DP-fwdX] L=112 states=1 -> 2
[DP-bwdX] L=128 states=1 -> 1
[DP-fwdX] L=112 states=1 -> 2
[DP-fwdX] L=112 states=1 -> 2
[DP-fwdX] L=112 states=1 -> 2
[DP-bwdX] L=128 states=1 -> 1
[DP-bwdX] L=128 states=1 -> 1
[DP-bwdX] L=128 states=1 -> 1
[Init-Homotopy] round1 maxL=20  set T_prime0=17 (T_target=17)
  [Round 1] T_prime=17  T_target=17  HPWL_w=1040000  HPWL_eq=1040  maxL=20  WNS(T')=-3  WNS*(T)=-3  picked=6  solve_ms=437.284
[OC-Shortest/pow2] m=16 h=8 SEG=4 bits=64 words=1 threads=24
[DP-fwdX] L=0 states=1 -> 1
[DP-fwdX] L=16 states=186 -> 229
[DP-fwdX] L=32 states=2755 -> 3100
[DP-fwdX] L=48 states=11271 -> 11887
[DP-bwdX] L=128 states=1 -> 1
[DP-bwdX] L=112 states=186 -> 229
[DP-bwdX] L=96 states=2755 -> 3100
[DP-bwdX] L=80 states=11271 -> 11887
[DP-fwdX] L=0 states=1 -> 1
[DP-fwdX] L=16 states=186 -> 229
[DP-bwdX] L=64 states=1 -> 1
[DP-bwdX] L=48 states=141 -> 164
[DP-fwdX] L=0 states=1 -> 1
[DP-bwdX] L=32 states=1 -> 1
[DP-fwdX] L=0 states=1 -> 1
[DP-bwdX] L=16 states=1 -> 2
[DP-fwdX] L=0 states=1 -> 1
[DP-fwdX] L=0 states=1 -> 1
[DP-fwdX] L=0 states=1 -> 1
[DP-bwdX] L=16 states=1 -> 2
[DP-bwdX] L=16 states=1 -> 2
[DP-bwdX] L=16 states=1 -> 2
[DP-fwdX] L=16 states=1 -> 3
[DP-bwdX] L=32 states=1 -> 1
[DP-fwdX] L=16 states=1 -> 3
[DP-fwdX] L=16 states=1 -> 3
[DP-fwdX] L=16 states=1 -> 3
[DP-bwdX] L=32 states=1 -> 1
[DP-bwdX] L=32 states=1 -> 1
[DP-bwdX] L=32 states=1 -> 1
[DP-fwdX] L=32 states=1 -> 1
[DP-bwdX] L=64 states=1 -> 1
[DP-fwdX] L=32 states=1 -> 1
[DP-bwdX] L=48 states=1 -> 1
[DP-fwdX] L=32 states=1 -> 1
[DP-fwdX] L=32 states=1 -> 1
[DP-fwdX] L=32 states=1 -> 1
[DP-bwdX] L=48 states=1 -> 1
[DP-bwdX] L=48 states=1 -> 1
[DP-bwdX] L=48 states=1 -> 1
[DP-fwdX] L=48 states=1 -> 1
[DP-bwdX] L=64 states=1 -> 1
[DP-fwdX] L=48 states=1 -> 1
[DP-fwdX] L=48 states=1 -> 1
[DP-fwdX] L=48 states=1 -> 1
[DP-bwdX] L=64 states=1 -> 1
[DP-bwdX] L=64 states=1 -> 1
[DP-bwdX] L=64 states=1 -> 1
[DP-fwdX] L=64 states=1 -> 1
[DP-fwdX] L=80 states=141 -> 164
[DP-bwdX] L=128 states=1 -> 1
[DP-bwdX] L=112 states=186 -> 229
[DP-fwdX] L=64 states=1 -> 1
[DP-bwdX] L=96 states=1 -> 1
[DP-fwdX] L=64 states=1 -> 1
[DP-bwdX] L=80 states=1 -> 1
[DP-fwdX] L=64 states=1 -> 1
[DP-fwdX] L=64 states=1 -> 1
[DP-fwdX] L=64 states=1 -> 1
[DP-bwdX] L=80 states=1 -> 1
[DP-bwdX] L=80 states=1 -> 1
[DP-bwdX] L=80 states=1 -> 1
[DP-fwdX] L=80 states=1 -> 1
[DP-bwdX] L=96 states=1 -> 1
[DP-fwdX] L=80 states=1 -> 1
[DP-fwdX] L=80 states=1 -> 1
[DP-fwdX] L=80 states=1 -> 1
[DP-bwdX] L=96 states=1 -> 1
[DP-bwdX] L=96 states=1 -> 1
[DP-bwdX] L=96 states=1 -> 1
[DP-fwdX] L=96 states=1 -> 1
[DP-bwdX] L=128 states=1 -> 1
[DP-fwdX] L=96 states=1 -> 1
[DP-bwdX] L=112 states=1 -> 3
[DP-fwdX] L=96 states=1 -> 1
[DP-fwdX] L=96 states=1 -> 1
[DP-fwdX] L=96 states=1 -> 1
[DP-bwdX] L=112 states=1 -> 3
[DP-bwdX] L=112 states=1 -> 3
[DP-bwdX] L=112 states=1 -> 3
[DP-fwdX] L=112 states=1 -> 2
[DP-bwdX] L=128 states=1 -> 1
[DP-fwdX] L=112 states=1 -> 2
[DP-fwdX] L=112 states=1 -> 2
[DP-fwdX] L=112 states=1 -> 2
[DP-bwdX] L=128 states=1 -> 1
[DP-bwdX] L=128 states=1 -> 1
[DP-bwdX] L=128 states=1 -> 1
  [Round 2] T_prime=17  T_target=17  HPWL_w=1040828  HPWL_eq=1040  maxL=18  WNS(T')=-1  WNS*(T)=-1  picked=6  solve_ms=439.894
[OC-Shortest/pow2] m=16 h=8 SEG=4 bits=64 words=1 threads=24
[DP-fwdX] L=0 states=1 -> 1
[DP-fwdX] L=16 states=186 -> 229
[DP-fwdX] L=32 states=2755 -> 3100
[DP-fwdX] L=48 states=11271 -> 11887
[DP-bwdX] L=128 states=1 -> 1
[DP-bwdX] L=112 states=186 -> 229
[DP-bwdX] L=96 states=2755 -> 3100
[DP-bwdX] L=80 states=11271 -> 11887
[DP-fwdX] L=0 states=1 -> 1
[DP-fwdX] L=16 states=186 -> 229
[DP-bwdX] L=64 states=1 -> 1
[DP-bwdX] L=48 states=141 -> 164
[DP-fwdX] L=0 states=1 -> 1
[DP-bwdX] L=32 states=1 -> 1
[DP-fwdX] L=0 states=1 -> 1
[DP-bwdX] L=16 states=1 -> 2
[DP-fwdX] L=0 states=1 -> 1
[DP-fwdX] L=0 states=1 -> 1
[DP-fwdX] L=0 states=1 -> 1
[DP-bwdX] L=16 states=1 -> 2
[DP-bwdX] L=16 states=1 -> 2
[DP-bwdX] L=16 states=1 -> 2
[DP-fwdX] L=16 states=1 -> 3
[DP-bwdX] L=32 states=1 -> 1
[DP-fwdX] L=16 states=1 -> 3
[DP-fwdX] L=16 states=1 -> 3
[DP-fwdX] L=16 states=1 -> 3
[DP-bwdX] L=32 states=1 -> 1
[DP-bwdX] L=32 states=1 -> 1
[DP-bwdX] L=32 states=1 -> 1
[DP-fwdX] L=32 states=1 -> 1
[DP-bwdX] L=64 states=1 -> 1
[DP-fwdX] L=32 states=1 -> 1
[DP-bwdX] L=48 states=1 -> 1
[DP-fwdX] L=32 states=1 -> 1
[DP-fwdX] L=32 states=1 -> 1
[DP-fwdX] L=32 states=1 -> 1
[DP-bwdX] L=48 states=1 -> 1
[DP-bwdX] L=48 states=1 -> 1
[DP-bwdX] L=48 states=1 -> 1
[DP-fwdX] L=48 states=1 -> 1
[DP-bwdX] L=64 states=1 -> 1
[DP-fwdX] L=48 states=1 -> 1
[DP-fwdX] L=48 states=1 -> 1
[DP-fwdX] L=48 states=1 -> 1
[DP-bwdX] L=64 states=1 -> 1
[DP-bwdX] L=64 states=1 -> 1
[DP-bwdX] L=64 states=1 -> 1
[DP-fwdX] L=64 states=1 -> 1
[DP-fwdX] L=80 states=141 -> 164
[DP-bwdX] L=128 states=1 -> 1
[DP-bwdX] L=112 states=186 -> 229
[DP-fwdX] L=64 states=1 -> 1
[DP-bwdX] L=96 states=1 -> 1
[DP-fwdX] L=64 states=1 -> 1
[DP-bwdX] L=80 states=1 -> 1
[DP-fwdX] L=64 states=1 -> 1
[DP-fwdX] L=64 states=1 -> 1
[DP-fwdX] L=64 states=1 -> 1
[DP-bwdX] L=80 states=1 -> 1
[DP-bwdX] L=80 states=1 -> 1
[DP-bwdX] L=80 states=1 -> 1
[DP-fwdX] L=80 states=1 -> 1
[DP-bwdX] L=96 states=1 -> 1
[DP-fwdX] L=80 states=1 -> 1
[DP-fwdX] L=80 states=1 -> 1
[DP-fwdX] L=80 states=1 -> 1
[DP-bwdX] L=96 states=1 -> 1
[DP-bwdX] L=96 states=1 -> 1
[DP-bwdX] L=96 states=1 -> 1
[DP-fwdX] L=96 states=1 -> 1
[DP-bwdX] L=128 states=1 -> 1
[DP-fwdX] L=96 states=1 -> 1
[DP-bwdX] L=112 states=1 -> 3
[DP-fwdX] L=96 states=1 -> 1
[DP-fwdX] L=96 states=1 -> 1
[DP-fwdX] L=96 states=1 -> 1
[DP-bwdX] L=112 states=1 -> 3
[DP-bwdX] L=112 states=1 -> 3
[DP-bwdX] L=112 states=1 -> 3
[DP-fwdX] L=112 states=1 -> 2
[DP-bwdX] L=128 states=1 -> 1
[DP-fwdX] L=112 states=1 -> 2
[DP-fwdX] L=112 states=1 -> 2
[DP-fwdX] L=112 states=1 -> 2
[DP-bwdX] L=128 states=1 -> 1
[DP-bwdX] L=128 states=1 -> 1
[DP-bwdX] L=128 states=1 -> 1
  [Round 3] T_prime=17  T_target=17  HPWL_w=1042088  HPWL_eq=1040  maxL=18  WNS(T')=-1  WNS*(T)=-1  picked=6  solve_ms=421.454
[OC-Shortest/pow2] m=16 h=8 SEG=4 bits=64 words=1 threads=24
[DP-fwdX] L=0 states=1 -> 1
[DP-fwdX] L=16 states=186 -> 229
[DP-fwdX] L=32 states=2755 -> 3100
[DP-fwdX] L=48 states=11271 -> 11887
[DP-bwdX] L=128 states=1 -> 1
[DP-bwdX] L=112 states=186 -> 229
[DP-bwdX] L=96 states=2755 -> 3100
[DP-bwdX] L=80 states=11271 -> 11887
[DP-fwdX] L=0 states=1 -> 1
[DP-fwdX] L=16 states=186 -> 229
[DP-bwdX] L=64 states=1 -> 1
[DP-bwdX] L=48 states=141 -> 164
[DP-fwdX] L=0 states=1 -> 1
[DP-bwdX] L=32 states=1 -> 1
[DP-fwdX] L=0 states=1 -> 1
[DP-bwdX] L=16 states=1 -> 2
[DP-fwdX] L=0 states=1 -> 1
[DP-fwdX] L=0 states=1 -> 1
[DP-fwdX] L=0 states=1 -> 1
[DP-bwdX] L=16 states=1 -> 2
[DP-bwdX] L=16 states=1 -> 2
[DP-bwdX] L=16 states=1 -> 2
[DP-fwdX] L=16 states=1 -> 3
[DP-bwdX] L=32 states=1 -> 1
[DP-fwdX] L=16 states=1 -> 3
[DP-fwdX] L=16 states=1 -> 3
[DP-fwdX] L=16 states=1 -> 3
[DP-bwdX] L=32 states=1 -> 1
[DP-bwdX] L=32 states=1 -> 1
[DP-bwdX] L=32 states=1 -> 1
[DP-fwdX] L=32 states=1 -> 1
[DP-bwdX] L=64 states=1 -> 1
[DP-fwdX] L=32 states=1 -> 1
[DP-bwdX] L=48 states=1 -> 1
[DP-fwdX] L=32 states=1 -> 1
[DP-fwdX] L=32 states=1 -> 1
[DP-fwdX] L=32 states=1 -> 1
[DP-bwdX] L=48 states=1 -> 1
[DP-bwdX] L=48 states=1 -> 1
[DP-bwdX] L=48 states=1 -> 1
[DP-fwdX] L=48 states=1 -> 1
[DP-bwdX] L=64 states=1 -> 1
[DP-fwdX] L=48 states=1 -> 1
[DP-fwdX] L=48 states=1 -> 1
[DP-fwdX] L=48 states=1 -> 1
[DP-bwdX] L=64 states=1 -> 1
[DP-bwdX] L=64 states=1 -> 1
[DP-bwdX] L=64 states=1 -> 1
[DP-fwdX] L=64 states=1 -> 1
[DP-fwdX] L=80 states=141 -> 164
[DP-bwdX] L=128 states=1 -> 1
[DP-bwdX] L=112 states=186 -> 229
[DP-fwdX] L=64 states=1 -> 1
[DP-bwdX] L=96 states=1 -> 1
[DP-fwdX] L=64 states=1 -> 1
[DP-bwdX] L=80 states=1 -> 1
[DP-fwdX] L=64 states=1 -> 1
[DP-fwdX] L=64 states=1 -> 1
[DP-fwdX] L=64 states=1 -> 1
[DP-bwdX] L=80 states=1 -> 1
[DP-bwdX] L=80 states=1 -> 1
[DP-bwdX] L=80 states=1 -> 1
[DP-fwdX] L=80 states=1 -> 1
[DP-bwdX] L=96 states=1 -> 1
[DP-fwdX] L=80 states=1 -> 1
[DP-fwdX] L=80 states=1 -> 1
[DP-fwdX] L=80 states=1 -> 1
[DP-bwdX] L=96 states=1 -> 1
[DP-bwdX] L=96 states=1 -> 1
[DP-bwdX] L=96 states=1 -> 1
[DP-fwdX] L=96 states=1 -> 1
[DP-bwdX] L=128 states=1 -> 1
[DP-fwdX] L=96 states=1 -> 1
[DP-bwdX] L=112 states=1 -> 3
[DP-fwdX] L=96 states=1 -> 1
[DP-fwdX] L=96 states=1 -> 1
[DP-fwdX] L=96 states=1 -> 1
[DP-bwdX] L=112 states=1 -> 3
[DP-bwdX] L=112 states=1 -> 3
[DP-bwdX] L=112 states=1 -> 3
[DP-fwdX] L=112 states=1 -> 2
[DP-bwdX] L=128 states=1 -> 1
[DP-fwdX] L=112 states=1 -> 2
[DP-fwdX] L=112 states=1 -> 2
[DP-fwdX] L=112 states=1 -> 2
[DP-bwdX] L=128 states=1 -> 1
[DP-bwdX] L=128 states=1 -> 1
[DP-bwdX] L=128 states=1 -> 1
  [Round 4] T_prime=17  T_target=17  HPWL_w=1043816  HPWL_eq=1040  maxL=18  WNS(T')=-1  WNS*(T)=-1  picked=6  solve_ms=436.132
[OC-Shortest/pow2] m=16 h=8 SEG=4 bits=64 words=1 threads=24
[DP-fwdX] L=0 states=1 -> 1
[DP-fwdX] L=16 states=186 -> 229
[DP-fwdX] L=32 states=2755 -> 3100
[DP-fwdX] L=48 states=11271 -> 11887
[DP-bwdX] L=128 states=1 -> 1
[DP-bwdX] L=112 states=186 -> 229
[DP-bwdX] L=96 states=2755 -> 3100
[DP-bwdX] L=80 states=11271 -> 11887
[DP-fwdX] L=0 states=1 -> 1
[DP-fwdX] L=16 states=186 -> 229
[DP-bwdX] L=64 states=1 -> 1
[DP-bwdX] L=48 states=141 -> 164
[DP-fwdX] L=0 states=1 -> 1
[DP-bwdX] L=32 states=1 -> 1
[DP-fwdX] L=0 states=1 -> 1
[DP-bwdX] L=16 states=1 -> 2
[DP-fwdX] L=0 states=1 -> 1
[DP-fwdX] L=0 states=1 -> 1
[DP-fwdX] L=0 states=1 -> 1
[DP-bwdX] L=16 states=1 -> 2
[DP-bwdX] L=16 states=1 -> 2
[DP-bwdX] L=16 states=1 -> 2
[DP-fwdX] L=16 states=1 -> 3
[DP-bwdX] L=32 states=1 -> 1
[DP-fwdX] L=16 states=1 -> 3
[DP-fwdX] L=16 states=1 -> 3
[DP-fwdX] L=16 states=1 -> 3
[DP-bwdX] L=32 states=1 -> 1
[DP-bwdX] L=32 states=1 -> 1
[DP-bwdX] L=32 states=1 -> 1
[DP-fwdX] L=32 states=1 -> 1
[DP-bwdX] L=64 states=1 -> 1
[DP-fwdX] L=32 states=1 -> 1
[DP-bwdX] L=48 states=1 -> 1
[DP-fwdX] L=32 states=1 -> 1
[DP-fwdX] L=32 states=1 -> 1
[DP-fwdX] L=32 states=1 -> 1
[DP-bwdX] L=48 states=1 -> 1
[DP-bwdX] L=48 states=1 -> 1
[DP-bwdX] L=48 states=1 -> 1
[DP-fwdX] L=48 states=1 -> 1
[DP-bwdX] L=64 states=1 -> 1
[DP-fwdX] L=48 states=1 -> 1
[DP-fwdX] L=48 states=1 -> 1
[DP-fwdX] L=48 states=1 -> 1
[DP-bwdX] L=64 states=1 -> 1
[DP-bwdX] L=64 states=1 -> 1
[DP-bwdX] L=64 states=1 -> 1
[DP-fwdX] L=64 states=1 -> 1
[DP-fwdX] L=80 states=141 -> 164
[DP-bwdX] L=128 states=1 -> 1
[DP-bwdX] L=112 states=186 -> 229
[DP-fwdX] L=64 states=1 -> 1
[DP-bwdX] L=96 states=1 -> 1
[DP-fwdX] L=64 states=1 -> 1
[DP-bwdX] L=80 states=1 -> 1
[DP-fwdX] L=64 states=1 -> 1
[DP-fwdX] L=64 states=1 -> 1
[DP-fwdX] L=64 states=1 -> 1
[DP-bwdX] L=80 states=1 -> 1
[DP-bwdX] L=80 states=1 -> 1
[DP-bwdX] L=80 states=1 -> 1
[DP-fwdX] L=80 states=1 -> 1
[DP-bwdX] L=96 states=1 -> 1
[DP-fwdX] L=80 states=1 -> 1
[DP-fwdX] L=80 states=1 -> 1
[DP-fwdX] L=80 states=1 -> 1
[DP-bwdX] L=96 states=1 -> 1
[DP-bwdX] L=96 states=1 -> 1
[DP-bwdX] L=96 states=1 -> 1
[DP-fwdX] L=96 states=1 -> 1
[DP-bwdX] L=128 states=1 -> 1
[DP-fwdX] L=96 states=1 -> 1
[DP-bwdX] L=112 states=1 -> 3
[DP-fwdX] L=96 states=1 -> 1
[DP-fwdX] L=96 states=1 -> 1
[DP-fwdX] L=96 states=1 -> 1
[DP-bwdX] L=112 states=1 -> 3
[DP-bwdX] L=112 states=1 -> 3
[DP-bwdX] L=112 states=1 -> 3
[DP-fwdX] L=112 states=1 -> 2
[DP-bwdX] L=128 states=1 -> 1
[DP-fwdX] L=112 states=1 -> 2
[DP-fwdX] L=112 states=1 -> 2
[DP-fwdX] L=112 states=1 -> 2
[DP-bwdX] L=128 states=1 -> 1
[DP-bwdX] L=128 states=1 -> 1
[DP-bwdX] L=128 states=1 -> 1
  [Round 5] T_prime=17  T_target=17  HPWL_w=1045904  HPWL_eq=1040  maxL=18  WNS(T')=-1  WNS*(T)=-1  picked=6  solve_ms=416.823
[OC-Shortest/pow2] m=16 h=8 SEG=4 bits=64 words=1 threads=24
[DP-fwdX] L=0 states=1 -> 1
[DP-fwdX] L=16 states=186 -> 229
[DP-fwdX] L=32 states=2755 -> 3100
[DP-fwdX] L=48 states=11271 -> 11887
[DP-bwdX] L=128 states=1 -> 1
[DP-bwdX] L=112 states=186 -> 229
[DP-bwdX] L=96 states=2755 -> 3100
[DP-bwdX] L=80 states=11271 -> 11887
[DP-fwdX] L=0 states=1 -> 1
[DP-fwdX] L=16 states=186 -> 229
[DP-bwdX] L=64 states=1 -> 1
[DP-bwdX] L=48 states=141 -> 164
[DP-fwdX] L=0 states=1 -> 1
[DP-bwdX] L=32 states=1 -> 1
[DP-fwdX] L=0 states=1 -> 1
[DP-bwdX] L=16 states=1 -> 2
[DP-fwdX] L=0 states=1 -> 1
[DP-fwdX] L=0 states=1 -> 1
[DP-fwdX] L=0 states=1 -> 1
[DP-bwdX] L=16 states=1 -> 2
[DP-bwdX] L=16 states=1 -> 2
[DP-bwdX] L=16 states=1 -> 2
[DP-fwdX] L=16 states=1 -> 3
[DP-bwdX] L=32 states=1 -> 1
[DP-fwdX] L=16 states=1 -> 3
[DP-fwdX] L=16 states=1 -> 3
[DP-fwdX] L=16 states=1 -> 3
[DP-bwdX] L=32 states=1 -> 1
[DP-bwdX] L=32 states=1 -> 1
[DP-bwdX] L=32 states=1 -> 1
[DP-fwdX] L=32 states=1 -> 1
[DP-bwdX] L=64 states=1 -> 1
[DP-fwdX] L=32 states=1 -> 1
[DP-bwdX] L=48 states=1 -> 1
[DP-fwdX] L=32 states=1 -> 1
[DP-fwdX] L=32 states=1 -> 1
[DP-fwdX] L=32 states=1 -> 1
[DP-bwdX] L=48 states=1 -> 1
[DP-bwdX] L=48 states=1 -> 1
[DP-bwdX] L=48 states=1 -> 1
[DP-fwdX] L=48 states=1 -> 1
[DP-bwdX] L=64 states=1 -> 1
[DP-fwdX] L=48 states=1 -> 1
[DP-fwdX] L=48 states=1 -> 1
[DP-fwdX] L=48 states=1 -> 1
[DP-bwdX] L=64 states=1 -> 1
[DP-bwdX] L=64 states=1 -> 1
[DP-bwdX] L=64 states=1 -> 1
[DP-fwdX] L=64 states=1 -> 1
[DP-fwdX] L=80 states=141 -> 164
[DP-bwdX] L=128 states=1 -> 1
[DP-bwdX] L=112 states=186 -> 229
[DP-fwdX] L=64 states=1 -> 1
[DP-bwdX] L=96 states=1 -> 1
[DP-fwdX] L=64 states=1 -> 1
[DP-bwdX] L=80 states=1 -> 1
[DP-fwdX] L=64 states=1 -> 1
[DP-fwdX] L=64 states=1 -> 1
[DP-fwdX] L=64 states=1 -> 1
[DP-bwdX] L=80 states=1 -> 1
[DP-bwdX] L=80 states=1 -> 1
[DP-bwdX] L=80 states=1 -> 1
[DP-fwdX] L=80 states=1 -> 1
[DP-bwdX] L=96 states=1 -> 1
[DP-fwdX] L=80 states=1 -> 1
[DP-fwdX] L=80 states=1 -> 1
[DP-fwdX] L=80 states=1 -> 1
[DP-bwdX] L=96 states=1 -> 1
[DP-bwdX] L=96 states=1 -> 1
[DP-bwdX] L=96 states=1 -> 1
[DP-fwdX] L=96 states=1 -> 1
[DP-bwdX] L=128 states=1 -> 1
[DP-fwdX] L=96 states=1 -> 1
[DP-bwdX] L=112 states=1 -> 1
[DP-fwdX] L=96 states=1 -> 1
[DP-fwdX] L=96 states=1 -> 1
[DP-fwdX] L=96 states=1 -> 1
[DP-bwdX] L=112 states=1 -> 1
[DP-bwdX] L=112 states=1 -> 1
[DP-bwdX] L=112 states=1 -> 1
[DP-fwdX] L=112 states=1 -> 1
[DP-bwdX] L=128 states=1 -> 1
[DP-fwdX] L=112 states=1 -> 1
[DP-fwdX] L=112 states=1 -> 1
[DP-fwdX] L=112 states=1 -> 1
[DP-bwdX] L=128 states=1 -> 1
[DP-bwdX] L=128 states=1 -> 1
[DP-bwdX] L=128 states=1 -> 1
  [Round 6] T_prime=17  T_target=17  HPWL_w=1047708  HPWL_eq=1042  maxL=18  WNS(T')=-1  WNS*(T)=-1  picked=3  solve_ms=434.653
[OC-Shortest/pow2] m=16 h=8 SEG=4 bits=64 words=1 threads=24
[DP-fwdX] L=0 states=1 -> 1
[DP-fwdX] L=16 states=186 -> 229
[DP-fwdX] L=32 states=2755 -> 3100
[DP-fwdX] L=48 states=11271 -> 11887
[DP-bwdX] L=128 states=1 -> 1
[DP-bwdX] L=112 states=186 -> 229
[DP-bwdX] L=96 states=2755 -> 3100
[DP-bwdX] L=80 states=11271 -> 11887
[DP-fwdX] L=0 states=1 -> 1
[DP-fwdX] L=16 states=186 -> 229
[DP-bwdX] L=64 states=1 -> 1
[DP-bwdX] L=48 states=141 -> 164
[DP-fwdX] L=0 states=1 -> 1
[DP-bwdX] L=32 states=1 -> 1
[DP-fwdX] L=0 states=1 -> 1
[DP-bwdX] L=16 states=1 -> 1
[DP-fwdX] L=0 states=1 -> 1
[DP-fwdX] L=0 states=1 -> 1
[DP-fwdX] L=0 states=1 -> 1
[DP-bwdX] L=16 states=1 -> 1
[DP-bwdX] L=16 states=1 -> 1
[DP-bwdX] L=16 states=1 -> 1
[DP-fwdX] L=16 states=1 -> 1
[DP-bwdX] L=32 states=1 -> 1
[DP-fwdX] L=16 states=1 -> 1
[DP-fwdX] L=16 states=1 -> 1
[DP-fwdX] L=16 states=1 -> 1
[DP-bwdX] L=32 states=1 -> 1
[DP-bwdX] L=32 states=1 -> 1
[DP-bwdX] L=32 states=1 -> 1
[DP-fwdX] L=32 states=1 -> 1
[DP-bwdX] L=64 states=1 -> 1
[DP-fwdX] L=32 states=1 -> 1
[DP-bwdX] L=48 states=1 -> 1
[DP-fwdX] L=32 states=1 -> 1
[DP-fwdX] L=32 states=1 -> 1
[DP-fwdX] L=32 states=1 -> 1
[DP-bwdX] L=48 states=1 -> 1
[DP-bwdX] L=48 states=1 -> 1
[DP-bwdX] L=48 states=1 -> 1
[DP-fwdX] L=48 states=1 -> 1
[DP-bwdX] L=64 states=1 -> 1
[DP-fwdX] L=48 states=1 -> 1
[DP-fwdX] L=48 states=1 -> 1
[DP-fwdX] L=48 states=1 -> 1
[DP-bwdX] L=64 states=1 -> 1
[DP-bwdX] L=64 states=1 -> 1
[DP-bwdX] L=64 states=1 -> 1
[DP-fwdX] L=64 states=1 -> 1
[DP-fwdX] L=80 states=141 -> 164
[DP-bwdX] L=128 states=1 -> 1
[DP-bwdX] L=112 states=186 -> 229
[DP-fwdX] L=64 states=1 -> 1
[DP-bwdX] L=96 states=1 -> 1
[DP-fwdX] L=64 states=1 -> 1
[DP-bwdX] L=80 states=1 -> 1
[DP-fwdX] L=64 states=1 -> 1
[DP-fwdX] L=64 states=1 -> 1
[DP-fwdX] L=64 states=1 -> 1
[DP-bwdX] L=80 states=1 -> 1
[DP-bwdX] L=80 states=1 -> 1
[DP-bwdX] L=80 states=1 -> 1
[DP-fwdX] L=80 states=1 -> 1
[DP-bwdX] L=96 states=1 -> 1
[DP-fwdX] L=80 states=1 -> 1
[DP-fwdX] L=80 states=1 -> 1
[DP-fwdX] L=80 states=1 -> 1
[DP-bwdX] L=96 states=1 -> 1
[DP-bwdX] L=96 states=1 -> 1
[DP-bwdX] L=96 states=1 -> 1
[DP-fwdX] L=96 states=1 -> 1
[DP-bwdX] L=128 states=1 -> 1
[DP-fwdX] L=96 states=1 -> 1
[DP-bwdX] L=112 states=1 -> 1
[DP-fwdX] L=96 states=1 -> 1
[DP-fwdX] L=96 states=1 -> 1
[DP-fwdX] L=96 states=1 -> 1
[DP-bwdX] L=112 states=1 -> 1
[DP-bwdX] L=112 states=1 -> 1
[DP-bwdX] L=112 states=1 -> 1
[DP-fwdX] L=112 states=1 -> 1
[DP-bwdX] L=128 states=1 -> 1
[DP-fwdX] L=112 states=1 -> 1
[DP-fwdX] L=112 states=1 -> 1
[DP-fwdX] L=112 states=1 -> 1
[DP-bwdX] L=128 states=1 -> 1
[DP-bwdX] L=128 states=1 -> 1
[DP-bwdX] L=128 states=1 -> 1
  [Round 7] T_prime=17  T_target=17  HPWL_w=1048328  HPWL_eq=1044  maxL=15  WNS(T')=2  WNS*(T)=2  picked=0  solve_ms=437.693
  [TD] reach target: all edges <= T_target.
[Policy] wrote placement to: placement16_Col_1_T_17.txt
