[OC-SpanT] n=256 T=256 thr=4 v=3 (Δ≤T)
[SpanT] window sanity check passed
[SpanT] LB range=[1,256], UB range=[39,256]
[DP-fwd] level 15 states=146 -> next=186
[DP-fwd] level 31 states=2857 -> next=3319
[DP-fwd] level 47 states=21689 -> next=24135
[DP-fwd] level 63 states=94558 -> next=102206
[DP-fwd] level 79 states=274043 -> next=289532
[DP-fwd] level 95 states=567351 -> next=587819
[DP-fwd] level 111 states=872341 -> next=887860
[DP-fwd] level 127 states=1016110 -> next=1016737
[DP-bwd] level 256 states=1 -> next=1
[DP-bwd] level 240 states=186 -> next=230
[DP-bwd] level 224 states=3319 -> next=3827
[DP-bwd] level 208 states=24135 -> next=26765
[DP-bwd] level 192 states=102206 -> next=110235
[DP-bwd] level 176 states=289532 -> next=305395
[DP-bwd] level 160 states=587819 -> next=608181
[DP-bwd] level 144 states=887860 -> next=902511
[MID] hit at l_mid=128 cost=2176  F=1016737 B=1016737
[DP-fwd] level 15 states=146 -> next=186
[DP-fwd] level 31 states=2857 -> next=3319
[DP-fwd] level 47 states=21689 -> next=24135
[DP-fwd] level 63 states=94558 -> next=102206
[DP-bwd] level 128 states=1 -> next=1
[DP-bwd] level 112 states=186 -> next=229
[DP-bwd] level 96 states=2755 -> next=3100
[DP-bwd] level 80 states=11271 -> next=11887
[MID] hit at l_mid=64 cost=60  F=102206 B=17575
[DP-fwd] level 15 states=146 -> next=186
[DP-fwd] level 31 states=2857 -> next=3319
[DP-bwd] level 64 states=1 -> next=1
[DP-bwd] level 48 states=141 -> next=164
[MID] hit at l_mid=32 cost=4  F=3319 B=526
[DP-fwd] level 15 states=146 -> next=186
[DP-bwd] level 32 states=1 -> next=1
[MID] hit at l_mid=16 cost=-24  F=186 B=33
[DP-bwd] level 16 states=1 -> next=2
[MID] hit at l_mid=8 cost=-58  F=22 B=8
[MID] hit at l_mid=4 cost=-19  F=5 B=3
[MID] hit at l_mid=2 cost=-7  F=2 B=2
[MID] hit at l_mid=1 cost=-4  F=1 B=1
[MID] hit at l_mid=3 cost=-3  F=2 B=1
[MID] hit at l_mid=6 cost=-12  F=5 B=3
[MID] hit at l_mid=5 cost=-5  F=2 B=1
[MID] hit at l_mid=7 cost=-7  F=2 B=2
[DP-bwd] level 16 states=1 -> next=2
[MID] hit at l_mid=12 cost=-39  F=24 B=6
[MID] hit at l_mid=10 cost=-10  F=7 B=2
[MID] hit at l_mid=9 cost=-10  F=3 B=2
[MID] hit at l_mid=11 cost=0  F=3 B=1
[DP-bwd] level 16 states=1 -> next=2
[MID] hit at l_mid=14 cost=-29  F=5 B=3
[MID] hit at l_mid=13 cost=-13  F=2 B=2
[DP-bwd] level 16 states=1 -> next=2
[MID] hit at l_mid=15 cost=-16  F=3 B=2
[DP-bwd] level 32 states=1 -> next=1
[MID] hit at l_mid=24 cost=34  F=126 B=15
[MID] hit at l_mid=20 cost=27  F=23 B=4
[MID] hit at l_mid=18 cost=-19  F=7 B=3
[MID] hit at l_mid=17 cost=0  F=3 B=1
[MID] hit at l_mid=19 cost=-19  F=2 B=2
[MID] hit at l_mid=22 cost=46  F=6 B=2
[MID] hit at l_mid=21 cost=22  F=3 B=2
[MID] hit at l_mid=23 cost=24  F=2 B=1
[DP-bwd] level 32 states=1 -> next=1
[MID] hit at l_mid=28 cost=7  F=5 B=5
[MID] hit at l_mid=26 cost=-25  F=2 B=4
[MID] hit at l_mid=25 cost=-25  F=1 B=2
[MID] hit at l_mid=27 cost=0  F=2 B=2
[DP-bwd] level 32 states=1 -> next=1
[MID] hit at l_mid=30 cost=32  F=4 B=2
[MID] hit at l_mid=29 cost=0  F=2 B=2
[DP-bwd] level 32 states=1 -> next=1
[MID] hit at l_mid=31 cost=32  F=2 B=1
[DP-fwd] level 47 states=146 -> next=186
[DP-bwd] level 64 states=1 -> next=1
[MID] hit at l_mid=48 cost=28  F=186 B=141
[DP-bwd] level 48 states=1 -> next=1
[MID] hit at l_mid=40 cost=14  F=22 B=20
[MID] hit at l_mid=36 cost=7  F=5 B=5
[MID] hit at l_mid=34 cost=-33  F=2 B=4
[MID] hit at l_mid=33 cost=-33  F=1 B=2
[MID] hit at l_mid=35 cost=0  F=2 B=2
[MID] hit at l_mid=38 cost=40  F=4 B=2
[MID] hit at l_mid=37 cost=0  F=2 B=2
[MID] hit at l_mid=39 cost=40  F=2 B=1
[DP-bwd] level 48 states=1 -> next=1
[MID] hit at l_mid=44 cost=7  F=5 B=5
[MID] hit at l_mid=42 cost=-41  F=2 B=4
[MID] hit at l_mid=41 cost=-41  F=1 B=2
[MID] hit at l_mid=43 cost=0  F=2 B=2
[DP-bwd] level 48 states=1 -> next=1
[MID] hit at l_mid=46 cost=48  F=4 B=2
[MID] hit at l_mid=45 cost=0  F=2 B=2
[DP-bwd] level 48 states=1 -> next=1
[MID] hit at l_mid=47 cost=48  F=2 B=1
[DP-bwd] level 64 states=1 -> next=1
[MID] hit at l_mid=56 cost=14  F=22 B=22
[MID] hit at l_mid=52 cost=7  F=5 B=5
[MID] hit at l_mid=50 cost=-49  F=2 B=4
[MID] hit at l_mid=49 cost=-49  F=1 B=2
[MID] hit at l_mid=51 cost=0  F=2 B=2
[MID] hit at l_mid=54 cost=56  F=4 B=2
[MID] hit at l_mid=53 cost=0  F=2 B=2
[MID] hit at l_mid=55 cost=56  F=2 B=1
[DP-bwd] level 64 states=1 -> next=1
[MID] hit at l_mid=60 cost=7  F=5 B=5
[MID] hit at l_mid=58 cost=-57  F=2 B=4
[MID] hit at l_mid=57 cost=-57  F=1 B=2
[MID] hit at l_mid=59 cost=0  F=2 B=2
[DP-bwd] level 64 states=1 -> next=1
[MID] hit at l_mid=62 cost=64  F=4 B=2
[MID] hit at l_mid=61 cost=0  F=2 B=2
[DP-bwd] level 64 states=1 -> next=1
[MID] hit at l_mid=63 cost=64  F=2 B=1
[DP-fwd] level 79 states=146 -> next=186
[DP-fwd] level 95 states=2827 -> next=3274
[DP-bwd] level 128 states=1 -> next=1
[DP-bwd] level 112 states=186 -> next=229
[MID] hit at l_mid=96 cost=56  F=3274 B=2755
[DP-fwd] level 79 states=146 -> next=186
[DP-bwd] level 96 states=1 -> next=1
[MID] hit at l_mid=80 cost=28  F=186 B=179
[DP-bwd] level 80 states=1 -> next=1
[MID] hit at l_mid=72 cost=14  F=22 B=22
[MID] hit at l_mid=68 cost=7  F=5 B=5
[MID] hit at l_mid=66 cost=-65  F=2 B=4
[MID] hit at l_mid=65 cost=-65  F=1 B=2
[MID] hit at l_mid=67 cost=0  F=2 B=2
[MID] hit at l_mid=70 cost=72  F=4 B=2
[MID] hit at l_mid=69 cost=0  F=2 B=2
[MID] hit at l_mid=71 cost=72  F=2 B=1
[DP-bwd] level 80 states=1 -> next=1
[MID] hit at l_mid=76 cost=7  F=5 B=5
[MID] hit at l_mid=74 cost=-73  F=2 B=4
[MID] hit at l_mid=73 cost=-73  F=1 B=2
[MID] hit at l_mid=75 cost=0  F=2 B=2
[DP-bwd] level 80 states=1 -> next=1
[MID] hit at l_mid=78 cost=80  F=4 B=2
[MID] hit at l_mid=77 cost=0  F=2 B=2
[DP-bwd] level 80 states=1 -> next=1
[MID] hit at l_mid=79 cost=80  F=2 B=1
[DP-bwd] level 96 states=1 -> next=1
[MID] hit at l_mid=88 cost=14  F=22 B=22
[MID] hit at l_mid=84 cost=7  F=5 B=5
[MID] hit at l_mid=82 cost=-81  F=2 B=4
[MID] hit at l_mid=81 cost=-81  F=1 B=2
[MID] hit at l_mid=83 cost=0  F=2 B=2
[MID] hit at l_mid=86 cost=88  F=4 B=2
[MID] hit at l_mid=85 cost=0  F=2 B=2
[MID] hit at l_mid=87 cost=88  F=2 B=1
[DP-bwd] level 96 states=1 -> next=1
[MID] hit at l_mid=92 cost=7  F=5 B=5
[MID] hit at l_mid=90 cost=-89  F=2 B=4
[MID] hit at l_mid=89 cost=-89  F=1 B=2
[MID] hit at l_mid=91 cost=0  F=2 B=2
[DP-bwd] level 96 states=1 -> next=1
[MID] hit at l_mid=94 cost=96  F=4 B=2
[MID] hit at l_mid=93 cost=0  F=2 B=2
[DP-bwd] level 96 states=1 -> next=1
[MID] hit at l_mid=95 cost=96  F=2 B=1
[DP-fwd] level 111 states=146 -> next=186
[DP-bwd] level 128 states=1 -> next=1
[MID] hit at l_mid=112 cost=28  F=186 B=186
[DP-bwd] level 112 states=1 -> next=1
[MID] hit at l_mid=104 cost=14  F=22 B=22
[MID] hit at l_mid=100 cost=7  F=5 B=5
[MID] hit at l_mid=98 cost=-97  F=2 B=4
[MID] hit at l_mid=97 cost=-97  F=1 B=2
[MID] hit at l_mid=99 cost=0  F=2 B=2
[MID] hit at l_mid=102 cost=104  F=4 B=2
[MID] hit at l_mid=101 cost=0  F=2 B=2
[MID] hit at l_mid=103 cost=104  F=2 B=1
[DP-bwd] level 112 states=1 -> next=1
[MID] hit at l_mid=108 cost=7  F=5 B=5
[MID] hit at l_mid=106 cost=-105  F=2 B=4
[MID] hit at l_mid=105 cost=-105  F=1 B=2
[MID] hit at l_mid=107 cost=0  F=2 B=2
[DP-bwd] level 112 states=1 -> next=1
[MID] hit at l_mid=110 cost=112  F=4 B=2
[MID] hit at l_mid=109 cost=0  F=2 B=2
[DP-bwd] level 112 states=1 -> next=1
[MID] hit at l_mid=111 cost=112  F=2 B=1
[DP-bwd] level 128 states=1 -> next=1
[MID] hit at l_mid=120 cost=14  F=22 B=22
[MID] hit at l_mid=116 cost=7  F=5 B=5
[MID] hit at l_mid=114 cost=-113  F=2 B=4
[MID] hit at l_mid=113 cost=-113  F=1 B=2
[MID] hit at l_mid=115 cost=0  F=2 B=2
[MID] hit at l_mid=118 cost=120  F=4 B=2
[MID] hit at l_mid=117 cost=0  F=2 B=2
[MID] hit at l_mid=119 cost=120  F=2 B=1
[DP-bwd] level 128 states=1 -> next=1
[MID] hit at l_mid=124 cost=7  F=5 B=5
[MID] hit at l_mid=122 cost=-121  F=2 B=4
[MID] hit at l_mid=121 cost=-121  F=1 B=2
[MID] hit at l_mid=123 cost=0  F=2 B=2
[DP-bwd] level 128 states=1 -> next=1
[MID] hit at l_mid=126 cost=128  F=4 B=2
[MID] hit at l_mid=125 cost=0  F=2 B=2
[DP-bwd] level 128 states=1 -> next=1
[MID] hit at l_mid=127 cost=128  F=2 B=1
[DP-fwd] level 143 states=146 -> next=186
[DP-fwd] level 159 states=2424 -> next=2755
[DP-fwd] level 175 states=10621 -> next=11271
[DP-fwd] level 191 states=17528 -> next=17575
[DP-bwd] level 256 states=1 -> next=1
[DP-bwd] level 240 states=186 -> next=230
[DP-bwd] level 224 states=3319 -> next=3827
[DP-bwd] level 208 states=24135 -> next=26765
[MID] hit at l_mid=192 cost=2116  F=17575 B=102206
[DP-fwd] level 143 states=146 -> next=186
[DP-fwd] level 159 states=2424 -> next=2755
[DP-bwd] level 192 states=1 -> next=1
[DP-bwd] level 176 states=186 -> next=230
[MID] hit at l_mid=160 cost=56  F=2755 B=3274
[DP-fwd] level 143 states=146 -> next=186
[DP-bwd] level 160 states=1 -> next=1
[MID] hit at l_mid=144 cost=28  F=186 B=186
[DP-bwd] level 144 states=1 -> next=1
[MID] hit at l_mid=136 cost=14  F=22 B=22
[MID] hit at l_mid=132 cost=7  F=5 B=5
[MID] hit at l_mid=130 cost=-129  F=2 B=4
[MID] hit at l_mid=129 cost=-129  F=1 B=2
[MID] hit at l_mid=131 cost=0  F=2 B=2
[MID] hit at l_mid=134 cost=136  F=4 B=2
[MID] hit at l_mid=133 cost=0  F=2 B=2
[MID] hit at l_mid=135 cost=136  F=2 B=1
[DP-bwd] level 144 states=1 -> next=1
[MID] hit at l_mid=140 cost=7  F=5 B=5
[MID] hit at l_mid=138 cost=-137  F=2 B=4
[MID] hit at l_mid=137 cost=-137  F=1 B=2
[MID] hit at l_mid=139 cost=0  F=2 B=2
[DP-bwd] level 144 states=1 -> next=1
[MID] hit at l_mid=142 cost=144  F=4 B=2
[MID] hit at l_mid=141 cost=0  F=2 B=2
[DP-bwd] level 144 states=1 -> next=1
[MID] hit at l_mid=143 cost=144  F=2 B=1
[DP-bwd] level 160 states=1 -> next=1
[MID] hit at l_mid=152 cost=14  F=22 B=22
[MID] hit at l_mid=148 cost=7  F=5 B=5
[MID] hit at l_mid=146 cost=-145  F=2 B=4
[MID] hit at l_mid=145 cost=-145  F=1 B=2
[MID] hit at l_mid=147 cost=0  F=2 B=2
[MID] hit at l_mid=150 cost=152  F=4 B=2
[MID] hit at l_mid=149 cost=0  F=2 B=2
[MID] hit at l_mid=151 cost=152  F=2 B=1
[DP-bwd] level 160 states=1 -> next=1
[MID] hit at l_mid=156 cost=7  F=5 B=5
[MID] hit at l_mid=154 cost=-153  F=2 B=4
[MID] hit at l_mid=153 cost=-153  F=1 B=2
[MID] hit at l_mid=155 cost=0  F=2 B=2
[DP-bwd] level 160 states=1 -> next=1
[MID] hit at l_mid=158 cost=160  F=4 B=2
[MID] hit at l_mid=157 cost=0  F=2 B=2
[DP-bwd] level 160 states=1 -> next=1
[MID] hit at l_mid=159 cost=160  F=2 B=1
[DP-fwd] level 175 states=142 -> next=179
[DP-bwd] level 192 states=1 -> next=1
[MID] hit at l_mid=176 cost=28  F=179 B=186
[DP-bwd] level 176 states=1 -> next=1
[MID] hit at l_mid=168 cost=14  F=22 B=22
[MID] hit at l_mid=164 cost=7  F=5 B=5
[MID] hit at l_mid=162 cost=-161  F=2 B=4
[MID] hit at l_mid=161 cost=-161  F=1 B=2
[MID] hit at l_mid=163 cost=0  F=2 B=2
[MID] hit at l_mid=166 cost=168  F=4 B=2
[MID] hit at l_mid=165 cost=0  F=2 B=2
[MID] hit at l_mid=167 cost=168  F=2 B=1
[DP-bwd] level 176 states=1 -> next=1
[MID] hit at l_mid=172 cost=7  F=5 B=5
[MID] hit at l_mid=170 cost=-169  F=2 B=4
[MID] hit at l_mid=169 cost=-169  F=1 B=2
[MID] hit at l_mid=171 cost=0  F=2 B=2
[DP-bwd] level 176 states=1 -> next=1
[MID] hit at l_mid=174 cost=176  F=4 B=2
[MID] hit at l_mid=173 cost=0  F=2 B=2
[DP-bwd] level 176 states=1 -> next=1
[MID] hit at l_mid=175 cost=176  F=2 B=1
[DP-bwd] level 192 states=1 -> next=1
[MID] hit at l_mid=184 cost=14  F=22 B=22
[MID] hit at l_mid=180 cost=7  F=5 B=5
[MID] hit at l_mid=178 cost=-177  F=2 B=4
[MID] hit at l_mid=177 cost=-177  F=1 B=2
[MID] hit at l_mid=179 cost=0  F=2 B=2
[MID] hit at l_mid=182 cost=184  F=4 B=2
[MID] hit at l_mid=181 cost=0  F=2 B=2
[MID] hit at l_mid=183 cost=184  F=2 B=1
[DP-bwd] level 192 states=1 -> next=1
[MID] hit at l_mid=188 cost=7  F=5 B=5
[MID] hit at l_mid=186 cost=-185  F=2 B=4
[MID] hit at l_mid=185 cost=-185  F=1 B=2
[MID] hit at l_mid=187 cost=0  F=2 B=2
[DP-bwd] level 192 states=1 -> next=1
[MID] hit at l_mid=190 cost=192  F=4 B=2
[MID] hit at l_mid=189 cost=0  F=2 B=2
[DP-bwd] level 192 states=1 -> next=1
[MID] hit at l_mid=191 cost=192  F=2 B=1
[DP-fwd] level 207 states=116 -> next=141
[DP-fwd] level 223 states=519 -> next=526
[DP-bwd] level 256 states=1 -> next=1
[DP-bwd] level 240 states=186 -> next=230
[MID] hit at l_mid=224 cost=2060  F=526 B=3319
[DP-fwd] level 207 states=116 -> next=141
[DP-bwd] level 224 states=1 -> next=1
[MID] hit at l_mid=208 cost=28  F=141 B=186
[DP-bwd] level 208 states=1 -> next=1
[MID] hit at l_mid=200 cost=14  F=22 B=22
[MID] hit at l_mid=196 cost=7  F=5 B=5
[MID] hit at l_mid=194 cost=-193  F=2 B=4
[MID] hit at l_mid=193 cost=-193  F=1 B=2
[MID] hit at l_mid=195 cost=0  F=2 B=2
[MID] hit at l_mid=198 cost=200  F=4 B=2
[MID] hit at l_mid=197 cost=0  F=2 B=2
[MID] hit at l_mid=199 cost=200  F=2 B=1
[DP-bwd] level 208 states=1 -> next=1
[MID] hit at l_mid=204 cost=7  F=5 B=5
[MID] hit at l_mid=202 cost=-201  F=2 B=4
[MID] hit at l_mid=201 cost=-201  F=1 B=2
[MID] hit at l_mid=203 cost=0  F=2 B=2
[DP-bwd] level 208 states=1 -> next=1
[MID] hit at l_mid=206 cost=208  F=4 B=2
[MID] hit at l_mid=205 cost=0  F=2 B=2
[DP-bwd] level 208 states=1 -> next=1
[MID] hit at l_mid=207 cost=208  F=2 B=1
[DP-bwd] level 224 states=1 -> next=1
[MID] hit at l_mid=216 cost=14  F=20 B=22
[MID] hit at l_mid=212 cost=7  F=5 B=5
[MID] hit at l_mid=210 cost=-209  F=2 B=4
[MID] hit at l_mid=209 cost=-209  F=1 B=2
[MID] hit at l_mid=211 cost=0  F=2 B=2
[MID] hit at l_mid=214 cost=216  F=4 B=2
[MID] hit at l_mid=213 cost=0  F=2 B=2
[MID] hit at l_mid=215 cost=216  F=2 B=1
[DP-bwd] level 224 states=1 -> next=1
[MID] hit at l_mid=220 cost=7  F=5 B=5
[MID] hit at l_mid=218 cost=-217  F=2 B=4
[MID] hit at l_mid=217 cost=-217  F=1 B=2
[MID] hit at l_mid=219 cost=0  F=2 B=2
[DP-bwd] level 224 states=1 -> next=1
[MID] hit at l_mid=222 cost=224  F=4 B=2
[MID] hit at l_mid=221 cost=0  F=2 B=2
[DP-bwd] level 224 states=1 -> next=1
[MID] hit at l_mid=223 cost=224  F=2 B=1
[DP-fwd] level 239 states=31 -> next=33
[DP-bwd] level 256 states=1 -> next=1
[MID] hit at l_mid=240 cost=2032  F=33 B=186
[DP-bwd] level 240 states=1 -> next=3
[MID] hit at l_mid=232 cost=-223  F=15 B=126
[MID] hit at l_mid=228 cost=7  F=5 B=5
[MID] hit at l_mid=226 cost=-225  F=2 B=4
[MID] hit at l_mid=225 cost=-225  F=1 B=2
[MID] hit at l_mid=227 cost=0  F=2 B=2
[MID] hit at l_mid=230 cost=232  F=4 B=2
[MID] hit at l_mid=229 cost=0  F=2 B=2
[MID] hit at l_mid=231 cost=232  F=2 B=1
[DP-bwd] level 240 states=1 -> next=3
[MID] hit at l_mid=236 cost=-230  F=4 B=23
[MID] hit at l_mid=234 cost=-469  F=2 B=6
[MID] hit at l_mid=233 cost=-233  F=1 B=2
[MID] hit at l_mid=235 cost=-236  F=2 B=3
[DP-bwd] level 240 states=1 -> next=3
[MID] hit at l_mid=238 cost=239  F=5 B=7
[MID] hit at l_mid=237 cost=0  F=3 B=4
[DP-bwd] level 240 states=1 -> next=3
[MID] hit at l_mid=239 cost=239  F=3 B=3
[DP-bwd] level 256 states=1 -> next=1
[MID] hit at l_mid=248 cost=2255  F=8 B=22
[MID] hit at l_mid=244 cost=732  F=6 B=24
[MID] hit at l_mid=242 cost=485  F=3 B=5
[MID] hit at l_mid=241 cost=241  F=2 B=3
[MID] hit at l_mid=243 cost=244  F=2 B=2
[MID] hit at l_mid=246 cost=247  F=2 B=7
[MID] hit at l_mid=245 cost=0  F=1 B=3
[MID] hit at l_mid=247 cost=247  F=2 B=3
[DP-bwd] level 256 states=1 -> next=1
[MID] hit at l_mid=252 cost=1523  F=3 B=5
[MID] hit at l_mid=250 cost=502  F=3 B=5
[MID] hit at l_mid=249 cost=250  F=2 B=2
[MID] hit at l_mid=251 cost=252  F=1 B=2
[DP-bwd] level 256 states=1 -> next=1
[MID] hit at l_mid=254 cost=1021  F=2 B=2
[MID] hit at l_mid=253 cost=254  F=1 B=2
[DP-bwd] level 256 states=1 -> next=1
[MID] hit at l_mid=255 cost=767  F=1 B=1
[POST] HPWL=2176 maxΔ=20 OK
