	Command being timed: "./build/oc_shortest 14 14 1 -1 24 --pow2=1 --check-oc=0 --verify=1 --rsad=0 --wH wH_unit.txt --wV wV_unit.txt"
	User time (seconds): 146.53
	System time (seconds): 1.96
	Percent of CPU this job got: 603%
	Elapsed (wall clock) time (h:mm:ss or m:ss): 0:24.58
	Average shared text size (kbytes): 0
	Average unshared data size (kbytes): 0
	Average stack size (kbytes): 0
	Average total size (kbytes): 0
	Maximum resident set size (kbytes): 606752
	Average resident set size (kbytes): 0
	Major (requiring I/O) page faults: 19
	Minor (reclaiming a frame) page faults: 856913
	Voluntary context switches: 11871
	Involuntary context switches: 14832
	Swaps: 0
	File system inputs: 0
	File system outputs: 40
	Socket messages sent: 0
	Socket messages received: 0
	Signals delivered: 0
	Page size (bytes): 4096
	Exit status: 0
