
=== OC-Shortest m=16 h=16 steps=256 thr=24 pow2=1 weighted=1 ===
[OC-Shortest/pow2] m=16 h=16 SEG=5 bits=80 words=2 threads=24
[DP-fwdX] L=0 states=1 -> 1
[DP-fwdX] L=16 states=231 -> 295
[DP-fwdX] L=32 states=6981 -> 8314
[DP-fwdX] L=48 states=80262 -> 91321
[DP-fwdX] L=64 states=487842 -> 536612
[DP-fwdX] L=80 states=1812418 -> 1939144
[DP-fwdX] L=96 states=4442988 -> 4639561
[DP-fwdX] L=112 states=7499174 -> 7657405
[DP-bwdX] L=256 states=1 -> 1
[DP-bwdX] L=240 states=231 -> 295
[DP-bwdX] L=224 states=6981 -> 8314
[DP-bwdX] L=208 states=80262 -> 91321
[DP-bwdX] L=192 states=487842 -> 536612
[DP-bwdX] L=176 states=1812418 -> 1939144
[DP-bwdX] L=160 states=4442988 -> 4639561
[DP-bwdX] L=144 states=7499174 -> 7657405
[DP-fwdX] L=0 states=1 -> 1
[DP-fwdX] L=16 states=231 -> 295
[DP-fwdX] L=32 states=6981 -> 8314
[DP-fwdX] L=48 states=80262 -> 91321
[DP-bwdX] L=128 states=1 -> 1
[DP-bwdX] L=112 states=186 -> 229
[DP-bwdX] L=96 states=2755 -> 3100
[DP-bwdX] L=80 states=11271 -> 11887
[DP-fwdX] L=0 states=1 -> 1
[DP-fwdX] L=16 states=231 -> 295
[DP-bwdX] L=64 states=1 -> 2
[DP-bwdX] L=48 states=112 -> 129
[DP-fwdX] L=0 states=1 -> 1
[DP-bwdX] L=32 states=1 -> 2
[DP-fwdX] L=0 states=1 -> 1
[DP-bwdX] L=16 states=1 -> 1
[DP-fwdX] L=0 states=1 -> 1
[DP-fwdX] L=0 states=1 -> 1
[DP-fwdX] L=0 states=1 -> 1
[DP-bwdX] L=16 states=1 -> 1
[DP-bwdX] L=16 states=1 -> 1
[DP-bwdX] L=16 states=1 -> 1
[DP-fwdX] L=16 states=1 -> 2
[DP-bwdX] L=32 states=1 -> 2
[DP-fwdX] L=16 states=1 -> 2
[DP-fwdX] L=16 states=1 -> 2
[DP-fwdX] L=16 states=1 -> 2
[DP-bwdX] L=32 states=1 -> 2
[DP-bwdX] L=32 states=1 -> 2
[DP-bwdX] L=32 states=1 -> 2
[DP-fwdX] L=32 states=1 -> 3
[DP-bwdX] L=64 states=1 -> 2
[DP-fwdX] L=32 states=1 -> 3
[DP-bwdX] L=48 states=1 -> 2
[DP-fwdX] L=32 states=1 -> 3
[DP-fwdX] L=32 states=1 -> 3
[DP-fwdX] L=32 states=1 -> 3
[DP-bwdX] L=48 states=1 -> 2
[DP-bwdX] L=48 states=1 -> 2
[DP-bwdX] L=48 states=1 -> 2
[DP-fwdX] L=48 states=1 -> 3
[DP-bwdX] L=64 states=1 -> 2
[DP-fwdX] L=48 states=1 -> 3
[DP-fwdX] L=48 states=1 -> 3
[DP-fwdX] L=48 states=1 -> 3
[DP-bwdX] L=64 states=1 -> 2
[DP-bwdX] L=64 states=1 -> 2
[DP-bwdX] L=64 states=1 -> 2
[DP-fwdX] L=64 states=1 -> 3
[DP-fwdX] L=80 states=3649 -> 4857
[DP-bwdX] L=128 states=1 -> 1
[DP-bwdX] L=112 states=186 -> 229
[DP-fwdX] L=64 states=1 -> 3
[DP-bwdX] L=96 states=1 -> 1
[DP-fwdX] L=64 states=1 -> 3
[DP-bwdX] L=80 states=1 -> 1
[DP-fwdX] L=64 states=1 -> 3
[DP-fwdX] L=64 states=1 -> 3
[DP-fwdX] L=64 states=1 -> 3
[DP-bwdX] L=80 states=1 -> 1
[DP-bwdX] L=80 states=1 -> 1
[DP-bwdX] L=80 states=1 -> 1
[DP-fwdX] L=80 states=1 -> 1
[DP-bwdX] L=96 states=1 -> 1
[DP-fwdX] L=80 states=1 -> 1
[DP-fwdX] L=80 states=1 -> 1
[DP-fwdX] L=80 states=1 -> 1
[DP-bwdX] L=96 states=1 -> 1
[DP-bwdX] L=96 states=1 -> 1
[DP-bwdX] L=96 states=1 -> 1
[DP-fwdX] L=96 states=1 -> 1
[DP-bwdX] L=128 states=1 -> 1
[DP-fwdX] L=96 states=1 -> 1
[DP-bwdX] L=112 states=1 -> 1
[DP-fwdX] L=96 states=1 -> 1
[DP-fwdX] L=96 states=1 -> 1
[DP-fwdX] L=96 states=1 -> 1
[DP-bwdX] L=112 states=1 -> 1
[DP-bwdX] L=112 states=1 -> 1
[DP-bwdX] L=112 states=1 -> 1
[DP-fwdX] L=112 states=1 -> 1
[DP-bwdX] L=128 states=1 -> 1
[DP-fwdX] L=112 states=1 -> 1
[DP-fwdX] L=112 states=1 -> 1
[DP-fwdX] L=112 states=1 -> 1
[DP-bwdX] L=128 states=1 -> 1
[DP-bwdX] L=128 states=1 -> 1
[DP-bwdX] L=128 states=1 -> 1
[DP-fwdX] L=128 states=1 -> 1
[DP-fwdX] L=144 states=186 -> 229
[DP-fwdX] L=160 states=2755 -> 3100
[DP-fwdX] L=176 states=11271 -> 11887
[DP-bwdX] L=256 states=1 -> 1
[DP-bwdX] L=240 states=231 -> 295
[DP-bwdX] L=224 states=6981 -> 8314
[DP-bwdX] L=208 states=80262 -> 91321
[DP-fwdX] L=128 states=1 -> 1
[DP-fwdX] L=144 states=186 -> 229
[DP-bwdX] L=192 states=1 -> 4
[DP-bwdX] L=176 states=5552 -> 7358
[DP-fwdX] L=128 states=1 -> 1
[DP-bwdX] L=160 states=1 -> 1
[DP-fwdX] L=128 states=1 -> 1
[DP-bwdX] L=144 states=1 -> 1
[DP-fwdX] L=128 states=1 -> 1
[DP-fwdX] L=128 states=1 -> 1
[DP-fwdX] L=128 states=1 -> 1
[DP-bwdX] L=144 states=1 -> 1
[DP-bwdX] L=144 states=1 -> 1
[DP-bwdX] L=144 states=1 -> 1
[DP-fwdX] L=144 states=1 -> 1
[DP-bwdX] L=160 states=1 -> 1
[DP-fwdX] L=144 states=1 -> 1
[DP-fwdX] L=144 states=1 -> 1
[DP-fwdX] L=144 states=1 -> 1
[DP-bwdX] L=160 states=1 -> 1
[DP-bwdX] L=160 states=1 -> 1
[DP-bwdX] L=160 states=1 -> 1
[DP-fwdX] L=160 states=1 -> 1
[DP-bwdX] L=192 states=1 -> 4
[DP-fwdX] L=160 states=1 -> 1
[DP-bwdX] L=176 states=1 -> 1
[DP-fwdX] L=160 states=1 -> 1
[DP-fwdX] L=160 states=1 -> 1
[DP-fwdX] L=160 states=1 -> 1
[DP-bwdX] L=176 states=1 -> 1
[DP-bwdX] L=176 states=1 -> 1
[DP-bwdX] L=176 states=1 -> 1
[DP-fwdX] L=176 states=1 -> 1
[DP-bwdX] L=192 states=1 -> 4
[DP-fwdX] L=176 states=1 -> 1
[DP-fwdX] L=176 states=1 -> 1
[DP-fwdX] L=176 states=1 -> 1
[DP-bwdX] L=192 states=1 -> 4
[DP-bwdX] L=192 states=1 -> 4
[DP-bwdX] L=192 states=1 -> 4
[DP-fwdX] L=192 states=1 -> 3
[DP-fwdX] L=208 states=185 -> 207
[DP-bwdX] L=256 states=1 -> 1
[DP-bwdX] L=240 states=231 -> 295
[DP-fwdX] L=192 states=1 -> 3
[DP-bwdX] L=224 states=1 -> 3
[DP-fwdX] L=192 states=1 -> 3
[DP-bwdX] L=208 states=1 -> 3
[DP-fwdX] L=192 states=1 -> 3
[DP-fwdX] L=192 states=1 -> 3
[DP-fwdX] L=192 states=1 -> 3
[DP-bwdX] L=208 states=1 -> 3
[DP-bwdX] L=208 states=1 -> 3
[DP-bwdX] L=208 states=1 -> 3
[DP-fwdX] L=208 states=1 -> 2
[DP-bwdX] L=224 states=1 -> 3
[DP-fwdX] L=208 states=1 -> 2
[DP-fwdX] L=208 states=1 -> 2
[DP-fwdX] L=208 states=1 -> 2
[DP-bwdX] L=224 states=1 -> 3
[DP-bwdX] L=224 states=1 -> 3
[DP-bwdX] L=224 states=1 -> 3
[DP-fwdX] L=224 states=1 -> 2
[DP-bwdX] L=256 states=1 -> 1
[DP-fwdX] L=224 states=1 -> 2
[DP-bwdX] L=240 states=1 -> 2
[DP-fwdX] L=224 states=1 -> 2
[DP-fwdX] L=224 states=1 -> 2
[DP-fwdX] L=224 states=1 -> 2
[DP-bwdX] L=240 states=1 -> 2
[DP-bwdX] L=240 states=1 -> 2
[DP-bwdX] L=240 states=1 -> 2
[DP-fwdX] L=240 states=1 -> 1
[DP-bwdX] L=256 states=1 -> 1
[DP-fwdX] L=240 states=1 -> 1
[DP-fwdX] L=240 states=1 -> 1
[DP-fwdX] L=240 states=1 -> 1
[DP-bwdX] L=256 states=1 -> 1
[DP-bwdX] L=256 states=1 -> 1
[DP-bwdX] L=256 states=1 -> 1
Solve-only time: 474037 ms
[Verify] HPWL=3680 (solver_report=3680)
