
=== OC-Shortest m=15 h=15 steps=225 thr=24 pow2=1 weighted=1 ===
[OC-Shortest/pow2] m=15 h=15 SEG=4 bits=60 words=1 threads=24
[DP-fwdX] L=0 states=1 -> 1
[DP-fwdX] L=16 states=229 -> 293
[DP-fwdX] L=32 states=6522 -> 7728
[DP-fwdX] L=48 states=67053 -> 75658
[DP-fwdX] L=64 states=348548 -> 379144
[DP-fwdX] L=80 states=1059414 -> 1117702
[DP-fwdX] L=96 states=2025958 -> 2079520
[DP-bwdX] L=224 states=1 -> 2
[DP-bwdX] L=208 states=293 -> 377
[DP-bwdX] L=192 states=7728 -> 9134
[DP-bwdX] L=176 states=75658 -> 85180
[DP-bwdX] L=160 states=379144 -> 411625
[DP-bwdX] L=144 states=1117702 -> 1177125
[DP-bwdX] L=128 states=2079520 -> 2131001
[DP-fwdX] L=0 states=1 -> 1
[DP-fwdX] L=16 states=229 -> 293
[DP-fwdX] L=32 states=6522 -> 7728
[DP-fwdX] L=48 states=67053 -> 75658
[DP-bwdX] L=112 states=1 -> 2
[DP-bwdX] L=96 states=590 -> 724
[DP-bwdX] L=80 states=5551 -> 6018
[DP-bwdX] L=64 states=11974 -> 12125
[DP-fwdX] L=0 states=1 -> 1
[DP-fwdX] L=16 states=229 -> 293
[DP-bwdX] L=48 states=28 -> 36
[DP-bwdX] L=32 states=237 -> 241
[DP-fwdX] L=0 states=1 -> 1
[DP-bwdX] L=16 states=32 -> 32
[DP-fwdX] L=0 states=1 -> 1
[DP-fwdX] L=0 states=1 -> 1
[DP-fwdX] L=0 states=1 -> 1
[DP-fwdX] L=16 states=8 -> 16
[DP-fwdX] L=16 states=8 -> 16
[DP-bwdX] L=16 states=2 -> 3
[DP-fwdX] L=32 states=34 -> 63
[DP-bwdX] L=48 states=28 -> 36
[DP-fwdX] L=32 states=34 -> 63
[DP-bwdX] L=32 states=3 -> 5
[DP-fwdX] L=32 states=3 -> 7
[DP-fwdX] L=48 states=110 -> 184
[DP-bwdX] L=48 states=2 -> 3
[DP-bwdX] L=48 states=2 -> 3
[DP-fwdX] L=64 states=214 -> 328
[DP-fwdX] L=80 states=26889 -> 33133
[DP-bwdX] L=112 states=1 -> 2
[DP-bwdX] L=96 states=590 -> 724
[DP-fwdX] L=64 states=214 -> 328
[DP-bwdX] L=80 states=12 -> 19
[DP-bwdX] L=64 states=32 -> 43
[DP-fwdX] L=64 states=5 -> 13
[DP-fwdX] L=64 states=1 -> 4
[DP-bwdX] L=80 states=12 -> 19
[DP-bwdX] L=80 states=1 -> 2
[DP-bwdX] L=80 states=1 -> 2
[DP-fwdX] L=80 states=1 -> 2
[DP-fwdX] L=80 states=1 -> 2
[DP-fwdX] L=96 states=241 -> 320
[DP-bwdX] L=112 states=1 -> 2
[DP-bwdX] L=96 states=4 -> 7
[DP-bwdX] L=96 states=4 -> 7
[DP-bwdX] L=96 states=1 -> 2
[DP-fwdX] L=96 states=1 -> 2
[DP-bwdX] L=112 states=1 -> 2
[DP-bwdX] L=112 states=1 -> 2
[DP-bwdX] L=112 states=1 -> 2
[DP-bwdX] L=112 states=1 -> 2
[DP-fwdX] L=112 states=1 -> 2
[DP-fwdX] L=128 states=572 -> 702
[DP-fwdX] L=144 states=5193 -> 5651
[DP-fwdX] L=160 states=11760 -> 11975
[DP-bwdX] L=224 states=1 -> 2
[DP-bwdX] L=208 states=293 -> 377
[DP-bwdX] L=192 states=7728 -> 9134
[DP-bwdX] L=176 states=75658 -> 85180
[DP-fwdX] L=112 states=1 -> 2
[DP-fwdX] L=128 states=572 -> 702
[DP-bwdX] L=160 states=359 -> 549
[DP-bwdX] L=144 states=41763 -> 51076
[DP-fwdX] L=112 states=1 -> 2
[DP-bwdX] L=128 states=233 -> 309
[DP-fwdX] L=112 states=1 -> 2
[DP-fwdX] L=112 states=1 -> 2
[DP-fwdX] L=112 states=1 -> 2
[DP-fwdX] L=128 states=4 -> 7
[DP-fwdX] L=128 states=4 -> 7
[DP-bwdX] L=128 states=2 -> 4
[DP-fwdX] L=144 states=12 -> 19
[DP-bwdX] L=160 states=359 -> 549
[DP-fwdX] L=144 states=12 -> 19
[DP-bwdX] L=144 states=7 -> 11
[DP-fwdX] L=144 states=2 -> 4
[DP-fwdX] L=160 states=25 -> 33
[DP-bwdX] L=160 states=4 -> 10
[DP-bwdX] L=160 states=4 -> 10
[DP-fwdX] L=176 states=36 -> 46
[DP-fwdX] L=192 states=240 -> 247
[DP-bwdX] L=224 states=1 -> 2
[DP-bwdX] L=208 states=293 -> 377
[DP-fwdX] L=176 states=36 -> 46
[DP-bwdX] L=192 states=30 -> 55
[DP-bwdX] L=176 states=112 -> 189
[DP-fwdX] L=176 states=1 -> 2
[DP-fwdX] L=176 states=1 -> 2
[DP-bwdX] L=192 states=30 -> 55
[DP-bwdX] L=192 states=1 -> 3
[DP-bwdX] L=192 states=1 -> 3
[DP-fwdX] L=192 states=1 -> 2
[DP-fwdX] L=192 states=1 -> 2
[DP-fwdX] L=208 states=30 -> 32
[DP-bwdX] L=224 states=1 -> 2
[DP-bwdX] L=208 states=7 -> 15
[DP-bwdX] L=208 states=7 -> 15
[DP-bwdX] L=208 states=1 -> 3
[DP-fwdX] L=208 states=1 -> 2
[DP-bwdX] L=224 states=1 -> 2
[DP-bwdX] L=224 states=1 -> 2
[DP-bwdX] L=224 states=1 -> 2
Solve-only time: 108118 ms
[Verify] HPWL=3040 (solver_report=3040)
