	Command being timed: "./build/oc_shortest 15 15 1 -1 24 --pow2=1 --check-oc=0 --verify=1 --rsad=0 --wH wH_unit.txt --wV wV_unit.txt"
	User time (seconds): 579.41
	System time (seconds): 9.61
	Percent of CPU this job got: 544%
	Elapsed (wall clock) time (h:mm:ss or m:ss): 1:48.15
	Average shared text size (kbytes): 0
	Average unshared data size (kbytes): 0
	Average stack size (kbytes): 0
	Average total size (kbytes): 0
	Maximum resident set size (kbytes): 2107316
	Average resident set size (kbytes): 0
	Major (requiring I/O) page faults: 10
	Minor (reclaiming a frame) page faults: 5729113
	Voluntary context switches: 22800
	Involuntary context switches: 60681
	Swaps: 0
	File system inputs: 0
	File system outputs: 56
	Socket messages sent: 0
	Socket messages received: 0
	Signals delivered: 0
	Page size (bytes): 4096
	Exit status: 0
