	Command being timed: "./build/oc_shortest 7 7 1 -1 24 --pow2=1 --check-oc=0 --verify=1 --rsad=0 --wH wH_unit.txt --wV wV_unit.txt"
	User time (seconds): 0.49
	System time (seconds): 0.02
	Percent of CPU this job got: 2048%
	Elapsed (wall clock) time (h:mm:ss or m:ss): 0:00.02
	Average shared text size (kbytes): 0
	Average unshared data size (kbytes): 0
	Average stack size (kbytes): 0
	Average total size (kbytes): 0
	Maximum resident set size (kbytes): 4520
	Average resident set size (kbytes): 0
	Major (requiring I/O) page faults: 0
	Minor (reclaiming a frame) page faults: 310
	Voluntary context switches: 182
	Involuntary context switches: 70
	Swaps: 0
	File system inputs: 0
	File system outputs: 8
	Socket messages sent: 0
	Socket messages received: 0
	Signals delivered: 0
	Page size (bytes): 4096
	Exit status: 0
