	Command being timed: "./build/oc_shortest 5 5 1 -1 24 --pow2=1 --check-oc=0 --verify=1 --rsad=0 --wH wH_unit.txt --wV wV_unit.txt"
	User time (seconds): 0.29
	System time (seconds): 0.00
	Percent of CPU this job got: 1875%
	Elapsed (wall clock) time (h:mm:ss or m:ss): 0:00.01
	Average shared text size (kbytes): 0
	Average unshared data size (kbytes): 0
	Average stack size (kbytes): 0
	Average total size (kbytes): 0
	Maximum resident set size (kbytes): 4412
	Average resident set size (kbytes): 0
	Major (requiring I/O) page faults: 0
	Minor (reclaiming a frame) page faults: 259
	Voluntary context switches: 69
	Involuntary context switches: 57
	Swaps: 0
	File system inputs: 0
	File system outputs: 8
	Socket messages sent: 0
	Socket messages received: 0
	Signals delivered: 0
	Page size (bytes): 4096
	Exit status: 0
