
=== OC-Shortest m=12 h=12 steps=144 thr=24 pow2=1 weighted=1 ===
[OC-Shortest/pow2] m=12 h=12 SEG=4 bits=48 words=1 threads=24
[DP-fwdX] L=0 states=1 -> 1
[DP-fwdX] L=16 states=217 -> 273
[DP-fwdX] L=32 states=4351 -> 4996
[DP-fwdX] L=48 states=24620 -> 26536
[DP-fwdX] L=64 states=55346 -> 56619
[DP-bwdX] L=144 states=1 -> 1
[DP-bwdX] L=128 states=217 -> 273
[DP-bwdX] L=112 states=4351 -> 4996
[DP-bwdX] L=96 states=24620 -> 26536
[DP-bwdX] L=80 states=55346 -> 56619
[DP-fwdX] L=0 states=1 -> 1
[DP-fwdX] L=16 states=217 -> 273
[DP-fwdX] L=32 states=4351 -> 4996
[DP-bwdX] L=64 states=20 -> 26
[DP-bwdX] L=48 states=382 -> 415
[DP-fwdX] L=0 states=1 -> 1
[DP-fwdX] L=16 states=217 -> 273
[DP-bwdX] L=32 states=5 -> 6
[DP-fwdX] L=0 states=1 -> 1
[DP-bwdX] L=16 states=4 -> 5
[DP-fwdX] L=0 states=1 -> 1
[DP-fwdX] L=0 states=1 -> 1
[DP-fwdX] L=0 states=1 -> 1
[DP-bwdX] L=16 states=4 -> 5
[DP-bwdX] L=16 states=4 -> 5
[DP-fwdX] L=16 states=1 -> 2
[DP-bwdX] L=32 states=5 -> 6
[DP-bwdX] L=32 states=5 -> 6
[DP-fwdX] L=32 states=3 -> 7
[DP-fwdX] L=48 states=547 -> 740
[DP-bwdX] L=64 states=20 -> 26
[DP-bwdX] L=48 states=27 -> 36
[DP-fwdX] L=48 states=7 -> 11
[DP-bwdX] L=48 states=2 -> 3
[DP-bwdX] L=64 states=20 -> 26
[DP-fwdX] L=64 states=2 -> 4
[DP-fwdX] L=64 states=2 -> 4
[DP-fwdX] L=80 states=20 -> 26
[DP-fwdX] L=96 states=382 -> 415
[DP-bwdX] L=144 states=1 -> 1
[DP-bwdX] L=128 states=217 -> 273
[DP-bwdX] L=112 states=4351 -> 4996
[DP-fwdX] L=80 states=20 -> 26
[DP-bwdX] L=96 states=983 -> 1317
[DP-fwdX] L=80 states=20 -> 26
[DP-bwdX] L=80 states=2 -> 4
[DP-bwdX] L=80 states=2 -> 4
[DP-bwdX] L=80 states=2 -> 4
[DP-fwdX] L=96 states=27 -> 36
[DP-bwdX] L=96 states=7 -> 11
[DP-bwdX] L=96 states=1 -> 1
[DP-fwdX] L=96 states=1 -> 1
[DP-fwdX] L=112 states=10 -> 13
[DP-bwdX] L=144 states=1 -> 1
[DP-bwdX] L=128 states=217 -> 273
[DP-fwdX] L=112 states=10 -> 13
[DP-bwdX] L=112 states=1 -> 2
[DP-bwdX] L=112 states=1 -> 2
[DP-fwdX] L=112 states=1 -> 1
[DP-fwdX] L=112 states=1 -> 1
[DP-fwdX] L=128 states=4 -> 5
[DP-bwdX] L=144 states=1 -> 1
[DP-fwdX] L=128 states=4 -> 5
[DP-bwdX] L=128 states=1 -> 2
[DP-fwdX] L=128 states=1 -> 1
[DP-bwdX] L=144 states=1 -> 1
[DP-bwdX] L=144 states=1 -> 1
[DP-bwdX] L=144 states=1 -> 1
[DP-bwdX] L=144 states=1 -> 1
Solve-only time: 1541.68 ms
[Verify] HPWL=1568 (solver_report=1568)
