	Command being timed: "./build/oc_shortest 16 16 1 -1 24 --pow2=1 --check-oc=0 --verify=1 --rsad=0 --wH wH_unit.txt --wV wV_unit.txt"
	User time (seconds): 2621.17
	System time (seconds): 57.54
	Percent of CPU this job got: 564%
	Elapsed (wall clock) time (h:mm:ss or m:ss): 7:54.21
	Average shared text size (kbytes): 0
	Average unshared data size (kbytes): 0
	Average stack size (kbytes): 0
	Average total size (kbytes): 0
	Maximum resident set size (kbytes): 6114612
	Average resident set size (kbytes): 0
	Major (requiring I/O) page faults: 31
	Minor (reclaiming a frame) page faults: 35147210
	Voluntary context switches: 72209
	Involuntary context switches: 281549
	Swaps: 0
	File system inputs: 0
	File system outputs: 96
	Socket messages sent: 0
	Socket messages received: 0
	Signals delivered: 0
	Page size (bytes): 4096
	Exit status: 0
