
=== OC-Shortest m=14 h=14 steps=196 thr=24 pow2=1 weighted=1 ===
[OC-Shortest/pow2] m=14 h=14 SEG=4 bits=56 words=1 threads=24
[DP-fwdX] L=0 states=1 -> 1
[DP-fwdX] L=16 states=227 -> 289
[DP-fwdX] L=32 states=5943 -> 6985
[DP-fwdX] L=48 states=52811 -> 58921
[DP-fwdX] L=64 states=224122 -> 240223
[DP-fwdX] L=80 states=523993 -> 542606
[DP-fwdX] L=96 states=720499 -> 722552
[DP-bwdX] L=192 states=5 -> 7
[DP-bwdX] L=176 states=589 -> 732
[DP-bwdX] L=160 states=11141 -> 12902
[DP-bwdX] L=144 states=80630 -> 88992
[DP-bwdX] L=128 states=292050 -> 310229
[DP-bwdX] L=112 states=595491 -> 611641
[DP-fwdX] L=0 states=1 -> 1
[DP-fwdX] L=16 states=227 -> 289
[DP-fwdX] L=32 states=5943 -> 6985
[DP-fwdX] L=48 states=52811 -> 58921
[DP-bwdX] L=96 states=2 -> 3
[DP-bwdX] L=80 states=241 -> 288
[DP-bwdX] L=64 states=1898 -> 2043
[DP-fwdX] L=0 states=1 -> 1
[DP-fwdX] L=16 states=227 -> 289
[DP-bwdX] L=48 states=3 -> 5
[DP-bwdX] L=32 states=85 -> 89
[DP-fwdX] L=0 states=1 -> 1
[DP-bwdX] L=16 states=13 -> 14
[DP-fwdX] L=0 states=1 -> 1
[DP-fwdX] L=0 states=1 -> 1
[DP-fwdX] L=0 states=1 -> 1
[DP-fwdX] L=16 states=19 -> 32
[DP-bwdX] L=16 states=4 -> 5
[DP-fwdX] L=16 states=1 -> 2
[DP-fwdX] L=32 states=164 -> 253
[DP-bwdX] L=48 states=3 -> 5
[DP-bwdX] L=32 states=5 -> 6
[DP-fwdX] L=32 states=8 -> 16
[DP-bwdX] L=32 states=2 -> 3
[DP-bwdX] L=48 states=3 -> 5
[DP-bwdX] L=48 states=3 -> 5
[DP-bwdX] L=48 states=3 -> 5
[DP-fwdX] L=64 states=1513 -> 1964
[DP-bwdX] L=96 states=2 -> 3
[DP-bwdX] L=80 states=241 -> 288
[DP-bwdX] L=64 states=64 -> 84
[DP-fwdX] L=64 states=7 -> 12
[DP-bwdX] L=64 states=1 -> 2
[DP-bwdX] L=64 states=1 -> 2
[DP-fwdX] L=64 states=1 -> 2
[DP-fwdX] L=80 states=36 -> 50
[DP-bwdX] L=96 states=2 -> 3
[DP-bwdX] L=80 states=12 -> 18
[DP-fwdX] L=80 states=2 -> 4
[DP-fwdX] L=80 states=1 -> 2
[DP-bwdX] L=96 states=2 -> 3
[DP-bwdX] L=96 states=2 -> 3
[DP-bwdX] L=96 states=1 -> 2
[DP-fwdX] L=96 states=1 -> 2
[DP-fwdX] L=112 states=105 -> 130
[DP-fwdX] L=128 states=1326 -> 1460
[DP-fwdX] L=144 states=3299 -> 3336
[DP-bwdX] L=192 states=5 -> 7
[DP-bwdX] L=176 states=589 -> 732
[DP-bwdX] L=160 states=11141 -> 12902
[DP-fwdX] L=112 states=105 -> 130
[DP-bwdX] L=144 states=12 -> 20
[DP-bwdX] L=128 states=2786 -> 3463
[DP-bwdX] L=112 states=108 -> 141
[DP-fwdX] L=112 states=4 -> 6
[DP-fwdX] L=112 states=4 -> 6
[DP-bwdX] L=112 states=2 -> 3
[DP-fwdX] L=128 states=27 -> 38
[DP-bwdX] L=144 states=12 -> 20
[DP-bwdX] L=128 states=1 -> 2
[DP-bwdX] L=128 states=1 -> 2
[DP-bwdX] L=128 states=1 -> 2
[DP-fwdX] L=128 states=1 -> 2
[DP-fwdX] L=128 states=1 -> 2
[DP-bwdX] L=144 states=12 -> 20
[DP-bwdX] L=144 states=12 -> 20
[DP-fwdX] L=144 states=2 -> 4
[DP-fwdX] L=160 states=91 -> 97
[DP-bwdX] L=192 states=5 -> 7
[DP-bwdX] L=176 states=589 -> 732
[DP-bwdX] L=160 states=771 -> 1103
[DP-fwdX] L=160 states=2 -> 3
[DP-fwdX] L=160 states=2 -> 3
[DP-fwdX] L=160 states=1 -> 1
[DP-fwdX] L=176 states=10 -> 13
[DP-bwdX] L=192 states=5 -> 7
[DP-fwdX] L=176 states=10 -> 13
[DP-bwdX] L=176 states=3 -> 7
[DP-bwdX] L=176 states=3 -> 7
[DP-bwdX] L=192 states=5 -> 7
[DP-bwdX] L=192 states=1 -> 2
[DP-bwdX] L=192 states=1 -> 2
[DP-fwdX] L=192 states=1 -> 1
[DP-fwdX] L=192 states=1 -> 1
Solve-only time: 24553.2 ms
[Verify] HPWL=2480 (solver_report=2480)
