
=== OC-Shortest m=13 h=13 steps=169 thr=24 pow2=1 weighted=1 ===
[OC-Shortest/pow2] m=13 h=13 SEG=4 bits=52 words=1 threads=24
[DP-fwdX] L=0 states=1 -> 1
[DP-fwdX] L=16 states=223 -> 283
[DP-fwdX] L=32 states=5218 -> 6078
[DP-fwdX] L=48 states=38271 -> 42095
[DP-fwdX] L=64 states=124158 -> 130532
[DP-fwdX] L=80 states=203899 -> 205909
[DP-bwdX] L=160 states=30 -> 42
[DP-bwdX] L=144 states=1568 -> 1892
[DP-bwdX] L=128 states=17918 -> 20179
[DP-bwdX] L=112 states=81097 -> 86899
[DP-bwdX] L=96 states=177657 -> 182544
[DP-fwdX] L=0 states=1 -> 1
[DP-fwdX] L=16 states=223 -> 283
[DP-fwdX] L=32 states=5218 -> 6078
[DP-bwdX] L=80 states=12 -> 19
[DP-bwdX] L=64 states=809 -> 918
[DP-bwdX] L=48 states=2345 -> 2371
[DP-fwdX] L=0 states=1 -> 1
[DP-fwdX] L=16 states=223 -> 283
[DP-bwdX] L=32 states=33 -> 37
[DP-fwdX] L=0 states=1 -> 1
[DP-bwdX] L=16 states=10 -> 12
[DP-fwdX] L=0 states=1 -> 1
[DP-fwdX] L=0 states=1 -> 1
[DP-fwdX] L=0 states=1 -> 1
[DP-bwdX] L=16 states=10 -> 12
[DP-fwdX] L=16 states=3 -> 7
[DP-fwdX] L=16 states=1 -> 2
[DP-bwdX] L=32 states=33 -> 37
[DP-fwdX] L=32 states=3 -> 7
[DP-fwdX] L=32 states=3 -> 7
[DP-fwdX] L=48 states=75 -> 115
[DP-bwdX] L=80 states=12 -> 19
[DP-bwdX] L=64 states=809 -> 918
[DP-fwdX] L=48 states=75 -> 115
[DP-bwdX] L=48 states=5 -> 6
[DP-fwdX] L=48 states=3 -> 6
[DP-fwdX] L=64 states=2 -> 4
[DP-bwdX] L=80 states=12 -> 19
[DP-fwdX] L=64 states=2 -> 4
[DP-fwdX] L=64 states=2 -> 4
[DP-bwdX] L=80 states=12 -> 19
[DP-fwdX] L=80 states=2 -> 3
[DP-bwdX] L=80 states=2 -> 4
[DP-fwdX] L=96 states=187 -> 233
[DP-fwdX] L=112 states=1634 -> 1740
[DP-bwdX] L=160 states=30 -> 42
[DP-bwdX] L=144 states=1568 -> 1892
[DP-bwdX] L=128 states=17918 -> 20179
[DP-fwdX] L=96 states=187 -> 233
[DP-bwdX] L=112 states=1336 -> 1750
[DP-bwdX] L=96 states=51 -> 69
[DP-fwdX] L=96 states=4 -> 7
[DP-bwdX] L=96 states=1 -> 2
[DP-fwdX] L=96 states=1 -> 2
[DP-fwdX] L=112 states=18 -> 23
[DP-bwdX] L=112 states=6 -> 10
[DP-bwdX] L=112 states=1 -> 2
[DP-fwdX] L=112 states=1 -> 2
[DP-fwdX] L=128 states=5 -> 8
[DP-fwdX] L=144 states=82 -> 85
[DP-bwdX] L=160 states=30 -> 42
[DP-fwdX] L=128 states=5 -> 8
[DP-bwdX] L=144 states=16 -> 32
[DP-fwdX] L=128 states=5 -> 8
[DP-bwdX] L=128 states=1 -> 3
[DP-fwdX] L=128 states=1 -> 2
[DP-bwdX] L=144 states=16 -> 32
[DP-bwdX] L=144 states=1 -> 3
[DP-bwdX] L=144 states=1 -> 3
[DP-fwdX] L=144 states=1 -> 2
[DP-bwdX] L=160 states=30 -> 42
[DP-fwdX] L=160 states=3 -> 4
[DP-bwdX] L=160 states=1 -> 2
[DP-fwdX] L=160 states=1 -> 1
Solve-only time: 5998.6 ms
[Verify] HPWL=1988 (solver_report=1988)
