+ build/oc_policy_singlecol 12 8 200 --T=12 --policy=lagrange --freeze=1 --rho=0.3 --cap=32 --scale=1000 --dV=1 --pow2=1 --progress=1
[Policy] m=12 h=8 rounds=200 T=12 policy=lagrange+freeze cap=32 scale=1000 freeze=1
[OC-Shortest/pow2] m=12 h=8 SEG=4 bits=48 words=1 threads=24
[DP-fwdX] L=0 states=1 -> 1
[DP-fwdX] L=16 states=179 -> 218
[DP-fwdX] L=32 states=1870 -> 2034
[DP-bwdX] L=96 states=1 -> 1
[DP-bwdX] L=80 states=179 -> 218
[DP-bwdX] L=64 states=1870 -> 2034
[DP-fwdX] L=0 states=1 -> 1
[DP-fwdX] L=16 states=179 -> 218
[DP-bwdX] L=48 states=1 -> 1
[DP-bwdX] L=32 states=94 -> 103
[DP-fwdX] L=0 states=1 -> 1
[DP-bwdX] L=16 states=10 -> 11
[DP-fwdX] L=0 states=1 -> 1
[DP-fwdX] L=0 states=1 -> 1
[DP-fwdX] L=0 states=1 -> 1
[DP-fwdX] L=16 states=19 -> 31
[DP-bwdX] L=16 states=4 -> 6
[DP-fwdX] L=16 states=1 -> 3
[DP-fwdX] L=32 states=22 -> 29
[DP-bwdX] L=48 states=1 -> 1
[DP-bwdX] L=32 states=12 -> 16
[DP-fwdX] L=32 states=4 -> 6
[DP-bwdX] L=32 states=2 -> 3
[DP-bwdX] L=48 states=1 -> 1
[DP-bwdX] L=48 states=1 -> 1
[DP-bwdX] L=48 states=1 -> 1
[DP-bwdX] L=48 states=1 -> 1
[DP-fwdX] L=48 states=1 -> 1
[DP-fwdX] L=64 states=94 -> 103
[DP-bwdX] L=96 states=1 -> 1
[DP-bwdX] L=80 states=179 -> 218
[DP-fwdX] L=48 states=1 -> 1
[DP-bwdX] L=64 states=22 -> 29
[DP-fwdX] L=48 states=1 -> 1
[DP-fwdX] L=48 states=1 -> 1
[DP-fwdX] L=48 states=1 -> 1
[DP-fwdX] L=64 states=12 -> 16
[DP-bwdX] L=64 states=4 -> 6
[DP-fwdX] L=64 states=1 -> 1
[DP-fwdX] L=80 states=10 -> 11
[DP-bwdX] L=96 states=1 -> 1
[DP-bwdX] L=80 states=19 -> 31
[DP-fwdX] L=80 states=2 -> 3
[DP-bwdX] L=80 states=2 -> 5
[DP-bwdX] L=96 states=1 -> 1
[DP-bwdX] L=96 states=1 -> 1
[DP-bwdX] L=96 states=1 -> 1
[DP-bwdX] L=96 states=1 -> 1
  [Round 1] solve_ms=111.361  HPWL_w=756000  HPWL_eq=756  WNS=-8  TNS=52  picked=10
[OC-Shortest/pow2] m=12 h=8 SEG=4 bits=48 words=1 threads=24
[DP-fwdX] L=0 states=1 -> 1
[DP-fwdX] L=16 states=179 -> 218
[DP-fwdX] L=32 states=1870 -> 2034
[DP-bwdX] L=96 states=1 -> 1
[DP-bwdX] L=80 states=179 -> 218
[DP-bwdX] L=64 states=1870 -> 2034
[DP-fwdX] L=0 states=1 -> 1
[DP-fwdX] L=16 states=179 -> 218
[DP-bwdX] L=48 states=1 -> 1
[DP-bwdX] L=32 states=94 -> 103
[DP-fwdX] L=0 states=1 -> 1
[DP-bwdX] L=16 states=29 -> 29
[DP-fwdX] L=0 states=1 -> 1
[DP-fwdX] L=0 states=1 -> 1
[DP-fwdX] L=0 states=1 -> 1
[DP-fwdX] L=16 states=19 -> 32
[DP-bwdX] L=16 states=4 -> 5
[DP-fwdX] L=16 states=1 -> 2
[DP-fwdX] L=32 states=126 -> 174
[DP-bwdX] L=48 states=1 -> 1
[DP-bwdX] L=32 states=12 -> 16
[DP-fwdX] L=32 states=4 -> 6
[DP-bwdX] L=32 states=2 -> 3
[DP-bwdX] L=48 states=1 -> 1
[DP-bwdX] L=48 states=1 -> 1
[DP-bwdX] L=48 states=1 -> 1
[DP-bwdX] L=48 states=1 -> 1
[DP-fwdX] L=48 states=1 -> 1
[DP-fwdX] L=64 states=94 -> 103
[DP-bwdX] L=96 states=1 -> 1
[DP-bwdX] L=80 states=179 -> 218
[DP-fwdX] L=48 states=1 -> 1
[DP-bwdX] L=64 states=163 -> 226
[DP-fwdX] L=48 states=1 -> 1
[DP-fwdX] L=48 states=1 -> 1
[DP-fwdX] L=48 states=1 -> 1
[DP-fwdX] L=64 states=12 -> 16
[DP-bwdX] L=64 states=4 -> 6
[DP-fwdX] L=64 states=1 -> 1
[DP-fwdX] L=80 states=21 -> 22
[DP-bwdX] L=96 states=1 -> 1
[DP-bwdX] L=80 states=19 -> 32
[DP-fwdX] L=80 states=4 -> 5
[DP-bwdX] L=80 states=3 -> 7
[DP-bwdX] L=96 states=1 -> 1
[DP-bwdX] L=96 states=1 -> 1
[DP-bwdX] L=96 states=1 -> 1
[DP-bwdX] L=96 states=1 -> 1
  [Round 2] solve_ms=88.9857  HPWL_w=791600  HPWL_eq=776  WNS=-15  TNS=102  picked=10
[OC-Shortest/pow2] m=12 h=8 SEG=4 bits=48 words=1 threads=24
[DP-fwdX] L=0 states=1 -> 1
[DP-fwdX] L=16 states=179 -> 218
[DP-fwdX] L=32 states=1870 -> 2034
[DP-bwdX] L=96 states=1 -> 1
[DP-bwdX] L=80 states=179 -> 218
[DP-bwdX] L=64 states=1870 -> 2034
[DP-fwdX] L=0 states=1 -> 1
[DP-fwdX] L=16 states=179 -> 218
[DP-bwdX] L=48 states=1 -> 1
[DP-bwdX] L=32 states=94 -> 103
[DP-fwdX] L=0 states=1 -> 1
[DP-bwdX] L=16 states=16 -> 18
[DP-fwdX] L=0 states=1 -> 1
[DP-fwdX] L=0 states=1 -> 1
[DP-fwdX] L=0 states=1 -> 1
[DP-fwdX] L=16 states=30 -> 50
[DP-bwdX] L=16 states=4 -> 6
[DP-fwdX] L=16 states=1 -> 3
[DP-fwdX] L=32 states=197 -> 283
[DP-bwdX] L=48 states=1 -> 1
[DP-bwdX] L=32 states=15 -> 21
[DP-fwdX] L=32 states=7 -> 14
[DP-bwdX] L=32 states=3 -> 7
[DP-bwdX] L=48 states=1 -> 1
[DP-bwdX] L=48 states=1 -> 1
[DP-bwdX] L=48 states=1 -> 1
[DP-bwdX] L=48 states=1 -> 1
[DP-fwdX] L=48 states=1 -> 1
[DP-fwdX] L=64 states=94 -> 103
[DP-bwdX] L=96 states=1 -> 1
[DP-bwdX] L=80 states=179 -> 218
[DP-fwdX] L=48 states=1 -> 1
[DP-bwdX] L=64 states=197 -> 283
[DP-fwdX] L=48 states=1 -> 1
[DP-fwdX] L=48 states=1 -> 1
[DP-fwdX] L=48 states=1 -> 1
[DP-fwdX] L=64 states=15 -> 21
[DP-bwdX] L=64 states=10 -> 20
[DP-fwdX] L=64 states=1 -> 3
[DP-fwdX] L=80 states=16 -> 18
[DP-bwdX] L=96 states=1 -> 1
[DP-bwdX] L=80 states=30 -> 50
[DP-fwdX] L=80 states=4 -> 6
[DP-bwdX] L=80 states=2 -> 5
[DP-bwdX] L=96 states=1 -> 1
[DP-bwdX] L=96 states=1 -> 1
[DP-bwdX] L=96 states=1 -> 1
[DP-bwdX] L=96 states=1 -> 1
  [Round 3] solve_ms=87.1079  HPWL_w=866200  HPWL_eq=820  WNS=-22  TNS=154  picked=12
[OC-Shortest/pow2] m=12 h=8 SEG=4 bits=48 words=1 threads=24
[DP-fwdX] L=0 states=1 -> 1
[DP-fwdX] L=16 states=179 -> 218
[DP-fwdX] L=32 states=1870 -> 2034
[DP-bwdX] L=96 states=1 -> 1
[DP-bwdX] L=80 states=179 -> 218
[DP-bwdX] L=64 states=1870 -> 2034
[DP-fwdX] L=0 states=1 -> 1
[DP-fwdX] L=16 states=179 -> 218
[DP-bwdX] L=48 states=1 -> 1
[DP-bwdX] L=32 states=94 -> 103
[DP-fwdX] L=0 states=1 -> 1
[DP-bwdX] L=16 states=13 -> 14
[DP-fwdX] L=0 states=1 -> 1
[DP-fwdX] L=0 states=1 -> 1
[DP-fwdX] L=0 states=1 -> 1
[DP-fwdX] L=16 states=41 -> 68
[DP-bwdX] L=16 states=2 -> 3
[DP-fwdX] L=16 states=1 -> 3
[DP-fwdX] L=32 states=143 -> 208
[DP-bwdX] L=48 states=1 -> 1
[DP-bwdX] L=32 states=16 -> 24
[DP-fwdX] L=32 states=5 -> 10
[DP-bwdX] L=32 states=3 -> 5
[DP-bwdX] L=48 states=1 -> 1
[DP-bwdX] L=48 states=1 -> 1
[DP-bwdX] L=48 states=1 -> 1
[DP-bwdX] L=48 states=1 -> 1
[DP-fwdX] L=48 states=1 -> 1
[DP-fwdX] L=64 states=94 -> 103
[DP-bwdX] L=96 states=1 -> 1
[DP-bwdX] L=80 states=179 -> 218
[DP-fwdX] L=48 states=1 -> 1
[DP-bwdX] L=64 states=143 -> 208
[DP-fwdX] L=48 states=1 -> 1
[DP-fwdX] L=48 states=1 -> 1
[DP-fwdX] L=48 states=1 -> 1
[DP-fwdX] L=64 states=24 -> 36
[DP-bwdX] L=64 states=5 -> 10
[DP-fwdX] L=64 states=1 -> 2
[DP-fwdX] L=80 states=13 -> 14
[DP-bwdX] L=96 states=1 -> 1
[DP-bwdX] L=80 states=17 -> 28
[DP-fwdX] L=80 states=2 -> 3
[DP-bwdX] L=80 states=3 -> 8
[DP-bwdX] L=96 states=1 -> 1
[DP-bwdX] L=96 states=1 -> 1
[DP-bwdX] L=96 states=1 -> 1
[DP-bwdX] L=96 states=1 -> 1
  [Round 4] solve_ms=85.9192  HPWL_w=988200  HPWL_eq=888  WNS=-31  TNS=226  picked=14
[OC-Shortest/pow2] m=12 h=8 SEG=4 bits=48 words=1 threads=24
[DP-fwdX] L=0 states=1 -> 1
[DP-fwdX] L=16 states=179 -> 218
[DP-fwdX] L=32 states=1870 -> 2034
[DP-bwdX] L=96 states=1 -> 1
[DP-bwdX] L=80 states=179 -> 218
[DP-bwdX] L=64 states=1870 -> 2034
[DP-fwdX] L=0 states=1 -> 1
[DP-fwdX] L=16 states=179 -> 218
[DP-bwdX] L=48 states=1 -> 1
[DP-bwdX] L=32 states=57 -> 61
[DP-fwdX] L=0 states=1 -> 1
[DP-bwdX] L=16 states=22 -> 23
[DP-fwdX] L=0 states=1 -> 1
[DP-fwdX] L=0 states=1 -> 1
[DP-fwdX] L=0 states=1 -> 1
[DP-fwdX] L=16 states=33 -> 56
[DP-bwdX] L=16 states=5 -> 7
[DP-fwdX] L=16 states=1 -> 4
[DP-fwdX] L=32 states=262 -> 376
[DP-bwdX] L=48 states=1 -> 1
[DP-bwdX] L=32 states=5 -> 6
[DP-fwdX] L=32 states=8 -> 16
[DP-bwdX] L=32 states=2 -> 3
[DP-bwdX] L=48 states=1 -> 1
[DP-bwdX] L=48 states=1 -> 1
[DP-bwdX] L=48 states=1 -> 1
[DP-bwdX] L=48 states=1 -> 1
[DP-fwdX] L=48 states=1 -> 1
[DP-fwdX] L=64 states=57 -> 61
[DP-bwdX] L=96 states=1 -> 1
[DP-bwdX] L=80 states=179 -> 218
[DP-fwdX] L=48 states=1 -> 1
[DP-bwdX] L=64 states=262 -> 376
[DP-fwdX] L=48 states=1 -> 1
[DP-fwdX] L=48 states=1 -> 1
[DP-fwdX] L=48 states=1 -> 1
[DP-fwdX] L=64 states=5 -> 6
[DP-bwdX] L=64 states=8 -> 16
[DP-fwdX] L=64 states=1 -> 1
[DP-fwdX] L=80 states=22 -> 23
[DP-bwdX] L=96 states=1 -> 1
[DP-bwdX] L=80 states=24 -> 40
[DP-fwdX] L=80 states=4 -> 6
[DP-bwdX] L=80 states=3 -> 7
[DP-bwdX] L=96 states=1 -> 1
[DP-bwdX] L=96 states=1 -> 1
[DP-bwdX] L=96 states=1 -> 1
[DP-bwdX] L=96 states=1 -> 1
  [Round 5] solve_ms=88.519  HPWL_w=1207200  HPWL_eq=1008  WNS=-31  TNS=315  picked=16
[OC-Shortest/pow2] m=12 h=8 SEG=4 bits=48 words=1 threads=24
[DP-fwdX] L=0 states=1 -> 1
[DP-fwdX] L=16 states=179 -> 218
[DP-fwdX] L=32 states=1870 -> 2034
[DP-bwdX] L=96 states=1 -> 1
[DP-bwdX] L=80 states=179 -> 218
[DP-bwdX] L=64 states=1870 -> 2034
[DP-fwdX] L=0 states=1 -> 1
[DP-fwdX] L=16 states=179 -> 218
[DP-bwdX] L=48 states=1 -> 5
[DP-bwdX] L=32 states=498 -> 500
[DP-fwdX] L=0 states=1 -> 1
[DP-bwdX] L=16 states=49 -> 52
[DP-fwdX] L=0 states=1 -> 1
[DP-fwdX] L=0 states=1 -> 1
[DP-fwdX] L=0 states=1 -> 1
[DP-fwdX] L=16 states=14 -> 21
[DP-bwdX] L=16 states=4 -> 5
[DP-fwdX] L=16 states=1 -> 1
[DP-fwdX] L=32 states=102 -> 133
[DP-bwdX] L=48 states=1 -> 5
[DP-bwdX] L=32 states=41 -> 65
[DP-fwdX] L=32 states=8 -> 16
[DP-bwdX] L=32 states=3 -> 7
[DP-bwdX] L=48 states=1 -> 5
[DP-bwdX] L=48 states=1 -> 5
[DP-bwdX] L=48 states=1 -> 5
[DP-bwdX] L=48 states=1 -> 5
[DP-fwdX] L=48 states=1 -> 5
[DP-fwdX] L=64 states=498 -> 500
[DP-bwdX] L=96 states=1 -> 1
[DP-bwdX] L=80 states=179 -> 218
[DP-fwdX] L=48 states=1 -> 5
[DP-bwdX] L=64 states=102 -> 133
[DP-fwdX] L=48 states=1 -> 5
[DP-fwdX] L=48 states=1 -> 5
[DP-fwdX] L=48 states=1 -> 5
[DP-fwdX] L=64 states=41 -> 65
[DP-bwdX] L=64 states=8 -> 16
[DP-fwdX] L=64 states=1 -> 3
[DP-fwdX] L=80 states=49 -> 52
[DP-bwdX] L=96 states=1 -> 1
[DP-bwdX] L=80 states=14 -> 21
[DP-fwdX] L=80 states=4 -> 5
[DP-bwdX] L=80 states=2 -> 3
[DP-bwdX] L=96 states=1 -> 1
[DP-bwdX] L=96 states=1 -> 1
[DP-bwdX] L=96 states=1 -> 1
[DP-bwdX] L=96 states=1 -> 1
  [Round 6] solve_ms=111.171  HPWL_w=1431500  HPWL_eq=1022  WNS=-20  TNS=279  picked=30
[OC-Shortest/pow2] m=12 h=8 SEG=4 bits=48 words=1 threads=24
[DP-fwdX] L=0 states=1 -> 1
[DP-fwdX] L=16 states=179 -> 218
[DP-fwdX] L=32 states=1870 -> 2034
[DP-bwdX] L=96 states=1 -> 1
[DP-bwdX] L=80 states=179 -> 218
[DP-bwdX] L=64 states=1870 -> 2034
[DP-fwdX] L=0 states=1 -> 1
[DP-fwdX] L=16 states=179 -> 218
[DP-bwdX] L=48 states=1 -> 3
[DP-bwdX] L=32 states=244 -> 248
[DP-fwdX] L=0 states=1 -> 1
[DP-bwdX] L=16 states=5 -> 5
[DP-fwdX] L=0 states=1 -> 1
[DP-fwdX] L=0 states=1 -> 1
[DP-fwdX] L=0 states=1 -> 1
[DP-fwdX] L=16 states=24 -> 40
[DP-bwdX] L=16 states=3 -> 4
[DP-fwdX] L=16 states=1 -> 3
[DP-fwdX] L=32 states=20 -> 26
[DP-bwdX] L=48 states=1 -> 3
[DP-bwdX] L=32 states=4 -> 5
[DP-fwdX] L=32 states=4 -> 7
[DP-bwdX] L=32 states=2 -> 4
[DP-bwdX] L=48 states=1 -> 3
[DP-bwdX] L=48 states=1 -> 3
[DP-bwdX] L=48 states=1 -> 3
[DP-bwdX] L=48 states=1 -> 3
[DP-fwdX] L=48 states=1 -> 3
[DP-fwdX] L=64 states=244 -> 248
[DP-bwdX] L=96 states=1 -> 1
[DP-bwdX] L=80 states=179 -> 218
[DP-fwdX] L=48 states=1 -> 3
[DP-bwdX] L=64 states=20 -> 26
[DP-fwdX] L=48 states=1 -> 3
[DP-fwdX] L=48 states=1 -> 3
[DP-fwdX] L=48 states=1 -> 3
[DP-fwdX] L=64 states=4 -> 5
[DP-bwdX] L=64 states=4 -> 7
[DP-fwdX] L=64 states=1 -> 2
[DP-fwdX] L=80 states=5 -> 5
[DP-bwdX] L=96 states=1 -> 1
[DP-bwdX] L=80 states=24 -> 39
[DP-fwdX] L=80 states=3 -> 4
[DP-bwdX] L=80 states=3 -> 7
[DP-bwdX] L=96 states=1 -> 1
[DP-bwdX] L=96 states=1 -> 1
[DP-bwdX] L=96 states=1 -> 1
[DP-bwdX] L=96 states=1 -> 1
  [Round 7] solve_ms=86.9983  HPWL_w=1729600  HPWL_eq=1084  WNS=-11  TNS=192  picked=36
[OC-Shortest/pow2] m=12 h=8 SEG=4 bits=48 words=1 threads=24
[DP-fwdX] L=0 states=1 -> 1
[DP-fwdX] L=16 states=179 -> 218
[DP-fwdX] L=32 states=1870 -> 2034
[DP-bwdX] L=96 states=1 -> 1
[DP-bwdX] L=80 states=179 -> 218
[DP-bwdX] L=64 states=1870 -> 2034
[DP-fwdX] L=0 states=1 -> 1
[DP-fwdX] L=16 states=179 -> 218
[DP-bwdX] L=48 states=1 -> 6
[DP-bwdX] L=32 states=821 -> 800
[DP-fwdX] L=0 states=1 -> 1
[DP-bwdX] L=16 states=10 -> 11
[DP-fwdX] L=0 states=1 -> 1
[DP-fwdX] L=0 states=1 -> 1
[DP-fwdX] L=0 states=1 -> 1
[DP-fwdX] L=16 states=14 -> 21
[DP-bwdX] L=16 states=4 -> 6
[DP-fwdX] L=16 states=1 -> 3
[DP-fwdX] L=32 states=22 -> 29
[DP-bwdX] L=48 states=1 -> 6
[DP-bwdX] L=32 states=42 -> 67
[DP-fwdX] L=32 states=4 -> 7
[DP-bwdX] L=32 states=3 -> 7
[DP-bwdX] L=48 states=1 -> 6
[DP-bwdX] L=48 states=1 -> 6
[DP-bwdX] L=48 states=1 -> 6
[DP-bwdX] L=48 states=1 -> 6
[DP-fwdX] L=48 states=1 -> 6
[DP-fwdX] L=64 states=821 -> 800
[DP-bwdX] L=96 states=1 -> 1
[DP-bwdX] L=80 states=179 -> 218
[DP-fwdX] L=48 states=1 -> 6
[DP-bwdX] L=64 states=22 -> 29
[DP-fwdX] L=48 states=1 -> 6
[DP-fwdX] L=48 states=1 -> 6
[DP-fwdX] L=48 states=1 -> 6
[DP-fwdX] L=64 states=42 -> 67
[DP-bwdX] L=64 states=4 -> 7
[DP-fwdX] L=64 states=1 -> 3
[DP-fwdX] L=80 states=10 -> 11
[DP-bwdX] L=96 states=1 -> 1
[DP-bwdX] L=80 states=14 -> 21
[DP-fwdX] L=80 states=4 -> 6
[DP-bwdX] L=80 states=3 -> 6
[DP-bwdX] L=96 states=1 -> 1
[DP-bwdX] L=96 states=1 -> 1
[DP-bwdX] L=96 states=1 -> 1
[DP-bwdX] L=96 states=1 -> 1
  [Round 8] solve_ms=102.882  HPWL_w=2051100  HPWL_eq=1026  WNS=-31  TNS=214  picked=28
[OC-Shortest/pow2] m=12 h=8 SEG=4 bits=48 words=1 threads=24
[DP-fwdX] L=0 states=1 -> 1
[DP-fwdX] L=16 states=179 -> 218
[DP-fwdX] L=32 states=1870 -> 2034
[DP-bwdX] L=96 states=1 -> 1
[DP-bwdX] L=80 states=179 -> 218
[DP-bwdX] L=64 states=1870 -> 2034
[DP-fwdX] L=0 states=1 -> 1
[DP-fwdX] L=16 states=179 -> 218
[DP-bwdX] L=48 states=1 -> 3
[DP-bwdX] L=32 states=200 -> 215
[DP-fwdX] L=0 states=1 -> 1
[DP-bwdX] L=16 states=66 -> 63
[DP-fwdX] L=0 states=1 -> 1
[DP-fwdX] L=0 states=1 -> 1
[DP-fwdX] L=0 states=1 -> 1
[DP-fwdX] L=16 states=23 -> 38
[DP-bwdX] L=16 states=4 -> 6
[DP-fwdX] L=16 states=1 -> 4
[DP-fwdX] L=32 states=619 -> 835
[DP-bwdX] L=48 states=1 -> 3
[DP-bwdX] L=32 states=26 -> 40
[DP-fwdX] L=32 states=9 -> 20
[DP-bwdX] L=32 states=3 -> 7
[DP-bwdX] L=48 states=1 -> 3
[DP-bwdX] L=48 states=1 -> 3
[DP-bwdX] L=48 states=1 -> 3
[DP-bwdX] L=48 states=1 -> 3
[DP-fwdX] L=48 states=1 -> 4
[DP-fwdX] L=64 states=646 -> 684
[DP-bwdX] L=96 states=1 -> 1
[DP-bwdX] L=80 states=179 -> 218
[DP-fwdX] L=48 states=1 -> 4
[DP-bwdX] L=64 states=180 -> 237
[DP-fwdX] L=48 states=1 -> 4
[DP-fwdX] L=48 states=1 -> 4
[DP-fwdX] L=48 states=1 -> 4
[DP-fwdX] L=64 states=38 -> 62
[DP-bwdX] L=64 states=15 -> 34
[DP-fwdX] L=64 states=1 -> 4
[DP-fwdX] L=80 states=39 -> 38
[DP-bwdX] L=96 states=1 -> 1
[DP-bwdX] L=80 states=5 -> 7
[DP-fwdX] L=80 states=5 -> 7
[DP-bwdX] L=80 states=3 -> 5
[DP-bwdX] L=96 states=1 -> 1
[DP-bwdX] L=96 states=1 -> 1
[DP-bwdX] L=96 states=1 -> 1
[DP-bwdX] L=96 states=1 -> 1
  [Round 9] solve_ms=100.294  HPWL_w=2522400  HPWL_eq=1233  WNS=-42  TNS=407  picked=28
[OC-Shortest/pow2] m=12 h=8 SEG=4 bits=48 words=1 threads=24
[DP-fwdX] L=0 states=1 -> 1
[DP-fwdX] L=16 states=179 -> 218
[DP-fwdX] L=32 states=1870 -> 2034
[DP-bwdX] L=96 states=1 -> 1
[DP-bwdX] L=80 states=179 -> 218
[DP-bwdX] L=64 states=1870 -> 2034
[DP-fwdX] L=0 states=1 -> 1
[DP-fwdX] L=16 states=179 -> 218
[DP-bwdX] L=48 states=1 -> 5
[DP-bwdX] L=32 states=1159 -> 1138
[DP-fwdX] L=0 states=1 -> 1
[DP-bwdX] L=16 states=20 -> 21
[DP-fwdX] L=0 states=1 -> 1
[DP-fwdX] L=0 states=1 -> 1
[DP-fwdX] L=0 states=1 -> 1
[DP-fwdX] L=16 states=5 -> 7
[DP-bwdX] L=16 states=4 -> 6
[DP-fwdX] L=16 states=1 -> 2
[DP-fwdX] L=32 states=100 -> 139
[DP-bwdX] L=48 states=1 -> 5
[DP-bwdX] L=32 states=22 -> 32
[DP-fwdX] L=32 states=7 -> 12
[DP-bwdX] L=32 states=3 -> 6
[DP-bwdX] L=48 states=1 -> 5
[DP-bwdX] L=48 states=1 -> 5
[DP-bwdX] L=48 states=1 -> 5
[DP-bwdX] L=48 states=1 -> 5
[DP-fwdX] L=48 states=1 -> 4
[DP-fwdX] L=64 states=455 -> 455
[DP-bwdX] L=96 states=1 -> 1
[DP-bwdX] L=80 states=179 -> 218
[DP-fwdX] L=48 states=1 -> 4
[DP-bwdX] L=64 states=122 -> 174
[DP-fwdX] L=48 states=1 -> 4
[DP-fwdX] L=48 states=1 -> 4
[DP-fwdX] L=48 states=1 -> 4
[DP-fwdX] L=64 states=46 -> 69
[DP-bwdX] L=64 states=7 -> 13
[DP-fwdX] L=64 states=1 -> 3
[DP-fwdX] L=80 states=10 -> 11
[DP-bwdX] L=96 states=1 -> 1
[DP-bwdX] L=80 states=37 -> 62
[DP-fwdX] L=80 states=4 -> 6
[DP-bwdX] L=80 states=3 -> 8
[DP-bwdX] L=96 states=1 -> 1
[DP-bwdX] L=96 states=1 -> 1
[DP-bwdX] L=96 states=1 -> 1
[DP-bwdX] L=96 states=1 -> 1
  [Round 10] solve_ms=101.413  HPWL_w=2961100  HPWL_eq=1204  WNS=-20  TNS=430  picked=39
[OC-Shortest/pow2] m=12 h=8 SEG=4 bits=48 words=1 threads=24
[DP-fwdX] L=0 states=1 -> 1
[DP-fwdX] L=16 states=179 -> 218
[DP-fwdX] L=32 states=1870 -> 2034
[DP-bwdX] L=96 states=1 -> 1
[DP-bwdX] L=80 states=179 -> 218
[DP-bwdX] L=64 states=1870 -> 2034
[DP-fwdX] L=0 states=1 -> 1
[DP-fwdX] L=16 states=179 -> 218
[DP-bwdX] L=48 states=1 -> 2
[DP-bwdX] L=32 states=259 -> 270
[DP-fwdX] L=0 states=1 -> 1
[DP-bwdX] L=16 states=28 -> 28
[DP-fwdX] L=0 states=1 -> 1
[DP-fwdX] L=0 states=1 -> 1
[DP-fwdX] L=0 states=1 -> 1
[DP-fwdX] L=16 states=14 -> 21
[DP-bwdX] L=16 states=4 -> 5
[DP-fwdX] L=16 states=1 -> 1
[DP-fwdX] L=32 states=82 -> 107
[DP-bwdX] L=48 states=1 -> 2
[DP-bwdX] L=32 states=12 -> 16
[DP-fwdX] L=32 states=4 -> 6
[DP-bwdX] L=32 states=2 -> 3
[DP-bwdX] L=48 states=1 -> 2
[DP-bwdX] L=48 states=1 -> 2
[DP-bwdX] L=48 states=1 -> 2
[DP-bwdX] L=48 states=1 -> 2
[DP-fwdX] L=48 states=1 -> 2
[DP-fwdX] L=64 states=259 -> 270
[DP-bwdX] L=96 states=1 -> 1
[DP-bwdX] L=80 states=179 -> 218
[DP-fwdX] L=48 states=1 -> 2
[DP-bwdX] L=64 states=299 -> 396
[DP-fwdX] L=48 states=1 -> 2
[DP-fwdX] L=48 states=1 -> 2
[DP-fwdX] L=48 states=1 -> 2
[DP-fwdX] L=64 states=17 -> 25
[DP-bwdX] L=64 states=10 -> 21
[DP-fwdX] L=64 states=1 -> 4
[DP-fwdX] L=80 states=73 -> 72
[DP-bwdX] L=96 states=1 -> 1
[DP-bwdX] L=80 states=12 -> 18
[DP-fwdX] L=80 states=9 -> 15
[DP-bwdX] L=80 states=3 -> 6
[DP-bwdX] L=96 states=1 -> 1
[DP-bwdX] L=96 states=1 -> 1
[DP-bwdX] L=96 states=1 -> 1
[DP-bwdX] L=96 states=1 -> 1
  [Round 11] solve_ms=95.963  HPWL_w=3680100  HPWL_eq=927  WNS=-31  TNS=138  picked=21
[OC-Shortest/pow2] m=12 h=8 SEG=4 bits=48 words=1 threads=24
[DP-fwdX] L=0 states=1 -> 1
[DP-fwdX] L=16 states=179 -> 218
[DP-fwdX] L=32 states=1870 -> 2034
[DP-bwdX] L=96 states=1 -> 1
[DP-bwdX] L=80 states=179 -> 218
[DP-bwdX] L=64 states=1870 -> 2034
[DP-fwdX] L=0 states=1 -> 1
[DP-fwdX] L=16 states=179 -> 218
[DP-bwdX] L=48 states=1 -> 3
[DP-bwdX] L=32 states=263 -> 272
[DP-fwdX] L=0 states=1 -> 1
[DP-bwdX] L=16 states=29 -> 29
[DP-fwdX] L=0 states=1 -> 1
[DP-fwdX] L=0 states=1 -> 1
[DP-fwdX] L=0 states=1 -> 1
[DP-fwdX] L=16 states=42 -> 69
[DP-bwdX] L=16 states=4 -> 6
[DP-fwdX] L=16 states=1 -> 4
[DP-fwdX] L=32 states=126 -> 174
[DP-bwdX] L=48 states=1 -> 3
[DP-bwdX] L=32 states=12 -> 16
[DP-fwdX] L=32 states=4 -> 6
[DP-bwdX] L=32 states=2 -> 3
[DP-bwdX] L=48 states=1 -> 3
[DP-bwdX] L=48 states=1 -> 3
[DP-bwdX] L=48 states=1 -> 3
[DP-bwdX] L=48 states=1 -> 3
[DP-fwdX] L=48 states=1 -> 3
[DP-fwdX] L=64 states=432 -> 451
[DP-bwdX] L=96 states=1 -> 1
[DP-bwdX] L=80 states=179 -> 218
[DP-fwdX] L=48 states=1 -> 3
[DP-bwdX] L=64 states=50 -> 66
[DP-fwdX] L=48 states=1 -> 3
[DP-fwdX] L=48 states=1 -> 3
[DP-fwdX] L=48 states=1 -> 3
[DP-fwdX] L=64 states=12 -> 16
[DP-bwdX] L=64 states=4 -> 6
[DP-fwdX] L=64 states=1 -> 1
[DP-fwdX] L=80 states=20 -> 21
[DP-bwdX] L=96 states=1 -> 1
[DP-bwdX] L=80 states=12 -> 17
[DP-fwdX] L=80 states=4 -> 5
[DP-bwdX] L=80 states=2 -> 3
[DP-bwdX] L=96 states=1 -> 1
[DP-bwdX] L=96 states=1 -> 1
[DP-bwdX] L=96 states=1 -> 1
[DP-bwdX] L=96 states=1 -> 1
  [Round 12] solve_ms=104.226  HPWL_w=4006100  HPWL_eq=827  WNS=-13  TNS=81  picked=16
[OC-Shortest/pow2] m=12 h=8 SEG=4 bits=48 words=1 threads=24
[DP-fwdX] L=0 states=1 -> 1
[DP-fwdX] L=16 states=179 -> 218
[DP-fwdX] L=32 states=1870 -> 2034
[DP-bwdX] L=96 states=1 -> 1
[DP-bwdX] L=80 states=179 -> 218
[DP-bwdX] L=64 states=1870 -> 2034
[DP-fwdX] L=0 states=1 -> 1
[DP-fwdX] L=16 states=179 -> 218
[DP-bwdX] L=48 states=1 -> 3
[DP-bwdX] L=32 states=432 -> 451
[DP-fwdX] L=0 states=1 -> 1
[DP-bwdX] L=16 states=30 -> 31
[DP-fwdX] L=0 states=1 -> 1
[DP-fwdX] L=0 states=1 -> 1
[DP-fwdX] L=0 states=1 -> 1
[DP-fwdX] L=16 states=29 -> 46
[DP-bwdX] L=16 states=4 -> 6
[DP-fwdX] L=16 states=1 -> 3
[DP-fwdX] L=32 states=83 -> 108
[DP-bwdX] L=48 states=1 -> 3
[DP-bwdX] L=32 states=13 -> 18
[DP-fwdX] L=32 states=10 -> 20
[DP-bwdX] L=32 states=3 -> 7
[DP-bwdX] L=48 states=1 -> 3
[DP-bwdX] L=48 states=1 -> 3
[DP-bwdX] L=48 states=1 -> 3
[DP-bwdX] L=48 states=1 -> 3
[DP-fwdX] L=48 states=1 -> 3
[DP-fwdX] L=64 states=263 -> 272
[DP-bwdX] L=96 states=1 -> 1
[DP-bwdX] L=80 states=179 -> 218
[DP-fwdX] L=48 states=1 -> 3
[DP-bwdX] L=64 states=50 -> 66
[DP-fwdX] L=48 states=1 -> 3
[DP-fwdX] L=48 states=1 -> 3
[DP-fwdX] L=48 states=1 -> 3
[DP-fwdX] L=64 states=12 -> 16
[DP-bwdX] L=64 states=4 -> 6
[DP-fwdX] L=64 states=1 -> 1
[DP-fwdX] L=80 states=20 -> 21
[DP-bwdX] L=96 states=1 -> 1
[DP-bwdX] L=80 states=12 -> 17
[DP-fwdX] L=80 states=4 -> 5
[DP-bwdX] L=80 states=2 -> 3
[DP-bwdX] L=96 states=1 -> 1
[DP-bwdX] L=96 states=1 -> 1
[DP-bwdX] L=96 states=1 -> 1
[DP-bwdX] L=96 states=1 -> 1
  [Round 13] solve_ms=89.6581  HPWL_w=4264400  HPWL_eq=848  WNS=-10  TNS=92  picked=20
[OC-Shortest/pow2] m=12 h=8 SEG=4 bits=48 words=1 threads=24
[DP-fwdX] L=0 states=1 -> 1
[DP-fwdX] L=16 states=179 -> 218
[DP-fwdX] L=32 states=1870 -> 2034
[DP-bwdX] L=96 states=1 -> 1
[DP-bwdX] L=80 states=179 -> 218
[DP-bwdX] L=64 states=1870 -> 2034
[DP-fwdX] L=0 states=1 -> 1
[DP-fwdX] L=16 states=179 -> 218
[DP-bwdX] L=48 states=1 -> 1
[DP-bwdX] L=32 states=94 -> 103
[DP-fwdX] L=0 states=1 -> 1
[DP-bwdX] L=16 states=10 -> 11
[DP-fwdX] L=0 states=1 -> 1
[DP-fwdX] L=0 states=1 -> 1
[DP-fwdX] L=0 states=1 -> 1
[DP-fwdX] L=16 states=14 -> 21
[DP-bwdX] L=16 states=4 -> 5
[DP-fwdX] L=16 states=1 -> 1
[DP-fwdX] L=32 states=22 -> 29
[DP-bwdX] L=48 states=1 -> 1
[DP-bwdX] L=32 states=12 -> 16
[DP-fwdX] L=32 states=4 -> 6
[DP-bwdX] L=32 states=2 -> 3
[DP-bwdX] L=48 states=1 -> 1
[DP-bwdX] L=48 states=1 -> 1
[DP-bwdX] L=48 states=1 -> 1
[DP-bwdX] L=48 states=1 -> 1
[DP-fwdX] L=48 states=1 -> 1
[DP-fwdX] L=64 states=94 -> 103
[DP-bwdX] L=96 states=1 -> 1
[DP-bwdX] L=80 states=179 -> 218
[DP-fwdX] L=48 states=1 -> 1
[DP-bwdX] L=64 states=50 -> 66
[DP-fwdX] L=48 states=1 -> 1
[DP-fwdX] L=48 states=1 -> 1
[DP-fwdX] L=48 states=1 -> 1
[DP-fwdX] L=64 states=12 -> 16
[DP-bwdX] L=64 states=4 -> 6
[DP-fwdX] L=64 states=1 -> 1
[DP-fwdX] L=80 states=20 -> 21
[DP-bwdX] L=96 states=1 -> 1
[DP-bwdX] L=80 states=12 -> 17
[DP-fwdX] L=80 states=4 -> 5
[DP-bwdX] L=80 states=2 -> 3
[DP-bwdX] L=96 states=1 -> 1
[DP-bwdX] L=96 states=1 -> 1
[DP-bwdX] L=96 states=1 -> 1
[DP-bwdX] L=96 states=1 -> 1
  [Round 14] solve_ms=84.3442  HPWL_w=4525200  HPWL_eq=786  WNS=-1  TNS=2  picked=2
[OC-Shortest/pow2] m=12 h=8 SEG=4 bits=48 words=1 threads=24
[DP-fwdX] L=0 states=1 -> 1
[DP-fwdX] L=16 states=179 -> 218
[DP-fwdX] L=32 states=1870 -> 2034
[DP-bwdX] L=96 states=1 -> 1
[DP-bwdX] L=80 states=179 -> 218
[DP-bwdX] L=64 states=1870 -> 2034
[DP-fwdX] L=0 states=1 -> 1
[DP-fwdX] L=16 states=179 -> 218
[DP-bwdX] L=48 states=1 -> 1
[DP-bwdX] L=32 states=94 -> 103
[DP-fwdX] L=0 states=1 -> 1
[DP-bwdX] L=16 states=10 -> 11
[DP-fwdX] L=0 states=1 -> 1
[DP-fwdX] L=0 states=1 -> 1
[DP-fwdX] L=0 states=1 -> 1
[DP-fwdX] L=16 states=14 -> 21
[DP-bwdX] L=16 states=4 -> 5
[DP-fwdX] L=16 states=1 -> 1
[DP-fwdX] L=32 states=22 -> 29
[DP-bwdX] L=48 states=1 -> 1
[DP-bwdX] L=32 states=12 -> 16
[DP-fwdX] L=32 states=4 -> 6
[DP-bwdX] L=32 states=2 -> 3
[DP-bwdX] L=48 states=1 -> 1
[DP-bwdX] L=48 states=1 -> 1
[DP-bwdX] L=48 states=1 -> 1
[DP-bwdX] L=48 states=1 -> 1
[DP-fwdX] L=48 states=1 -> 1
[DP-fwdX] L=64 states=94 -> 103
[DP-bwdX] L=96 states=1 -> 1
[DP-bwdX] L=80 states=179 -> 218
[DP-fwdX] L=48 states=1 -> 1
[DP-bwdX] L=64 states=22 -> 29
[DP-fwdX] L=48 states=1 -> 1
[DP-fwdX] L=48 states=1 -> 1
[DP-fwdX] L=48 states=1 -> 1
[DP-fwdX] L=64 states=12 -> 16
[DP-bwdX] L=64 states=4 -> 6
[DP-fwdX] L=64 states=1 -> 1
[DP-fwdX] L=80 states=10 -> 11
[DP-bwdX] L=96 states=1 -> 1
[DP-bwdX] L=80 states=12 -> 17
[DP-fwdX] L=80 states=4 -> 5
[DP-bwdX] L=80 states=2 -> 3
[DP-bwdX] L=96 states=1 -> 1
[DP-bwdX] L=96 states=1 -> 1
[DP-bwdX] L=96 states=1 -> 1
[DP-bwdX] L=96 states=1 -> 1
  [Round 15] solve_ms=83.0691  HPWL_w=4530900  HPWL_eq=780  WNS=1  TNS=0  picked=0
  [TD] reach target: all edges <= T.
[Policy] wrote placement to: placement12_Col_1_T_12.txt

real	0m1.426s
user	0m28.173s
sys	0m0.213s
