[MultiCol] m=16 h=16 K=2 T=8 rounds=150 policy=soft snake=1
[MultiCol] exec: build/oc_policy_singlecol 16 8 150 --T=8 --policy=soft --freeze=1 --cap=64 --scale=1000 --dV=1 --pow2=1 --progress=1 --alpha=0.9 --eta=1 --gamma=0.3 --beta=3 --homotopy=1 --sigma=0.8 --shrink=0.9
[Policy] m=16 h=8 rounds=150 T_target=8 policy=soft+freeze cap=64 scale=1000 freeze=1 homotopy=1 sigma=0.8 shrink=0.9
[OC-Shortest/pow2] m=16 h=8 SEG=4 bits=64 words=1 threads=24
[DP-fwdX] L=0 states=1 -> 1
[DP-fwdX] L=16 states=186 -> 229
[DP-fwdX] L=32 states=2755 -> 3100
[DP-fwdX] L=48 states=11271 -> 11887
[DP-bwdX] L=128 states=1 -> 1
[DP-bwdX] L=112 states=186 -> 229
[DP-bwdX] L=96 states=2755 -> 3100
[DP-bwdX] L=80 states=11271 -> 11887
[DP-fwdX] L=0 states=1 -> 1
[DP-fwdX] L=16 states=186 -> 229
[DP-bwdX] L=64 states=1 -> 1
[DP-bwdX] L=48 states=141 -> 164
[DP-fwdX] L=0 states=1 -> 1
[DP-bwdX] L=32 states=1 -> 1
[DP-fwdX] L=0 states=1 -> 1
[DP-bwdX] L=16 states=1 -> 2
[DP-fwdX] L=0 states=1 -> 1
[DP-fwdX] L=0 states=1 -> 1
[DP-fwdX] L=0 states=1 -> 1
[DP-bwdX] L=16 states=1 -> 2
[DP-bwdX] L=16 states=1 -> 2
[DP-bwdX] L=16 states=1 -> 2
[DP-fwdX] L=16 states=1 -> 3
[DP-bwdX] L=32 states=1 -> 1
[DP-fwdX] L=16 states=1 -> 3
[DP-fwdX] L=16 states=1 -> 3
[DP-fwdX] L=16 states=1 -> 3
[DP-bwdX] L=32 states=1 -> 1
[DP-bwdX] L=32 states=1 -> 1
[DP-bwdX] L=32 states=1 -> 1
[DP-fwdX] L=32 states=1 -> 1
[DP-bwdX] L=64 states=1 -> 1
[DP-fwdX] L=32 states=1 -> 1
[DP-bwdX] L=48 states=1 -> 1
[DP-fwdX] L=32 states=1 -> 1
[DP-fwdX] L=32 states=1 -> 1
[DP-fwdX] L=32 states=1 -> 1
[DP-bwdX] L=48 states=1 -> 1
[DP-bwdX] L=48 states=1 -> 1
[DP-bwdX] L=48 states=1 -> 1
[DP-fwdX] L=48 states=1 -> 1
[DP-bwdX] L=64 states=1 -> 1
[DP-fwdX] L=48 states=1 -> 1
[DP-fwdX] L=48 states=1 -> 1
[DP-fwdX] L=48 states=1 -> 1
[DP-bwdX] L=64 states=1 -> 1
[DP-bwdX] L=64 states=1 -> 1
[DP-bwdX] L=64 states=1 -> 1
[DP-fwdX] L=64 states=1 -> 1
[DP-fwdX] L=80 states=141 -> 164
[DP-bwdX] L=128 states=1 -> 1
[DP-bwdX] L=112 states=186 -> 229
[DP-fwdX] L=64 states=1 -> 1
[DP-bwdX] L=96 states=1 -> 1
[DP-fwdX] L=64 states=1 -> 1
[DP-bwdX] L=80 states=1 -> 1
[DP-fwdX] L=64 states=1 -> 1
[DP-fwdX] L=64 states=1 -> 1
[DP-fwdX] L=64 states=1 -> 1
[DP-bwdX] L=80 states=1 -> 1
[DP-bwdX] L=80 states=1 -> 1
[DP-bwdX] L=80 states=1 -> 1
[DP-fwdX] L=80 states=1 -> 1
[DP-bwdX] L=96 states=1 -> 1
[DP-fwdX] L=80 states=1 -> 1
[DP-fwdX] L=80 states=1 -> 1
[DP-fwdX] L=80 states=1 -> 1
[DP-bwdX] L=96 states=1 -> 1
[DP-bwdX] L=96 states=1 -> 1
[DP-bwdX] L=96 states=1 -> 1
[DP-fwdX] L=96 states=1 -> 1
[DP-bwdX] L=128 states=1 -> 1
[DP-fwdX] L=96 states=1 -> 1
[DP-bwdX] L=112 states=1 -> 3
[DP-fwdX] L=96 states=1 -> 1
[DP-fwdX] L=96 states=1 -> 1
[DP-fwdX] L=96 states=1 -> 1
[DP-bwdX] L=112 states=1 -> 3
[DP-bwdX] L=112 states=1 -> 3
[DP-bwdX] L=112 states=1 -> 3
[DP-fwdX] L=112 states=1 -> 2
[DP-bwdX] L=128 states=1 -> 1
[DP-fwdX] L=112 states=1 -> 2
[DP-fwdX] L=112 states=1 -> 2
[DP-fwdX] L=112 states=1 -> 2
[DP-bwdX] L=128 states=1 -> 1
[DP-bwdX] L=128 states=1 -> 1
[DP-bwdX] L=128 states=1 -> 1
[Init-Homotopy] round1 maxL=20  set T_prime0=16 (T_target=8)
  [Round 1] T_prime=16  T_target=8  HPWL_w=1040000  HPWL_eq=1040  maxL=20  WNS(T')=-4  WNS*(T)=-12  picked=6  solve_ms=401.783
[OC-Shortest/pow2] m=16 h=8 SEG=4 bits=64 words=1 threads=24
[DP-fwdX] L=0 states=1 -> 1
[DP-fwdX] L=16 states=186 -> 229
[DP-fwdX] L=32 states=2755 -> 3100
[DP-fwdX] L=48 states=11271 -> 11887
[DP-bwdX] L=128 states=1 -> 1
[DP-bwdX] L=112 states=186 -> 229
[DP-bwdX] L=96 states=2755 -> 3100
[DP-bwdX] L=80 states=11271 -> 11887
[DP-fwdX] L=0 states=1 -> 1
[DP-fwdX] L=16 states=186 -> 229
[DP-bwdX] L=64 states=1 -> 1
[DP-bwdX] L=48 states=141 -> 164
[DP-fwdX] L=0 states=1 -> 1
[DP-bwdX] L=32 states=1 -> 1
[DP-fwdX] L=0 states=1 -> 1
[DP-bwdX] L=16 states=1 -> 2
[DP-fwdX] L=0 states=1 -> 1
[DP-fwdX] L=0 states=1 -> 1
[DP-fwdX] L=0 states=1 -> 1
[DP-bwdX] L=16 states=1 -> 2
[DP-bwdX] L=16 states=1 -> 2
[DP-bwdX] L=16 states=1 -> 2
[DP-fwdX] L=16 states=1 -> 3
[DP-bwdX] L=32 states=1 -> 1
[DP-fwdX] L=16 states=1 -> 3
[DP-fwdX] L=16 states=1 -> 3
[DP-fwdX] L=16 states=1 -> 3
[DP-bwdX] L=32 states=1 -> 1
[DP-bwdX] L=32 states=1 -> 1
[DP-bwdX] L=32 states=1 -> 1
[DP-fwdX] L=32 states=1 -> 1
[DP-bwdX] L=64 states=1 -> 1
[DP-fwdX] L=32 states=1 -> 1
[DP-bwdX] L=48 states=1 -> 1
[DP-fwdX] L=32 states=1 -> 1
[DP-fwdX] L=32 states=1 -> 1
[DP-fwdX] L=32 states=1 -> 1
[DP-bwdX] L=48 states=1 -> 1
[DP-bwdX] L=48 states=1 -> 1
[DP-bwdX] L=48 states=1 -> 1
[DP-fwdX] L=48 states=1 -> 1
[DP-bwdX] L=64 states=1 -> 1
[DP-fwdX] L=48 states=1 -> 1
[DP-fwdX] L=48 states=1 -> 1
[DP-fwdX] L=48 states=1 -> 1
[DP-bwdX] L=64 states=1 -> 1
[DP-bwdX] L=64 states=1 -> 1
[DP-bwdX] L=64 states=1 -> 1
[DP-fwdX] L=64 states=1 -> 1
[DP-fwdX] L=80 states=141 -> 164
[DP-bwdX] L=128 states=1 -> 1
[DP-bwdX] L=112 states=186 -> 229
[DP-fwdX] L=64 states=1 -> 1
[DP-bwdX] L=96 states=1 -> 1
[DP-fwdX] L=64 states=1 -> 1
[DP-bwdX] L=80 states=1 -> 1
[DP-fwdX] L=64 states=1 -> 1
[DP-fwdX] L=64 states=1 -> 1
[DP-fwdX] L=64 states=1 -> 1
[DP-bwdX] L=80 states=1 -> 1
[DP-bwdX] L=80 states=1 -> 1
[DP-bwdX] L=80 states=1 -> 1
[DP-fwdX] L=80 states=1 -> 1
[DP-bwdX] L=96 states=1 -> 1
[DP-fwdX] L=80 states=1 -> 1
[DP-fwdX] L=80 states=1 -> 1
[DP-fwdX] L=80 states=1 -> 1
[DP-bwdX] L=96 states=1 -> 1
[DP-bwdX] L=96 states=1 -> 1
[DP-bwdX] L=96 states=1 -> 1
[DP-fwdX] L=96 states=1 -> 1
[DP-bwdX] L=128 states=1 -> 1
[DP-fwdX] L=96 states=1 -> 1
[DP-bwdX] L=112 states=1 -> 3
[DP-fwdX] L=96 states=1 -> 1
[DP-fwdX] L=96 states=1 -> 1
[DP-fwdX] L=96 states=1 -> 1
[DP-bwdX] L=112 states=1 -> 3
[DP-bwdX] L=112 states=1 -> 3
[DP-bwdX] L=112 states=1 -> 3
[DP-fwdX] L=112 states=1 -> 2
[DP-bwdX] L=128 states=1 -> 1
[DP-fwdX] L=112 states=1 -> 2
[DP-fwdX] L=112 states=1 -> 2
[DP-fwdX] L=112 states=1 -> 2
[DP-bwdX] L=128 states=1 -> 1
[DP-bwdX] L=128 states=1 -> 1
[DP-bwdX] L=128 states=1 -> 1
  [Round 2] T_prime=16  T_target=8  HPWL_w=1041332  HPWL_eq=1040  maxL=18  WNS(T')=-2  WNS*(T)=-10  picked=6  solve_ms=410.439
[OC-Shortest/pow2] m=16 h=8 SEG=4 bits=64 words=1 threads=24
[DP-fwdX] L=0 states=1 -> 1
[DP-fwdX] L=16 states=186 -> 229
[DP-fwdX] L=32 states=2755 -> 3100
[DP-fwdX] L=48 states=11271 -> 11887
