[MultiCol] m=40 h=40 K=4 T=13 rounds=150 policy=soft snake=1 work_dir=.
[MultiCol] exec: build/oc_policy_singlecol 40 10 150 --T=13 --policy=soft --freeze=1 --cap=8 --scale=1000 --dV=1 --pow2=1 --progress=1 --alpha=0.5 --eta=0.5 --gamma=0.4 --beta=3 --homotopy=1 --sigma=0.85 --shrink=0.92
[Policy] m_full=40 h_full=10  m_dp=10 h_dp=10  rounds=150 T_target=13 policy=soft+freeze cap=8 scale=1000 freeze=1 homotopy=1 sigma=0.85 shrink=0.92 fast_ctr=1
[OC-Shortest/pow2] m=10 h=10 SEG=4 bits=40 words=1 threads=24
[DP-fwdX] L=0 states=1 -> 1
[DP-fwdX] L=16 states=193 -> 237
[DP-fwdX] L=32 states=2293 -> 2517
[DP-fwdX] L=48 states=5392 -> 5424
[DP-bwdX] L=96 states=5 -> 7
[DP-bwdX] L=80 states=433 -> 515
[DP-bwdX] L=64 states=3246 -> 3481
[DP-fwdX] L=0 states=1 -> 1
[DP-fwdX] L=16 states=193 -> 237
[DP-bwdX] L=48 states=2 -> 3
[DP-bwdX] L=32 states=103 -> 111
[DP-fwdX] L=0 states=1 -> 1
[DP-bwdX] L=16 states=14 -> 15
[DP-fwdX] L=0 states=1 -> 1
[DP-fwdX] L=0 states=1 -> 1
[DP-fwdX] L=0 states=1 -> 1
[DP-fwdX] L=16 states=19 -> 32
[DP-bwdX] L=16 states=2 -> 3
[DP-fwdX] L=16 states=1 -> 3
[DP-fwdX] L=32 states=66 -> 95
[DP-bwdX] L=48 states=2 -> 3
[DP-bwdX] L=32 states=14 -> 18
[DP-fwdX] L=32 states=2 -> 3
[DP-fwdX] L=32 states=1 -> 2
[DP-bwdX] L=48 states=2 -> 3
[DP-bwdX] L=48 states=2 -> 3
[DP-bwdX] L=48 states=1 -> 2
[DP-fwdX] L=48 states=1 -> 2
[DP-fwdX] L=64 states=63 -> 72
[DP-bwdX] L=96 states=5 -> 7
[DP-bwdX] L=80 states=433 -> 515
[DP-bwdX] L=64 states=233 -> 301
[DP-fwdX] L=64 states=4 -> 6
[DP-fwdX] L=64 states=4 -> 6
[DP-bwdX] L=64 states=2 -> 4
[DP-fwdX] L=80 states=11 -> 13
[DP-bwdX] L=96 states=5 -> 7
[DP-fwdX] L=80 states=11 -> 13
[DP-bwdX] L=80 states=3 -> 7
[DP-bwdX] L=80 states=3 -> 7
[DP-bwdX] L=96 states=5 -> 7
[DP-bwdX] L=96 states=1 -> 2
[DP-bwdX] L=96 states=1 -> 2
[DP-fwdX] L=96 states=1 -> 1
[DP-fwdX] L=96 states=1 -> 1
[Init-Homotopy] round1 maxL=26  set T_prime0=23 (T_target=13)
  [Round 1] T_prime=23  T_target=13  HPWL_w=914000  HPWL_eq=914  maxL=26  WNS(T')=-3  WNS*(T)=-13  picked=6  solve_ms=133.127
[OC-Shortest/pow2] m=10 h=10 SEG=4 bits=40 words=1 threads=24
[DP-fwdX] L=0 states=1 -> 1
[DP-fwdX] L=16 states=193 -> 237
[DP-fwdX] L=32 states=2293 -> 2517
[DP-fwdX] L=48 states=5392 -> 5424
[DP-bwdX] L=96 states=5 -> 7
[DP-bwdX] L=80 states=433 -> 515
[DP-bwdX] L=64 states=3246 -> 3481
[DP-fwdX] L=0 states=1 -> 1
[DP-fwdX] L=16 states=193 -> 237
[DP-bwdX] L=48 states=2 -> 3
[DP-bwdX] L=32 states=103 -> 111
[DP-fwdX] L=0 states=1 -> 1
[DP-bwdX] L=16 states=18 -> 18
[DP-fwdX] L=0 states=1 -> 1
[DP-fwdX] L=0 states=1 -> 1
[DP-fwdX] L=0 states=1 -> 1
[DP-fwdX] L=16 states=19 -> 32
[DP-bwdX] L=16 states=2 -> 3
[DP-fwdX] L=16 states=1 -> 3
[DP-fwdX] L=32 states=66 -> 94
[DP-bwdX] L=48 states=2 -> 3
[DP-bwdX] L=32 states=14 -> 18
[DP-fwdX] L=32 states=2 -> 3
[DP-fwdX] L=32 states=1 -> 2
[DP-bwdX] L=48 states=2 -> 3
[DP-bwdX] L=48 states=2 -> 3
[DP-bwdX] L=48 states=1 -> 2
[DP-fwdX] L=48 states=1 -> 2
[DP-fwdX] L=64 states=63 -> 72
[DP-bwdX] L=96 states=5 -> 7
[DP-bwdX] L=80 states=433 -> 515
[DP-bwdX] L=64 states=240 -> 312
[DP-fwdX] L=64 states=4 -> 6
[DP-fwdX] L=64 states=4 -> 6
[DP-bwdX] L=64 states=2 -> 4
[DP-fwdX] L=80 states=7 -> 9
[DP-bwdX] L=96 states=5 -> 7
[DP-fwdX] L=80 states=7 -> 9
[DP-bwdX] L=80 states=3 -> 7
[DP-bwdX] L=80 states=3 -> 7
[DP-bwdX] L=96 states=5 -> 7
[DP-bwdX] L=96 states=1 -> 2
[DP-bwdX] L=96 states=1 -> 2
[DP-fwdX] L=96 states=1 -> 1
[DP-fwdX] L=96 states=1 -> 1
  [Round 2] T_prime=23  T_target=13  HPWL_w=914348  HPWL_eq=914  maxL=26  WNS(T')=-3  WNS*(T)=-13  picked=6  solve_ms=114.698
[OC-Shortest/pow2] m=10 h=10 SEG=4 bits=40 words=1 threads=24
[DP-fwdX] L=0 states=1 -> 1
[DP-fwdX] L=16 states=193 -> 237
[DP-fwdX] L=32 states=2293 -> 2517
[DP-fwdX] L=48 states=5392 -> 5424
[DP-bwdX] L=96 states=5 -> 7
[DP-bwdX] L=80 states=433 -> 515
[DP-bwdX] L=64 states=3246 -> 3481
[DP-fwdX] L=0 states=1 -> 1
[DP-fwdX] L=16 states=193 -> 237
[DP-bwdX] L=48 states=2 -> 3
[DP-bwdX] L=32 states=103 -> 111
[DP-fwdX] L=0 states=1 -> 1
[DP-bwdX] L=16 states=14 -> 15
[DP-fwdX] L=0 states=1 -> 1
[DP-fwdX] L=0 states=1 -> 1
[DP-fwdX] L=0 states=1 -> 1
[DP-fwdX] L=16 states=19 -> 32
[DP-bwdX] L=16 states=2 -> 3
[DP-fwdX] L=16 states=1 -> 3
[DP-fwdX] L=32 states=66 -> 95
[DP-bwdX] L=48 states=2 -> 3
[DP-bwdX] L=32 states=14 -> 18
[DP-fwdX] L=32 states=2 -> 3
[DP-fwdX] L=32 states=1 -> 2
[DP-bwdX] L=48 states=2 -> 3
[DP-bwdX] L=48 states=2 -> 3
[DP-bwdX] L=48 states=1 -> 2
[DP-fwdX] L=48 states=1 -> 2
[DP-fwdX] L=64 states=63 -> 72
[DP-bwdX] L=96 states=5 -> 7
[DP-bwdX] L=80 states=433 -> 515
[DP-bwdX] L=64 states=233 -> 301
[DP-fwdX] L=64 states=4 -> 6
[DP-fwdX] L=64 states=4 -> 6
[DP-bwdX] L=64 states=2 -> 4
[DP-fwdX] L=80 states=11 -> 13
[DP-bwdX] L=96 states=5 -> 7
[DP-fwdX] L=80 states=11 -> 13
[DP-bwdX] L=80 states=3 -> 7
[DP-bwdX] L=80 states=3 -> 7
[DP-bwdX] L=96 states=5 -> 7
[DP-bwdX] L=96 states=1 -> 2
[DP-bwdX] L=96 states=1 -> 2
[DP-fwdX] L=96 states=1 -> 1
[DP-fwdX] L=96 states=1 -> 1
  [Round 3] T_prime=23  T_target=13  HPWL_w=917448  HPWL_eq=914  maxL=26  WNS(T')=-3  WNS*(T)=-13  picked=6  solve_ms=123.466
[OC-Shortest/pow2] m=10 h=10 SEG=4 bits=40 words=1 threads=24
[DP-fwdX] L=0 states=1 -> 1
[DP-fwdX] L=16 states=193 -> 237
[DP-fwdX] L=32 states=2293 -> 2517
[DP-fwdX] L=48 states=5392 -> 5424
[DP-bwdX] L=96 states=5 -> 7
[DP-bwdX] L=80 states=433 -> 515
[DP-bwdX] L=64 states=3246 -> 3481
[DP-fwdX] L=0 states=1 -> 1
[DP-fwdX] L=16 states=193 -> 237
[DP-bwdX] L=48 states=2 -> 3
[DP-bwdX] L=32 states=103 -> 111
[DP-fwdX] L=0 states=1 -> 1
[DP-bwdX] L=16 states=18 -> 18
[DP-fwdX] L=0 states=1 -> 1
[DP-fwdX] L=0 states=1 -> 1
[DP-fwdX] L=0 states=1 -> 1
[DP-fwdX] L=16 states=19 -> 32
[DP-bwdX] L=16 states=2 -> 3
[DP-fwdX] L=16 states=1 -> 3
[DP-fwdX] L=32 states=66 -> 94
[DP-bwdX] L=48 states=2 -> 3
[DP-bwdX] L=32 states=14 -> 18
[DP-fwdX] L=32 states=2 -> 3
[DP-fwdX] L=32 states=1 -> 2
[DP-bwdX] L=48 states=2 -> 3
[DP-bwdX] L=48 states=2 -> 3
[DP-bwdX] L=48 states=1 -> 2
[DP-fwdX] L=48 states=1 -> 2
[DP-fwdX] L=64 states=63 -> 72
[DP-bwdX] L=96 states=5 -> 7
[DP-bwdX] L=80 states=433 -> 515
[DP-bwdX] L=64 states=240 -> 312
[DP-fwdX] L=64 states=4 -> 6
[DP-fwdX] L=64 states=4 -> 6
[DP-bwdX] L=64 states=2 -> 4
[DP-fwdX] L=80 states=7 -> 9
[DP-bwdX] L=96 states=5 -> 7
[DP-fwdX] L=80 states=7 -> 9
[DP-bwdX] L=80 states=3 -> 7
[DP-bwdX] L=80 states=3 -> 7
[DP-bwdX] L=96 states=5 -> 7
[DP-bwdX] L=96 states=1 -> 2
[DP-bwdX] L=96 states=1 -> 2
[DP-fwdX] L=96 states=1 -> 1
[DP-fwdX] L=96 states=1 -> 1
  [Round 4] T_prime=23  T_target=13  HPWL_w=919042  HPWL_eq=914  maxL=26  WNS(T')=-3  WNS*(T)=-13  picked=6  solve_ms=122.1
[OC-Shortest/pow2] m=10 h=10 SEG=4 bits=40 words=1 threads=24
[DP-fwdX] L=0 states=1 -> 1
[DP-fwdX] L=16 states=193 -> 237
[DP-fwdX] L=32 states=2293 -> 2517
[DP-fwdX] L=48 states=5392 -> 5424
[DP-bwdX] L=96 states=5 -> 7
[DP-bwdX] L=80 states=433 -> 515
[DP-bwdX] L=64 states=3246 -> 3481
[DP-fwdX] L=0 states=1 -> 1
[DP-fwdX] L=16 states=193 -> 237
[DP-bwdX] L=48 states=2 -> 3
[DP-bwdX] L=32 states=103 -> 111
[DP-fwdX] L=0 states=1 -> 1
[DP-bwdX] L=16 states=21 -> 22
[DP-fwdX] L=0 states=1 -> 1
[DP-fwdX] L=0 states=1 -> 1
[DP-fwdX] L=0 states=1 -> 1
[DP-fwdX] L=16 states=19 -> 32
[DP-bwdX] L=16 states=4 -> 5
[DP-fwdX] L=16 states=1 -> 2
[DP-fwdX] L=32 states=125 -> 187
[DP-bwdX] L=48 states=2 -> 3
[DP-bwdX] L=32 states=14 -> 18
[DP-fwdX] L=32 states=3 -> 7
[DP-fwdX] L=32 states=1 -> 4
[DP-bwdX] L=48 states=2 -> 3
[DP-bwdX] L=48 states=2 -> 3
[DP-bwdX] L=48 states=1 -> 2
[DP-fwdX] L=48 states=1 -> 2
[DP-fwdX] L=64 states=63 -> 72
[DP-bwdX] L=96 states=5 -> 7
[DP-bwdX] L=80 states=433 -> 515
[DP-bwdX] L=64 states=233 -> 301
[DP-fwdX] L=64 states=4 -> 6
[DP-fwdX] L=64 states=4 -> 6
[DP-bwdX] L=64 states=2 -> 4
[DP-fwdX] L=80 states=11 -> 13
[DP-bwdX] L=96 states=5 -> 7
[DP-fwdX] L=80 states=11 -> 13
[DP-bwdX] L=80 states=3 -> 7
[DP-bwdX] L=80 states=3 -> 7
[DP-bwdX] L=96 states=5 -> 7
[DP-bwdX] L=96 states=1 -> 2
[DP-bwdX] L=96 states=1 -> 2
[DP-fwdX] L=96 states=1 -> 1
[DP-fwdX] L=96 states=1 -> 1
  [Round 5] T_prime=23  T_target=13  HPWL_w=922764  HPWL_eq=917  maxL=28  WNS(T')=-5  WNS*(T)=-15  picked=8  solve_ms=121.987
[OC-Shortest/pow2] m=10 h=10 SEG=4 bits=40 words=1 threads=24
[DP-fwdX] L=0 states=1 -> 1
[DP-fwdX] L=16 states=193 -> 237
[DP-fwdX] L=32 states=2293 -> 2517
[DP-fwdX] L=48 states=5392 -> 5424
[DP-bwdX] L=96 states=5 -> 7
[DP-bwdX] L=80 states=433 -> 515
[DP-bwdX] L=64 states=3246 -> 3481
[DP-fwdX] L=0 states=1 -> 1
[DP-fwdX] L=16 states=193 -> 237
[DP-bwdX] L=48 states=2 -> 3
[DP-bwdX] L=32 states=103 -> 111
[DP-fwdX] L=0 states=1 -> 1
[DP-bwdX] L=16 states=18 -> 18
[DP-fwdX] L=0 states=1 -> 1
[DP-fwdX] L=0 states=1 -> 1
[DP-fwdX] L=0 states=1 -> 1
[DP-fwdX] L=16 states=19 -> 32
[DP-bwdX] L=16 states=2 -> 3
[DP-fwdX] L=16 states=1 -> 3
[DP-fwdX] L=32 states=66 -> 94
[DP-bwdX] L=48 states=2 -> 3
[DP-bwdX] L=32 states=14 -> 18
[DP-fwdX] L=32 states=2 -> 3
[DP-fwdX] L=32 states=1 -> 2
[DP-bwdX] L=48 states=2 -> 3
[DP-bwdX] L=48 states=2 -> 3
[DP-bwdX] L=48 states=1 -> 2
[DP-fwdX] L=48 states=1 -> 2
[DP-fwdX] L=64 states=63 -> 72
[DP-bwdX] L=96 states=5 -> 7
[DP-bwdX] L=80 states=433 -> 515
[DP-bwdX] L=64 states=522 -> 690
[DP-fwdX] L=64 states=4 -> 6
[DP-fwdX] L=64 states=4 -> 6
[DP-bwdX] L=64 states=3 -> 6
[DP-fwdX] L=80 states=10 -> 13
[DP-bwdX] L=96 states=5 -> 7
[DP-fwdX] L=80 states=10 -> 13
[DP-bwdX] L=80 states=3 -> 7
[DP-bwdX] L=80 states=3 -> 7
[DP-bwdX] L=96 states=5 -> 7
[DP-bwdX] L=96 states=1 -> 2
[DP-bwdX] L=96 states=1 -> 2
[DP-fwdX] L=96 states=1 -> 1
[DP-fwdX] L=96 states=1 -> 1
  [Round 6] T_prime=23  T_target=13  HPWL_w=924860  HPWL_eq=917  maxL=28  WNS(T')=-5  WNS*(T)=-15  picked=8  solve_ms=117.282
[OC-Shortest/pow2] m=10 h=10 SEG=4 bits=40 words=1 threads=24
[DP-fwdX] L=0 states=1 -> 1
[DP-fwdX] L=16 states=193 -> 237
[DP-fwdX] L=32 states=2293 -> 2517
[DP-fwdX] L=48 states=5392 -> 5424
[DP-bwdX] L=96 states=5 -> 7
[DP-bwdX] L=80 states=433 -> 515
[DP-bwdX] L=64 states=3246 -> 3481
[DP-fwdX] L=0 states=1 -> 1
[DP-fwdX] L=16 states=193 -> 237
[DP-bwdX] L=48 states=2 -> 3
[DP-bwdX] L=32 states=103 -> 111
[DP-fwdX] L=0 states=1 -> 1
[DP-bwdX] L=16 states=14 -> 15
[DP-fwdX] L=0 states=1 -> 1
[DP-fwdX] L=0 states=1 -> 1
[DP-fwdX] L=0 states=1 -> 1
[DP-fwdX] L=16 states=19 -> 32
[DP-bwdX] L=16 states=2 -> 3
[DP-fwdX] L=16 states=1 -> 3
[DP-fwdX] L=32 states=66 -> 95
[DP-bwdX] L=48 states=2 -> 3
[DP-bwdX] L=32 states=14 -> 18
[DP-fwdX] L=32 states=2 -> 3
[DP-fwdX] L=32 states=1 -> 2
[DP-bwdX] L=48 states=2 -> 3
[DP-bwdX] L=48 states=2 -> 3
[DP-bwdX] L=48 states=1 -> 2
[DP-fwdX] L=48 states=1 -> 2
[DP-fwdX] L=64 states=63 -> 72
[DP-bwdX] L=96 states=5 -> 7
[DP-bwdX] L=80 states=433 -> 515
[DP-bwdX] L=64 states=522 -> 690
[DP-fwdX] L=64 states=4 -> 6
[DP-fwdX] L=64 states=4 -> 6
[DP-bwdX] L=64 states=3 -> 6
[DP-fwdX] L=80 states=10 -> 13
[DP-bwdX] L=96 states=5 -> 7
[DP-fwdX] L=80 states=10 -> 13
[DP-bwdX] L=80 states=3 -> 7
[DP-bwdX] L=80 states=3 -> 7
[DP-bwdX] L=96 states=5 -> 7
[DP-bwdX] L=96 states=1 -> 2
[DP-bwdX] L=96 states=1 -> 2
[DP-fwdX] L=96 states=1 -> 1
[DP-fwdX] L=96 states=1 -> 1
  [Round 7] T_prime=23  T_target=13  HPWL_w=927637  HPWL_eq=917  maxL=31  WNS(T')=-8  WNS*(T)=-18  picked=8  solve_ms=117.975
[OC-Shortest/pow2] m=10 h=10 SEG=4 bits=40 words=1 threads=24
[DP-fwdX] L=0 states=1 -> 1
[DP-fwdX] L=16 states=193 -> 237
[DP-fwdX] L=32 states=2293 -> 2517
[DP-fwdX] L=48 states=5392 -> 5424
[DP-bwdX] L=96 states=5 -> 7
[DP-bwdX] L=80 states=433 -> 515
[DP-bwdX] L=64 states=3246 -> 3481
[DP-fwdX] L=0 states=1 -> 1
[DP-fwdX] L=16 states=193 -> 237
[DP-bwdX] L=48 states=2 -> 3
[DP-bwdX] L=32 states=103 -> 111
[DP-fwdX] L=0 states=1 -> 1
[DP-bwdX] L=16 states=21 -> 22
[DP-fwdX] L=0 states=1 -> 1
[DP-fwdX] L=0 states=1 -> 1
[DP-fwdX] L=0 states=1 -> 1
[DP-fwdX] L=16 states=19 -> 32
[DP-bwdX] L=16 states=4 -> 5
[DP-fwdX] L=16 states=1 -> 2
[DP-fwdX] L=32 states=125 -> 187
[DP-bwdX] L=48 states=2 -> 3
[DP-bwdX] L=32 states=14 -> 18
[DP-fwdX] L=32 states=4 -> 9
[DP-fwdX] L=32 states=1 -> 4
[DP-bwdX] L=48 states=2 -> 3
[DP-bwdX] L=48 states=2 -> 3
[DP-bwdX] L=48 states=1 -> 2
[DP-fwdX] L=48 states=1 -> 2
[DP-fwdX] L=64 states=63 -> 72
[DP-bwdX] L=96 states=5 -> 7
[DP-bwdX] L=80 states=433 -> 515
[DP-bwdX] L=64 states=240 -> 312
[DP-fwdX] L=64 states=4 -> 6
[DP-fwdX] L=64 states=4 -> 6
[DP-bwdX] L=64 states=2 -> 4
[DP-fwdX] L=80 states=7 -> 9
[DP-bwdX] L=96 states=5 -> 7
[DP-fwdX] L=80 states=7 -> 9
[DP-bwdX] L=80 states=3 -> 7
[DP-bwdX] L=80 states=3 -> 7
[DP-bwdX] L=96 states=5 -> 7
[DP-bwdX] L=96 states=1 -> 2
[DP-bwdX] L=96 states=1 -> 2
[DP-fwdX] L=96 states=1 -> 1
[DP-fwdX] L=96 states=1 -> 1
  [Round 8] T_prime=23  T_target=13  HPWL_w=928779  HPWL_eq=918  maxL=34  WNS(T')=-11  WNS*(T)=-21  picked=8  solve_ms=119.121
[OC-Shortest/pow2] m=10 h=10 SEG=4 bits=40 words=1 threads=24
[DP-fwdX] L=0 states=1 -> 1
[DP-fwdX] L=16 states=193 -> 237
[DP-fwdX] L=32 states=2293 -> 2517
[DP-fwdX] L=48 states=5392 -> 5424
[DP-bwdX] L=96 states=5 -> 7
[DP-bwdX] L=80 states=433 -> 515
[DP-bwdX] L=64 states=3246 -> 3481
[DP-fwdX] L=0 states=1 -> 1
[DP-fwdX] L=16 states=193 -> 237
[DP-bwdX] L=48 states=2 -> 3
[DP-bwdX] L=32 states=103 -> 111
[DP-fwdX] L=0 states=1 -> 1
[DP-bwdX] L=16 states=14 -> 15
[DP-fwdX] L=0 states=1 -> 1
[DP-fwdX] L=0 states=1 -> 1
[DP-fwdX] L=0 states=1 -> 1
[DP-fwdX] L=16 states=19 -> 32
[DP-bwdX] L=16 states=2 -> 3
[DP-fwdX] L=16 states=1 -> 3
[DP-fwdX] L=32 states=66 -> 95
[DP-bwdX] L=48 states=2 -> 3
[DP-bwdX] L=32 states=14 -> 18
[DP-fwdX] L=32 states=2 -> 3
[DP-fwdX] L=32 states=1 -> 2
[DP-bwdX] L=48 states=2 -> 3
[DP-bwdX] L=48 states=2 -> 3
[DP-bwdX] L=48 states=1 -> 2
[DP-fwdX] L=48 states=1 -> 2
[DP-fwdX] L=64 states=63 -> 72
[DP-bwdX] L=96 states=5 -> 7
[DP-bwdX] L=80 states=433 -> 515
[DP-bwdX] L=64 states=233 -> 301
[DP-fwdX] L=64 states=4 -> 6
[DP-fwdX] L=64 states=4 -> 6
[DP-bwdX] L=64 states=2 -> 4
[DP-fwdX] L=80 states=11 -> 13
[DP-bwdX] L=96 states=5 -> 7
[DP-fwdX] L=80 states=11 -> 13
[DP-bwdX] L=80 states=3 -> 7
[DP-bwdX] L=80 states=3 -> 7
[DP-bwdX] L=96 states=5 -> 7
[DP-bwdX] L=96 states=1 -> 2
[DP-bwdX] L=96 states=1 -> 2
[DP-fwdX] L=96 states=1 -> 1
[DP-fwdX] L=96 states=1 -> 1
  [Round 9] T_prime=23  T_target=13  HPWL_w=935190  HPWL_eq=914  maxL=26  WNS(T')=-3  WNS*(T)=-13  picked=6  solve_ms=117.229
[OC-Shortest/pow2] m=10 h=10 SEG=4 bits=40 words=1 threads=24
[DP-fwdX] L=0 states=1 -> 1
[DP-fwdX] L=16 states=193 -> 237
[DP-fwdX] L=32 states=2293 -> 2517
[DP-fwdX] L=48 states=5392 -> 5424
[DP-bwdX] L=96 states=5 -> 7
[DP-bwdX] L=80 states=433 -> 515
[DP-bwdX] L=64 states=3246 -> 3481
[DP-fwdX] L=0 states=1 -> 1
[DP-fwdX] L=16 states=193 -> 237
[DP-bwdX] L=48 states=2 -> 3
[DP-bwdX] L=32 states=103 -> 111
[DP-fwdX] L=0 states=1 -> 1
[DP-bwdX] L=16 states=18 -> 18
[DP-fwdX] L=0 states=1 -> 1
[DP-fwdX] L=0 states=1 -> 1
[DP-fwdX] L=0 states=1 -> 1
[DP-fwdX] L=16 states=19 -> 32
[DP-bwdX] L=16 states=2 -> 3
[DP-fwdX] L=16 states=1 -> 3
[DP-fwdX] L=32 states=66 -> 94
[DP-bwdX] L=48 states=2 -> 3
[DP-bwdX] L=32 states=14 -> 18
[DP-fwdX] L=32 states=2 -> 3
[DP-fwdX] L=32 states=1 -> 2
[DP-bwdX] L=48 states=2 -> 3
[DP-bwdX] L=48 states=2 -> 3
[DP-bwdX] L=48 states=1 -> 2
[DP-fwdX] L=48 states=1 -> 2
[DP-fwdX] L=64 states=63 -> 72
[DP-bwdX] L=96 states=5 -> 7
[DP-bwdX] L=80 states=433 -> 515
[DP-bwdX] L=64 states=240 -> 312
[DP-fwdX] L=64 states=4 -> 6
[DP-fwdX] L=64 states=4 -> 6
[DP-bwdX] L=64 states=2 -> 4
[DP-fwdX] L=80 states=7 -> 9
[DP-bwdX] L=96 states=5 -> 7
[DP-fwdX] L=80 states=7 -> 9
[DP-bwdX] L=80 states=3 -> 7
[DP-bwdX] L=80 states=3 -> 7
[DP-bwdX] L=96 states=5 -> 7
[DP-bwdX] L=96 states=1 -> 2
[DP-bwdX] L=96 states=1 -> 2
[DP-fwdX] L=96 states=1 -> 1
[DP-fwdX] L=96 states=1 -> 1
  [Round 10] T_prime=23  T_target=13  HPWL_w=936302  HPWL_eq=914  maxL=26  WNS(T')=-3  WNS*(T)=-13  picked=6  solve_ms=116.803
[OC-Shortest/pow2] m=10 h=10 SEG=4 bits=40 words=1 threads=24
[DP-fwdX] L=0 states=1 -> 1
[DP-fwdX] L=16 states=193 -> 237
[DP-fwdX] L=32 states=2293 -> 2517
[DP-fwdX] L=48 states=5392 -> 5424
[DP-bwdX] L=96 states=5 -> 7
[DP-bwdX] L=80 states=433 -> 515
[DP-bwdX] L=64 states=3246 -> 3481
[DP-fwdX] L=0 states=1 -> 1
[DP-fwdX] L=16 states=193 -> 237
[DP-bwdX] L=48 states=2 -> 3
[DP-bwdX] L=32 states=103 -> 111
[DP-fwdX] L=0 states=1 -> 1
[DP-bwdX] L=16 states=14 -> 15
[DP-fwdX] L=0 states=1 -> 1
[DP-fwdX] L=0 states=1 -> 1
[DP-fwdX] L=0 states=1 -> 1
[DP-fwdX] L=16 states=19 -> 32
[DP-bwdX] L=16 states=2 -> 3
[DP-fwdX] L=16 states=1 -> 3
[DP-fwdX] L=32 states=66 -> 95
[DP-bwdX] L=48 states=2 -> 3
[DP-bwdX] L=32 states=14 -> 18
[DP-fwdX] L=32 states=2 -> 3
[DP-fwdX] L=32 states=1 -> 2
[DP-bwdX] L=48 states=2 -> 3
[DP-bwdX] L=48 states=2 -> 3
[DP-bwdX] L=48 states=1 -> 2
[DP-fwdX] L=48 states=1 -> 2
[DP-fwdX] L=64 states=63 -> 72
[DP-bwdX] L=96 states=5 -> 7
[DP-bwdX] L=80 states=433 -> 515
[DP-bwdX] L=64 states=233 -> 301
[DP-fwdX] L=64 states=4 -> 6
[DP-fwdX] L=64 states=4 -> 6
[DP-bwdX] L=64 states=2 -> 4
[DP-fwdX] L=80 states=11 -> 13
[DP-bwdX] L=96 states=5 -> 7
[DP-fwdX] L=80 states=11 -> 13
[DP-bwdX] L=80 states=3 -> 7
[DP-bwdX] L=80 states=3 -> 7
[DP-bwdX] L=96 states=5 -> 7
[DP-bwdX] L=96 states=1 -> 2
[DP-bwdX] L=96 states=1 -> 2
[DP-fwdX] L=96 states=1 -> 1
[DP-fwdX] L=96 states=1 -> 1
  [Round 11] T_prime=23  T_target=13  HPWL_w=939444  HPWL_eq=916  maxL=22  WNS(T')=1  WNS*(T)=-9  picked=0  solve_ms=167.111
    [Tighten] T_prime: 23 -> 19 (sigma*maxL=19, shrink=22)  | cold-start: reset inertia
[OC-Shortest/pow2] m=10 h=10 SEG=4 bits=40 words=1 threads=24
[DP-fwdX] L=0 states=1 -> 1
[DP-fwdX] L=16 states=193 -> 237
[DP-fwdX] L=32 states=2293 -> 2517
[DP-fwdX] L=48 states=5392 -> 5424
[DP-bwdX] L=96 states=5 -> 7
[DP-bwdX] L=80 states=433 -> 515
[DP-bwdX] L=64 states=3246 -> 3481
[DP-fwdX] L=0 states=1 -> 1
[DP-fwdX] L=16 states=193 -> 237
[DP-bwdX] L=48 states=2 -> 3
[DP-bwdX] L=32 states=103 -> 111
[DP-fwdX] L=0 states=1 -> 1
[DP-bwdX] L=16 states=14 -> 15
[DP-fwdX] L=0 states=1 -> 1
[DP-fwdX] L=0 states=1 -> 1
[DP-fwdX] L=0 states=1 -> 1
[DP-fwdX] L=16 states=19 -> 32
[DP-bwdX] L=16 states=2 -> 3
[DP-fwdX] L=16 states=1 -> 3
[DP-fwdX] L=32 states=66 -> 95
[DP-bwdX] L=48 states=2 -> 3
[DP-bwdX] L=32 states=14 -> 18
[DP-fwdX] L=32 states=2 -> 3
[DP-fwdX] L=32 states=1 -> 2
[DP-bwdX] L=48 states=2 -> 3
[DP-bwdX] L=48 states=2 -> 3
[DP-bwdX] L=48 states=1 -> 2
[DP-fwdX] L=48 states=1 -> 2
[DP-fwdX] L=64 states=63 -> 72
[DP-bwdX] L=96 states=5 -> 7
[DP-bwdX] L=80 states=433 -> 515
[DP-bwdX] L=64 states=233 -> 301
[DP-fwdX] L=64 states=4 -> 6
[DP-fwdX] L=64 states=4 -> 6
[DP-bwdX] L=64 states=2 -> 4
[DP-fwdX] L=80 states=11 -> 13
[DP-bwdX] L=96 states=5 -> 7
[DP-fwdX] L=80 states=11 -> 13
[DP-bwdX] L=80 states=3 -> 7
[DP-bwdX] L=80 states=3 -> 7
[DP-bwdX] L=96 states=5 -> 7
[DP-bwdX] L=96 states=1 -> 2
[DP-bwdX] L=96 states=1 -> 2
[DP-fwdX] L=96 states=1 -> 1
[DP-fwdX] L=96 states=1 -> 1
  [Round 12] T_prime=19  T_target=13  HPWL_w=939444  HPWL_eq=916  maxL=22  WNS(T')=-3  WNS*(T)=-9  picked=10  solve_ms=118.196
[OC-Shortest/pow2] m=10 h=10 SEG=4 bits=40 words=1 threads=24
[DP-fwdX] L=0 states=1 -> 1
[DP-fwdX] L=16 states=193 -> 237
[DP-fwdX] L=32 states=2293 -> 2517
[DP-fwdX] L=48 states=5392 -> 5424
[DP-bwdX] L=96 states=5 -> 7
[DP-bwdX] L=80 states=433 -> 515
[DP-bwdX] L=64 states=3246 -> 3481
[DP-fwdX] L=0 states=1 -> 1
[DP-fwdX] L=16 states=193 -> 237
[DP-bwdX] L=48 states=2 -> 3
[DP-bwdX] L=32 states=103 -> 111
[DP-fwdX] L=0 states=1 -> 1
[DP-bwdX] L=16 states=18 -> 18
[DP-fwdX] L=0 states=1 -> 1
[DP-fwdX] L=0 states=1 -> 1
[DP-fwdX] L=0 states=1 -> 1
[DP-fwdX] L=16 states=19 -> 32
[DP-bwdX] L=16 states=2 -> 3
[DP-fwdX] L=16 states=1 -> 3
[DP-fwdX] L=32 states=66 -> 94
[DP-bwdX] L=48 states=2 -> 3
[DP-bwdX] L=32 states=14 -> 18
[DP-fwdX] L=32 states=2 -> 3
[DP-fwdX] L=32 states=1 -> 2
[DP-bwdX] L=48 states=2 -> 3
[DP-bwdX] L=48 states=2 -> 3
[DP-bwdX] L=48 states=1 -> 2
[DP-fwdX] L=48 states=1 -> 2
[DP-fwdX] L=64 states=63 -> 72
[DP-bwdX] L=96 states=5 -> 7
[DP-bwdX] L=80 states=433 -> 515
[DP-bwdX] L=64 states=240 -> 312
[DP-fwdX] L=64 states=4 -> 6
[DP-fwdX] L=64 states=4 -> 6
[DP-bwdX] L=64 states=2 -> 4
[DP-fwdX] L=80 states=7 -> 9
[DP-bwdX] L=96 states=5 -> 7
[DP-fwdX] L=80 states=7 -> 9
[DP-bwdX] L=80 states=3 -> 7
[DP-bwdX] L=80 states=3 -> 7
[DP-bwdX] L=96 states=5 -> 7
[DP-bwdX] L=96 states=1 -> 2
[DP-bwdX] L=96 states=1 -> 2
[DP-fwdX] L=96 states=1 -> 1
[DP-fwdX] L=96 states=1 -> 1
  [Round 13] T_prime=19  T_target=13  HPWL_w=941349  HPWL_eq=916  maxL=22  WNS(T')=-3  WNS*(T)=-9  picked=10  solve_ms=121.515
[OC-Shortest/pow2] m=10 h=10 SEG=4 bits=40 words=1 threads=24
[DP-fwdX] L=0 states=1 -> 1
[DP-fwdX] L=16 states=193 -> 237
[DP-fwdX] L=32 states=2293 -> 2517
[DP-fwdX] L=48 states=5392 -> 5424
[DP-bwdX] L=96 states=5 -> 7
[DP-bwdX] L=80 states=433 -> 515
[DP-bwdX] L=64 states=3246 -> 3481
[DP-fwdX] L=0 states=1 -> 1
[DP-fwdX] L=16 states=193 -> 237
[DP-bwdX] L=48 states=2 -> 3
[DP-bwdX] L=32 states=103 -> 111
[DP-fwdX] L=0 states=1 -> 1
[DP-bwdX] L=16 states=21 -> 22
[DP-fwdX] L=0 states=1 -> 1
[DP-fwdX] L=0 states=1 -> 1
[DP-fwdX] L=0 states=1 -> 1
[DP-fwdX] L=16 states=19 -> 32
[DP-bwdX] L=16 states=4 -> 5
[DP-fwdX] L=16 states=1 -> 2
[DP-fwdX] L=32 states=125 -> 187
[DP-bwdX] L=48 states=2 -> 3
[DP-bwdX] L=32 states=14 -> 18
[DP-fwdX] L=32 states=3 -> 7
[DP-fwdX] L=32 states=1 -> 4
[DP-bwdX] L=48 states=2 -> 3
[DP-bwdX] L=48 states=2 -> 3
[DP-bwdX] L=48 states=1 -> 2
[DP-fwdX] L=48 states=1 -> 2
[DP-fwdX] L=64 states=63 -> 72
[DP-bwdX] L=96 states=5 -> 7
[DP-bwdX] L=80 states=433 -> 515
[DP-bwdX] L=64 states=522 -> 690
[DP-fwdX] L=64 states=4 -> 6
[DP-fwdX] L=64 states=4 -> 6
[DP-bwdX] L=64 states=3 -> 6
[DP-fwdX] L=80 states=10 -> 13
[DP-bwdX] L=96 states=5 -> 7
[DP-fwdX] L=80 states=10 -> 13
[DP-bwdX] L=80 states=3 -> 7
[DP-bwdX] L=80 states=3 -> 7
[DP-bwdX] L=96 states=5 -> 7
[DP-bwdX] L=96 states=1 -> 2
[DP-bwdX] L=96 states=1 -> 2
[DP-fwdX] L=96 states=1 -> 1
[DP-fwdX] L=96 states=1 -> 1
  [Round 14] T_prime=19  T_target=13  HPWL_w=946094  HPWL_eq=922  maxL=34  WNS(T')=-15  WNS*(T)=-21  picked=12  solve_ms=123.089
[OC-Shortest/pow2] m=10 h=10 SEG=4 bits=40 words=1 threads=24
[DP-fwdX] L=0 states=1 -> 1
[DP-fwdX] L=16 states=193 -> 237
[DP-fwdX] L=32 states=2293 -> 2517
[DP-fwdX] L=48 states=5392 -> 5424
[DP-bwdX] L=96 states=5 -> 7
[DP-bwdX] L=80 states=433 -> 515
[DP-bwdX] L=64 states=3246 -> 3481
[DP-fwdX] L=0 states=1 -> 1
[DP-fwdX] L=16 states=193 -> 237
[DP-bwdX] L=48 states=2 -> 3
[DP-bwdX] L=32 states=103 -> 111
[DP-fwdX] L=0 states=1 -> 1
[DP-bwdX] L=16 states=18 -> 18
[DP-fwdX] L=0 states=1 -> 1
[DP-fwdX] L=0 states=1 -> 1
[DP-fwdX] L=0 states=1 -> 1
[DP-fwdX] L=16 states=30 -> 50
[DP-bwdX] L=16 states=2 -> 3
[DP-fwdX] L=16 states=1 -> 3
[DP-fwdX] L=32 states=66 -> 94
[DP-bwdX] L=48 states=2 -> 3
[DP-bwdX] L=32 states=14 -> 18
[DP-fwdX] L=32 states=2 -> 3
[DP-fwdX] L=32 states=1 -> 2
[DP-bwdX] L=48 states=2 -> 3
[DP-bwdX] L=48 states=2 -> 3
[DP-bwdX] L=48 states=1 -> 2
[DP-fwdX] L=48 states=1 -> 2
[DP-fwdX] L=64 states=63 -> 72
[DP-bwdX] L=96 states=5 -> 7
[DP-bwdX] L=80 states=433 -> 515
[DP-bwdX] L=64 states=522 -> 690
[DP-fwdX] L=64 states=4 -> 6
[DP-fwdX] L=64 states=4 -> 6
[DP-bwdX] L=64 states=3 -> 6
[DP-fwdX] L=80 states=10 -> 13
[DP-bwdX] L=96 states=5 -> 7
[DP-fwdX] L=80 states=10 -> 13
[DP-bwdX] L=80 states=3 -> 7
[DP-bwdX] L=80 states=3 -> 7
[DP-bwdX] L=96 states=5 -> 7
[DP-bwdX] L=96 states=1 -> 2
[DP-bwdX] L=96 states=1 -> 2
[DP-fwdX] L=96 states=1 -> 1
[DP-fwdX] L=96 states=1 -> 1
  [Round 15] T_prime=19  T_target=13  HPWL_w=949795  HPWL_eq=921  maxL=34  WNS(T')=-15  WNS*(T)=-21  picked=11  solve_ms=118.975
[OC-Shortest/pow2] m=10 h=10 SEG=4 bits=40 words=1 threads=24
[DP-fwdX] L=0 states=1 -> 1
[DP-fwdX] L=16 states=193 -> 237
[DP-fwdX] L=32 states=2293 -> 2517
[DP-fwdX] L=48 states=5392 -> 5424
[DP-bwdX] L=96 states=5 -> 7
[DP-bwdX] L=80 states=433 -> 515
[DP-bwdX] L=64 states=3246 -> 3481
[DP-fwdX] L=0 states=1 -> 1
[DP-fwdX] L=16 states=193 -> 237
[DP-bwdX] L=48 states=2 -> 3
[DP-bwdX] L=32 states=103 -> 111
[DP-fwdX] L=0 states=1 -> 1
[DP-bwdX] L=16 states=21 -> 22
[DP-fwdX] L=0 states=1 -> 1
[DP-fwdX] L=0 states=1 -> 1
[DP-fwdX] L=0 states=1 -> 1
[DP-fwdX] L=16 states=19 -> 32
[DP-bwdX] L=16 states=4 -> 5
[DP-fwdX] L=16 states=1 -> 2
[DP-fwdX] L=32 states=125 -> 187
[DP-bwdX] L=48 states=2 -> 3
[DP-bwdX] L=32 states=14 -> 18
[DP-fwdX] L=32 states=4 -> 9
[DP-fwdX] L=32 states=1 -> 4
[DP-bwdX] L=48 states=2 -> 3
[DP-bwdX] L=48 states=2 -> 3
[DP-bwdX] L=48 states=1 -> 2
[DP-fwdX] L=48 states=1 -> 2
[DP-fwdX] L=64 states=63 -> 72
[DP-bwdX] L=96 states=5 -> 7
[DP-bwdX] L=80 states=433 -> 515
[DP-bwdX] L=64 states=240 -> 312
[DP-fwdX] L=64 states=4 -> 6
[DP-fwdX] L=64 states=4 -> 6
[DP-bwdX] L=64 states=2 -> 4
[DP-fwdX] L=80 states=7 -> 9
[DP-bwdX] L=96 states=5 -> 7
[DP-fwdX] L=80 states=7 -> 9
[DP-bwdX] L=80 states=3 -> 7
[DP-bwdX] L=80 states=3 -> 7
[DP-bwdX] L=96 states=5 -> 7
[DP-bwdX] L=96 states=1 -> 2
[DP-bwdX] L=96 states=1 -> 2
[DP-fwdX] L=96 states=1 -> 1
[DP-fwdX] L=96 states=1 -> 1
  [Round 16] T_prime=19  T_target=13  HPWL_w=959444  HPWL_eq=921  maxL=34  WNS(T')=-15  WNS*(T)=-21  picked=11  solve_ms=114.951
[OC-Shortest/pow2] m=10 h=10 SEG=4 bits=40 words=1 threads=24
[DP-fwdX] L=0 states=1 -> 1
[DP-fwdX] L=16 states=193 -> 237
[DP-fwdX] L=32 states=2293 -> 2517
[DP-fwdX] L=48 states=5392 -> 5424
[DP-bwdX] L=96 states=5 -> 7
[DP-bwdX] L=80 states=433 -> 515
[DP-bwdX] L=64 states=3246 -> 3481
[DP-fwdX] L=0 states=1 -> 1
[DP-fwdX] L=16 states=193 -> 237
[DP-bwdX] L=48 states=2 -> 3
[DP-bwdX] L=32 states=103 -> 111
[DP-fwdX] L=0 states=1 -> 1
[DP-bwdX] L=16 states=14 -> 15
[DP-fwdX] L=0 states=1 -> 1
[DP-fwdX] L=0 states=1 -> 1
[DP-fwdX] L=0 states=1 -> 1
[DP-fwdX] L=16 states=30 -> 50
[DP-bwdX] L=16 states=2 -> 3
[DP-fwdX] L=16 states=1 -> 3
[DP-fwdX] L=32 states=66 -> 95
[DP-bwdX] L=48 states=2 -> 3
[DP-bwdX] L=32 states=14 -> 18
[DP-fwdX] L=32 states=2 -> 3
[DP-fwdX] L=32 states=1 -> 2
[DP-bwdX] L=48 states=2 -> 3
[DP-bwdX] L=48 states=2 -> 3
[DP-bwdX] L=48 states=1 -> 2
[DP-fwdX] L=48 states=1 -> 2
[DP-fwdX] L=64 states=63 -> 72
[DP-bwdX] L=96 states=5 -> 7
[DP-bwdX] L=80 states=433 -> 515
[DP-bwdX] L=64 states=233 -> 301
[DP-fwdX] L=64 states=4 -> 6
[DP-fwdX] L=64 states=4 -> 6
[DP-bwdX] L=64 states=2 -> 4
[DP-fwdX] L=80 states=11 -> 13
[DP-bwdX] L=96 states=5 -> 7
[DP-fwdX] L=80 states=11 -> 13
[DP-bwdX] L=80 states=3 -> 7
[DP-bwdX] L=80 states=3 -> 7
[DP-bwdX] L=96 states=5 -> 7
[DP-bwdX] L=96 states=1 -> 2
[DP-bwdX] L=96 states=1 -> 2
[DP-fwdX] L=96 states=1 -> 1
[DP-fwdX] L=96 states=1 -> 1
  [Round 17] T_prime=19  T_target=13  HPWL_w=961890  HPWL_eq=920  maxL=20  WNS(T')=-1  WNS*(T)=-7  picked=10  solve_ms=115.532
[OC-Shortest/pow2] m=10 h=10 SEG=4 bits=40 words=1 threads=24
[DP-fwdX] L=0 states=1 -> 1
[DP-fwdX] L=16 states=193 -> 237
[DP-fwdX] L=32 states=2293 -> 2517
[DP-fwdX] L=48 states=5392 -> 5424
[DP-bwdX] L=96 states=5 -> 7
[DP-bwdX] L=80 states=433 -> 515
[DP-bwdX] L=64 states=3246 -> 3481
[DP-fwdX] L=0 states=1 -> 1
[DP-fwdX] L=16 states=193 -> 237
[DP-bwdX] L=48 states=2 -> 3
[DP-bwdX] L=32 states=103 -> 111
[DP-fwdX] L=0 states=1 -> 1
[DP-bwdX] L=16 states=14 -> 15
[DP-fwdX] L=0 states=1 -> 1
[DP-fwdX] L=0 states=1 -> 1
[DP-fwdX] L=0 states=1 -> 1
[DP-fwdX] L=16 states=30 -> 50
[DP-bwdX] L=16 states=2 -> 3
[DP-fwdX] L=16 states=1 -> 3
[DP-fwdX] L=32 states=66 -> 95
[DP-bwdX] L=48 states=2 -> 3
[DP-bwdX] L=32 states=14 -> 18
[DP-fwdX] L=32 states=2 -> 3
[DP-fwdX] L=32 states=1 -> 2
[DP-bwdX] L=48 states=2 -> 3
[DP-bwdX] L=48 states=2 -> 3
[DP-bwdX] L=48 states=1 -> 2
[DP-fwdX] L=48 states=1 -> 2
[DP-fwdX] L=64 states=63 -> 72
[DP-bwdX] L=96 states=5 -> 7
[DP-bwdX] L=80 states=433 -> 515
[DP-bwdX] L=64 states=233 -> 301
[DP-fwdX] L=64 states=4 -> 6
[DP-fwdX] L=64 states=4 -> 6
[DP-bwdX] L=64 states=2 -> 4
[DP-fwdX] L=80 states=11 -> 13
[DP-bwdX] L=96 states=5 -> 7
[DP-fwdX] L=80 states=11 -> 13
[DP-bwdX] L=80 states=3 -> 7
[DP-bwdX] L=80 states=3 -> 7
[DP-bwdX] L=96 states=5 -> 7
[DP-bwdX] L=96 states=1 -> 2
[DP-bwdX] L=96 states=1 -> 2
[DP-fwdX] L=96 states=1 -> 1
[DP-fwdX] L=96 states=1 -> 1
  [Round 18] T_prime=19  T_target=13  HPWL_w=965350  HPWL_eq=920  maxL=20  WNS(T')=-1  WNS*(T)=-7  picked=10  solve_ms=121.425
[OC-Shortest/pow2] m=10 h=10 SEG=4 bits=40 words=1 threads=24
[DP-fwdX] L=0 states=1 -> 1
[DP-fwdX] L=16 states=193 -> 237
[DP-fwdX] L=32 states=2293 -> 2517
[DP-fwdX] L=48 states=5392 -> 5424
[DP-bwdX] L=96 states=5 -> 7
[DP-bwdX] L=80 states=433 -> 515
[DP-bwdX] L=64 states=3246 -> 3481
[DP-fwdX] L=0 states=1 -> 1
[DP-fwdX] L=16 states=193 -> 237
[DP-bwdX] L=48 states=2 -> 3
[DP-bwdX] L=32 states=103 -> 111
[DP-fwdX] L=0 states=1 -> 1
[DP-bwdX] L=16 states=18 -> 18
[DP-fwdX] L=0 states=1 -> 1
[DP-fwdX] L=0 states=1 -> 1
[DP-fwdX] L=0 states=1 -> 1
[DP-fwdX] L=16 states=30 -> 50
[DP-bwdX] L=16 states=2 -> 3
[DP-fwdX] L=16 states=1 -> 3
[DP-fwdX] L=32 states=66 -> 94
[DP-bwdX] L=48 states=2 -> 3
[DP-bwdX] L=32 states=14 -> 18
[DP-fwdX] L=32 states=2 -> 3
[DP-fwdX] L=32 states=1 -> 2
[DP-bwdX] L=48 states=2 -> 3
[DP-bwdX] L=48 states=2 -> 3
[DP-bwdX] L=48 states=1 -> 2
[DP-fwdX] L=48 states=1 -> 2
[DP-fwdX] L=64 states=63 -> 72
[DP-bwdX] L=96 states=5 -> 7
[DP-bwdX] L=80 states=433 -> 515
[DP-bwdX] L=64 states=240 -> 312
[DP-fwdX] L=64 states=4 -> 6
[DP-fwdX] L=64 states=4 -> 6
[DP-bwdX] L=64 states=2 -> 4
[DP-fwdX] L=80 states=7 -> 9
[DP-bwdX] L=96 states=5 -> 7
[DP-fwdX] L=80 states=7 -> 9
[DP-bwdX] L=80 states=3 -> 7
[DP-bwdX] L=80 states=3 -> 7
[DP-bwdX] L=96 states=5 -> 7
[DP-bwdX] L=96 states=1 -> 2
[DP-bwdX] L=96 states=1 -> 2
[DP-fwdX] L=96 states=1 -> 1
[DP-fwdX] L=96 states=1 -> 1
  [Round 19] T_prime=19  T_target=13  HPWL_w=969209  HPWL_eq=920  maxL=20  WNS(T')=-1  WNS*(T)=-7  picked=10  solve_ms=128.278
[OC-Shortest/pow2] m=10 h=10 SEG=4 bits=40 words=1 threads=24
[DP-fwdX] L=0 states=1 -> 1
[DP-fwdX] L=16 states=193 -> 237
[DP-fwdX] L=32 states=2293 -> 2517
[DP-fwdX] L=48 states=5392 -> 5424
[DP-bwdX] L=96 states=5 -> 7
[DP-bwdX] L=80 states=433 -> 515
[DP-bwdX] L=64 states=3246 -> 3481
[DP-fwdX] L=0 states=1 -> 1
[DP-fwdX] L=16 states=193 -> 237
[DP-bwdX] L=48 states=2 -> 3
[DP-bwdX] L=32 states=103 -> 111
[DP-fwdX] L=0 states=1 -> 1
[DP-bwdX] L=16 states=14 -> 15
[DP-fwdX] L=0 states=1 -> 1
[DP-fwdX] L=0 states=1 -> 1
[DP-fwdX] L=0 states=1 -> 1
[DP-fwdX] L=16 states=30 -> 50
[DP-bwdX] L=16 states=2 -> 3
[DP-fwdX] L=16 states=1 -> 3
[DP-fwdX] L=32 states=66 -> 95
[DP-bwdX] L=48 states=2 -> 3
[DP-bwdX] L=32 states=14 -> 18
[DP-fwdX] L=32 states=2 -> 3
[DP-fwdX] L=32 states=1 -> 2
[DP-bwdX] L=48 states=2 -> 3
[DP-bwdX] L=48 states=2 -> 3
[DP-bwdX] L=48 states=1 -> 2
[DP-fwdX] L=48 states=1 -> 2
[DP-fwdX] L=64 states=63 -> 72
[DP-bwdX] L=96 states=5 -> 7
[DP-bwdX] L=80 states=433 -> 515
[DP-bwdX] L=64 states=233 -> 301
[DP-fwdX] L=64 states=4 -> 6
[DP-fwdX] L=64 states=4 -> 6
[DP-bwdX] L=64 states=2 -> 4
[DP-fwdX] L=80 states=11 -> 13
[DP-bwdX] L=96 states=5 -> 7
[DP-fwdX] L=80 states=11 -> 13
[DP-bwdX] L=80 states=3 -> 7
[DP-bwdX] L=80 states=3 -> 7
[DP-bwdX] L=96 states=5 -> 7
[DP-bwdX] L=96 states=1 -> 2
[DP-bwdX] L=96 states=1 -> 2
[DP-fwdX] L=96 states=1 -> 1
[DP-fwdX] L=96 states=1 -> 1
  [Round 20] T_prime=19  T_target=13  HPWL_w=970737  HPWL_eq=920  maxL=20  WNS(T')=-1  WNS*(T)=-7  picked=10  solve_ms=117.61
[OC-Shortest/pow2] m=10 h=10 SEG=4 bits=40 words=1 threads=24
[DP-fwdX] L=0 states=1 -> 1
[DP-fwdX] L=16 states=193 -> 237
[DP-fwdX] L=32 states=2293 -> 2517
[DP-fwdX] L=48 states=5392 -> 5424
[DP-bwdX] L=96 states=5 -> 7
[DP-bwdX] L=80 states=433 -> 515
[DP-bwdX] L=64 states=3246 -> 3481
[DP-fwdX] L=0 states=1 -> 1
[DP-fwdX] L=16 states=193 -> 237
[DP-bwdX] L=48 states=2 -> 3
[DP-bwdX] L=32 states=103 -> 111
[DP-fwdX] L=0 states=1 -> 1
[DP-bwdX] L=16 states=18 -> 18
[DP-fwdX] L=0 states=1 -> 1
[DP-fwdX] L=0 states=1 -> 1
[DP-fwdX] L=0 states=1 -> 1
[DP-fwdX] L=16 states=30 -> 50
[DP-bwdX] L=16 states=2 -> 3
[DP-fwdX] L=16 states=1 -> 3
[DP-fwdX] L=32 states=66 -> 94
[DP-bwdX] L=48 states=2 -> 3
[DP-bwdX] L=32 states=14 -> 18
[DP-fwdX] L=32 states=2 -> 3
[DP-fwdX] L=32 states=1 -> 2
[DP-bwdX] L=48 states=2 -> 3
[DP-bwdX] L=48 states=2 -> 3
[DP-bwdX] L=48 states=1 -> 2
[DP-fwdX] L=48 states=1 -> 2
[DP-fwdX] L=64 states=63 -> 72
[DP-bwdX] L=96 states=5 -> 7
[DP-bwdX] L=80 states=433 -> 515
[DP-bwdX] L=64 states=240 -> 312
[DP-fwdX] L=64 states=4 -> 6
[DP-fwdX] L=64 states=4 -> 6
[DP-bwdX] L=64 states=2 -> 4
[DP-fwdX] L=80 states=7 -> 9
[DP-bwdX] L=96 states=5 -> 7
[DP-fwdX] L=80 states=7 -> 9
[DP-bwdX] L=80 states=3 -> 7
[DP-bwdX] L=80 states=3 -> 7
[DP-bwdX] L=96 states=5 -> 7
[DP-bwdX] L=96 states=1 -> 2
[DP-bwdX] L=96 states=1 -> 2
[DP-fwdX] L=96 states=1 -> 1
[DP-fwdX] L=96 states=1 -> 1
  [Round 21] T_prime=19  T_target=13  HPWL_w=973287  HPWL_eq=920  maxL=20  WNS(T')=-1  WNS*(T)=-7  picked=10  solve_ms=117.956
[OC-Shortest/pow2] m=10 h=10 SEG=4 bits=40 words=1 threads=24
[DP-fwdX] L=0 states=1 -> 1
[DP-fwdX] L=16 states=193 -> 237
[DP-fwdX] L=32 states=2293 -> 2517
[DP-fwdX] L=48 states=5392 -> 5424
[DP-bwdX] L=96 states=5 -> 7
[DP-bwdX] L=80 states=433 -> 515
[DP-bwdX] L=64 states=3246 -> 3481
[DP-fwdX] L=0 states=1 -> 1
[DP-fwdX] L=16 states=193 -> 237
[DP-bwdX] L=48 states=2 -> 3
[DP-bwdX] L=32 states=103 -> 111
[DP-fwdX] L=0 states=1 -> 1
[DP-bwdX] L=16 states=18 -> 18
[DP-fwdX] L=0 states=1 -> 1
[DP-fwdX] L=0 states=1 -> 1
[DP-fwdX] L=0 states=1 -> 1
[DP-fwdX] L=16 states=17 -> 27
[DP-bwdX] L=16 states=2 -> 2
[DP-fwdX] L=16 states=1 -> 2
[DP-fwdX] L=32 states=41 -> 57
[DP-bwdX] L=48 states=2 -> 3
[DP-bwdX] L=32 states=14 -> 18
[DP-fwdX] L=32 states=2 -> 3
[DP-fwdX] L=32 states=1 -> 2
[DP-bwdX] L=48 states=2 -> 3
[DP-bwdX] L=48 states=2 -> 3
[DP-bwdX] L=48 states=1 -> 2
[DP-fwdX] L=48 states=1 -> 2
[DP-fwdX] L=64 states=63 -> 72
[DP-bwdX] L=96 states=5 -> 7
[DP-bwdX] L=80 states=433 -> 515
[DP-bwdX] L=64 states=134 -> 169
[DP-fwdX] L=64 states=4 -> 6
[DP-fwdX] L=64 states=4 -> 6
[DP-bwdX] L=64 states=2 -> 4
[DP-fwdX] L=80 states=12 -> 14
[DP-bwdX] L=96 states=5 -> 7
[DP-fwdX] L=80 states=12 -> 14
[DP-bwdX] L=80 states=2 -> 3
[DP-bwdX] L=80 states=2 -> 3
[DP-bwdX] L=96 states=5 -> 7
[DP-bwdX] L=96 states=1 -> 2
[DP-bwdX] L=96 states=1 -> 2
[DP-fwdX] L=96 states=1 -> 1
[DP-fwdX] L=96 states=1 -> 1
  [Round 22] T_prime=19  T_target=13  HPWL_w=974744  HPWL_eq=936  maxL=18  WNS(T')=1  WNS*(T)=-5  picked=0  solve_ms=113.939
    [Tighten] T_prime: 19 -> 16 (sigma*maxL=16, shrink=18)  | cold-start: reset inertia
[OC-Shortest/pow2] m=10 h=10 SEG=4 bits=40 words=1 threads=24
[DP-fwdX] L=0 states=1 -> 1
[DP-fwdX] L=16 states=193 -> 237
[DP-fwdX] L=32 states=2293 -> 2517
[DP-fwdX] L=48 states=5392 -> 5424
[DP-bwdX] L=96 states=5 -> 7
[DP-bwdX] L=80 states=433 -> 515
[DP-bwdX] L=64 states=3246 -> 3481
[DP-fwdX] L=0 states=1 -> 1
[DP-fwdX] L=16 states=193 -> 237
[DP-bwdX] L=48 states=2 -> 3
[DP-bwdX] L=32 states=103 -> 111
[DP-fwdX] L=0 states=1 -> 1
[DP-bwdX] L=16 states=18 -> 18
[DP-fwdX] L=0 states=1 -> 1
[DP-fwdX] L=0 states=1 -> 1
[DP-fwdX] L=0 states=1 -> 1
[DP-fwdX] L=16 states=17 -> 27
[DP-bwdX] L=16 states=2 -> 2
[DP-fwdX] L=16 states=1 -> 2
[DP-fwdX] L=32 states=41 -> 57
[DP-bwdX] L=48 states=2 -> 3
[DP-bwdX] L=32 states=14 -> 18
[DP-fwdX] L=32 states=2 -> 3
[DP-fwdX] L=32 states=1 -> 2
[DP-bwdX] L=48 states=2 -> 3
[DP-bwdX] L=48 states=2 -> 3
[DP-bwdX] L=48 states=1 -> 2
[DP-fwdX] L=48 states=1 -> 2
[DP-fwdX] L=64 states=63 -> 72
[DP-bwdX] L=96 states=5 -> 7
[DP-bwdX] L=80 states=433 -> 515
[DP-bwdX] L=64 states=134 -> 169
[DP-fwdX] L=64 states=4 -> 6
[DP-fwdX] L=64 states=4 -> 6
[DP-bwdX] L=64 states=2 -> 4
[DP-fwdX] L=80 states=12 -> 14
[DP-bwdX] L=96 states=5 -> 7
[DP-fwdX] L=80 states=12 -> 14
[DP-bwdX] L=80 states=2 -> 3
[DP-bwdX] L=80 states=2 -> 3
[DP-bwdX] L=96 states=5 -> 7
[DP-bwdX] L=96 states=1 -> 2
[DP-bwdX] L=96 states=1 -> 2
[DP-fwdX] L=96 states=1 -> 1
[DP-fwdX] L=96 states=1 -> 1
  [Round 23] T_prime=16  T_target=13  HPWL_w=974744  HPWL_eq=936  maxL=18  WNS(T')=-2  WNS*(T)=-5  picked=6  solve_ms=116.882
[OC-Shortest/pow2] m=10 h=10 SEG=4 bits=40 words=1 threads=24
[DP-fwdX] L=0 states=1 -> 1
[DP-fwdX] L=16 states=193 -> 237
[DP-fwdX] L=32 states=2293 -> 2517
[DP-fwdX] L=48 states=5392 -> 5424
[DP-bwdX] L=96 states=5 -> 7
[DP-bwdX] L=80 states=433 -> 515
[DP-bwdX] L=64 states=3246 -> 3481
[DP-fwdX] L=0 states=1 -> 1
[DP-fwdX] L=16 states=193 -> 237
[DP-bwdX] L=48 states=2 -> 3
[DP-bwdX] L=32 states=103 -> 111
[DP-fwdX] L=0 states=1 -> 1
[DP-bwdX] L=16 states=18 -> 18
[DP-fwdX] L=0 states=1 -> 1
[DP-fwdX] L=0 states=1 -> 1
[DP-fwdX] L=0 states=1 -> 1
[DP-fwdX] L=16 states=17 -> 27
[DP-bwdX] L=16 states=3 -> 3
[DP-fwdX] L=16 states=1 -> 2
[DP-fwdX] L=32 states=41 -> 57
[DP-bwdX] L=48 states=2 -> 3
[DP-bwdX] L=32 states=14 -> 18
[DP-fwdX] L=32 states=2 -> 3
[DP-fwdX] L=32 states=1 -> 2
[DP-bwdX] L=48 states=2 -> 3
[DP-bwdX] L=48 states=2 -> 3
[DP-bwdX] L=48 states=1 -> 2
[DP-fwdX] L=48 states=1 -> 2
[DP-fwdX] L=64 states=63 -> 72
[DP-bwdX] L=96 states=5 -> 7
[DP-bwdX] L=80 states=433 -> 515
[DP-bwdX] L=64 states=134 -> 169
[DP-fwdX] L=64 states=4 -> 6
[DP-fwdX] L=64 states=4 -> 6
[DP-bwdX] L=64 states=2 -> 4
[DP-fwdX] L=80 states=12 -> 14
[DP-bwdX] L=96 states=5 -> 7
[DP-fwdX] L=80 states=12 -> 14
[DP-bwdX] L=80 states=2 -> 3
[DP-bwdX] L=80 states=2 -> 3
[DP-bwdX] L=96 states=5 -> 7
[DP-bwdX] L=96 states=1 -> 2
[DP-bwdX] L=96 states=1 -> 2
[DP-fwdX] L=96 states=1 -> 1
[DP-fwdX] L=96 states=1 -> 1
  [Round 24] T_prime=16  T_target=13  HPWL_w=976537  HPWL_eq=936  maxL=19  WNS(T')=-3  WNS*(T)=-6  picked=6  solve_ms=114.497
[OC-Shortest/pow2] m=10 h=10 SEG=4 bits=40 words=1 threads=24
[DP-fwdX] L=0 states=1 -> 1
[DP-fwdX] L=16 states=193 -> 237
[DP-fwdX] L=32 states=2293 -> 2517
[DP-fwdX] L=48 states=5392 -> 5424
[DP-bwdX] L=96 states=5 -> 7
[DP-bwdX] L=80 states=433 -> 515
[DP-bwdX] L=64 states=3246 -> 3481
[DP-fwdX] L=0 states=1 -> 1
[DP-fwdX] L=16 states=193 -> 237
[DP-bwdX] L=48 states=2 -> 3
[DP-bwdX] L=32 states=103 -> 111
[DP-fwdX] L=0 states=1 -> 1
[DP-bwdX] L=16 states=14 -> 15
[DP-fwdX] L=0 states=1 -> 1
[DP-fwdX] L=0 states=1 -> 1
[DP-fwdX] L=0 states=1 -> 1
[DP-fwdX] L=16 states=30 -> 50
[DP-bwdX] L=16 states=2 -> 3
[DP-fwdX] L=16 states=1 -> 3
[DP-fwdX] L=32 states=66 -> 95
[DP-bwdX] L=48 states=2 -> 3
[DP-bwdX] L=32 states=14 -> 18
[DP-fwdX] L=32 states=2 -> 3
[DP-fwdX] L=32 states=1 -> 2
[DP-bwdX] L=48 states=2 -> 3
[DP-bwdX] L=48 states=2 -> 3
[DP-bwdX] L=48 states=1 -> 2
[DP-fwdX] L=48 states=1 -> 2
[DP-fwdX] L=64 states=63 -> 72
[DP-bwdX] L=96 states=5 -> 7
[DP-bwdX] L=80 states=433 -> 515
[DP-bwdX] L=64 states=233 -> 301
[DP-fwdX] L=64 states=4 -> 6
[DP-fwdX] L=64 states=4 -> 6
[DP-bwdX] L=64 states=2 -> 4
[DP-fwdX] L=80 states=11 -> 13
[DP-bwdX] L=96 states=5 -> 7
[DP-fwdX] L=80 states=11 -> 13
[DP-bwdX] L=80 states=3 -> 7
[DP-bwdX] L=80 states=3 -> 7
[DP-bwdX] L=96 states=5 -> 7
[DP-bwdX] L=96 states=1 -> 2
[DP-bwdX] L=96 states=1 -> 2
[DP-fwdX] L=96 states=1 -> 1
[DP-fwdX] L=96 states=1 -> 1
  [Round 25] T_prime=16  T_target=13  HPWL_w=977446  HPWL_eq=920  maxL=20  WNS(T')=-4  WNS*(T)=-7  picked=12  solve_ms=116.954
[OC-Shortest/pow2] m=10 h=10 SEG=4 bits=40 words=1 threads=24
[DP-fwdX] L=0 states=1 -> 1
[DP-fwdX] L=16 states=193 -> 237
[DP-fwdX] L=32 states=2293 -> 2517
[DP-fwdX] L=48 states=5392 -> 5424
[DP-bwdX] L=96 states=5 -> 7
[DP-bwdX] L=80 states=433 -> 515
[DP-bwdX] L=64 states=3246 -> 3481
[DP-fwdX] L=0 states=1 -> 1
[DP-fwdX] L=16 states=193 -> 237
[DP-bwdX] L=48 states=2 -> 3
[DP-bwdX] L=32 states=103 -> 111
[DP-fwdX] L=0 states=1 -> 1
[DP-bwdX] L=16 states=18 -> 18
[DP-fwdX] L=0 states=1 -> 1
[DP-fwdX] L=0 states=1 -> 1
[DP-fwdX] L=0 states=1 -> 1
[DP-fwdX] L=16 states=30 -> 50
[DP-bwdX] L=16 states=2 -> 3
[DP-fwdX] L=16 states=1 -> 3
[DP-fwdX] L=32 states=66 -> 94
[DP-bwdX] L=48 states=2 -> 3
[DP-bwdX] L=32 states=14 -> 18
[DP-fwdX] L=32 states=2 -> 3
[DP-fwdX] L=32 states=1 -> 2
[DP-bwdX] L=48 states=2 -> 3
[DP-bwdX] L=48 states=2 -> 3
[DP-bwdX] L=48 states=1 -> 2
[DP-fwdX] L=48 states=1 -> 2
[DP-fwdX] L=64 states=63 -> 72
[DP-bwdX] L=96 states=5 -> 7
[DP-bwdX] L=80 states=433 -> 515
[DP-bwdX] L=64 states=240 -> 312
[DP-fwdX] L=64 states=4 -> 6
[DP-fwdX] L=64 states=4 -> 6
[DP-bwdX] L=64 states=2 -> 4
[DP-fwdX] L=80 states=7 -> 9
[DP-bwdX] L=96 states=5 -> 7
[DP-fwdX] L=80 states=7 -> 9
[DP-bwdX] L=80 states=3 -> 7
[DP-bwdX] L=80 states=3 -> 7
[DP-bwdX] L=96 states=5 -> 7
[DP-bwdX] L=96 states=1 -> 2
[DP-bwdX] L=96 states=1 -> 2
[DP-fwdX] L=96 states=1 -> 1
[DP-fwdX] L=96 states=1 -> 1
  [Round 26] T_prime=16  T_target=13  HPWL_w=980574  HPWL_eq=920  maxL=20  WNS(T')=-4  WNS*(T)=-7  picked=12  solve_ms=421.377
[OC-Shortest/pow2] m=10 h=10 SEG=4 bits=40 words=1 threads=24
[DP-fwdX] L=0 states=1 -> 1
[DP-fwdX] L=16 states=193 -> 237
[DP-fwdX] L=32 states=2293 -> 2517
[DP-fwdX] L=48 states=5392 -> 5424
[DP-bwdX] L=96 states=5 -> 7
[DP-bwdX] L=80 states=433 -> 515
[DP-bwdX] L=64 states=3246 -> 3481
[DP-fwdX] L=0 states=1 -> 1
[DP-fwdX] L=16 states=193 -> 237
[DP-bwdX] L=48 states=2 -> 3
[DP-bwdX] L=32 states=103 -> 111
[DP-fwdX] L=0 states=1 -> 1
[DP-bwdX] L=16 states=18 -> 18
[DP-fwdX] L=0 states=1 -> 1
[DP-fwdX] L=0 states=1 -> 1
[DP-fwdX] L=0 states=1 -> 1
[DP-fwdX] L=16 states=17 -> 27
[DP-bwdX] L=16 states=2 -> 2
[DP-fwdX] L=16 states=1 -> 2
[DP-fwdX] L=32 states=41 -> 57
[DP-bwdX] L=48 states=2 -> 3
[DP-bwdX] L=32 states=14 -> 18
[DP-fwdX] L=32 states=2 -> 3
[DP-fwdX] L=32 states=1 -> 2
[DP-bwdX] L=48 states=2 -> 3
[DP-bwdX] L=48 states=2 -> 3
[DP-bwdX] L=48 states=1 -> 2
[DP-fwdX] L=48 states=1 -> 2
[DP-fwdX] L=64 states=63 -> 72
[DP-bwdX] L=96 states=5 -> 7
[DP-bwdX] L=80 states=433 -> 515
[DP-bwdX] L=64 states=134 -> 169
[DP-fwdX] L=64 states=4 -> 6
[DP-fwdX] L=64 states=4 -> 6
[DP-bwdX] L=64 states=2 -> 4
[DP-fwdX] L=80 states=12 -> 14
[DP-bwdX] L=96 states=5 -> 7
[DP-fwdX] L=80 states=12 -> 14
[DP-bwdX] L=80 states=2 -> 3
[DP-bwdX] L=80 states=2 -> 3
[DP-bwdX] L=96 states=5 -> 7
[DP-bwdX] L=96 states=1 -> 2
[DP-bwdX] L=96 states=1 -> 2
[DP-fwdX] L=96 states=1 -> 1
[DP-fwdX] L=96 states=1 -> 1
  [Round 27] T_prime=16  T_target=13  HPWL_w=986457  HPWL_eq=936  maxL=19  WNS(T')=-3  WNS*(T)=-6  picked=6  solve_ms=135.925
[OC-Shortest/pow2] m=10 h=10 SEG=4 bits=40 words=1 threads=24
[DP-fwdX] L=0 states=1 -> 1
[DP-fwdX] L=16 states=193 -> 237
[DP-fwdX] L=32 states=2293 -> 2517
[DP-fwdX] L=48 states=5392 -> 5424
[DP-bwdX] L=96 states=5 -> 7
[DP-bwdX] L=80 states=433 -> 515
[DP-bwdX] L=64 states=3246 -> 3481
[DP-fwdX] L=0 states=1 -> 1
[DP-fwdX] L=16 states=193 -> 237
[DP-bwdX] L=48 states=2 -> 3
[DP-bwdX] L=32 states=103 -> 111
[DP-fwdX] L=0 states=1 -> 1
[DP-bwdX] L=16 states=16 -> 18
[DP-fwdX] L=0 states=1 -> 1
[DP-fwdX] L=0 states=1 -> 1
[DP-fwdX] L=0 states=1 -> 1
[DP-fwdX] L=16 states=30 -> 50
[DP-bwdX] L=16 states=4 -> 6
[DP-fwdX] L=16 states=1 -> 3
[DP-fwdX] L=32 states=98 -> 153
[DP-bwdX] L=48 states=2 -> 3
[DP-bwdX] L=32 states=26 -> 35
[DP-fwdX] L=32 states=3 -> 7
[DP-fwdX] L=32 states=1 -> 3
[DP-bwdX] L=48 states=2 -> 3
[DP-bwdX] L=48 states=2 -> 3
[DP-bwdX] L=48 states=1 -> 2
[DP-fwdX] L=48 states=1 -> 2
[DP-fwdX] L=64 states=63 -> 72
[DP-bwdX] L=96 states=5 -> 7
[DP-bwdX] L=80 states=433 -> 515
[DP-bwdX] L=64 states=459 -> 623
[DP-fwdX] L=64 states=9 -> 18
[DP-fwdX] L=64 states=9 -> 18
[DP-bwdX] L=64 states=6 -> 17
[DP-fwdX] L=80 states=7 -> 9
[DP-bwdX] L=96 states=5 -> 7
[DP-fwdX] L=80 states=7 -> 9
[DP-bwdX] L=80 states=3 -> 7
[DP-bwdX] L=80 states=3 -> 7
[DP-bwdX] L=96 states=5 -> 7
[DP-bwdX] L=96 states=1 -> 2
[DP-bwdX] L=96 states=1 -> 2
[DP-fwdX] L=96 states=1 -> 1
[DP-fwdX] L=96 states=1 -> 1
  [Round 28] T_prime=16  T_target=13  HPWL_w=988333  HPWL_eq=958  maxL=46  WNS(T')=-30  WNS*(T)=-33  picked=13  solve_ms=115.725
[OC-Shortest/pow2] m=10 h=10 SEG=4 bits=40 words=1 threads=24
[DP-fwdX] L=0 states=1 -> 1
[DP-fwdX] L=16 states=193 -> 237
[DP-fwdX] L=32 states=2293 -> 2517
[DP-fwdX] L=48 states=5392 -> 5424
[DP-bwdX] L=96 states=5 -> 7
[DP-bwdX] L=80 states=433 -> 515
[DP-bwdX] L=64 states=3246 -> 3481
[DP-fwdX] L=0 states=1 -> 1
[DP-fwdX] L=16 states=193 -> 237
[DP-bwdX] L=48 states=2 -> 3
[DP-bwdX] L=32 states=103 -> 111
[DP-fwdX] L=0 states=1 -> 1
[DP-bwdX] L=16 states=18 -> 18
[DP-fwdX] L=0 states=1 -> 1
[DP-fwdX] L=0 states=1 -> 1
[DP-fwdX] L=0 states=1 -> 1
[DP-fwdX] L=16 states=17 -> 27
[DP-bwdX] L=16 states=3 -> 3
[DP-fwdX] L=16 states=1 -> 2
[DP-fwdX] L=32 states=41 -> 57
[DP-bwdX] L=48 states=2 -> 3
[DP-bwdX] L=32 states=14 -> 18
[DP-fwdX] L=32 states=2 -> 3
[DP-fwdX] L=32 states=1 -> 2
[DP-bwdX] L=48 states=2 -> 3
[DP-bwdX] L=48 states=2 -> 3
[DP-bwdX] L=48 states=1 -> 2
[DP-fwdX] L=48 states=1 -> 2
[DP-fwdX] L=64 states=63 -> 72
[DP-bwdX] L=96 states=5 -> 7
[DP-bwdX] L=80 states=433 -> 515
[DP-bwdX] L=64 states=134 -> 169
[DP-fwdX] L=64 states=4 -> 6
[DP-fwdX] L=64 states=4 -> 6
[DP-bwdX] L=64 states=2 -> 4
[DP-fwdX] L=80 states=12 -> 14
[DP-bwdX] L=96 states=5 -> 7
[DP-fwdX] L=80 states=12 -> 14
[DP-bwdX] L=80 states=2 -> 3
[DP-bwdX] L=80 states=2 -> 3
[DP-bwdX] L=96 states=5 -> 7
[DP-bwdX] L=96 states=1 -> 2
[DP-bwdX] L=96 states=1 -> 2
[DP-fwdX] L=96 states=1 -> 1
[DP-fwdX] L=96 states=1 -> 1
  [Round 29] T_prime=16  T_target=13  HPWL_w=992263  HPWL_eq=936  maxL=19  WNS(T')=-3  WNS*(T)=-6  picked=6  solve_ms=117.769
[OC-Shortest/pow2] m=10 h=10 SEG=4 bits=40 words=1 threads=24
[DP-fwdX] L=0 states=1 -> 1
[DP-fwdX] L=16 states=193 -> 237
[DP-fwdX] L=32 states=2293 -> 2517
[DP-fwdX] L=48 states=5392 -> 5424
[DP-bwdX] L=96 states=5 -> 7
[DP-bwdX] L=80 states=433 -> 515
[DP-bwdX] L=64 states=3246 -> 3481
[DP-fwdX] L=0 states=1 -> 1
[DP-fwdX] L=16 states=193 -> 237
[DP-bwdX] L=48 states=2 -> 3
[DP-bwdX] L=32 states=103 -> 111
[DP-fwdX] L=0 states=1 -> 1
[DP-bwdX] L=16 states=18 -> 18
[DP-fwdX] L=0 states=1 -> 1
[DP-fwdX] L=0 states=1 -> 1
[DP-fwdX] L=0 states=1 -> 1
[DP-fwdX] L=16 states=17 -> 27
[DP-bwdX] L=16 states=3 -> 3
[DP-fwdX] L=16 states=1 -> 2
[DP-fwdX] L=32 states=41 -> 57
[DP-bwdX] L=48 states=2 -> 3
[DP-bwdX] L=32 states=14 -> 18
[DP-fwdX] L=32 states=2 -> 3
[DP-fwdX] L=32 states=1 -> 2
[DP-bwdX] L=48 states=2 -> 3
[DP-bwdX] L=48 states=2 -> 3
[DP-bwdX] L=48 states=1 -> 2
[DP-fwdX] L=48 states=1 -> 2
[DP-fwdX] L=64 states=63 -> 72
[DP-bwdX] L=96 states=5 -> 7
[DP-bwdX] L=80 states=433 -> 515
[DP-bwdX] L=64 states=134 -> 169
[DP-fwdX] L=64 states=4 -> 6
[DP-fwdX] L=64 states=4 -> 6
[DP-bwdX] L=64 states=2 -> 4
[DP-fwdX] L=80 states=12 -> 14
[DP-bwdX] L=96 states=5 -> 7
[DP-fwdX] L=80 states=12 -> 14
[DP-bwdX] L=80 states=2 -> 3
[DP-bwdX] L=80 states=2 -> 3
[DP-bwdX] L=96 states=5 -> 7
[DP-bwdX] L=96 states=1 -> 2
[DP-bwdX] L=96 states=1 -> 2
[DP-fwdX] L=96 states=1 -> 1
[DP-fwdX] L=96 states=1 -> 1
  [Round 30] T_prime=16  T_target=13  HPWL_w=996005  HPWL_eq=936  maxL=18  WNS(T')=-2  WNS*(T)=-5  picked=6  solve_ms=116.466
[OC-Shortest/pow2] m=10 h=10 SEG=4 bits=40 words=1 threads=24
[DP-fwdX] L=0 states=1 -> 1
[DP-fwdX] L=16 states=193 -> 237
[DP-fwdX] L=32 states=2293 -> 2517
[DP-fwdX] L=48 states=5392 -> 5424
[DP-bwdX] L=96 states=5 -> 7
[DP-bwdX] L=80 states=433 -> 515
[DP-bwdX] L=64 states=3246 -> 3481
[DP-fwdX] L=0 states=1 -> 1
[DP-fwdX] L=16 states=193 -> 237
[DP-bwdX] L=48 states=2 -> 3
[DP-bwdX] L=32 states=103 -> 111
[DP-fwdX] L=0 states=1 -> 1
[DP-bwdX] L=16 states=18 -> 18
[DP-fwdX] L=0 states=1 -> 1
[DP-fwdX] L=0 states=1 -> 1
[DP-fwdX] L=0 states=1 -> 1
[DP-fwdX] L=16 states=17 -> 27
[DP-bwdX] L=16 states=3 -> 3
[DP-fwdX] L=16 states=1 -> 2
[DP-fwdX] L=32 states=41 -> 57
[DP-bwdX] L=48 states=2 -> 3
[DP-bwdX] L=32 states=14 -> 18
[DP-fwdX] L=32 states=2 -> 3
[DP-fwdX] L=32 states=1 -> 2
[DP-bwdX] L=48 states=2 -> 3
[DP-bwdX] L=48 states=2 -> 3
[DP-bwdX] L=48 states=1 -> 2
[DP-fwdX] L=48 states=1 -> 2
[DP-fwdX] L=64 states=63 -> 72
[DP-bwdX] L=96 states=5 -> 7
[DP-bwdX] L=80 states=433 -> 515
[DP-bwdX] L=64 states=134 -> 169
[DP-fwdX] L=64 states=4 -> 6
[DP-fwdX] L=64 states=4 -> 6
[DP-bwdX] L=64 states=2 -> 4
[DP-fwdX] L=80 states=12 -> 14
[DP-bwdX] L=96 states=5 -> 7
[DP-fwdX] L=80 states=12 -> 14
[DP-bwdX] L=80 states=2 -> 3
[DP-bwdX] L=80 states=2 -> 3
[DP-bwdX] L=96 states=5 -> 7
[DP-bwdX] L=96 states=1 -> 2
[DP-bwdX] L=96 states=1 -> 2
[DP-fwdX] L=96 states=1 -> 1
[DP-fwdX] L=96 states=1 -> 1
  [Round 31] T_prime=16  T_target=13  HPWL_w=1001063  HPWL_eq=936  maxL=18  WNS(T')=-2  WNS*(T)=-5  picked=6  solve_ms=114.528
[OC-Shortest/pow2] m=10 h=10 SEG=4 bits=40 words=1 threads=24
[DP-fwdX] L=0 states=1 -> 1
[DP-fwdX] L=16 states=193 -> 237
[DP-fwdX] L=32 states=2293 -> 2517
[DP-fwdX] L=48 states=5392 -> 5424
[DP-bwdX] L=96 states=5 -> 7
[DP-bwdX] L=80 states=433 -> 515
[DP-bwdX] L=64 states=3246 -> 3481
[DP-fwdX] L=0 states=1 -> 1
[DP-fwdX] L=16 states=193 -> 237
[DP-bwdX] L=48 states=2 -> 3
[DP-bwdX] L=32 states=103 -> 111
[DP-fwdX] L=0 states=1 -> 1
[DP-bwdX] L=16 states=16 -> 18
[DP-fwdX] L=0 states=1 -> 1
[DP-fwdX] L=0 states=1 -> 1
[DP-fwdX] L=0 states=1 -> 1
[DP-fwdX] L=16 states=30 -> 50
[DP-bwdX] L=16 states=4 -> 6
[DP-fwdX] L=16 states=1 -> 3
[DP-fwdX] L=32 states=98 -> 153
[DP-bwdX] L=48 states=2 -> 3
[DP-bwdX] L=32 states=36 -> 49
[DP-fwdX] L=32 states=3 -> 7
[DP-fwdX] L=32 states=1 -> 3
[DP-bwdX] L=48 states=2 -> 3
[DP-bwdX] L=48 states=2 -> 3
[DP-bwdX] L=48 states=1 -> 2
[DP-fwdX] L=48 states=1 -> 2
[DP-fwdX] L=64 states=63 -> 72
[DP-bwdX] L=96 states=5 -> 7
[DP-bwdX] L=80 states=433 -> 515
[DP-bwdX] L=64 states=522 -> 690
[DP-fwdX] L=64 states=4 -> 6
[DP-fwdX] L=64 states=4 -> 6
[DP-bwdX] L=64 states=3 -> 6
[DP-fwdX] L=80 states=10 -> 13
[DP-bwdX] L=96 states=5 -> 7
[DP-fwdX] L=80 states=10 -> 13
[DP-bwdX] L=80 states=3 -> 7
[DP-bwdX] L=80 states=3 -> 7
[DP-bwdX] L=96 states=5 -> 7
[DP-bwdX] L=96 states=1 -> 2
[DP-bwdX] L=96 states=1 -> 2
[DP-fwdX] L=96 states=1 -> 1
[DP-fwdX] L=96 states=1 -> 1
  [Round 32] T_prime=16  T_target=13  HPWL_w=1002816  HPWL_eq=940  maxL=42  WNS(T')=-26  WNS*(T)=-29  picked=14  solve_ms=116.606
[OC-Shortest/pow2] m=10 h=10 SEG=4 bits=40 words=1 threads=24
[DP-fwdX] L=0 states=1 -> 1
[DP-fwdX] L=16 states=193 -> 237
[DP-fwdX] L=32 states=2293 -> 2517
[DP-fwdX] L=48 states=5392 -> 5424
[DP-bwdX] L=96 states=5 -> 7
[DP-bwdX] L=80 states=433 -> 515
[DP-bwdX] L=64 states=3246 -> 3481
[DP-fwdX] L=0 states=1 -> 1
[DP-fwdX] L=16 states=193 -> 237
[DP-bwdX] L=48 states=2 -> 3
[DP-bwdX] L=32 states=103 -> 111
[DP-fwdX] L=0 states=1 -> 1
[DP-bwdX] L=16 states=18 -> 18
[DP-fwdX] L=0 states=1 -> 1
[DP-fwdX] L=0 states=1 -> 1
[DP-fwdX] L=0 states=1 -> 1
[DP-fwdX] L=16 states=17 -> 27
[DP-bwdX] L=16 states=2 -> 2
[DP-fwdX] L=16 states=1 -> 2
[DP-fwdX] L=32 states=41 -> 57
[DP-bwdX] L=48 states=2 -> 3
[DP-bwdX] L=32 states=14 -> 18
[DP-fwdX] L=32 states=2 -> 3
[DP-fwdX] L=32 states=1 -> 2
[DP-bwdX] L=48 states=2 -> 3
[DP-bwdX] L=48 states=2 -> 3
[DP-bwdX] L=48 states=1 -> 2
[DP-fwdX] L=48 states=1 -> 2
[DP-fwdX] L=64 states=63 -> 72
[DP-bwdX] L=96 states=5 -> 7
[DP-bwdX] L=80 states=433 -> 515
[DP-bwdX] L=64 states=134 -> 169
[DP-fwdX] L=64 states=4 -> 6
[DP-fwdX] L=64 states=4 -> 6
[DP-bwdX] L=64 states=2 -> 4
[DP-fwdX] L=80 states=12 -> 14
[DP-bwdX] L=96 states=5 -> 7
[DP-fwdX] L=80 states=12 -> 14
[DP-bwdX] L=80 states=2 -> 3
[DP-bwdX] L=80 states=2 -> 3
[DP-bwdX] L=96 states=5 -> 7
[DP-bwdX] L=96 states=1 -> 2
[DP-bwdX] L=96 states=1 -> 2
[DP-fwdX] L=96 states=1 -> 1
[DP-fwdX] L=96 states=1 -> 1
  [Round 33] T_prime=16  T_target=13  HPWL_w=1012878  HPWL_eq=936  maxL=19  WNS(T')=-3  WNS*(T)=-6  picked=6  solve_ms=115.38
[OC-Shortest/pow2] m=10 h=10 SEG=4 bits=40 words=1 threads=24
[DP-fwdX] L=0 states=1 -> 1
[DP-fwdX] L=16 states=193 -> 237
[DP-fwdX] L=32 states=2293 -> 2517
[DP-fwdX] L=48 states=5392 -> 5424
[DP-bwdX] L=96 states=5 -> 7
[DP-bwdX] L=80 states=433 -> 515
[DP-bwdX] L=64 states=3246 -> 3481
[DP-fwdX] L=0 states=1 -> 1
[DP-fwdX] L=16 states=193 -> 237
[DP-bwdX] L=48 states=2 -> 3
[DP-bwdX] L=32 states=103 -> 111
[DP-fwdX] L=0 states=1 -> 1
[DP-bwdX] L=16 states=18 -> 18
[DP-fwdX] L=0 states=1 -> 1
[DP-fwdX] L=0 states=1 -> 1
[DP-fwdX] L=0 states=1 -> 1
[DP-fwdX] L=16 states=17 -> 27
[DP-bwdX] L=16 states=2 -> 2
[DP-fwdX] L=16 states=1 -> 2
[DP-fwdX] L=32 states=41 -> 57
[DP-bwdX] L=48 states=2 -> 3
[DP-bwdX] L=32 states=14 -> 18
[DP-fwdX] L=32 states=2 -> 3
[DP-fwdX] L=32 states=1 -> 2
[DP-bwdX] L=48 states=2 -> 3
[DP-bwdX] L=48 states=2 -> 3
[DP-bwdX] L=48 states=1 -> 2
[DP-fwdX] L=48 states=1 -> 2
[DP-fwdX] L=64 states=63 -> 72
[DP-bwdX] L=96 states=5 -> 7
[DP-bwdX] L=80 states=433 -> 515
[DP-bwdX] L=64 states=522 -> 690
[DP-fwdX] L=64 states=4 -> 6
[DP-fwdX] L=64 states=4 -> 6
[DP-bwdX] L=64 states=3 -> 6
[DP-fwdX] L=80 states=10 -> 13
[DP-bwdX] L=96 states=5 -> 7
[DP-fwdX] L=80 states=10 -> 13
[DP-bwdX] L=80 states=3 -> 7
[DP-bwdX] L=80 states=3 -> 7
[DP-bwdX] L=96 states=5 -> 7
[DP-bwdX] L=96 states=1 -> 2
[DP-bwdX] L=96 states=1 -> 2
[DP-fwdX] L=96 states=1 -> 1
[DP-fwdX] L=96 states=1 -> 1
  [Round 34] T_prime=16  T_target=13  HPWL_w=1015911  HPWL_eq=932  maxL=25  WNS(T')=-9  WNS*(T)=-12  picked=9  solve_ms=121.336
[OC-Shortest/pow2] m=10 h=10 SEG=4 bits=40 words=1 threads=24
[DP-fwdX] L=0 states=1 -> 1
[DP-fwdX] L=16 states=193 -> 237
[DP-fwdX] L=32 states=2293 -> 2517
[DP-fwdX] L=48 states=5392 -> 5424
[DP-bwdX] L=96 states=5 -> 7
[DP-bwdX] L=80 states=433 -> 515
[DP-bwdX] L=64 states=3246 -> 3481
[DP-fwdX] L=0 states=1 -> 1
[DP-fwdX] L=16 states=193 -> 237
[DP-bwdX] L=48 states=2 -> 3
[DP-bwdX] L=32 states=103 -> 111
[DP-fwdX] L=0 states=1 -> 1
[DP-bwdX] L=16 states=18 -> 18
[DP-fwdX] L=0 states=1 -> 1
[DP-fwdX] L=0 states=1 -> 1
[DP-fwdX] L=0 states=1 -> 1
[DP-fwdX] L=16 states=17 -> 27
[DP-bwdX] L=16 states=3 -> 3
[DP-fwdX] L=16 states=1 -> 2
[DP-fwdX] L=32 states=41 -> 57
[DP-bwdX] L=48 states=2 -> 3
[DP-bwdX] L=32 states=14 -> 18
[DP-fwdX] L=32 states=2 -> 3
[DP-fwdX] L=32 states=1 -> 2
[DP-bwdX] L=48 states=2 -> 3
[DP-bwdX] L=48 states=2 -> 3
[DP-bwdX] L=48 states=1 -> 2
[DP-fwdX] L=48 states=1 -> 2
[DP-fwdX] L=64 states=63 -> 72
[DP-bwdX] L=96 states=5 -> 7
[DP-bwdX] L=80 states=433 -> 515
[DP-bwdX] L=64 states=459 -> 623
[DP-fwdX] L=64 states=7 -> 12
[DP-fwdX] L=64 states=7 -> 12
[DP-bwdX] L=64 states=4 -> 11
[DP-fwdX] L=80 states=7 -> 9
[DP-bwdX] L=96 states=5 -> 7
[DP-fwdX] L=80 states=7 -> 9
[DP-bwdX] L=80 states=3 -> 7
[DP-bwdX] L=80 states=3 -> 7
[DP-bwdX] L=96 states=5 -> 7
[DP-bwdX] L=96 states=1 -> 2
[DP-bwdX] L=96 states=1 -> 2
[DP-fwdX] L=96 states=1 -> 1
[DP-fwdX] L=96 states=1 -> 1
  [Round 35] T_prime=16  T_target=13  HPWL_w=1025814  HPWL_eq=947  maxL=42  WNS(T')=-26  WNS*(T)=-29  picked=10  solve_ms=116.551
[OC-Shortest/pow2] m=10 h=10 SEG=4 bits=40 words=1 threads=24
[DP-fwdX] L=0 states=1 -> 1
[DP-fwdX] L=16 states=193 -> 237
[DP-fwdX] L=32 states=2293 -> 2517
[DP-fwdX] L=48 states=5392 -> 5424
[DP-bwdX] L=96 states=5 -> 7
[DP-bwdX] L=80 states=433 -> 515
[DP-bwdX] L=64 states=3246 -> 3481
[DP-fwdX] L=0 states=1 -> 1
[DP-fwdX] L=16 states=193 -> 237
[DP-bwdX] L=48 states=2 -> 3
[DP-bwdX] L=32 states=103 -> 111
[DP-fwdX] L=0 states=1 -> 1
[DP-bwdX] L=16 states=18 -> 18
[DP-fwdX] L=0 states=1 -> 1
[DP-fwdX] L=0 states=1 -> 1
[DP-fwdX] L=0 states=1 -> 1
[DP-fwdX] L=16 states=17 -> 27
[DP-bwdX] L=16 states=2 -> 2
[DP-fwdX] L=16 states=1 -> 2
[DP-fwdX] L=32 states=41 -> 57
[DP-bwdX] L=48 states=2 -> 3
[DP-bwdX] L=32 states=14 -> 18
[DP-fwdX] L=32 states=2 -> 3
[DP-fwdX] L=32 states=1 -> 2
[DP-bwdX] L=48 states=2 -> 3
[DP-bwdX] L=48 states=2 -> 3
[DP-bwdX] L=48 states=1 -> 2
[DP-fwdX] L=48 states=1 -> 2
[DP-fwdX] L=64 states=63 -> 72
[DP-bwdX] L=96 states=5 -> 7
[DP-bwdX] L=80 states=433 -> 515
[DP-bwdX] L=64 states=134 -> 169
[DP-fwdX] L=64 states=4 -> 6
[DP-fwdX] L=64 states=4 -> 6
[DP-bwdX] L=64 states=2 -> 4
[DP-fwdX] L=80 states=12 -> 14
[DP-bwdX] L=96 states=5 -> 7
[DP-fwdX] L=80 states=12 -> 14
[DP-bwdX] L=80 states=2 -> 3
[DP-bwdX] L=80 states=2 -> 3
[DP-bwdX] L=96 states=5 -> 7
[DP-bwdX] L=96 states=1 -> 2
[DP-bwdX] L=96 states=1 -> 2
[DP-fwdX] L=96 states=1 -> 1
[DP-fwdX] L=96 states=1 -> 1
  [Round 36] T_prime=16  T_target=13  HPWL_w=1028311  HPWL_eq=936  maxL=19  WNS(T')=-3  WNS*(T)=-6  picked=6  solve_ms=109.781
[OC-Shortest/pow2] m=10 h=10 SEG=4 bits=40 words=1 threads=24
[DP-fwdX] L=0 states=1 -> 1
[DP-fwdX] L=16 states=193 -> 237
[DP-fwdX] L=32 states=2293 -> 2517
[DP-fwdX] L=48 states=5392 -> 5424
[DP-bwdX] L=96 states=5 -> 7
[DP-bwdX] L=80 states=433 -> 515
[DP-bwdX] L=64 states=3246 -> 3481
[DP-fwdX] L=0 states=1 -> 1
[DP-fwdX] L=16 states=193 -> 237
[DP-bwdX] L=48 states=2 -> 3
[DP-bwdX] L=32 states=103 -> 111
[DP-fwdX] L=0 states=1 -> 1
[DP-bwdX] L=16 states=21 -> 22
[DP-fwdX] L=0 states=1 -> 1
[DP-fwdX] L=0 states=1 -> 1
[DP-fwdX] L=0 states=1 -> 1
[DP-fwdX] L=16 states=19 -> 32
[DP-bwdX] L=16 states=4 -> 5
[DP-fwdX] L=16 states=1 -> 2
[DP-fwdX] L=32 states=125 -> 187
[DP-bwdX] L=48 states=2 -> 3
[DP-bwdX] L=32 states=14 -> 18
[DP-fwdX] L=32 states=3 -> 7
[DP-fwdX] L=32 states=1 -> 4
[DP-bwdX] L=48 states=2 -> 3
[DP-bwdX] L=48 states=2 -> 3
[DP-bwdX] L=48 states=1 -> 2
[DP-fwdX] L=48 states=1 -> 2
[DP-fwdX] L=64 states=63 -> 72
[DP-bwdX] L=96 states=5 -> 7
[DP-bwdX] L=80 states=433 -> 515
[DP-bwdX] L=64 states=134 -> 169
[DP-fwdX] L=64 states=4 -> 6
[DP-fwdX] L=64 states=4 -> 6
[DP-bwdX] L=64 states=2 -> 4
[DP-fwdX] L=80 states=12 -> 14
[DP-bwdX] L=96 states=5 -> 7
[DP-fwdX] L=80 states=12 -> 14
[DP-bwdX] L=80 states=2 -> 3
[DP-bwdX] L=80 states=2 -> 3
[DP-bwdX] L=96 states=5 -> 7
[DP-bwdX] L=96 states=1 -> 2
[DP-bwdX] L=96 states=1 -> 2
[DP-fwdX] L=96 states=1 -> 1
[DP-fwdX] L=96 states=1 -> 1
  [Round 37] T_prime=16  T_target=13  HPWL_w=1032441  HPWL_eq=929  maxL=34  WNS(T')=-18  WNS*(T)=-21  picked=10  solve_ms=109.99
[OC-Shortest/pow2] m=10 h=10 SEG=4 bits=40 words=1 threads=24
[DP-fwdX] L=0 states=1 -> 1
[DP-fwdX] L=16 states=193 -> 237
[DP-fwdX] L=32 states=2293 -> 2517
[DP-fwdX] L=48 states=5392 -> 5424
[DP-bwdX] L=96 states=5 -> 7
[DP-bwdX] L=80 states=433 -> 515
[DP-bwdX] L=64 states=3246 -> 3481
[DP-fwdX] L=0 states=1 -> 1
[DP-fwdX] L=16 states=193 -> 237
[DP-bwdX] L=48 states=2 -> 3
[DP-bwdX] L=32 states=103 -> 111
[DP-fwdX] L=0 states=1 -> 1
[DP-bwdX] L=16 states=18 -> 18
[DP-fwdX] L=0 states=1 -> 1
[DP-fwdX] L=0 states=1 -> 1
[DP-fwdX] L=0 states=1 -> 1
[DP-fwdX] L=16 states=17 -> 27
[DP-bwdX] L=16 states=2 -> 3
[DP-fwdX] L=16 states=1 -> 3
[DP-fwdX] L=32 states=66 -> 94
[DP-bwdX] L=48 states=2 -> 3
[DP-bwdX] L=32 states=14 -> 18
[DP-fwdX] L=32 states=2 -> 3
[DP-fwdX] L=32 states=1 -> 2
[DP-bwdX] L=48 states=2 -> 3
[DP-bwdX] L=48 states=2 -> 3
[DP-bwdX] L=48 states=1 -> 2
[DP-fwdX] L=48 states=1 -> 2
[DP-fwdX] L=64 states=63 -> 72
[DP-bwdX] L=96 states=5 -> 7
[DP-bwdX] L=80 states=433 -> 515
[DP-bwdX] L=64 states=134 -> 169
[DP-fwdX] L=64 states=4 -> 6
[DP-fwdX] L=64 states=4 -> 6
[DP-bwdX] L=64 states=2 -> 4
[DP-fwdX] L=80 states=12 -> 14
[DP-bwdX] L=96 states=5 -> 7
[DP-fwdX] L=80 states=12 -> 14
[DP-bwdX] L=80 states=2 -> 3
[DP-bwdX] L=80 states=2 -> 3
[DP-bwdX] L=96 states=5 -> 7
[DP-bwdX] L=96 states=1 -> 2
[DP-bwdX] L=96 states=1 -> 2
[DP-fwdX] L=96 states=1 -> 1
[DP-fwdX] L=96 states=1 -> 1
  [Round 38] T_prime=16  T_target=13  HPWL_w=1042654  HPWL_eq=931  maxL=19  WNS(T')=-3  WNS*(T)=-6  picked=9  solve_ms=109.403
[OC-Shortest/pow2] m=10 h=10 SEG=4 bits=40 words=1 threads=24
[DP-fwdX] L=0 states=1 -> 1
[DP-fwdX] L=16 states=193 -> 237
[DP-fwdX] L=32 states=2293 -> 2517
[DP-fwdX] L=48 states=5392 -> 5424
[DP-bwdX] L=96 states=5 -> 7
[DP-bwdX] L=80 states=433 -> 515
[DP-bwdX] L=64 states=3246 -> 3481
[DP-fwdX] L=0 states=1 -> 1
[DP-fwdX] L=16 states=193 -> 237
[DP-bwdX] L=48 states=2 -> 3
[DP-bwdX] L=32 states=103 -> 111
[DP-fwdX] L=0 states=1 -> 1
[DP-bwdX] L=16 states=14 -> 15
[DP-fwdX] L=0 states=1 -> 1
[DP-fwdX] L=0 states=1 -> 1
[DP-fwdX] L=0 states=1 -> 1
[DP-fwdX] L=16 states=17 -> 27
[DP-bwdX] L=16 states=2 -> 3
[DP-fwdX] L=16 states=1 -> 3
[DP-fwdX] L=32 states=66 -> 95
[DP-bwdX] L=48 states=2 -> 3
[DP-bwdX] L=32 states=14 -> 18
[DP-fwdX] L=32 states=2 -> 3
[DP-fwdX] L=32 states=1 -> 2
[DP-bwdX] L=48 states=2 -> 3
[DP-bwdX] L=48 states=2 -> 3
[DP-bwdX] L=48 states=1 -> 2
[DP-fwdX] L=48 states=1 -> 2
[DP-fwdX] L=64 states=63 -> 72
[DP-bwdX] L=96 states=5 -> 7
[DP-bwdX] L=80 states=433 -> 515
[DP-bwdX] L=64 states=134 -> 169
[DP-fwdX] L=64 states=4 -> 6
[DP-fwdX] L=64 states=4 -> 6
[DP-bwdX] L=64 states=2 -> 4
[DP-fwdX] L=80 states=12 -> 14
[DP-bwdX] L=96 states=5 -> 7
[DP-fwdX] L=80 states=12 -> 14
[DP-bwdX] L=80 states=2 -> 3
[DP-bwdX] L=80 states=2 -> 3
[DP-bwdX] L=96 states=5 -> 7
[DP-bwdX] L=96 states=1 -> 2
[DP-bwdX] L=96 states=1 -> 2
[DP-fwdX] L=96 states=1 -> 1
[DP-fwdX] L=96 states=1 -> 1
  [Round 39] T_prime=16  T_target=13  HPWL_w=1046363  HPWL_eq=931  maxL=19  WNS(T')=-3  WNS*(T)=-6  picked=9  solve_ms=375.997
[OC-Shortest/pow2] m=10 h=10 SEG=4 bits=40 words=1 threads=24
[DP-fwdX] L=0 states=1 -> 1
[DP-fwdX] L=16 states=193 -> 237
[DP-fwdX] L=32 states=2293 -> 2517
[DP-fwdX] L=48 states=5392 -> 5424
[DP-bwdX] L=96 states=5 -> 7
[DP-bwdX] L=80 states=433 -> 515
[DP-bwdX] L=64 states=3246 -> 3481
[DP-fwdX] L=0 states=1 -> 1
[DP-fwdX] L=16 states=193 -> 237
[DP-bwdX] L=48 states=2 -> 3
[DP-bwdX] L=32 states=103 -> 111
[DP-fwdX] L=0 states=1 -> 1
[DP-bwdX] L=16 states=18 -> 18
[DP-fwdX] L=0 states=1 -> 1
[DP-fwdX] L=0 states=1 -> 1
[DP-fwdX] L=0 states=1 -> 1
[DP-fwdX] L=16 states=17 -> 27
[DP-bwdX] L=16 states=3 -> 3
[DP-fwdX] L=16 states=1 -> 2
[DP-fwdX] L=32 states=41 -> 57
[DP-bwdX] L=48 states=2 -> 3
[DP-bwdX] L=32 states=14 -> 18
[DP-fwdX] L=32 states=2 -> 3
[DP-fwdX] L=32 states=1 -> 2
[DP-bwdX] L=48 states=2 -> 3
[DP-bwdX] L=48 states=2 -> 3
[DP-bwdX] L=48 states=1 -> 2
[DP-fwdX] L=48 states=1 -> 2
[DP-fwdX] L=64 states=63 -> 72
[DP-bwdX] L=96 states=5 -> 7
[DP-bwdX] L=80 states=433 -> 515
[DP-bwdX] L=64 states=134 -> 169
[DP-fwdX] L=64 states=4 -> 6
[DP-fwdX] L=64 states=4 -> 6
[DP-bwdX] L=64 states=2 -> 4
[DP-fwdX] L=80 states=12 -> 14
[DP-bwdX] L=96 states=5 -> 7
[DP-fwdX] L=80 states=12 -> 14
[DP-bwdX] L=80 states=2 -> 3
[DP-bwdX] L=80 states=2 -> 3
[DP-bwdX] L=96 states=5 -> 7
[DP-bwdX] L=96 states=1 -> 2
[DP-bwdX] L=96 states=1 -> 2
[DP-fwdX] L=96 states=1 -> 1
[DP-fwdX] L=96 states=1 -> 1
  [Round 40] T_prime=16  T_target=13  HPWL_w=1047884  HPWL_eq=936  maxL=19  WNS(T')=-3  WNS*(T)=-6  picked=6  solve_ms=176.286
[OC-Shortest/pow2] m=10 h=10 SEG=4 bits=40 words=1 threads=24
[DP-fwdX] L=0 states=1 -> 1
[DP-fwdX] L=16 states=193 -> 237
[DP-fwdX] L=32 states=2293 -> 2517
[DP-fwdX] L=48 states=5392 -> 5424
[DP-bwdX] L=96 states=5 -> 7
[DP-bwdX] L=80 states=433 -> 515
[DP-bwdX] L=64 states=3246 -> 3481
[DP-fwdX] L=0 states=1 -> 1
[DP-fwdX] L=16 states=193 -> 237
[DP-bwdX] L=48 states=2 -> 3
[DP-bwdX] L=32 states=103 -> 111
[DP-fwdX] L=0 states=1 -> 1
[DP-bwdX] L=16 states=21 -> 22
[DP-fwdX] L=0 states=1 -> 1
[DP-fwdX] L=0 states=1 -> 1
[DP-fwdX] L=0 states=1 -> 1
[DP-fwdX] L=16 states=19 -> 32
[DP-bwdX] L=16 states=4 -> 5
[DP-fwdX] L=16 states=1 -> 2
[DP-fwdX] L=32 states=125 -> 187
[DP-bwdX] L=48 states=2 -> 3
[DP-bwdX] L=32 states=14 -> 18
[DP-fwdX] L=32 states=4 -> 9
[DP-fwdX] L=32 states=1 -> 4
[DP-bwdX] L=48 states=2 -> 3
[DP-bwdX] L=48 states=2 -> 3
[DP-bwdX] L=48 states=1 -> 2
[DP-fwdX] L=48 states=1 -> 2
[DP-fwdX] L=64 states=63 -> 72
[DP-bwdX] L=96 states=5 -> 7
[DP-bwdX] L=80 states=433 -> 515
[DP-bwdX] L=64 states=240 -> 312
[DP-fwdX] L=64 states=4 -> 6
[DP-fwdX] L=64 states=4 -> 6
[DP-bwdX] L=64 states=2 -> 4
[DP-fwdX] L=80 states=7 -> 9
[DP-bwdX] L=96 states=5 -> 7
[DP-fwdX] L=80 states=7 -> 9
[DP-bwdX] L=80 states=3 -> 7
[DP-bwdX] L=80 states=3 -> 7
[DP-bwdX] L=96 states=5 -> 7
[DP-bwdX] L=96 states=1 -> 2
[DP-bwdX] L=96 states=1 -> 2
[DP-fwdX] L=96 states=1 -> 1
[DP-fwdX] L=96 states=1 -> 1
  [Round 41] T_prime=16  T_target=13  HPWL_w=1050932  HPWL_eq=924  maxL=34  WNS(T')=-18  WNS*(T)=-21  picked=12  solve_ms=114.641
[OC-Shortest/pow2] m=10 h=10 SEG=4 bits=40 words=1 threads=24
[DP-fwdX] L=0 states=1 -> 1
[DP-fwdX] L=16 states=193 -> 237
[DP-fwdX] L=32 states=2293 -> 2517
[DP-fwdX] L=48 states=5392 -> 5424
[DP-bwdX] L=96 states=5 -> 7
[DP-bwdX] L=80 states=433 -> 515
[DP-bwdX] L=64 states=3246 -> 3481
[DP-fwdX] L=0 states=1 -> 1
[DP-fwdX] L=16 states=193 -> 237
[DP-bwdX] L=48 states=2 -> 3
[DP-bwdX] L=32 states=103 -> 111
[DP-fwdX] L=0 states=1 -> 1
[DP-bwdX] L=16 states=18 -> 18
[DP-fwdX] L=0 states=1 -> 1
[DP-fwdX] L=0 states=1 -> 1
[DP-fwdX] L=0 states=1 -> 1
[DP-fwdX] L=16 states=17 -> 27
[DP-bwdX] L=16 states=2 -> 2
[DP-fwdX] L=16 states=1 -> 2
[DP-fwdX] L=32 states=41 -> 57
[DP-bwdX] L=48 states=2 -> 3
[DP-bwdX] L=32 states=14 -> 18
[DP-fwdX] L=32 states=2 -> 3
[DP-fwdX] L=32 states=1 -> 2
[DP-bwdX] L=48 states=2 -> 3
[DP-bwdX] L=48 states=2 -> 3
[DP-bwdX] L=48 states=1 -> 2
[DP-fwdX] L=48 states=1 -> 2
[DP-fwdX] L=64 states=63 -> 72
[DP-bwdX] L=96 states=5 -> 7
[DP-bwdX] L=80 states=433 -> 515
[DP-bwdX] L=64 states=233 -> 301
[DP-fwdX] L=64 states=4 -> 6
[DP-fwdX] L=64 states=4 -> 6
[DP-bwdX] L=64 states=2 -> 4
[DP-fwdX] L=80 states=11 -> 13
[DP-bwdX] L=96 states=5 -> 7
[DP-fwdX] L=80 states=11 -> 13
[DP-bwdX] L=80 states=3 -> 7
[DP-bwdX] L=80 states=3 -> 7
[DP-bwdX] L=96 states=5 -> 7
[DP-bwdX] L=96 states=1 -> 2
[DP-bwdX] L=96 states=1 -> 2
[DP-fwdX] L=96 states=1 -> 1
[DP-fwdX] L=96 states=1 -> 1
  [Round 42] T_prime=16  T_target=13  HPWL_w=1052587  HPWL_eq=931  maxL=19  WNS(T')=-3  WNS*(T)=-6  picked=9  solve_ms=117.333
[OC-Shortest/pow2] m=10 h=10 SEG=4 bits=40 words=1 threads=24
[DP-fwdX] L=0 states=1 -> 1
[DP-fwdX] L=16 states=193 -> 237
[DP-fwdX] L=32 states=2293 -> 2517
[DP-fwdX] L=48 states=5392 -> 5424
[DP-bwdX] L=96 states=5 -> 7
[DP-bwdX] L=80 states=433 -> 515
[DP-bwdX] L=64 states=3246 -> 3481
[DP-fwdX] L=0 states=1 -> 1
[DP-fwdX] L=16 states=193 -> 237
[DP-bwdX] L=48 states=2 -> 3
[DP-bwdX] L=32 states=103 -> 111
[DP-fwdX] L=0 states=1 -> 1
[DP-bwdX] L=16 states=18 -> 18
[DP-fwdX] L=0 states=1 -> 1
[DP-fwdX] L=0 states=1 -> 1
[DP-fwdX] L=0 states=1 -> 1
[DP-fwdX] L=16 states=17 -> 27
[DP-bwdX] L=16 states=2 -> 2
[DP-fwdX] L=16 states=1 -> 2
[DP-fwdX] L=32 states=41 -> 57
[DP-bwdX] L=48 states=2 -> 3
[DP-bwdX] L=32 states=14 -> 18
[DP-fwdX] L=32 states=2 -> 3
[DP-fwdX] L=32 states=1 -> 2
[DP-bwdX] L=48 states=2 -> 3
[DP-bwdX] L=48 states=2 -> 3
[DP-bwdX] L=48 states=1 -> 2
[DP-fwdX] L=48 states=1 -> 2
[DP-fwdX] L=64 states=63 -> 72
[DP-bwdX] L=96 states=5 -> 7
[DP-bwdX] L=80 states=433 -> 515
[DP-bwdX] L=64 states=134 -> 169
[DP-fwdX] L=64 states=4 -> 6
[DP-fwdX] L=64 states=4 -> 6
[DP-bwdX] L=64 states=2 -> 4
[DP-fwdX] L=80 states=12 -> 14
[DP-bwdX] L=96 states=5 -> 7
[DP-fwdX] L=80 states=12 -> 14
[DP-bwdX] L=80 states=2 -> 3
[DP-bwdX] L=80 states=2 -> 3
[DP-bwdX] L=96 states=5 -> 7
[DP-bwdX] L=96 states=1 -> 2
[DP-bwdX] L=96 states=1 -> 2
[DP-fwdX] L=96 states=1 -> 1
[DP-fwdX] L=96 states=1 -> 1
  [Round 43] T_prime=16  T_target=13  HPWL_w=1058341  HPWL_eq=936  maxL=18  WNS(T')=-2  WNS*(T)=-5  picked=6  solve_ms=111.971
[OC-Shortest/pow2] m=10 h=10 SEG=4 bits=40 words=1 threads=24
[DP-fwdX] L=0 states=1 -> 1
[DP-fwdX] L=16 states=193 -> 237
[DP-fwdX] L=32 states=2293 -> 2517
[DP-fwdX] L=48 states=5392 -> 5424
[DP-bwdX] L=96 states=5 -> 7
[DP-bwdX] L=80 states=433 -> 515
[DP-bwdX] L=64 states=3246 -> 3481
[DP-fwdX] L=0 states=1 -> 1
[DP-fwdX] L=16 states=193 -> 237
[DP-bwdX] L=48 states=2 -> 3
[DP-bwdX] L=32 states=103 -> 111
[DP-fwdX] L=0 states=1 -> 1
[DP-bwdX] L=16 states=14 -> 15
[DP-fwdX] L=0 states=1 -> 1
[DP-fwdX] L=0 states=1 -> 1
[DP-fwdX] L=0 states=1 -> 1
[DP-fwdX] L=16 states=17 -> 27
[DP-bwdX] L=16 states=2 -> 3
[DP-fwdX] L=16 states=1 -> 3
[DP-fwdX] L=32 states=66 -> 95
[DP-bwdX] L=48 states=2 -> 3
[DP-bwdX] L=32 states=14 -> 18
[DP-fwdX] L=32 states=2 -> 3
[DP-fwdX] L=32 states=1 -> 2
[DP-bwdX] L=48 states=2 -> 3
[DP-bwdX] L=48 states=2 -> 3
[DP-bwdX] L=48 states=1 -> 2
[DP-fwdX] L=48 states=1 -> 2
[DP-fwdX] L=64 states=63 -> 72
[DP-bwdX] L=96 states=5 -> 7
[DP-bwdX] L=80 states=433 -> 515
[DP-bwdX] L=64 states=233 -> 301
[DP-fwdX] L=64 states=4 -> 6
[DP-fwdX] L=64 states=4 -> 6
[DP-bwdX] L=64 states=2 -> 4
[DP-fwdX] L=80 states=11 -> 13
[DP-bwdX] L=96 states=5 -> 7
[DP-fwdX] L=80 states=11 -> 13
[DP-bwdX] L=80 states=3 -> 7
[DP-bwdX] L=80 states=3 -> 7
[DP-bwdX] L=96 states=5 -> 7
[DP-bwdX] L=96 states=1 -> 2
[DP-bwdX] L=96 states=1 -> 2
[DP-fwdX] L=96 states=1 -> 1
[DP-fwdX] L=96 states=1 -> 1
  [Round 44] T_prime=16  T_target=13  HPWL_w=1062621  HPWL_eq=926  maxL=18  WNS(T')=-2  WNS*(T)=-5  picked=12  solve_ms=112.427
[OC-Shortest/pow2] m=10 h=10 SEG=4 bits=40 words=1 threads=24
[DP-fwdX] L=0 states=1 -> 1
[DP-fwdX] L=16 states=193 -> 237
[DP-fwdX] L=32 states=2293 -> 2517
[DP-fwdX] L=48 states=5392 -> 5424
[DP-bwdX] L=96 states=5 -> 7
[DP-bwdX] L=80 states=433 -> 515
[DP-bwdX] L=64 states=3246 -> 3481
[DP-fwdX] L=0 states=1 -> 1
[DP-fwdX] L=16 states=193 -> 237
[DP-bwdX] L=48 states=2 -> 3
[DP-bwdX] L=32 states=103 -> 111
[DP-fwdX] L=0 states=1 -> 1
[DP-bwdX] L=16 states=18 -> 18
[DP-fwdX] L=0 states=1 -> 1
[DP-fwdX] L=0 states=1 -> 1
[DP-fwdX] L=0 states=1 -> 1
[DP-fwdX] L=16 states=17 -> 27
[DP-bwdX] L=16 states=3 -> 3
[DP-fwdX] L=16 states=1 -> 2
[DP-fwdX] L=32 states=41 -> 57
[DP-bwdX] L=48 states=2 -> 3
[DP-bwdX] L=32 states=14 -> 18
[DP-fwdX] L=32 states=2 -> 3
[DP-fwdX] L=32 states=1 -> 2
[DP-bwdX] L=48 states=2 -> 3
[DP-bwdX] L=48 states=2 -> 3
[DP-bwdX] L=48 states=1 -> 2
[DP-fwdX] L=48 states=1 -> 2
[DP-fwdX] L=64 states=63 -> 72
[DP-bwdX] L=96 states=5 -> 7
[DP-bwdX] L=80 states=433 -> 515
[DP-bwdX] L=64 states=134 -> 169
[DP-fwdX] L=64 states=4 -> 6
[DP-fwdX] L=64 states=4 -> 6
[DP-bwdX] L=64 states=2 -> 4
[DP-fwdX] L=80 states=12 -> 14
[DP-bwdX] L=96 states=5 -> 7
[DP-fwdX] L=80 states=12 -> 14
[DP-bwdX] L=80 states=2 -> 3
[DP-bwdX] L=80 states=2 -> 3
[DP-bwdX] L=96 states=5 -> 7
[DP-bwdX] L=96 states=1 -> 2
[DP-bwdX] L=96 states=1 -> 2
[DP-fwdX] L=96 states=1 -> 1
[DP-fwdX] L=96 states=1 -> 1
  [Round 45] T_prime=16  T_target=13  HPWL_w=1065942  HPWL_eq=936  maxL=19  WNS(T')=-3  WNS*(T)=-6  picked=6  solve_ms=119.33
[OC-Shortest/pow2] m=10 h=10 SEG=4 bits=40 words=1 threads=24
[DP-fwdX] L=0 states=1 -> 1
[DP-fwdX] L=16 states=193 -> 237
[DP-fwdX] L=32 states=2293 -> 2517
[DP-fwdX] L=48 states=5392 -> 5424
[DP-bwdX] L=96 states=5 -> 7
[DP-bwdX] L=80 states=433 -> 515
[DP-bwdX] L=64 states=3246 -> 3481
[DP-fwdX] L=0 states=1 -> 1
[DP-fwdX] L=16 states=193 -> 237
[DP-bwdX] L=48 states=2 -> 3
[DP-bwdX] L=32 states=103 -> 111
[DP-fwdX] L=0 states=1 -> 1
[DP-bwdX] L=16 states=18 -> 18
[DP-fwdX] L=0 states=1 -> 1
[DP-fwdX] L=0 states=1 -> 1
[DP-fwdX] L=0 states=1 -> 1
[DP-fwdX] L=16 states=17 -> 27
[DP-bwdX] L=16 states=2 -> 2
[DP-fwdX] L=16 states=1 -> 2
[DP-fwdX] L=32 states=41 -> 57
[DP-bwdX] L=48 states=2 -> 3
[DP-bwdX] L=32 states=14 -> 18
[DP-fwdX] L=32 states=2 -> 3
[DP-fwdX] L=32 states=1 -> 2
[DP-bwdX] L=48 states=2 -> 3
[DP-bwdX] L=48 states=2 -> 3
[DP-bwdX] L=48 states=1 -> 2
[DP-fwdX] L=48 states=1 -> 2
[DP-fwdX] L=64 states=63 -> 72
[DP-bwdX] L=96 states=5 -> 7
[DP-bwdX] L=80 states=433 -> 515
[DP-bwdX] L=64 states=134 -> 169
[DP-fwdX] L=64 states=4 -> 6
[DP-fwdX] L=64 states=4 -> 6
[DP-bwdX] L=64 states=2 -> 4
[DP-fwdX] L=80 states=12 -> 14
[DP-bwdX] L=96 states=5 -> 7
[DP-fwdX] L=80 states=12 -> 14
[DP-bwdX] L=80 states=2 -> 3
[DP-bwdX] L=80 states=2 -> 3
[DP-bwdX] L=96 states=5 -> 7
[DP-bwdX] L=96 states=1 -> 3
[DP-bwdX] L=96 states=1 -> 3
[DP-fwdX] L=96 states=1 -> 2
[DP-fwdX] L=96 states=1 -> 2
  [Round 46] T_prime=16  T_target=13  HPWL_w=1069299  HPWL_eq=938  maxL=17  WNS(T')=-1  WNS*(T)=-4  picked=6  solve_ms=113.722
[OC-Shortest/pow2] m=10 h=10 SEG=4 bits=40 words=1 threads=24
[DP-fwdX] L=0 states=1 -> 1
[DP-fwdX] L=16 states=193 -> 237
[DP-fwdX] L=32 states=2293 -> 2517
[DP-fwdX] L=48 states=5392 -> 5424
[DP-bwdX] L=96 states=5 -> 7
[DP-bwdX] L=80 states=433 -> 515
[DP-bwdX] L=64 states=3246 -> 3481
[DP-fwdX] L=0 states=1 -> 1
[DP-fwdX] L=16 states=193 -> 237
[DP-bwdX] L=48 states=2 -> 3
[DP-bwdX] L=32 states=103 -> 111
[DP-fwdX] L=0 states=1 -> 1
[DP-bwdX] L=16 states=18 -> 18
[DP-fwdX] L=0 states=1 -> 1
[DP-fwdX] L=0 states=1 -> 1
[DP-fwdX] L=0 states=1 -> 1
[DP-fwdX] L=16 states=17 -> 27
[DP-bwdX] L=16 states=2 -> 3
[DP-fwdX] L=16 states=1 -> 3
[DP-fwdX] L=32 states=66 -> 94
[DP-bwdX] L=48 states=2 -> 3
[DP-bwdX] L=32 states=14 -> 18
[DP-fwdX] L=32 states=2 -> 3
[DP-fwdX] L=32 states=1 -> 2
[DP-bwdX] L=48 states=2 -> 3
[DP-bwdX] L=48 states=2 -> 3
[DP-bwdX] L=48 states=1 -> 2
[DP-fwdX] L=48 states=1 -> 2
[DP-fwdX] L=64 states=63 -> 72
[DP-bwdX] L=96 states=5 -> 7
[DP-bwdX] L=80 states=433 -> 515
[DP-bwdX] L=64 states=240 -> 312
[DP-fwdX] L=64 states=4 -> 6
[DP-fwdX] L=64 states=4 -> 6
[DP-bwdX] L=64 states=2 -> 4
[DP-fwdX] L=80 states=7 -> 9
[DP-bwdX] L=96 states=5 -> 7
[DP-fwdX] L=80 states=7 -> 9
[DP-bwdX] L=80 states=3 -> 7
[DP-bwdX] L=80 states=3 -> 7
[DP-bwdX] L=96 states=5 -> 7
[DP-bwdX] L=96 states=1 -> 3
[DP-bwdX] L=96 states=1 -> 3
[DP-fwdX] L=96 states=1 -> 2
[DP-fwdX] L=96 states=1 -> 2
  [Round 47] T_prime=16  T_target=13  HPWL_w=1070276  HPWL_eq=928  maxL=18  WNS(T')=-2  WNS*(T)=-5  picked=12  solve_ms=111.128
[OC-Shortest/pow2] m=10 h=10 SEG=4 bits=40 words=1 threads=24
[DP-fwdX] L=0 states=1 -> 1
[DP-fwdX] L=16 states=193 -> 237
[DP-fwdX] L=32 states=2293 -> 2517
[DP-fwdX] L=48 states=5392 -> 5424
[DP-bwdX] L=96 states=5 -> 7
[DP-bwdX] L=80 states=433 -> 515
[DP-bwdX] L=64 states=3246 -> 3481
[DP-fwdX] L=0 states=1 -> 1
[DP-fwdX] L=16 states=193 -> 237
[DP-bwdX] L=48 states=2 -> 3
[DP-bwdX] L=32 states=103 -> 111
[DP-fwdX] L=0 states=1 -> 1
[DP-bwdX] L=16 states=18 -> 18
[DP-fwdX] L=0 states=1 -> 1
[DP-fwdX] L=0 states=1 -> 1
[DP-fwdX] L=0 states=1 -> 1
[DP-fwdX] L=16 states=17 -> 27
[DP-bwdX] L=16 states=2 -> 2
[DP-fwdX] L=16 states=1 -> 2
[DP-fwdX] L=32 states=41 -> 57
[DP-bwdX] L=48 states=2 -> 3
[DP-bwdX] L=32 states=14 -> 18
[DP-fwdX] L=32 states=2 -> 3
[DP-fwdX] L=32 states=1 -> 2
[DP-bwdX] L=48 states=2 -> 3
[DP-bwdX] L=48 states=2 -> 3
[DP-bwdX] L=48 states=1 -> 2
[DP-fwdX] L=48 states=1 -> 2
[DP-fwdX] L=64 states=63 -> 72
[DP-bwdX] L=96 states=5 -> 7
[DP-bwdX] L=80 states=433 -> 515
[DP-bwdX] L=64 states=134 -> 169
[DP-fwdX] L=64 states=4 -> 6
[DP-fwdX] L=64 states=4 -> 6
[DP-bwdX] L=64 states=2 -> 4
[DP-fwdX] L=80 states=12 -> 14
[DP-bwdX] L=96 states=5 -> 7
[DP-fwdX] L=80 states=12 -> 14
[DP-bwdX] L=80 states=2 -> 3
[DP-bwdX] L=80 states=2 -> 3
[DP-bwdX] L=96 states=5 -> 7
[DP-bwdX] L=96 states=1 -> 3
[DP-bwdX] L=96 states=1 -> 3
[DP-fwdX] L=96 states=1 -> 2
[DP-fwdX] L=96 states=1 -> 2
  [Round 48] T_prime=16  T_target=13  HPWL_w=1073075  HPWL_eq=938  maxL=17  WNS(T')=-1  WNS*(T)=-4  picked=6  solve_ms=112.748
[OC-Shortest/pow2] m=10 h=10 SEG=4 bits=40 words=1 threads=24
[DP-fwdX] L=0 states=1 -> 1
[DP-fwdX] L=16 states=193 -> 237
[DP-fwdX] L=32 states=2293 -> 2517
[DP-fwdX] L=48 states=5392 -> 5424
[DP-bwdX] L=96 states=5 -> 7
[DP-bwdX] L=80 states=433 -> 515
[DP-bwdX] L=64 states=3246 -> 3481
[DP-fwdX] L=0 states=1 -> 1
[DP-fwdX] L=16 states=193 -> 237
[DP-bwdX] L=48 states=2 -> 3
[DP-bwdX] L=32 states=103 -> 111
[DP-fwdX] L=0 states=1 -> 1
[DP-bwdX] L=16 states=18 -> 18
[DP-fwdX] L=0 states=1 -> 1
[DP-fwdX] L=0 states=1 -> 1
[DP-fwdX] L=0 states=1 -> 1
[DP-fwdX] L=16 states=17 -> 27
[DP-bwdX] L=16 states=3 -> 3
[DP-fwdX] L=16 states=1 -> 2
[DP-fwdX] L=32 states=41 -> 57
[DP-bwdX] L=48 states=2 -> 3
[DP-bwdX] L=32 states=14 -> 18
[DP-fwdX] L=32 states=2 -> 3
[DP-fwdX] L=32 states=1 -> 2
[DP-bwdX] L=48 states=2 -> 3
[DP-bwdX] L=48 states=2 -> 3
[DP-bwdX] L=48 states=1 -> 2
[DP-fwdX] L=48 states=1 -> 2
[DP-fwdX] L=64 states=63 -> 72
[DP-bwdX] L=96 states=5 -> 7
[DP-bwdX] L=80 states=433 -> 515
[DP-bwdX] L=64 states=134 -> 169
[DP-fwdX] L=64 states=4 -> 6
[DP-fwdX] L=64 states=4 -> 6
[DP-bwdX] L=64 states=2 -> 4
[DP-fwdX] L=80 states=12 -> 14
[DP-bwdX] L=96 states=5 -> 7
[DP-fwdX] L=80 states=12 -> 14
[DP-bwdX] L=80 states=2 -> 3
[DP-bwdX] L=80 states=2 -> 3
[DP-bwdX] L=96 states=5 -> 7
[DP-bwdX] L=96 states=1 -> 3
[DP-bwdX] L=96 states=1 -> 3
[DP-fwdX] L=96 states=1 -> 2
[DP-fwdX] L=96 states=1 -> 2
  [Round 49] T_prime=16  T_target=13  HPWL_w=1075778  HPWL_eq=938  maxL=17  WNS(T')=-1  WNS*(T)=-4  picked=6  solve_ms=122.634
[OC-Shortest/pow2] m=10 h=10 SEG=4 bits=40 words=1 threads=24
[DP-fwdX] L=0 states=1 -> 1
[DP-fwdX] L=16 states=193 -> 237
[DP-fwdX] L=32 states=2293 -> 2517
[DP-fwdX] L=48 states=5392 -> 5424
[DP-bwdX] L=96 states=5 -> 7
[DP-bwdX] L=80 states=433 -> 515
[DP-bwdX] L=64 states=3246 -> 3481
[DP-fwdX] L=0 states=1 -> 1
[DP-fwdX] L=16 states=193 -> 237
[DP-bwdX] L=48 states=2 -> 3
[DP-bwdX] L=32 states=103 -> 111
[DP-fwdX] L=0 states=1 -> 1
[DP-bwdX] L=16 states=18 -> 18
[DP-fwdX] L=0 states=1 -> 1
[DP-fwdX] L=0 states=1 -> 1
[DP-fwdX] L=0 states=1 -> 1
[DP-fwdX] L=16 states=17 -> 27
[DP-bwdX] L=16 states=2 -> 2
[DP-fwdX] L=16 states=1 -> 2
[DP-fwdX] L=32 states=41 -> 57
[DP-bwdX] L=48 states=2 -> 3
[DP-bwdX] L=32 states=14 -> 18
[DP-fwdX] L=32 states=2 -> 3
[DP-fwdX] L=32 states=1 -> 2
[DP-bwdX] L=48 states=2 -> 3
[DP-bwdX] L=48 states=2 -> 3
[DP-bwdX] L=48 states=1 -> 2
[DP-fwdX] L=48 states=1 -> 2
[DP-fwdX] L=64 states=63 -> 72
[DP-bwdX] L=96 states=5 -> 7
[DP-bwdX] L=80 states=433 -> 515
[DP-bwdX] L=64 states=134 -> 169
[DP-fwdX] L=64 states=4 -> 6
[DP-fwdX] L=64 states=4 -> 6
[DP-bwdX] L=64 states=2 -> 4
[DP-fwdX] L=80 states=12 -> 14
[DP-bwdX] L=96 states=5 -> 7
[DP-fwdX] L=80 states=12 -> 14
[DP-bwdX] L=80 states=2 -> 3
[DP-bwdX] L=80 states=2 -> 3
[DP-bwdX] L=96 states=5 -> 7
[DP-bwdX] L=96 states=1 -> 3
[DP-bwdX] L=96 states=1 -> 3
[DP-fwdX] L=96 states=1 -> 2
[DP-fwdX] L=96 states=1 -> 2
  [Round 50] T_prime=16  T_target=13  HPWL_w=1076320  HPWL_eq=938  maxL=17  WNS(T')=-1  WNS*(T)=-4  picked=6  solve_ms=115.22
[OC-Shortest/pow2] m=10 h=10 SEG=4 bits=40 words=1 threads=24
[DP-fwdX] L=0 states=1 -> 1
[DP-fwdX] L=16 states=193 -> 237
[DP-fwdX] L=32 states=2293 -> 2517
[DP-fwdX] L=48 states=5392 -> 5424
[DP-bwdX] L=96 states=5 -> 7
[DP-bwdX] L=80 states=433 -> 515
[DP-bwdX] L=64 states=3246 -> 3481
[DP-fwdX] L=0 states=1 -> 1
[DP-fwdX] L=16 states=193 -> 237
[DP-bwdX] L=48 states=2 -> 3
[DP-bwdX] L=32 states=103 -> 111
[DP-fwdX] L=0 states=1 -> 1
[DP-bwdX] L=16 states=18 -> 18
[DP-fwdX] L=0 states=1 -> 1
[DP-fwdX] L=0 states=1 -> 1
[DP-fwdX] L=0 states=1 -> 1
[DP-fwdX] L=16 states=17 -> 27
[DP-bwdX] L=16 states=3 -> 3
[DP-fwdX] L=16 states=1 -> 2
[DP-fwdX] L=32 states=41 -> 57
[DP-bwdX] L=48 states=2 -> 3
[DP-bwdX] L=32 states=14 -> 18
[DP-fwdX] L=32 states=2 -> 3
[DP-fwdX] L=32 states=1 -> 2
[DP-bwdX] L=48 states=2 -> 3
[DP-bwdX] L=48 states=2 -> 3
[DP-bwdX] L=48 states=1 -> 2
[DP-fwdX] L=48 states=1 -> 2
[DP-fwdX] L=64 states=63 -> 72
[DP-bwdX] L=96 states=5 -> 7
[DP-bwdX] L=80 states=433 -> 515
[DP-bwdX] L=64 states=134 -> 169
[DP-fwdX] L=64 states=4 -> 6
[DP-fwdX] L=64 states=4 -> 6
[DP-bwdX] L=64 states=2 -> 4
[DP-fwdX] L=80 states=12 -> 14
[DP-bwdX] L=96 states=5 -> 7
[DP-fwdX] L=80 states=12 -> 14
[DP-bwdX] L=80 states=2 -> 3
[DP-bwdX] L=80 states=2 -> 3
[DP-bwdX] L=96 states=5 -> 7
[DP-bwdX] L=96 states=1 -> 3
[DP-bwdX] L=96 states=1 -> 3
[DP-fwdX] L=96 states=1 -> 2
[DP-fwdX] L=96 states=1 -> 2
  [Round 51] T_prime=16  T_target=13  HPWL_w=1078533  HPWL_eq=938  maxL=17  WNS(T')=-1  WNS*(T)=-4  picked=6  solve_ms=124.617
[OC-Shortest/pow2] m=10 h=10 SEG=4 bits=40 words=1 threads=24
[DP-fwdX] L=0 states=1 -> 1
[DP-fwdX] L=16 states=193 -> 237
[DP-fwdX] L=32 states=2293 -> 2517
[DP-fwdX] L=48 states=5392 -> 5424
[DP-bwdX] L=96 states=5 -> 7
[DP-bwdX] L=80 states=433 -> 515
[DP-bwdX] L=64 states=3246 -> 3481
[DP-fwdX] L=0 states=1 -> 1
[DP-fwdX] L=16 states=193 -> 237
[DP-bwdX] L=48 states=2 -> 3
[DP-bwdX] L=32 states=103 -> 111
[DP-fwdX] L=0 states=1 -> 1
[DP-bwdX] L=16 states=14 -> 15
[DP-fwdX] L=0 states=1 -> 1
[DP-fwdX] L=0 states=1 -> 1
[DP-fwdX] L=0 states=1 -> 1
[DP-fwdX] L=16 states=17 -> 27
[DP-bwdX] L=16 states=2 -> 3
[DP-fwdX] L=16 states=1 -> 3
[DP-fwdX] L=32 states=66 -> 95
[DP-bwdX] L=48 states=2 -> 3
[DP-bwdX] L=32 states=14 -> 18
[DP-fwdX] L=32 states=2 -> 3
[DP-fwdX] L=32 states=1 -> 2
[DP-bwdX] L=48 states=2 -> 3
[DP-bwdX] L=48 states=2 -> 3
[DP-bwdX] L=48 states=1 -> 2
[DP-fwdX] L=48 states=1 -> 2
[DP-fwdX] L=64 states=63 -> 72
[DP-bwdX] L=96 states=5 -> 7
[DP-bwdX] L=80 states=433 -> 515
[DP-bwdX] L=64 states=134 -> 169
[DP-fwdX] L=64 states=4 -> 6
[DP-fwdX] L=64 states=4 -> 6
[DP-bwdX] L=64 states=2 -> 4
[DP-fwdX] L=80 states=12 -> 14
[DP-bwdX] L=96 states=5 -> 7
[DP-fwdX] L=80 states=12 -> 14
[DP-bwdX] L=80 states=2 -> 3
[DP-bwdX] L=80 states=2 -> 3
[DP-bwdX] L=96 states=5 -> 7
[DP-bwdX] L=96 states=1 -> 3
[DP-bwdX] L=96 states=1 -> 3
[DP-fwdX] L=96 states=1 -> 2
[DP-fwdX] L=96 states=1 -> 2
  [Round 52] T_prime=16  T_target=13  HPWL_w=1079028  HPWL_eq=933  maxL=18  WNS(T')=-2  WNS*(T)=-5  picked=9  solve_ms=176.176
[OC-Shortest/pow2] m=10 h=10 SEG=4 bits=40 words=1 threads=24
[DP-fwdX] L=0 states=1 -> 1
[DP-fwdX] L=16 states=193 -> 237
[DP-fwdX] L=32 states=2293 -> 2517
[DP-fwdX] L=48 states=5392 -> 5424
[DP-bwdX] L=96 states=5 -> 7
[DP-bwdX] L=80 states=433 -> 515
[DP-bwdX] L=64 states=3246 -> 3481
[DP-fwdX] L=0 states=1 -> 1
[DP-fwdX] L=16 states=193 -> 237
[DP-bwdX] L=48 states=2 -> 3
[DP-bwdX] L=32 states=103 -> 111
[DP-fwdX] L=0 states=1 -> 1
[DP-bwdX] L=16 states=18 -> 18
[DP-fwdX] L=0 states=1 -> 1
[DP-fwdX] L=0 states=1 -> 1
[DP-fwdX] L=0 states=1 -> 1
[DP-fwdX] L=16 states=17 -> 27
[DP-bwdX] L=16 states=3 -> 3
[DP-fwdX] L=16 states=1 -> 2
[DP-fwdX] L=32 states=41 -> 57
[DP-bwdX] L=48 states=2 -> 3
[DP-bwdX] L=32 states=14 -> 18
[DP-fwdX] L=32 states=2 -> 3
[DP-fwdX] L=32 states=1 -> 2
[DP-bwdX] L=48 states=2 -> 3
[DP-bwdX] L=48 states=2 -> 3
[DP-bwdX] L=48 states=1 -> 2
[DP-fwdX] L=48 states=1 -> 2
[DP-fwdX] L=64 states=63 -> 72
[DP-bwdX] L=96 states=5 -> 7
[DP-bwdX] L=80 states=433 -> 515
[DP-bwdX] L=64 states=134 -> 169
[DP-fwdX] L=64 states=4 -> 6
[DP-fwdX] L=64 states=4 -> 6
[DP-bwdX] L=64 states=2 -> 4
[DP-fwdX] L=80 states=12 -> 14
[DP-bwdX] L=96 states=5 -> 7
[DP-fwdX] L=80 states=12 -> 14
[DP-bwdX] L=80 states=2 -> 3
[DP-bwdX] L=80 states=2 -> 3
[DP-bwdX] L=96 states=5 -> 7
[DP-bwdX] L=96 states=1 -> 3
[DP-bwdX] L=96 states=1 -> 3
[DP-fwdX] L=96 states=1 -> 2
[DP-fwdX] L=96 states=1 -> 2
  [Round 53] T_prime=16  T_target=13  HPWL_w=1082055  HPWL_eq=938  maxL=17  WNS(T')=-1  WNS*(T)=-4  picked=6  solve_ms=111.153
[OC-Shortest/pow2] m=10 h=10 SEG=4 bits=40 words=1 threads=24
[DP-fwdX] L=0 states=1 -> 1
[DP-fwdX] L=16 states=193 -> 237
[DP-fwdX] L=32 states=2293 -> 2517
[DP-fwdX] L=48 states=5392 -> 5424
[DP-bwdX] L=96 states=5 -> 7
[DP-bwdX] L=80 states=433 -> 515
[DP-bwdX] L=64 states=3246 -> 3481
[DP-fwdX] L=0 states=1 -> 1
[DP-fwdX] L=16 states=193 -> 237
[DP-bwdX] L=48 states=2 -> 3
[DP-bwdX] L=32 states=103 -> 111
[DP-fwdX] L=0 states=1 -> 1
[DP-bwdX] L=16 states=18 -> 18
[DP-fwdX] L=0 states=1 -> 1
[DP-fwdX] L=0 states=1 -> 1
[DP-fwdX] L=0 states=1 -> 1
[DP-fwdX] L=16 states=17 -> 27
[DP-bwdX] L=16 states=2 -> 2
[DP-fwdX] L=16 states=1 -> 2
[DP-fwdX] L=32 states=41 -> 57
[DP-bwdX] L=48 states=2 -> 3
[DP-bwdX] L=32 states=14 -> 18
[DP-fwdX] L=32 states=2 -> 3
[DP-fwdX] L=32 states=1 -> 2
[DP-bwdX] L=48 states=2 -> 3
[DP-bwdX] L=48 states=2 -> 3
[DP-bwdX] L=48 states=1 -> 2
[DP-fwdX] L=48 states=1 -> 2
[DP-fwdX] L=64 states=63 -> 72
[DP-bwdX] L=96 states=5 -> 7
[DP-bwdX] L=80 states=433 -> 515
[DP-bwdX] L=64 states=233 -> 301
[DP-fwdX] L=64 states=4 -> 6
[DP-fwdX] L=64 states=4 -> 6
[DP-bwdX] L=64 states=2 -> 4
[DP-fwdX] L=80 states=11 -> 13
[DP-bwdX] L=96 states=5 -> 7
[DP-fwdX] L=80 states=11 -> 13
[DP-bwdX] L=80 states=3 -> 7
[DP-bwdX] L=80 states=3 -> 7
[DP-bwdX] L=96 states=5 -> 7
[DP-bwdX] L=96 states=1 -> 3
[DP-bwdX] L=96 states=1 -> 3
[DP-fwdX] L=96 states=1 -> 2
[DP-fwdX] L=96 states=1 -> 2
  [Round 54] T_prime=16  T_target=13  HPWL_w=1083259  HPWL_eq=933  maxL=18  WNS(T')=-2  WNS*(T)=-5  picked=9  solve_ms=111.889
[OC-Shortest/pow2] m=10 h=10 SEG=4 bits=40 words=1 threads=24
[DP-fwdX] L=0 states=1 -> 1
[DP-fwdX] L=16 states=193 -> 237
[DP-fwdX] L=32 states=2293 -> 2517
[DP-fwdX] L=48 states=5392 -> 5424
[DP-bwdX] L=96 states=5 -> 7
[DP-bwdX] L=80 states=433 -> 515
[DP-bwdX] L=64 states=3246 -> 3481
[DP-fwdX] L=0 states=1 -> 1
[DP-fwdX] L=16 states=193 -> 237
[DP-bwdX] L=48 states=2 -> 3
[DP-bwdX] L=32 states=103 -> 111
[DP-fwdX] L=0 states=1 -> 1
[DP-bwdX] L=16 states=18 -> 18
[DP-fwdX] L=0 states=1 -> 1
[DP-fwdX] L=0 states=1 -> 1
[DP-fwdX] L=0 states=1 -> 1
[DP-fwdX] L=16 states=17 -> 27
[DP-bwdX] L=16 states=2 -> 3
[DP-fwdX] L=16 states=1 -> 3
[DP-fwdX] L=32 states=66 -> 94
[DP-bwdX] L=48 states=2 -> 3
[DP-bwdX] L=32 states=14 -> 18
[DP-fwdX] L=32 states=2 -> 3
[DP-fwdX] L=32 states=1 -> 2
[DP-bwdX] L=48 states=2 -> 3
[DP-bwdX] L=48 states=2 -> 3
[DP-bwdX] L=48 states=1 -> 2
[DP-fwdX] L=48 states=1 -> 2
[DP-fwdX] L=64 states=63 -> 72
[DP-bwdX] L=96 states=5 -> 7
[DP-bwdX] L=80 states=433 -> 515
[DP-bwdX] L=64 states=240 -> 312
[DP-fwdX] L=64 states=4 -> 6
[DP-fwdX] L=64 states=4 -> 6
[DP-bwdX] L=64 states=2 -> 4
[DP-fwdX] L=80 states=7 -> 9
[DP-bwdX] L=96 states=5 -> 7
[DP-fwdX] L=80 states=7 -> 9
[DP-bwdX] L=80 states=3 -> 7
[DP-bwdX] L=80 states=3 -> 7
[DP-bwdX] L=96 states=5 -> 7
[DP-bwdX] L=96 states=1 -> 2
[DP-bwdX] L=96 states=1 -> 2
[DP-fwdX] L=96 states=1 -> 1
[DP-fwdX] L=96 states=1 -> 1
  [Round 55] T_prime=16  T_target=13  HPWL_w=1084960  HPWL_eq=930  maxL=18  WNS(T')=-2  WNS*(T)=-5  picked=12  solve_ms=115.246
[OC-Shortest/pow2] m=10 h=10 SEG=4 bits=40 words=1 threads=24
[DP-fwdX] L=0 states=1 -> 1
[DP-fwdX] L=16 states=193 -> 237
[DP-fwdX] L=32 states=2293 -> 2517
[DP-fwdX] L=48 states=5392 -> 5424
[DP-bwdX] L=96 states=5 -> 7
[DP-bwdX] L=80 states=433 -> 515
[DP-bwdX] L=64 states=3246 -> 3481
[DP-fwdX] L=0 states=1 -> 1
[DP-fwdX] L=16 states=193 -> 237
[DP-bwdX] L=48 states=2 -> 3
[DP-bwdX] L=32 states=103 -> 111
[DP-fwdX] L=0 states=1 -> 1
[DP-bwdX] L=16 states=18 -> 18
[DP-fwdX] L=0 states=1 -> 1
[DP-fwdX] L=0 states=1 -> 1
[DP-fwdX] L=0 states=1 -> 1
[DP-fwdX] L=16 states=17 -> 27
[DP-bwdX] L=16 states=2 -> 2
[DP-fwdX] L=16 states=1 -> 2
[DP-fwdX] L=32 states=41 -> 57
[DP-bwdX] L=48 states=2 -> 3
[DP-bwdX] L=32 states=14 -> 18
[DP-fwdX] L=32 states=2 -> 3
[DP-fwdX] L=32 states=1 -> 2
[DP-bwdX] L=48 states=2 -> 3
[DP-bwdX] L=48 states=2 -> 3
[DP-bwdX] L=48 states=1 -> 2
[DP-fwdX] L=48 states=1 -> 2
[DP-fwdX] L=64 states=63 -> 72
[DP-bwdX] L=96 states=5 -> 7
[DP-bwdX] L=80 states=433 -> 515
[DP-bwdX] L=64 states=134 -> 169
[DP-fwdX] L=64 states=4 -> 6
[DP-fwdX] L=64 states=4 -> 6
[DP-bwdX] L=64 states=2 -> 4
[DP-fwdX] L=80 states=12 -> 14
[DP-bwdX] L=96 states=5 -> 7
[DP-fwdX] L=80 states=12 -> 14
[DP-bwdX] L=80 states=2 -> 3
[DP-bwdX] L=80 states=2 -> 3
[DP-bwdX] L=96 states=5 -> 7
[DP-bwdX] L=96 states=1 -> 2
[DP-bwdX] L=96 states=1 -> 2
[DP-fwdX] L=96 states=1 -> 1
[DP-fwdX] L=96 states=1 -> 1
  [Round 56] T_prime=16  T_target=13  HPWL_w=1088658  HPWL_eq=940  maxL=17  WNS(T')=-1  WNS*(T)=-4  picked=3  solve_ms=114.188
[OC-Shortest/pow2] m=10 h=10 SEG=4 bits=40 words=1 threads=24
[DP-fwdX] L=0 states=1 -> 1
[DP-fwdX] L=16 states=193 -> 237
[DP-fwdX] L=32 states=2293 -> 2517
[DP-fwdX] L=48 states=5392 -> 5424
[DP-bwdX] L=96 states=5 -> 7
[DP-bwdX] L=80 states=433 -> 515
[DP-bwdX] L=64 states=3246 -> 3481
[DP-fwdX] L=0 states=1 -> 1
[DP-fwdX] L=16 states=193 -> 237
[DP-bwdX] L=48 states=2 -> 3
[DP-bwdX] L=32 states=103 -> 111
[DP-fwdX] L=0 states=1 -> 1
[DP-bwdX] L=16 states=14 -> 15
[DP-fwdX] L=0 states=1 -> 1
[DP-fwdX] L=0 states=1 -> 1
[DP-fwdX] L=0 states=1 -> 1
[DP-fwdX] L=16 states=17 -> 27
[DP-bwdX] L=16 states=2 -> 3
[DP-fwdX] L=16 states=1 -> 3
[DP-fwdX] L=32 states=66 -> 95
[DP-bwdX] L=48 states=2 -> 3
[DP-bwdX] L=32 states=14 -> 18
[DP-fwdX] L=32 states=2 -> 3
[DP-fwdX] L=32 states=1 -> 2
[DP-bwdX] L=48 states=2 -> 3
[DP-bwdX] L=48 states=2 -> 3
[DP-bwdX] L=48 states=1 -> 2
[DP-fwdX] L=48 states=1 -> 2
[DP-fwdX] L=64 states=63 -> 72
[DP-bwdX] L=96 states=5 -> 7
[DP-bwdX] L=80 states=433 -> 515
[DP-bwdX] L=64 states=134 -> 169
[DP-fwdX] L=64 states=4 -> 6
[DP-fwdX] L=64 states=4 -> 6
[DP-bwdX] L=64 states=2 -> 4
[DP-fwdX] L=80 states=12 -> 14
[DP-bwdX] L=96 states=5 -> 7
[DP-fwdX] L=80 states=12 -> 14
[DP-bwdX] L=80 states=2 -> 3
[DP-bwdX] L=80 states=2 -> 3
[DP-bwdX] L=96 states=5 -> 7
[DP-bwdX] L=96 states=1 -> 2
[DP-bwdX] L=96 states=1 -> 2
[DP-fwdX] L=96 states=1 -> 1
[DP-fwdX] L=96 states=1 -> 1
  [Round 57] T_prime=16  T_target=13  HPWL_w=1090233  HPWL_eq=935  maxL=18  WNS(T')=-2  WNS*(T)=-5  picked=6  solve_ms=124.813
[OC-Shortest/pow2] m=10 h=10 SEG=4 bits=40 words=1 threads=24
[DP-fwdX] L=0 states=1 -> 1
[DP-fwdX] L=16 states=193 -> 237
[DP-fwdX] L=32 states=2293 -> 2517
[DP-fwdX] L=48 states=5392 -> 5424
[DP-bwdX] L=96 states=5 -> 7
[DP-bwdX] L=80 states=433 -> 515
[DP-bwdX] L=64 states=3246 -> 3481
[DP-fwdX] L=0 states=1 -> 1
[DP-fwdX] L=16 states=193 -> 237
