+ build/oc_policy_singlecol 12 8 120 --T=12 --policy=lagrange --freeze=1 --rho=0.3 --cap=64 --scale=1000 --dV=1 --pow2=1 --progress=1
[Policy] m=12 h=8 rounds=120 T_target=12 policy=lagrange+freeze cap=64 scale=1000 freeze=1 homotopy=1 sigma=0.8 shrink=0.9
[OC-Shortest/pow2] m=12 h=8 SEG=4 bits=48 words=1 threads=24
[DP-fwdX] L=0 states=1 -> 1
[DP-fwdX] L=16 states=179 -> 218
[DP-fwdX] L=32 states=1870 -> 2034
[DP-bwdX] L=96 states=1 -> 1
[DP-bwdX] L=80 states=179 -> 218
[DP-bwdX] L=64 states=1870 -> 2034
[DP-fwdX] L=0 states=1 -> 1
[DP-fwdX] L=16 states=179 -> 218
[DP-bwdX] L=48 states=1 -> 1
[DP-bwdX] L=32 states=94 -> 103
[DP-fwdX] L=0 states=1 -> 1
[DP-bwdX] L=16 states=10 -> 11
[DP-fwdX] L=0 states=1 -> 1
[DP-fwdX] L=0 states=1 -> 1
[DP-fwdX] L=0 states=1 -> 1
[DP-fwdX] L=16 states=19 -> 31
[DP-bwdX] L=16 states=4 -> 6
[DP-fwdX] L=16 states=1 -> 3
[DP-fwdX] L=32 states=22 -> 29
[DP-bwdX] L=48 states=1 -> 1
[DP-bwdX] L=32 states=12 -> 16
[DP-fwdX] L=32 states=4 -> 6
[DP-bwdX] L=32 states=2 -> 3
[DP-bwdX] L=48 states=1 -> 1
[DP-bwdX] L=48 states=1 -> 1
[DP-bwdX] L=48 states=1 -> 1
[DP-bwdX] L=48 states=1 -> 1
[DP-fwdX] L=48 states=1 -> 1
[DP-fwdX] L=64 states=94 -> 103
[DP-bwdX] L=96 states=1 -> 1
[DP-bwdX] L=80 states=179 -> 218
[DP-fwdX] L=48 states=1 -> 1
[DP-bwdX] L=64 states=22 -> 29
[DP-fwdX] L=48 states=1 -> 1
[DP-fwdX] L=48 states=1 -> 1
[DP-fwdX] L=48 states=1 -> 1
[DP-fwdX] L=64 states=12 -> 16
[DP-bwdX] L=64 states=4 -> 6
[DP-fwdX] L=64 states=1 -> 1
[DP-fwdX] L=80 states=10 -> 11
[DP-bwdX] L=96 states=1 -> 1
[DP-bwdX] L=80 states=19 -> 31
[DP-fwdX] L=80 states=2 -> 3
[DP-bwdX] L=80 states=2 -> 5
[DP-bwdX] L=96 states=1 -> 1
[DP-bwdX] L=96 states=1 -> 1
[DP-bwdX] L=96 states=1 -> 1
[DP-bwdX] L=96 states=1 -> 1
[Init-Homotopy] round1 maxL=20  set T_prime0=16 (T_target=12)
  [Round 1] T_prime=16  T_target=12  HPWL_w=756000  HPWL_eq=756  maxL=20  WNS(T')=-4  WNS*(T)=-8  picked=6  solve_ms=84.6077
[OC-Shortest/pow2] m=12 h=8 SEG=4 bits=48 words=1 threads=24
[DP-fwdX] L=0 states=1 -> 1
[DP-fwdX] L=16 states=179 -> 218
[DP-fwdX] L=32 states=1870 -> 2034
[DP-bwdX] L=96 states=1 -> 1
[DP-bwdX] L=80 states=179 -> 218
[DP-bwdX] L=64 states=1870 -> 2034
[DP-fwdX] L=0 states=1 -> 1
[DP-fwdX] L=16 states=179 -> 218
[DP-bwdX] L=48 states=1 -> 1
[DP-bwdX] L=32 states=94 -> 103
[DP-fwdX] L=0 states=1 -> 1
[DP-bwdX] L=16 states=32 -> 31
[DP-fwdX] L=0 states=1 -> 1
[DP-fwdX] L=0 states=1 -> 1
[DP-fwdX] L=0 states=1 -> 1
[DP-fwdX] L=16 states=19 -> 32
[DP-bwdX] L=16 states=4 -> 5
[DP-fwdX] L=16 states=1 -> 2
[DP-fwdX] L=32 states=150 -> 204
[DP-bwdX] L=48 states=1 -> 1
[DP-bwdX] L=32 states=12 -> 16
[DP-fwdX] L=32 states=4 -> 6
[DP-bwdX] L=32 states=2 -> 3
[DP-bwdX] L=48 states=1 -> 1
[DP-bwdX] L=48 states=1 -> 1
[DP-bwdX] L=48 states=1 -> 1
[DP-bwdX] L=48 states=1 -> 1
[DP-fwdX] L=48 states=1 -> 1
[DP-fwdX] L=64 states=94 -> 103
[DP-bwdX] L=96 states=1 -> 1
[DP-bwdX] L=80 states=179 -> 218
[DP-fwdX] L=48 states=1 -> 1
[DP-bwdX] L=64 states=163 -> 226
[DP-fwdX] L=48 states=1 -> 1
[DP-fwdX] L=48 states=1 -> 1
[DP-fwdX] L=48 states=1 -> 1
[DP-fwdX] L=64 states=12 -> 16
[DP-bwdX] L=64 states=4 -> 6
[DP-fwdX] L=64 states=1 -> 1
[DP-fwdX] L=80 states=21 -> 22
[DP-bwdX] L=96 states=1 -> 1
[DP-bwdX] L=80 states=19 -> 32
[DP-fwdX] L=80 states=4 -> 5
[DP-bwdX] L=80 states=3 -> 7
[DP-bwdX] L=96 states=1 -> 1
[DP-bwdX] L=96 states=1 -> 1
[DP-bwdX] L=96 states=1 -> 1
[DP-bwdX] L=96 states=1 -> 1
  [Round 2] T_prime=16  T_target=12  HPWL_w=780800  HPWL_eq=776  maxL=27  WNS(T')=-11  WNS*(T)=-15  picked=9  solve_ms=87.1423
[OC-Shortest/pow2] m=12 h=8 SEG=4 bits=48 words=1 threads=24
[DP-fwdX] L=0 states=1 -> 1
[DP-fwdX] L=16 states=179 -> 218
[DP-fwdX] L=32 states=1870 -> 2034
[DP-bwdX] L=96 states=1 -> 1
[DP-bwdX] L=80 states=179 -> 218
[DP-bwdX] L=64 states=1870 -> 2034
[DP-fwdX] L=0 states=1 -> 1
[DP-fwdX] L=16 states=179 -> 218
[DP-bwdX] L=48 states=1 -> 1
[DP-bwdX] L=32 states=94 -> 103
[DP-fwdX] L=0 states=1 -> 1
[DP-bwdX] L=16 states=10 -> 11
[DP-fwdX] L=0 states=1 -> 1
[DP-fwdX] L=0 states=1 -> 1
[DP-fwdX] L=0 states=1 -> 1
[DP-fwdX] L=16 states=14 -> 21
[DP-bwdX] L=16 states=4 -> 5
[DP-fwdX] L=16 states=1 -> 1
[DP-fwdX] L=32 states=22 -> 29
[DP-bwdX] L=48 states=1 -> 1
[DP-bwdX] L=32 states=12 -> 16
[DP-fwdX] L=32 states=5 -> 9
[DP-bwdX] L=32 states=3 -> 6
[DP-bwdX] L=48 states=1 -> 1
[DP-bwdX] L=48 states=1 -> 1
[DP-bwdX] L=48 states=1 -> 1
[DP-bwdX] L=48 states=1 -> 1
[DP-fwdX] L=48 states=1 -> 1
[DP-fwdX] L=64 states=94 -> 103
[DP-bwdX] L=96 states=1 -> 1
[DP-bwdX] L=80 states=179 -> 218
[DP-fwdX] L=48 states=1 -> 1
[DP-bwdX] L=64 states=281 -> 396
[DP-fwdX] L=48 states=1 -> 1
[DP-fwdX] L=48 states=1 -> 1
[DP-fwdX] L=48 states=1 -> 1
[DP-fwdX] L=64 states=12 -> 16
[DP-bwdX] L=64 states=8 -> 15
[DP-fwdX] L=64 states=1 -> 2
[DP-fwdX] L=80 states=28 -> 29
[DP-bwdX] L=96 states=1 -> 1
[DP-bwdX] L=80 states=30 -> 50
[DP-fwdX] L=80 states=4 -> 6
[DP-bwdX] L=80 states=2 -> 5
[DP-bwdX] L=96 states=1 -> 1
[DP-bwdX] L=96 states=1 -> 1
[DP-bwdX] L=96 states=1 -> 1
[DP-bwdX] L=96 states=1 -> 1
  [Round 3] T_prime=16  T_target=12  HPWL_w=838400  HPWL_eq=800  maxL=34  WNS(T')=-18  WNS*(T)=-22  picked=5  solve_ms=136.054
[OC-Shortest/pow2] m=12 h=8 SEG=4 bits=48 words=1 threads=24
[DP-fwdX] L=0 states=1 -> 1
[DP-fwdX] L=16 states=179 -> 218
[DP-fwdX] L=32 states=1870 -> 2034
[DP-bwdX] L=96 states=1 -> 1
[DP-bwdX] L=80 states=179 -> 218
[DP-bwdX] L=64 states=1870 -> 2034
[DP-fwdX] L=0 states=1 -> 1
[DP-fwdX] L=16 states=179 -> 218
[DP-bwdX] L=48 states=1 -> 1
[DP-bwdX] L=32 states=94 -> 103
[DP-fwdX] L=0 states=1 -> 1
[DP-bwdX] L=16 states=10 -> 11
[DP-fwdX] L=0 states=1 -> 1
[DP-fwdX] L=0 states=1 -> 1
[DP-fwdX] L=0 states=1 -> 1
[DP-fwdX] L=16 states=14 -> 21
[DP-bwdX] L=16 states=4 -> 5
[DP-fwdX] L=16 states=1 -> 1
[DP-fwdX] L=32 states=22 -> 29
[DP-bwdX] L=48 states=1 -> 1
[DP-bwdX] L=32 states=12 -> 16
[DP-fwdX] L=32 states=5 -> 9
[DP-bwdX] L=32 states=3 -> 6
[DP-bwdX] L=48 states=1 -> 1
[DP-bwdX] L=48 states=1 -> 1
[DP-bwdX] L=48 states=1 -> 1
[DP-bwdX] L=48 states=1 -> 1
[DP-fwdX] L=48 states=1 -> 1
[DP-fwdX] L=64 states=94 -> 103
[DP-bwdX] L=96 states=1 -> 1
[DP-bwdX] L=80 states=179 -> 218
[DP-fwdX] L=48 states=1 -> 1
[DP-bwdX] L=64 states=22 -> 29
[DP-fwdX] L=48 states=1 -> 1
[DP-fwdX] L=48 states=1 -> 1
[DP-fwdX] L=48 states=1 -> 1
[DP-fwdX] L=64 states=18 -> 28
[DP-bwdX] L=64 states=5 -> 9
[DP-fwdX] L=64 states=1 -> 3
[DP-fwdX] L=80 states=10 -> 11
[DP-bwdX] L=96 states=1 -> 1
[DP-bwdX] L=80 states=14 -> 21
[DP-fwdX] L=80 states=4 -> 5
[DP-bwdX] L=80 states=2 -> 3
[DP-bwdX] L=96 states=1 -> 1
[DP-bwdX] L=96 states=1 -> 1
[DP-bwdX] L=96 states=1 -> 1
[DP-bwdX] L=96 states=1 -> 1
  [Round 4] T_prime=16  T_target=12  HPWL_w=885400  HPWL_eq=805  maxL=22  WNS(T')=-6  WNS*(T)=-10  picked=6  solve_ms=83.4129
[OC-Shortest/pow2] m=12 h=8 SEG=4 bits=48 words=1 threads=24
[DP-fwdX] L=0 states=1 -> 1
[DP-fwdX] L=16 states=179 -> 218
[DP-fwdX] L=32 states=1870 -> 2034
[DP-bwdX] L=96 states=1 -> 1
[DP-bwdX] L=80 states=179 -> 218
[DP-bwdX] L=64 states=1870 -> 2034
[DP-fwdX] L=0 states=1 -> 1
[DP-fwdX] L=16 states=179 -> 218
[DP-bwdX] L=48 states=1 -> 3
[DP-bwdX] L=32 states=258 -> 269
[DP-fwdX] L=0 states=1 -> 1
[DP-bwdX] L=16 states=10 -> 11
[DP-fwdX] L=0 states=1 -> 1
[DP-fwdX] L=0 states=1 -> 1
[DP-fwdX] L=0 states=1 -> 1
[DP-fwdX] L=16 states=14 -> 21
[DP-bwdX] L=16 states=4 -> 5
[DP-fwdX] L=16 states=1 -> 1
[DP-fwdX] L=32 states=22 -> 29
[DP-bwdX] L=48 states=1 -> 3
[DP-bwdX] L=32 states=12 -> 16
[DP-fwdX] L=32 states=5 -> 9
[DP-bwdX] L=32 states=3 -> 6
[DP-bwdX] L=48 states=1 -> 3
[DP-bwdX] L=48 states=1 -> 3
[DP-bwdX] L=48 states=1 -> 3
[DP-bwdX] L=48 states=1 -> 3
[DP-fwdX] L=48 states=1 -> 3
[DP-fwdX] L=64 states=258 -> 269
[DP-bwdX] L=96 states=1 -> 1
[DP-bwdX] L=80 states=179 -> 218
[DP-fwdX] L=48 states=1 -> 3
[DP-bwdX] L=64 states=262 -> 376
[DP-fwdX] L=48 states=1 -> 3
[DP-fwdX] L=48 states=1 -> 3
[DP-fwdX] L=48 states=1 -> 3
[DP-fwdX] L=64 states=34 -> 51
[DP-bwdX] L=64 states=11 -> 26
[DP-fwdX] L=64 states=1 -> 3
[DP-fwdX] L=80 states=22 -> 23
[DP-bwdX] L=96 states=1 -> 1
[DP-bwdX] L=80 states=24 -> 40
[DP-fwdX] L=80 states=4 -> 6
[DP-bwdX] L=80 states=3 -> 7
[DP-bwdX] L=96 states=1 -> 1
[DP-bwdX] L=96 states=1 -> 1
[DP-bwdX] L=96 states=1 -> 1
[DP-bwdX] L=96 states=1 -> 1
  [Round 5] T_prime=16  T_target=12  HPWL_w=935600  HPWL_eq=875  maxL=48  WNS(T')=-32  WNS*(T)=-36  picked=6  solve_ms=94.0708
[OC-Shortest/pow2] m=12 h=8 SEG=4 bits=48 words=1 threads=24
[DP-fwdX] L=0 states=1 -> 1
[DP-fwdX] L=16 states=179 -> 218
[DP-fwdX] L=32 states=1870 -> 2034
[DP-bwdX] L=96 states=1 -> 1
[DP-bwdX] L=80 states=179 -> 218
[DP-bwdX] L=64 states=1870 -> 2034
[DP-fwdX] L=0 states=1 -> 1
[DP-fwdX] L=16 states=179 -> 218
[DP-bwdX] L=48 states=1 -> 4
[DP-bwdX] L=32 states=509 -> 510
[DP-fwdX] L=0 states=1 -> 1
[DP-bwdX] L=16 states=10 -> 11
[DP-fwdX] L=0 states=1 -> 1
[DP-fwdX] L=0 states=1 -> 1
[DP-fwdX] L=0 states=1 -> 1
[DP-fwdX] L=16 states=14 -> 21
[DP-bwdX] L=16 states=4 -> 5
[DP-fwdX] L=16 states=1 -> 1
[DP-fwdX] L=32 states=22 -> 29
[DP-bwdX] L=48 states=1 -> 4
[DP-bwdX] L=32 states=12 -> 16
[DP-fwdX] L=32 states=5 -> 9
[DP-bwdX] L=32 states=3 -> 6
[DP-bwdX] L=48 states=1 -> 4
[DP-bwdX] L=48 states=1 -> 4
[DP-bwdX] L=48 states=1 -> 4
[DP-bwdX] L=48 states=1 -> 4
[DP-fwdX] L=48 states=1 -> 4
[DP-fwdX] L=64 states=503 -> 504
[DP-bwdX] L=96 states=1 -> 1
[DP-bwdX] L=80 states=179 -> 218
[DP-fwdX] L=48 states=1 -> 4
[DP-bwdX] L=64 states=22 -> 29
[DP-fwdX] L=48 states=1 -> 4
[DP-fwdX] L=48 states=1 -> 4
[DP-fwdX] L=48 states=1 -> 4
[DP-fwdX] L=64 states=29 -> 47
[DP-bwdX] L=64 states=5 -> 9
[DP-fwdX] L=64 states=1 -> 3
[DP-fwdX] L=80 states=10 -> 11
[DP-bwdX] L=96 states=1 -> 1
[DP-bwdX] L=80 states=14 -> 21
[DP-fwdX] L=80 states=4 -> 5
[DP-bwdX] L=80 states=2 -> 3
[DP-bwdX] L=96 states=1 -> 1
[DP-bwdX] L=96 states=1 -> 1
[DP-bwdX] L=96 states=1 -> 1
[DP-bwdX] L=96 states=1 -> 1
  [Round 6] T_prime=16  T_target=12  HPWL_w=1035900  HPWL_eq=867  maxL=29  WNS(T')=-13  WNS*(T)=-17  picked=7  solve_ms=96.0669
[OC-Shortest/pow2] m=12 h=8 SEG=4 bits=48 words=1 threads=24
[DP-fwdX] L=0 states=1 -> 1
[DP-fwdX] L=16 states=179 -> 218
[DP-fwdX] L=32 states=1870 -> 2034
[DP-bwdX] L=96 states=1 -> 1
[DP-bwdX] L=80 states=179 -> 218
[DP-bwdX] L=64 states=1870 -> 2034
[DP-fwdX] L=0 states=1 -> 1
[DP-fwdX] L=16 states=179 -> 218
[DP-bwdX] L=48 states=1 -> 3
[DP-bwdX] L=32 states=502 -> 505
[DP-fwdX] L=0 states=1 -> 1
[DP-bwdX] L=16 states=10 -> 11
[DP-fwdX] L=0 states=1 -> 1
[DP-fwdX] L=0 states=1 -> 1
[DP-fwdX] L=0 states=1 -> 1
[DP-fwdX] L=16 states=14 -> 21
[DP-bwdX] L=16 states=4 -> 5
[DP-fwdX] L=16 states=1 -> 1
[DP-fwdX] L=32 states=22 -> 29
[DP-bwdX] L=48 states=1 -> 3
[DP-bwdX] L=32 states=28 -> 40
[DP-fwdX] L=32 states=5 -> 9
[DP-bwdX] L=32 states=3 -> 6
[DP-bwdX] L=48 states=1 -> 3
[DP-bwdX] L=48 states=1 -> 3
[DP-bwdX] L=48 states=1 -> 3
[DP-bwdX] L=48 states=1 -> 3
[DP-fwdX] L=48 states=1 -> 3
[DP-fwdX] L=64 states=670 -> 675
[DP-bwdX] L=96 states=1 -> 1
[DP-bwdX] L=80 states=179 -> 218
[DP-fwdX] L=48 states=1 -> 3
[DP-bwdX] L=64 states=93 -> 126
[DP-fwdX] L=48 states=1 -> 3
[DP-fwdX] L=48 states=1 -> 3
[DP-fwdX] L=48 states=1 -> 3
[DP-fwdX] L=64 states=50 -> 82
[DP-bwdX] L=64 states=5 -> 9
[DP-fwdX] L=64 states=1 -> 3
[DP-fwdX] L=80 states=39 -> 41
[DP-bwdX] L=96 states=1 -> 1
[DP-bwdX] L=80 states=14 -> 21
[DP-fwdX] L=80 states=4 -> 5
[DP-bwdX] L=80 states=2 -> 3
[DP-bwdX] L=96 states=1 -> 1
[DP-bwdX] L=96 states=1 -> 1
[DP-bwdX] L=96 states=1 -> 1
[DP-bwdX] L=96 states=1 -> 1
  [Round 7] T_prime=16  T_target=12  HPWL_w=1108600  HPWL_eq=961  maxL=46  WNS(T')=-30  WNS*(T)=-34  picked=12  solve_ms=99.5126
[OC-Shortest/pow2] m=12 h=8 SEG=4 bits=48 words=1 threads=24
[DP-fwdX] L=0 states=1 -> 1
[DP-fwdX] L=16 states=179 -> 218
[DP-fwdX] L=32 states=1870 -> 2034
[DP-bwdX] L=96 states=1 -> 1
[DP-bwdX] L=80 states=179 -> 218
[DP-bwdX] L=64 states=1870 -> 2034
[DP-fwdX] L=0 states=1 -> 1
[DP-fwdX] L=16 states=179 -> 218
[DP-bwdX] L=48 states=1 -> 1
[DP-bwdX] L=32 states=94 -> 103
[DP-fwdX] L=0 states=1 -> 1
[DP-bwdX] L=16 states=16 -> 18
[DP-fwdX] L=0 states=1 -> 1
[DP-fwdX] L=0 states=1 -> 1
[DP-fwdX] L=0 states=1 -> 1
[DP-fwdX] L=16 states=30 -> 50
[DP-bwdX] L=16 states=4 -> 6
[DP-fwdX] L=16 states=1 -> 3
[DP-fwdX] L=32 states=197 -> 283
[DP-bwdX] L=48 states=1 -> 1
[DP-bwdX] L=32 states=32 -> 47
[DP-fwdX] L=32 states=7 -> 14
[DP-bwdX] L=32 states=4 -> 10
[DP-bwdX] L=48 states=1 -> 1
[DP-bwdX] L=48 states=1 -> 1
[DP-bwdX] L=48 states=1 -> 1
[DP-bwdX] L=48 states=1 -> 1
[DP-fwdX] L=48 states=1 -> 1
[DP-fwdX] L=64 states=94 -> 103
[DP-bwdX] L=96 states=1 -> 1
[DP-bwdX] L=80 states=179 -> 218
[DP-fwdX] L=48 states=1 -> 1
[DP-bwdX] L=64 states=327 -> 470
[DP-fwdX] L=48 states=1 -> 1
[DP-fwdX] L=48 states=1 -> 1
[DP-fwdX] L=48 states=1 -> 1
[DP-fwdX] L=64 states=27 -> 40
[DP-bwdX] L=64 states=9 -> 20
[DP-fwdX] L=64 states=1 -> 3
[DP-fwdX] L=80 states=31 -> 32
[DP-bwdX] L=96 states=1 -> 1
[DP-bwdX] L=80 states=32 -> 55
[DP-fwdX] L=80 states=2 -> 3
[DP-bwdX] L=80 states=3 -> 8
[DP-bwdX] L=96 states=1 -> 1
[DP-bwdX] L=96 states=1 -> 1
[DP-bwdX] L=96 states=1 -> 1
[DP-bwdX] L=96 states=1 -> 1
  [Round 8] T_prime=16  T_target=12  HPWL_w=1249600  HPWL_eq=883  maxL=38  WNS(T')=-22  WNS*(T)=-26  picked=8  solve_ms=97.0369
[OC-Shortest/pow2] m=12 h=8 SEG=4 bits=48 words=1 threads=24
[DP-fwdX] L=0 states=1 -> 1
[DP-fwdX] L=16 states=179 -> 218
[DP-fwdX] L=32 states=1870 -> 2034
[DP-bwdX] L=96 states=1 -> 1
[DP-bwdX] L=80 states=179 -> 218
[DP-bwdX] L=64 states=1870 -> 2034
[DP-fwdX] L=0 states=1 -> 1
[DP-fwdX] L=16 states=179 -> 218
[DP-bwdX] L=48 states=1 -> 1
[DP-bwdX] L=32 states=57 -> 61
[DP-fwdX] L=0 states=1 -> 1
[DP-bwdX] L=16 states=10 -> 11
[DP-fwdX] L=0 states=1 -> 1
[DP-fwdX] L=0 states=1 -> 1
[DP-fwdX] L=0 states=1 -> 1
[DP-fwdX] L=16 states=41 -> 68
[DP-bwdX] L=16 states=2 -> 3
[DP-fwdX] L=16 states=1 -> 3
[DP-fwdX] L=32 states=122 -> 174
[DP-bwdX] L=48 states=1 -> 1
[DP-bwdX] L=32 states=4 -> 5
[DP-fwdX] L=32 states=7 -> 13
[DP-bwdX] L=32 states=2 -> 4
[DP-bwdX] L=48 states=1 -> 1
[DP-bwdX] L=48 states=1 -> 1
[DP-bwdX] L=48 states=1 -> 1
[DP-bwdX] L=48 states=1 -> 1
[DP-fwdX] L=48 states=1 -> 1
[DP-fwdX] L=64 states=57 -> 61
[DP-bwdX] L=96 states=1 -> 1
[DP-bwdX] L=80 states=179 -> 218
[DP-fwdX] L=48 states=1 -> 1
[DP-bwdX] L=64 states=362 -> 496
[DP-fwdX] L=48 states=1 -> 1
[DP-fwdX] L=48 states=1 -> 1
[DP-fwdX] L=48 states=1 -> 1
[DP-fwdX] L=64 states=13 -> 17
[DP-bwdX] L=64 states=15 -> 34
[DP-fwdX] L=64 states=1 -> 3
[DP-fwdX] L=80 states=37 -> 36
[DP-bwdX] L=96 states=1 -> 1
[DP-bwdX] L=80 states=19 -> 31
[DP-fwdX] L=80 states=4 -> 7
[DP-bwdX] L=80 states=3 -> 8
[DP-bwdX] L=96 states=1 -> 1
[DP-bwdX] L=96 states=1 -> 1
[DP-bwdX] L=96 states=1 -> 1
[DP-bwdX] L=96 states=1 -> 1
  [Round 9] T_prime=16  T_target=12  HPWL_w=1357200  HPWL_eq=1029  maxL=39  WNS(T')=-23  WNS*(T)=-27  picked=16  solve_ms=141.216
[OC-Shortest/pow2] m=12 h=8 SEG=4 bits=48 words=1 threads=24
[DP-fwdX] L=0 states=1 -> 1
[DP-fwdX] L=16 states=179 -> 218
[DP-fwdX] L=32 states=1870 -> 2034
[DP-bwdX] L=96 states=1 -> 1
[DP-bwdX] L=80 states=179 -> 218
[DP-bwdX] L=64 states=1870 -> 2034
[DP-fwdX] L=0 states=1 -> 1
[DP-fwdX] L=16 states=179 -> 218
[DP-bwdX] L=48 states=1 -> 5
[DP-bwdX] L=32 states=490 -> 493
[DP-fwdX] L=0 states=1 -> 1
[DP-bwdX] L=16 states=30 -> 31
[DP-fwdX] L=0 states=1 -> 1
[DP-fwdX] L=0 states=1 -> 1
[DP-fwdX] L=0 states=1 -> 1
[DP-fwdX] L=16 states=14 -> 21
[DP-bwdX] L=16 states=4 -> 5
[DP-fwdX] L=16 states=1 -> 1
[DP-fwdX] L=32 states=83 -> 108
[DP-bwdX] L=48 states=1 -> 5
[DP-bwdX] L=32 states=32 -> 47
[DP-fwdX] L=32 states=12 -> 25
[DP-bwdX] L=32 states=5 -> 14
[DP-bwdX] L=48 states=1 -> 5
[DP-bwdX] L=48 states=1 -> 5
[DP-bwdX] L=48 states=1 -> 5
[DP-bwdX] L=48 states=1 -> 5
[DP-fwdX] L=48 states=1 -> 5
[DP-fwdX] L=64 states=852 -> 857
[DP-bwdX] L=96 states=1 -> 1
[DP-bwdX] L=80 states=179 -> 218
[DP-fwdX] L=48 states=1 -> 5
[DP-bwdX] L=64 states=22 -> 29
[DP-fwdX] L=48 states=1 -> 5
[DP-fwdX] L=48 states=1 -> 5
[DP-fwdX] L=48 states=1 -> 5
[DP-fwdX] L=64 states=12 -> 17
[DP-bwdX] L=64 states=4 -> 6
[DP-fwdX] L=64 states=1 -> 1
[DP-fwdX] L=80 states=10 -> 11
[DP-bwdX] L=96 states=1 -> 1
[DP-bwdX] L=80 states=33 -> 54
[DP-fwdX] L=80 states=2 -> 3
[DP-bwdX] L=80 states=2 -> 5
[DP-bwdX] L=96 states=1 -> 1
[DP-bwdX] L=96 states=1 -> 1
[DP-bwdX] L=96 states=1 -> 1
[DP-bwdX] L=96 states=1 -> 1
  [Round 10] T_prime=16  T_target=12  HPWL_w=1517500  HPWL_eq=925  maxL=43  WNS(T')=-27  WNS*(T)=-31  picked=11  solve_ms=98.7724
[OC-Shortest/pow2] m=12 h=8 SEG=4 bits=48 words=1 threads=24
[DP-fwdX] L=0 states=1 -> 1
[DP-fwdX] L=16 states=179 -> 218
[DP-fwdX] L=32 states=1870 -> 2034
[DP-bwdX] L=96 states=1 -> 1
[DP-bwdX] L=80 states=179 -> 218
[DP-bwdX] L=64 states=1870 -> 2034
[DP-fwdX] L=0 states=1 -> 1
[DP-fwdX] L=16 states=179 -> 218
[DP-bwdX] L=48 states=1 -> 3
[DP-bwdX] L=32 states=244 -> 248
[DP-fwdX] L=0 states=1 -> 1
[DP-bwdX] L=16 states=31 -> 31
[DP-fwdX] L=0 states=1 -> 1
[DP-fwdX] L=0 states=1 -> 1
[DP-fwdX] L=0 states=1 -> 1
[DP-fwdX] L=16 states=19 -> 31
[DP-bwdX] L=16 states=5 -> 8
[DP-fwdX] L=16 states=1 -> 4
[DP-fwdX] L=32 states=359 -> 502
[DP-bwdX] L=48 states=1 -> 3
[DP-bwdX] L=32 states=27 -> 40
[DP-fwdX] L=32 states=10 -> 22
[DP-bwdX] L=32 states=4 -> 9
[DP-bwdX] L=48 states=1 -> 3
[DP-bwdX] L=48 states=1 -> 3
[DP-bwdX] L=48 states=1 -> 3
[DP-bwdX] L=48 states=1 -> 3
[DP-fwdX] L=48 states=1 -> 3
[DP-fwdX] L=64 states=244 -> 248
[DP-bwdX] L=96 states=1 -> 1
[DP-bwdX] L=80 states=179 -> 218
[DP-fwdX] L=48 states=1 -> 3
[DP-bwdX] L=64 states=20 -> 26
[DP-fwdX] L=48 states=1 -> 3
[DP-fwdX] L=48 states=1 -> 3
[DP-fwdX] L=48 states=1 -> 3
[DP-fwdX] L=64 states=4 -> 5
[DP-bwdX] L=64 states=4 -> 7
[DP-fwdX] L=64 states=1 -> 2
[DP-fwdX] L=80 states=5 -> 5
[DP-bwdX] L=96 states=1 -> 1
[DP-bwdX] L=80 states=20 -> 30
[DP-fwdX] L=80 states=3 -> 4
[DP-bwdX] L=80 states=2 -> 4
[DP-bwdX] L=96 states=1 -> 1
[DP-bwdX] L=96 states=1 -> 1
[DP-bwdX] L=96 states=1 -> 1
[DP-bwdX] L=96 states=1 -> 1
  [Round 11] T_prime=16  T_target=12  HPWL_w=1642100  HPWL_eq=1058  maxL=38  WNS(T')=-22  WNS*(T)=-26  picked=11  solve_ms=94.1492
[OC-Shortest/pow2] m=12 h=8 SEG=4 bits=48 words=1 threads=24
[DP-fwdX] L=0 states=1 -> 1
[DP-fwdX] L=16 states=179 -> 218
[DP-fwdX] L=32 states=1870 -> 2034
[DP-bwdX] L=96 states=1 -> 1
[DP-bwdX] L=80 states=179 -> 218
[DP-bwdX] L=64 states=1870 -> 2034
[DP-fwdX] L=0 states=1 -> 1
[DP-fwdX] L=16 states=179 -> 218
[DP-bwdX] L=48 states=1 -> 3
[DP-bwdX] L=32 states=263 -> 272
[DP-fwdX] L=0 states=1 -> 1
[DP-bwdX] L=16 states=36 -> 37
[DP-fwdX] L=0 states=1 -> 1
[DP-fwdX] L=0 states=1 -> 1
[DP-fwdX] L=0 states=1 -> 1
[DP-fwdX] L=16 states=17 -> 28
[DP-bwdX] L=16 states=5 -> 8
[DP-fwdX] L=16 states=1 -> 3
[DP-fwdX] L=32 states=347 -> 485
[DP-bwdX] L=48 states=1 -> 3
[DP-bwdX] L=32 states=35 -> 50
[DP-fwdX] L=32 states=13 -> 29
[DP-bwdX] L=32 states=5 -> 14
[DP-bwdX] L=48 states=1 -> 3
[DP-bwdX] L=48 states=1 -> 3
[DP-bwdX] L=48 states=1 -> 3
[DP-bwdX] L=48 states=1 -> 3
[DP-fwdX] L=48 states=1 -> 3
[DP-fwdX] L=64 states=432 -> 451
[DP-bwdX] L=96 states=1 -> 1
[DP-bwdX] L=80 states=179 -> 218
[DP-fwdX] L=48 states=1 -> 3
[DP-bwdX] L=64 states=22 -> 29
[DP-fwdX] L=48 states=1 -> 3
[DP-fwdX] L=48 states=1 -> 3
[DP-fwdX] L=48 states=1 -> 3
[DP-fwdX] L=64 states=13 -> 18
[DP-bwdX] L=64 states=4 -> 6
[DP-fwdX] L=64 states=1 -> 3
[DP-fwdX] L=80 states=10 -> 11
[DP-bwdX] L=96 states=1 -> 1
[DP-bwdX] L=80 states=16 -> 24
[DP-fwdX] L=80 states=4 -> 6
[DP-bwdX] L=80 states=3 -> 6
[DP-bwdX] L=96 states=1 -> 1
[DP-bwdX] L=96 states=1 -> 1
[DP-bwdX] L=96 states=1 -> 1
[DP-bwdX] L=96 states=1 -> 1
  [Round 12] T_prime=16  T_target=12  HPWL_w=1742600  HPWL_eq=896  maxL=30  WNS(T')=-14  WNS*(T)=-18  picked=10  solve_ms=125.476
[OC-Shortest/pow2] m=12 h=8 SEG=4 bits=48 words=1 threads=24
[DP-fwdX] L=0 states=1 -> 1
[DP-fwdX] L=16 states=179 -> 218
[DP-fwdX] L=32 states=1870 -> 2034
[DP-bwdX] L=96 states=1 -> 1
[DP-bwdX] L=80 states=179 -> 218
[DP-bwdX] L=64 states=1870 -> 2034
[DP-fwdX] L=0 states=1 -> 1
[DP-fwdX] L=16 states=179 -> 218
[DP-bwdX] L=48 states=1 -> 3
[DP-bwdX] L=32 states=200 -> 215
[DP-fwdX] L=0 states=1 -> 1
[DP-bwdX] L=16 states=87 -> 82
[DP-fwdX] L=0 states=1 -> 1
[DP-fwdX] L=0 states=1 -> 1
[DP-fwdX] L=0 states=1 -> 1
[DP-fwdX] L=16 states=14 -> 21
[DP-bwdX] L=16 states=6 -> 8
[DP-fwdX] L=16 states=1 -> 3
[DP-fwdX] L=32 states=345 -> 445
[DP-bwdX] L=48 states=1 -> 3
[DP-bwdX] L=32 states=68 -> 102
[DP-fwdX] L=32 states=16 -> 37
[DP-bwdX] L=32 states=5 -> 15
[DP-bwdX] L=48 states=1 -> 3
[DP-bwdX] L=48 states=1 -> 3
[DP-bwdX] L=48 states=1 -> 3
[DP-bwdX] L=48 states=1 -> 3
[DP-fwdX] L=48 states=1 -> 3
[DP-fwdX] L=64 states=538 -> 577
[DP-bwdX] L=96 states=1 -> 1
[DP-bwdX] L=80 states=179 -> 218
[DP-fwdX] L=48 states=1 -> 3
[DP-bwdX] L=64 states=22 -> 29
[DP-fwdX] L=48 states=1 -> 3
[DP-fwdX] L=48 states=1 -> 3
[DP-fwdX] L=48 states=1 -> 3
[DP-fwdX] L=64 states=22 -> 33
[DP-bwdX] L=64 states=4 -> 6
[DP-fwdX] L=64 states=1 -> 3
[DP-fwdX] L=80 states=10 -> 11
[DP-bwdX] L=96 states=1 -> 1
[DP-bwdX] L=80 states=16 -> 24
[DP-fwdX] L=80 states=4 -> 6
[DP-bwdX] L=80 states=3 -> 6
[DP-bwdX] L=96 states=1 -> 1
[DP-bwdX] L=96 states=1 -> 1
[DP-bwdX] L=96 states=1 -> 1
[DP-bwdX] L=96 states=1 -> 1
  [Round 13] T_prime=16  T_target=12  HPWL_w=1910800  HPWL_eq=1036  maxL=46  WNS(T')=-30  WNS*(T)=-34  picked=12  solve_ms=91.7766
[OC-Shortest/pow2] m=12 h=8 SEG=4 bits=48 words=1 threads=24
[DP-fwdX] L=0 states=1 -> 1
[DP-fwdX] L=16 states=179 -> 218
[DP-fwdX] L=32 states=1870 -> 2034
[DP-bwdX] L=96 states=1 -> 1
[DP-bwdX] L=80 states=179 -> 218
[DP-bwdX] L=64 states=1870 -> 2034
[DP-fwdX] L=0 states=1 -> 1
[DP-fwdX] L=16 states=179 -> 218
[DP-bwdX] L=48 states=1 -> 5
[DP-bwdX] L=32 states=1185 -> 1189
[DP-fwdX] L=0 states=1 -> 1
[DP-bwdX] L=16 states=41 -> 41
[DP-fwdX] L=0 states=1 -> 1
[DP-fwdX] L=0 states=1 -> 1
[DP-fwdX] L=0 states=1 -> 1
[DP-fwdX] L=16 states=19 -> 31
[DP-bwdX] L=16 states=4 -> 7
[DP-fwdX] L=16 states=1 -> 3
[DP-fwdX] L=32 states=177 -> 237
[DP-bwdX] L=48 states=1 -> 5
[DP-bwdX] L=32 states=28 -> 42
[DP-fwdX] L=32 states=5 -> 9
[DP-bwdX] L=32 states=3 -> 6
[DP-bwdX] L=48 states=1 -> 5
[DP-bwdX] L=48 states=1 -> 5
[DP-bwdX] L=48 states=1 -> 5
[DP-bwdX] L=48 states=1 -> 5
[DP-fwdX] L=48 states=1 -> 4
[DP-fwdX] L=64 states=301 -> 317
[DP-bwdX] L=96 states=1 -> 1
[DP-bwdX] L=80 states=179 -> 218
[DP-fwdX] L=48 states=1 -> 4
[DP-bwdX] L=64 states=97 -> 135
[DP-fwdX] L=48 states=1 -> 4
[DP-fwdX] L=48 states=1 -> 4
[DP-fwdX] L=48 states=1 -> 4
[DP-fwdX] L=64 states=16 -> 24
[DP-bwdX] L=64 states=12 -> 27
[DP-fwdX] L=64 states=1 -> 2
[DP-fwdX] L=80 states=13 -> 14
[DP-bwdX] L=96 states=1 -> 1
[DP-bwdX] L=80 states=33 -> 54
[DP-fwdX] L=80 states=2 -> 3
[DP-bwdX] L=80 states=2 -> 5
[DP-bwdX] L=96 states=1 -> 1
[DP-bwdX] L=96 states=1 -> 1
[DP-bwdX] L=96 states=1 -> 1
[DP-bwdX] L=96 states=1 -> 1
  [Round 14] T_prime=16  T_target=12  HPWL_w=2028100  HPWL_eq=1090  maxL=51  WNS(T')=-35  WNS*(T)=-39  picked=17  solve_ms=105.773
[OC-Shortest/pow2] m=12 h=8 SEG=4 bits=48 words=1 threads=24
[DP-fwdX] L=0 states=1 -> 1
[DP-fwdX] L=16 states=179 -> 218
[DP-fwdX] L=32 states=1870 -> 2034
[DP-bwdX] L=96 states=1 -> 1
[DP-bwdX] L=80 states=179 -> 218
[DP-bwdX] L=64 states=1870 -> 2034
[DP-fwdX] L=0 states=1 -> 1
[DP-fwdX] L=16 states=179 -> 218
[DP-bwdX] L=48 states=1 -> 4
[DP-bwdX] L=32 states=515 -> 515
[DP-fwdX] L=0 states=1 -> 1
[DP-bwdX] L=16 states=31 -> 31
[DP-fwdX] L=0 states=1 -> 1
[DP-fwdX] L=0 states=1 -> 1
[DP-fwdX] L=0 states=1 -> 1
[DP-fwdX] L=16 states=37 -> 57
[DP-bwdX] L=16 states=2 -> 3
[DP-fwdX] L=16 states=1 -> 3
[DP-fwdX] L=32 states=292 -> 396
[DP-bwdX] L=48 states=1 -> 4
[DP-bwdX] L=32 states=17 -> 25
[DP-fwdX] L=32 states=7 -> 13
[DP-bwdX] L=32 states=3 -> 6
[DP-bwdX] L=48 states=1 -> 4
[DP-bwdX] L=48 states=1 -> 4
[DP-bwdX] L=48 states=1 -> 4
[DP-bwdX] L=48 states=1 -> 4
[DP-fwdX] L=48 states=1 -> 4
[DP-fwdX] L=64 states=515 -> 515
[DP-bwdX] L=96 states=1 -> 1
[DP-bwdX] L=80 states=179 -> 218
[DP-fwdX] L=48 states=1 -> 4
[DP-bwdX] L=64 states=22 -> 29
[DP-fwdX] L=48 states=1 -> 4
[DP-fwdX] L=48 states=1 -> 4
[DP-fwdX] L=48 states=1 -> 4
[DP-fwdX] L=64 states=12 -> 17
[DP-bwdX] L=64 states=4 -> 6
[DP-fwdX] L=64 states=1 -> 1
[DP-fwdX] L=80 states=10 -> 11
[DP-bwdX] L=96 states=1 -> 1
[DP-bwdX] L=80 states=16 -> 24
[DP-fwdX] L=80 states=4 -> 6
[DP-bwdX] L=80 states=3 -> 6
[DP-bwdX] L=96 states=1 -> 1
[DP-bwdX] L=96 states=1 -> 1
[DP-bwdX] L=96 states=1 -> 1
[DP-bwdX] L=96 states=1 -> 1
  [Round 15] T_prime=16  T_target=12  HPWL_w=2308000  HPWL_eq=913  maxL=28  WNS(T')=-12  WNS*(T)=-16  picked=9  solve_ms=98.1838
[OC-Shortest/pow2] m=12 h=8 SEG=4 bits=48 words=1 threads=24
[DP-fwdX] L=0 states=1 -> 1
[DP-fwdX] L=16 states=179 -> 218
[DP-fwdX] L=32 states=1870 -> 2034
[DP-bwdX] L=96 states=1 -> 1
[DP-bwdX] L=80 states=179 -> 218
[DP-bwdX] L=64 states=1870 -> 2034
[DP-fwdX] L=0 states=1 -> 1
[DP-fwdX] L=16 states=179 -> 218
[DP-bwdX] L=48 states=1 -> 3
[DP-bwdX] L=32 states=475 -> 484
[DP-fwdX] L=0 states=1 -> 1
[DP-bwdX] L=16 states=54 -> 55
[DP-fwdX] L=0 states=1 -> 1
[DP-fwdX] L=0 states=1 -> 1
[DP-fwdX] L=0 states=1 -> 1
[DP-fwdX] L=16 states=24 -> 39
[DP-bwdX] L=16 states=5 -> 7
[DP-fwdX] L=16 states=1 -> 2
[DP-fwdX] L=32 states=169 -> 220
[DP-bwdX] L=48 states=1 -> 3
[DP-bwdX] L=32 states=45 -> 74
[DP-fwdX] L=32 states=10 -> 22
[DP-bwdX] L=32 states=5 -> 13
[DP-bwdX] L=48 states=1 -> 3
[DP-bwdX] L=48 states=1 -> 3
[DP-bwdX] L=48 states=1 -> 3
[DP-bwdX] L=48 states=1 -> 3
[DP-fwdX] L=48 states=1 -> 3
[DP-fwdX] L=64 states=242 -> 247
[DP-bwdX] L=96 states=1 -> 1
[DP-bwdX] L=80 states=179 -> 218
[DP-fwdX] L=48 states=1 -> 3
[DP-bwdX] L=64 states=268 -> 382
[DP-fwdX] L=48 states=1 -> 3
[DP-fwdX] L=48 states=1 -> 3
[DP-fwdX] L=48 states=1 -> 3
[DP-fwdX] L=64 states=16 -> 24
[DP-bwdX] L=64 states=8 -> 17
[DP-fwdX] L=64 states=1 -> 3
[DP-fwdX] L=80 states=32 -> 35
[DP-bwdX] L=96 states=1 -> 1
[DP-bwdX] L=80 states=33 -> 54
[DP-fwdX] L=80 states=4 -> 6
[DP-bwdX] L=80 states=2 -> 5
[DP-bwdX] L=96 states=1 -> 1
[DP-bwdX] L=96 states=1 -> 1
[DP-bwdX] L=96 states=1 -> 1
[DP-bwdX] L=96 states=1 -> 1
  [Round 16] T_prime=16  T_target=12  HPWL_w=2413100  HPWL_eq=1193  maxL=45  WNS(T')=-29  WNS*(T)=-33  picked=23  solve_ms=97.2607
[OC-Shortest/pow2] m=12 h=8 SEG=4 bits=48 words=1 threads=24
[DP-fwdX] L=0 states=1 -> 1
[DP-fwdX] L=16 states=179 -> 218
[DP-fwdX] L=32 states=1870 -> 2034
[DP-bwdX] L=96 states=1 -> 1
[DP-bwdX] L=80 states=179 -> 218
[DP-bwdX] L=64 states=1870 -> 2034
[DP-fwdX] L=0 states=1 -> 1
[DP-fwdX] L=16 states=179 -> 218
[DP-bwdX] L=48 states=1 -> 1
[DP-bwdX] L=32 states=94 -> 103
[DP-fwdX] L=0 states=1 -> 1
[DP-bwdX] L=16 states=45 -> 44
[DP-fwdX] L=0 states=1 -> 1
[DP-fwdX] L=0 states=1 -> 1
[DP-fwdX] L=0 states=1 -> 1
[DP-fwdX] L=16 states=17 -> 26
[DP-bwdX] L=16 states=6 -> 9
[DP-fwdX] L=16 states=1 -> 3
[DP-fwdX] L=32 states=278 -> 375
[DP-bwdX] L=48 states=1 -> 1
[DP-bwdX] L=32 states=12 -> 16
[DP-fwdX] L=32 states=7 -> 13
[DP-bwdX] L=32 states=3 -> 6
[DP-bwdX] L=48 states=1 -> 1
[DP-bwdX] L=48 states=1 -> 1
[DP-bwdX] L=48 states=1 -> 1
[DP-bwdX] L=48 states=1 -> 1
[DP-fwdX] L=48 states=1 -> 1
[DP-fwdX] L=64 states=94 -> 103
[DP-bwdX] L=96 states=1 -> 1
[DP-bwdX] L=80 states=179 -> 218
[DP-fwdX] L=48 states=1 -> 1
[DP-bwdX] L=64 states=22 -> 29
[DP-fwdX] L=48 states=1 -> 1
[DP-fwdX] L=48 states=1 -> 1
[DP-fwdX] L=48 states=1 -> 1
[DP-fwdX] L=64 states=12 -> 16
[DP-bwdX] L=64 states=4 -> 6
[DP-fwdX] L=64 states=1 -> 1
[DP-fwdX] L=80 states=10 -> 11
[DP-bwdX] L=96 states=1 -> 1
[DP-bwdX] L=80 states=16 -> 24
[DP-fwdX] L=80 states=4 -> 6
[DP-bwdX] L=80 states=3 -> 6
[DP-bwdX] L=96 states=1 -> 1
[DP-bwdX] L=96 states=1 -> 1
[DP-bwdX] L=96 states=1 -> 1
[DP-bwdX] L=96 states=1 -> 1
  [Round 17] T_prime=16  T_target=12  HPWL_w=2804400  HPWL_eq=858  maxL=23  WNS(T')=-7  WNS*(T)=-11  picked=4  solve_ms=85.3574
[OC-Shortest/pow2] m=12 h=8 SEG=4 bits=48 words=1 threads=24
[DP-fwdX] L=0 states=1 -> 1
[DP-fwdX] L=16 states=179 -> 218
[DP-fwdX] L=32 states=1870 -> 2034
[DP-bwdX] L=96 states=1 -> 1
[DP-bwdX] L=80 states=179 -> 218
[DP-bwdX] L=64 states=1870 -> 2034
[DP-fwdX] L=0 states=1 -> 1
[DP-fwdX] L=16 states=179 -> 218
[DP-bwdX] L=48 states=1 -> 1
[DP-bwdX] L=32 states=94 -> 103
[DP-fwdX] L=0 states=1 -> 1
[DP-bwdX] L=16 states=10 -> 11
[DP-fwdX] L=0 states=1 -> 1
[DP-fwdX] L=0 states=1 -> 1
[DP-fwdX] L=0 states=1 -> 1
[DP-fwdX] L=16 states=17 -> 26
[DP-bwdX] L=16 states=4 -> 5
[DP-fwdX] L=16 states=1 -> 1
[DP-fwdX] L=32 states=22 -> 29
[DP-bwdX] L=48 states=1 -> 1
[DP-bwdX] L=32 states=14 -> 20
[DP-fwdX] L=32 states=4 -> 6
[DP-bwdX] L=32 states=2 -> 3
[DP-bwdX] L=48 states=1 -> 1
[DP-bwdX] L=48 states=1 -> 1
[DP-bwdX] L=48 states=1 -> 1
[DP-bwdX] L=48 states=1 -> 1
[DP-fwdX] L=48 states=1 -> 1
[DP-fwdX] L=64 states=94 -> 103
[DP-bwdX] L=96 states=1 -> 1
[DP-bwdX] L=80 states=179 -> 218
[DP-fwdX] L=48 states=1 -> 1
[DP-bwdX] L=64 states=22 -> 29
[DP-fwdX] L=48 states=1 -> 1
[DP-fwdX] L=48 states=1 -> 1
[DP-fwdX] L=48 states=1 -> 1
[DP-fwdX] L=64 states=12 -> 16
[DP-bwdX] L=64 states=4 -> 6
[DP-fwdX] L=64 states=1 -> 1
[DP-fwdX] L=80 states=10 -> 11
[DP-bwdX] L=96 states=1 -> 1
[DP-bwdX] L=80 states=16 -> 24
[DP-fwdX] L=80 states=4 -> 6
[DP-bwdX] L=80 states=3 -> 6
[DP-bwdX] L=96 states=1 -> 1
[DP-bwdX] L=96 states=1 -> 1
[DP-bwdX] L=96 states=1 -> 1
[DP-bwdX] L=96 states=1 -> 1
  [Round 18] T_prime=16  T_target=12  HPWL_w=2861000  HPWL_eq=809  maxL=15  WNS(T')=1  WNS*(T)=-3  picked=0  solve_ms=85.8292
    [Tighten] T_prime: 16 -> 12 (sigma*maxL=12, shrink=15)  | cold-start: reset inertia
[OC-Shortest/pow2] m=12 h=8 SEG=4 bits=48 words=1 threads=24
[DP-fwdX] L=0 states=1 -> 1
[DP-fwdX] L=16 states=179 -> 218
[DP-fwdX] L=32 states=1870 -> 2034
[DP-bwdX] L=96 states=1 -> 1
[DP-bwdX] L=80 states=179 -> 218
[DP-bwdX] L=64 states=1870 -> 2034
[DP-fwdX] L=0 states=1 -> 1
[DP-fwdX] L=16 states=179 -> 218
[DP-bwdX] L=48 states=1 -> 1
[DP-bwdX] L=32 states=94 -> 103
[DP-fwdX] L=0 states=1 -> 1
[DP-bwdX] L=16 states=10 -> 11
[DP-fwdX] L=0 states=1 -> 1
[DP-fwdX] L=0 states=1 -> 1
[DP-fwdX] L=0 states=1 -> 1
[DP-fwdX] L=16 states=17 -> 26
[DP-bwdX] L=16 states=4 -> 5
[DP-fwdX] L=16 states=1 -> 1
[DP-fwdX] L=32 states=22 -> 29
[DP-bwdX] L=48 states=1 -> 1
[DP-bwdX] L=32 states=14 -> 20
[DP-fwdX] L=32 states=4 -> 6
[DP-bwdX] L=32 states=2 -> 3
[DP-bwdX] L=48 states=1 -> 1
[DP-bwdX] L=48 states=1 -> 1
[DP-bwdX] L=48 states=1 -> 1
[DP-bwdX] L=48 states=1 -> 1
[DP-fwdX] L=48 states=1 -> 1
[DP-fwdX] L=64 states=94 -> 103
[DP-bwdX] L=96 states=1 -> 1
[DP-bwdX] L=80 states=179 -> 218
[DP-fwdX] L=48 states=1 -> 1
[DP-bwdX] L=64 states=22 -> 29
[DP-fwdX] L=48 states=1 -> 1
[DP-fwdX] L=48 states=1 -> 1
[DP-fwdX] L=48 states=1 -> 1
[DP-fwdX] L=64 states=12 -> 16
[DP-bwdX] L=64 states=4 -> 6
[DP-fwdX] L=64 states=1 -> 1
[DP-fwdX] L=80 states=10 -> 11
[DP-bwdX] L=96 states=1 -> 1
[DP-bwdX] L=80 states=16 -> 24
[DP-fwdX] L=80 states=4 -> 6
[DP-bwdX] L=80 states=3 -> 6
[DP-bwdX] L=96 states=1 -> 1
[DP-bwdX] L=96 states=1 -> 1
[DP-bwdX] L=96 states=1 -> 1
[DP-bwdX] L=96 states=1 -> 1
  [Round 19] T_prime=12  T_target=12  HPWL_w=2861000  HPWL_eq=809  maxL=15  WNS(T')=-3  WNS*(T)=-3  picked=12  solve_ms=111.58
[OC-Shortest/pow2] m=12 h=8 SEG=4 bits=48 words=1 threads=24
[DP-fwdX] L=0 states=1 -> 1
[DP-fwdX] L=16 states=179 -> 218
[DP-fwdX] L=32 states=1870 -> 2034
[DP-bwdX] L=96 states=1 -> 1
[DP-bwdX] L=80 states=179 -> 218
[DP-bwdX] L=64 states=1870 -> 2034
[DP-fwdX] L=0 states=1 -> 1
[DP-fwdX] L=16 states=179 -> 218
[DP-bwdX] L=48 states=1 -> 1
[DP-bwdX] L=32 states=94 -> 103
[DP-fwdX] L=0 states=1 -> 1
[DP-bwdX] L=16 states=10 -> 11
[DP-fwdX] L=0 states=1 -> 1
[DP-fwdX] L=0 states=1 -> 1
[DP-fwdX] L=0 states=1 -> 1
[DP-fwdX] L=16 states=29 -> 45
[DP-bwdX] L=16 states=4 -> 5
[DP-fwdX] L=16 states=1 -> 3
[DP-fwdX] L=32 states=22 -> 29
[DP-bwdX] L=48 states=1 -> 1
[DP-bwdX] L=32 states=12 -> 16
[DP-fwdX] L=32 states=4 -> 6
[DP-bwdX] L=32 states=2 -> 3
[DP-bwdX] L=48 states=1 -> 1
[DP-bwdX] L=48 states=1 -> 1
[DP-bwdX] L=48 states=1 -> 1
[DP-bwdX] L=48 states=1 -> 1
[DP-fwdX] L=48 states=1 -> 1
[DP-fwdX] L=64 states=94 -> 103
[DP-bwdX] L=96 states=1 -> 1
[DP-bwdX] L=80 states=179 -> 218
[DP-fwdX] L=48 states=1 -> 1
[DP-bwdX] L=64 states=22 -> 29
[DP-fwdX] L=48 states=1 -> 1
[DP-fwdX] L=48 states=1 -> 1
[DP-fwdX] L=48 states=1 -> 1
[DP-fwdX] L=64 states=12 -> 16
[DP-bwdX] L=64 states=4 -> 6
[DP-fwdX] L=64 states=1 -> 1
[DP-fwdX] L=80 states=10 -> 11
[DP-bwdX] L=96 states=1 -> 1
[DP-bwdX] L=80 states=16 -> 24
[DP-fwdX] L=80 states=5 -> 8
[DP-bwdX] L=80 states=3 -> 6
[DP-bwdX] L=96 states=1 -> 1
[DP-bwdX] L=96 states=1 -> 1
[DP-bwdX] L=96 states=1 -> 1
[DP-bwdX] L=96 states=1 -> 1
  [Round 20] T_prime=12  T_target=12  HPWL_w=2925300  HPWL_eq=798  maxL=21  WNS(T')=-9  WNS*(T)=-9  picked=6  solve_ms=83.9822
[OC-Shortest/pow2] m=12 h=8 SEG=4 bits=48 words=1 threads=24
[DP-fwdX] L=0 states=1 -> 1
[DP-fwdX] L=16 states=179 -> 218
[DP-fwdX] L=32 states=1870 -> 2034
[DP-bwdX] L=96 states=1 -> 1
[DP-bwdX] L=80 states=179 -> 218
[DP-bwdX] L=64 states=1870 -> 2034
[DP-fwdX] L=0 states=1 -> 1
[DP-fwdX] L=16 states=179 -> 218
[DP-bwdX] L=48 states=1 -> 1
[DP-bwdX] L=32 states=94 -> 103
[DP-fwdX] L=0 states=1 -> 1
[DP-bwdX] L=16 states=28 -> 28
[DP-fwdX] L=0 states=1 -> 1
[DP-fwdX] L=0 states=1 -> 1
[DP-fwdX] L=0 states=1 -> 1
[DP-fwdX] L=16 states=17 -> 26
[DP-bwdX] L=16 states=4 -> 5
[DP-fwdX] L=16 states=1 -> 1
[DP-fwdX] L=32 states=82 -> 107
[DP-bwdX] L=48 states=1 -> 1
[DP-bwdX] L=32 states=12 -> 16
[DP-fwdX] L=32 states=4 -> 6
[DP-bwdX] L=32 states=2 -> 3
[DP-bwdX] L=48 states=1 -> 1
[DP-bwdX] L=48 states=1 -> 1
[DP-bwdX] L=48 states=1 -> 1
[DP-bwdX] L=48 states=1 -> 1
[DP-fwdX] L=48 states=1 -> 1
[DP-fwdX] L=64 states=94 -> 103
[DP-bwdX] L=96 states=1 -> 1
[DP-bwdX] L=80 states=179 -> 218
[DP-fwdX] L=48 states=1 -> 1
[DP-bwdX] L=64 states=22 -> 29
[DP-fwdX] L=48 states=1 -> 1
[DP-fwdX] L=48 states=1 -> 1
[DP-fwdX] L=48 states=1 -> 1
[DP-fwdX] L=64 states=12 -> 16
[DP-bwdX] L=64 states=4 -> 6
[DP-fwdX] L=64 states=1 -> 1
[DP-fwdX] L=80 states=10 -> 11
[DP-bwdX] L=96 states=1 -> 1
[DP-bwdX] L=80 states=16 -> 24
[DP-fwdX] L=80 states=5 -> 8
[DP-bwdX] L=80 states=3 -> 6
[DP-bwdX] L=96 states=1 -> 1
[DP-bwdX] L=96 states=1 -> 1
[DP-bwdX] L=96 states=1 -> 1
[DP-bwdX] L=96 states=1 -> 1
  [Round 21] T_prime=12  T_target=12  HPWL_w=2973100  HPWL_eq=802  maxL=15  WNS(T')=-3  WNS*(T)=-3  picked=7  solve_ms=90.3709
[OC-Shortest/pow2] m=12 h=8 SEG=4 bits=48 words=1 threads=24
[DP-fwdX] L=0 states=1 -> 1
[DP-fwdX] L=16 states=179 -> 218
[DP-fwdX] L=32 states=1870 -> 2034
[DP-bwdX] L=96 states=1 -> 1
[DP-bwdX] L=80 states=179 -> 218
[DP-bwdX] L=64 states=1870 -> 2034
[DP-fwdX] L=0 states=1 -> 1
[DP-fwdX] L=16 states=179 -> 218
[DP-bwdX] L=48 states=1 -> 1
[DP-bwdX] L=32 states=94 -> 103
[DP-fwdX] L=0 states=1 -> 1
[DP-bwdX] L=16 states=28 -> 28
[DP-fwdX] L=0 states=1 -> 1
[DP-fwdX] L=0 states=1 -> 1
[DP-fwdX] L=0 states=1 -> 1
[DP-fwdX] L=16 states=17 -> 26
[DP-bwdX] L=16 states=4 -> 5
[DP-fwdX] L=16 states=1 -> 1
[DP-fwdX] L=32 states=82 -> 107
[DP-bwdX] L=48 states=1 -> 1
[DP-bwdX] L=32 states=12 -> 16
[DP-fwdX] L=32 states=4 -> 6
[DP-bwdX] L=32 states=2 -> 3
[DP-bwdX] L=48 states=1 -> 1
[DP-bwdX] L=48 states=1 -> 1
[DP-bwdX] L=48 states=1 -> 1
[DP-bwdX] L=48 states=1 -> 1
[DP-fwdX] L=48 states=1 -> 1
[DP-fwdX] L=64 states=94 -> 103
[DP-bwdX] L=96 states=1 -> 1
[DP-bwdX] L=80 states=179 -> 218
[DP-fwdX] L=48 states=1 -> 1
[DP-bwdX] L=64 states=22 -> 29
[DP-fwdX] L=48 states=1 -> 1
[DP-fwdX] L=48 states=1 -> 1
[DP-fwdX] L=48 states=1 -> 1
[DP-fwdX] L=64 states=12 -> 16
[DP-bwdX] L=64 states=4 -> 6
[DP-fwdX] L=64 states=1 -> 1
[DP-fwdX] L=80 states=10 -> 11
[DP-bwdX] L=96 states=1 -> 1
[DP-bwdX] L=80 states=16 -> 24
[DP-fwdX] L=80 states=5 -> 8
[DP-bwdX] L=80 states=3 -> 6
[DP-bwdX] L=96 states=1 -> 1
[DP-bwdX] L=96 states=1 -> 1
[DP-bwdX] L=96 states=1 -> 1
[DP-bwdX] L=96 states=1 -> 1
  [Round 22] T_prime=12  T_target=12  HPWL_w=3023400  HPWL_eq=807  maxL=15  WNS(T')=-3  WNS*(T)=-3  picked=5  solve_ms=84.9906
[OC-Shortest/pow2] m=12 h=8 SEG=4 bits=48 words=1 threads=24
[DP-fwdX] L=0 states=1 -> 1
[DP-fwdX] L=16 states=179 -> 218
[DP-fwdX] L=32 states=1870 -> 2034
[DP-bwdX] L=96 states=1 -> 1
[DP-bwdX] L=80 states=179 -> 218
[DP-bwdX] L=64 states=1870 -> 2034
[DP-fwdX] L=0 states=1 -> 1
[DP-fwdX] L=16 states=179 -> 218
[DP-bwdX] L=48 states=1 -> 1
[DP-bwdX] L=32 states=94 -> 103
[DP-fwdX] L=0 states=1 -> 1
[DP-bwdX] L=16 states=50 -> 49
[DP-fwdX] L=0 states=1 -> 1
[DP-fwdX] L=0 states=1 -> 1
[DP-fwdX] L=0 states=1 -> 1
[DP-fwdX] L=16 states=17 -> 26
[DP-bwdX] L=16 states=4 -> 5
[DP-fwdX] L=16 states=1 -> 1
[DP-fwdX] L=32 states=125 -> 163
[DP-bwdX] L=48 states=1 -> 1
[DP-bwdX] L=32 states=12 -> 16
[DP-fwdX] L=32 states=7 -> 12
[DP-bwdX] L=32 states=3 -> 6
[DP-bwdX] L=48 states=1 -> 1
[DP-bwdX] L=48 states=1 -> 1
[DP-bwdX] L=48 states=1 -> 1
[DP-bwdX] L=48 states=1 -> 1
[DP-fwdX] L=48 states=1 -> 1
[DP-fwdX] L=64 states=94 -> 103
[DP-bwdX] L=96 states=1 -> 1
[DP-bwdX] L=80 states=179 -> 218
[DP-fwdX] L=48 states=1 -> 1
[DP-bwdX] L=64 states=82 -> 107
[DP-fwdX] L=48 states=1 -> 1
[DP-fwdX] L=48 states=1 -> 1
[DP-fwdX] L=48 states=1 -> 1
[DP-fwdX] L=64 states=12 -> 16
[DP-bwdX] L=64 states=4 -> 6
[DP-fwdX] L=64 states=1 -> 1
[DP-fwdX] L=80 states=28 -> 28
[DP-bwdX] L=96 states=1 -> 1
[DP-bwdX] L=80 states=16 -> 24
[DP-fwdX] L=80 states=9 -> 15
[DP-bwdX] L=80 states=3 -> 7
[DP-bwdX] L=96 states=1 -> 1
[DP-bwdX] L=96 states=1 -> 1
[DP-bwdX] L=96 states=1 -> 1
[DP-bwdX] L=96 states=1 -> 1
  [Round 23] T_prime=12  T_target=12  HPWL_w=3054700  HPWL_eq=841  maxL=22  WNS(T')=-10  WNS*(T)=-10  picked=10  solve_ms=95.2902
[OC-Shortest/pow2] m=12 h=8 SEG=4 bits=48 words=1 threads=24
[DP-fwdX] L=0 states=1 -> 1
[DP-fwdX] L=16 states=179 -> 218
[DP-fwdX] L=32 states=1870 -> 2034
[DP-bwdX] L=96 states=1 -> 1
[DP-bwdX] L=80 states=179 -> 218
[DP-bwdX] L=64 states=1870 -> 2034
[DP-fwdX] L=0 states=1 -> 1
[DP-fwdX] L=16 states=179 -> 218
[DP-bwdX] L=48 states=1 -> 1
[DP-bwdX] L=32 states=94 -> 103
[DP-fwdX] L=0 states=1 -> 1
[DP-bwdX] L=16 states=10 -> 11
[DP-fwdX] L=0 states=1 -> 1
[DP-fwdX] L=0 states=1 -> 1
[DP-fwdX] L=0 states=1 -> 1
[DP-fwdX] L=16 states=17 -> 26
[DP-bwdX] L=16 states=4 -> 5
[DP-fwdX] L=16 states=1 -> 1
[DP-fwdX] L=32 states=22 -> 29
[DP-bwdX] L=48 states=1 -> 1
[DP-bwdX] L=32 states=14 -> 20
[DP-fwdX] L=32 states=4 -> 6
[DP-bwdX] L=32 states=2 -> 3
[DP-bwdX] L=48 states=1 -> 1
[DP-bwdX] L=48 states=1 -> 1
[DP-bwdX] L=48 states=1 -> 1
[DP-bwdX] L=48 states=1 -> 1
[DP-fwdX] L=48 states=1 -> 1
[DP-fwdX] L=64 states=94 -> 103
[DP-bwdX] L=96 states=1 -> 1
[DP-bwdX] L=80 states=179 -> 218
[DP-fwdX] L=48 states=1 -> 1
[DP-bwdX] L=64 states=22 -> 29
[DP-fwdX] L=48 states=1 -> 1
[DP-fwdX] L=48 states=1 -> 1
[DP-fwdX] L=48 states=1 -> 1
[DP-fwdX] L=64 states=12 -> 16
[DP-bwdX] L=64 states=7 -> 12
[DP-fwdX] L=64 states=1 -> 3
[DP-fwdX] L=80 states=10 -> 11
[DP-bwdX] L=96 states=1 -> 1
[DP-bwdX] L=80 states=16 -> 24
[DP-fwdX] L=80 states=5 -> 8
[DP-bwdX] L=80 states=3 -> 6
[DP-bwdX] L=96 states=1 -> 1
[DP-bwdX] L=96 states=1 -> 1
[DP-bwdX] L=96 states=1 -> 1
[DP-bwdX] L=96 states=1 -> 1
  [Round 24] T_prime=12  T_target=12  HPWL_w=3104600  HPWL_eq=821  maxL=15  WNS(T')=-3  WNS*(T)=-3  picked=9  solve_ms=98.3354
[OC-Shortest/pow2] m=12 h=8 SEG=4 bits=48 words=1 threads=24
[DP-fwdX] L=0 states=1 -> 1
[DP-fwdX] L=16 states=179 -> 218
[DP-fwdX] L=32 states=1870 -> 2034
[DP-bwdX] L=96 states=1 -> 1
[DP-bwdX] L=80 states=179 -> 218
[DP-bwdX] L=64 states=1870 -> 2034
[DP-fwdX] L=0 states=1 -> 1
[DP-fwdX] L=16 states=179 -> 218
[DP-bwdX] L=48 states=1 -> 1
[DP-bwdX] L=32 states=94 -> 103
[DP-fwdX] L=0 states=1 -> 1
[DP-bwdX] L=16 states=10 -> 11
[DP-fwdX] L=0 states=1 -> 1
[DP-fwdX] L=0 states=1 -> 1
[DP-fwdX] L=0 states=1 -> 1
[DP-fwdX] L=16 states=17 -> 26
[DP-bwdX] L=16 states=4 -> 5
[DP-fwdX] L=16 states=1 -> 1
[DP-fwdX] L=32 states=22 -> 29
[DP-bwdX] L=48 states=1 -> 1
[DP-bwdX] L=32 states=14 -> 20
[DP-fwdX] L=32 states=4 -> 6
[DP-bwdX] L=32 states=2 -> 3
[DP-bwdX] L=48 states=1 -> 1
[DP-bwdX] L=48 states=1 -> 1
[DP-bwdX] L=48 states=1 -> 1
[DP-bwdX] L=48 states=1 -> 1
[DP-fwdX] L=48 states=1 -> 1
[DP-fwdX] L=64 states=94 -> 103
[DP-bwdX] L=96 states=1 -> 1
[DP-bwdX] L=80 states=179 -> 218
[DP-fwdX] L=48 states=1 -> 1
[DP-bwdX] L=64 states=22 -> 29
[DP-fwdX] L=48 states=1 -> 1
[DP-fwdX] L=48 states=1 -> 1
[DP-fwdX] L=48 states=1 -> 1
[DP-fwdX] L=64 states=12 -> 16
[DP-bwdX] L=64 states=7 -> 12
[DP-fwdX] L=64 states=1 -> 3
[DP-fwdX] L=80 states=10 -> 11
[DP-bwdX] L=96 states=1 -> 1
[DP-bwdX] L=80 states=12 -> 17
[DP-fwdX] L=80 states=4 -> 5
[DP-bwdX] L=80 states=2 -> 3
[DP-bwdX] L=96 states=1 -> 1
[DP-bwdX] L=96 states=1 -> 1
[DP-bwdX] L=96 states=1 -> 1
[DP-bwdX] L=96 states=1 -> 1
  [Round 25] T_prime=12  T_target=12  HPWL_w=3186100  HPWL_eq=811  maxL=15  WNS(T')=-3  WNS*(T)=-3  picked=7  solve_ms=86.4986
[OC-Shortest/pow2] m=12 h=8 SEG=4 bits=48 words=1 threads=24
[DP-fwdX] L=0 states=1 -> 1
[DP-fwdX] L=16 states=179 -> 218
[DP-fwdX] L=32 states=1870 -> 2034
[DP-bwdX] L=96 states=1 -> 1
[DP-bwdX] L=80 states=179 -> 218
[DP-bwdX] L=64 states=1870 -> 2034
[DP-fwdX] L=0 states=1 -> 1
[DP-fwdX] L=16 states=179 -> 218
[DP-bwdX] L=48 states=1 -> 3
[DP-bwdX] L=32 states=258 -> 269
[DP-fwdX] L=0 states=1 -> 1
[DP-bwdX] L=16 states=10 -> 11
[DP-fwdX] L=0 states=1 -> 1
[DP-fwdX] L=0 states=1 -> 1
[DP-fwdX] L=0 states=1 -> 1
[DP-fwdX] L=16 states=17 -> 26
[DP-bwdX] L=16 states=4 -> 5
[DP-fwdX] L=16 states=1 -> 1
[DP-fwdX] L=32 states=22 -> 29
[DP-bwdX] L=48 states=1 -> 3
[DP-bwdX] L=32 states=17 -> 25
[DP-fwdX] L=32 states=4 -> 6
[DP-bwdX] L=32 states=2 -> 3
[DP-bwdX] L=48 states=1 -> 3
[DP-bwdX] L=48 states=1 -> 3
[DP-bwdX] L=48 states=1 -> 3
[DP-bwdX] L=48 states=1 -> 3
[DP-fwdX] L=48 states=1 -> 3
[DP-fwdX] L=64 states=258 -> 269
[DP-bwdX] L=96 states=1 -> 1
[DP-bwdX] L=80 states=179 -> 218
[DP-fwdX] L=48 states=1 -> 3
[DP-bwdX] L=64 states=22 -> 29
[DP-fwdX] L=48 states=1 -> 3
[DP-fwdX] L=48 states=1 -> 3
[DP-fwdX] L=48 states=1 -> 3
[DP-fwdX] L=64 states=12 -> 16
[DP-bwdX] L=64 states=7 -> 12
[DP-fwdX] L=64 states=1 -> 3
[DP-fwdX] L=80 states=10 -> 11
[DP-bwdX] L=96 states=1 -> 1
[DP-bwdX] L=80 states=16 -> 24
[DP-fwdX] L=80 states=5 -> 8
[DP-bwdX] L=80 states=3 -> 6
[DP-bwdX] L=96 states=1 -> 1
[DP-bwdX] L=96 states=1 -> 1
[DP-bwdX] L=96 states=1 -> 1
[DP-bwdX] L=96 states=1 -> 1
  [Round 26] T_prime=12  T_target=12  HPWL_w=3226900  HPWL_eq=835  maxL=22  WNS(T')=-10  WNS*(T)=-10  picked=13  solve_ms=99.1335
[OC-Shortest/pow2] m=12 h=8 SEG=4 bits=48 words=1 threads=24
[DP-fwdX] L=0 states=1 -> 1
[DP-fwdX] L=16 states=179 -> 218
[DP-fwdX] L=32 states=1870 -> 2034
[DP-bwdX] L=96 states=1 -> 1
[DP-bwdX] L=80 states=179 -> 218
[DP-bwdX] L=64 states=1870 -> 2034
[DP-fwdX] L=0 states=1 -> 1
[DP-fwdX] L=16 states=179 -> 218
[DP-bwdX] L=48 states=1 -> 1
[DP-bwdX] L=32 states=94 -> 103
[DP-fwdX] L=0 states=1 -> 1
[DP-bwdX] L=16 states=10 -> 11
[DP-fwdX] L=0 states=1 -> 1
[DP-fwdX] L=0 states=1 -> 1
[DP-fwdX] L=0 states=1 -> 1
[DP-fwdX] L=16 states=17 -> 26
[DP-bwdX] L=16 states=4 -> 5
[DP-fwdX] L=16 states=1 -> 1
[DP-fwdX] L=32 states=22 -> 29
[DP-bwdX] L=48 states=1 -> 1
[DP-bwdX] L=32 states=12 -> 16
[DP-fwdX] L=32 states=4 -> 6
[DP-bwdX] L=32 states=2 -> 3
[DP-bwdX] L=48 states=1 -> 1
[DP-bwdX] L=48 states=1 -> 1
[DP-bwdX] L=48 states=1 -> 1
[DP-bwdX] L=48 states=1 -> 1
[DP-fwdX] L=48 states=1 -> 1
[DP-fwdX] L=64 states=94 -> 103
[DP-bwdX] L=96 states=1 -> 1
[DP-bwdX] L=80 states=179 -> 218
[DP-fwdX] L=48 states=1 -> 1
[DP-bwdX] L=64 states=22 -> 29
[DP-fwdX] L=48 states=1 -> 1
[DP-fwdX] L=48 states=1 -> 1
[DP-fwdX] L=48 states=1 -> 1
[DP-fwdX] L=64 states=12 -> 16
[DP-bwdX] L=64 states=4 -> 6
[DP-fwdX] L=64 states=1 -> 1
[DP-fwdX] L=80 states=10 -> 11
[DP-bwdX] L=96 states=1 -> 1
[DP-bwdX] L=80 states=12 -> 17
[DP-fwdX] L=80 states=4 -> 5
[DP-bwdX] L=80 states=2 -> 3
[DP-bwdX] L=96 states=1 -> 1
[DP-bwdX] L=96 states=1 -> 1
[DP-bwdX] L=96 states=1 -> 1
[DP-bwdX] L=96 states=1 -> 1
  [Round 27] T_prime=12  T_target=12  HPWL_w=3338700  HPWL_eq=789  maxL=9  WNS(T')=3  WNS*(T)=3  picked=0  solve_ms=92.1311
  [TD] reach target: all edges <= T_target.
[Policy] wrote placement to: placement12_Col_1_T_12.txt

real	0m2.648s
user	0m51.988s
sys	0m0.543s
