[MultiCol] m=36 h=36 K=4 T=14 rounds=150 policy=soft snake=1 work_dir=.
[MultiCol] exec: build/oc_policy_singlecol 36 9 150 --T=14 --policy=soft --freeze=1 --cap=64 --scale=1000 --dV=1 --pow2=1 --progress=1 --alpha=0.9 --eta=1 --gamma=0.3 --beta=3 --homotopy=1 --sigma=0.8 --shrink=0.9
[Policy] m_full=36 h_full=9  m_dp=9 h_dp=9  rounds=150 T_target=14 policy=soft+freeze cap=64 scale=1000 freeze=1 homotopy=1 sigma=0.8 shrink=0.9 fast_ctr=1
[OC-Shortest/pow2] m=9 h=9 SEG=4 bits=36 words=1 threads=24
[DP-fwdX] L=0 states=1 -> 1
[DP-fwdX] L=16 states=171 -> 207
[DP-fwdX] L=32 states=1292 -> 1368
[DP-bwdX] L=80 states=1 -> 2
[DP-bwdX] L=64 states=207 -> 251
[DP-bwdX] L=48 states=1368 -> 1437
[DP-fwdX] L=0 states=1 -> 1
[DP-fwdX] L=16 states=171 -> 207
[DP-bwdX] L=32 states=41 -> 50
[DP-fwdX] L=0 states=1 -> 1
[DP-bwdX] L=16 states=5 -> 7
[DP-fwdX] L=0 states=1 -> 1
[DP-fwdX] L=0 states=1 -> 1
[DP-fwdX] L=0 states=1 -> 1
[DP-bwdX] L=16 states=5 -> 7
[DP-fwdX] L=16 states=2 -> 5
[DP-bwdX] L=32 states=41 -> 50
[DP-fwdX] L=32 states=4 -> 7
[DP-bwdX] L=32 states=1 -> 2
[DP-fwdX] L=32 states=1 -> 2
[DP-fwdX] L=48 states=40 -> 48
[DP-bwdX] L=80 states=1 -> 2
[DP-bwdX] L=64 states=207 -> 251
[DP-fwdX] L=48 states=40 -> 48
[DP-bwdX] L=48 states=4 -> 7
[DP-bwdX] L=48 states=4 -> 7
[DP-fwdX] L=48 states=1 -> 2
[DP-fwdX] L=64 states=4 -> 5
[DP-bwdX] L=80 states=1 -> 2
[DP-fwdX] L=64 states=4 -> 5
[DP-bwdX] L=64 states=3 -> 7
[DP-bwdX] L=64 states=3 -> 7
[DP-bwdX] L=80 states=1 -> 2
[DP-bwdX] L=80 states=1 -> 2
[DP-bwdX] L=80 states=1 -> 2
[Init-Homotopy] round1 maxL=23  set T_prime0=19 (T_target=14)
  [Round 1] T_prime=19  T_target=14  HPWL_w=668000  HPWL_eq=668  maxL=23  WNS(T')=-4  WNS*(T)=-9  picked=6  solve_ms=46.7384
[OC-Shortest/pow2] m=9 h=9 SEG=4 bits=36 words=1 threads=24
[DP-fwdX] L=0 states=1 -> 1
[DP-fwdX] L=16 states=171 -> 207
[DP-fwdX] L=32 states=1292 -> 1368
[DP-bwdX] L=80 states=1 -> 2
[DP-bwdX] L=64 states=207 -> 251
[DP-bwdX] L=48 states=1368 -> 1437
[DP-fwdX] L=0 states=1 -> 1
[DP-fwdX] L=16 states=171 -> 207
[DP-bwdX] L=32 states=41 -> 50
[DP-fwdX] L=0 states=1 -> 1
[DP-bwdX] L=16 states=5 -> 7
[DP-fwdX] L=0 states=1 -> 1
[DP-fwdX] L=0 states=1 -> 1
[DP-fwdX] L=0 states=1 -> 1
[DP-bwdX] L=16 states=5 -> 7
[DP-fwdX] L=16 states=2 -> 5
[DP-bwdX] L=32 states=41 -> 50
[DP-fwdX] L=32 states=4 -> 7
[DP-bwdX] L=32 states=1 -> 2
[DP-fwdX] L=32 states=1 -> 2
[DP-fwdX] L=48 states=40 -> 48
[DP-bwdX] L=80 states=1 -> 2
[DP-bwdX] L=64 states=207 -> 251
[DP-fwdX] L=48 states=40 -> 48
[DP-bwdX] L=48 states=4 -> 7
[DP-bwdX] L=48 states=4 -> 7
[DP-fwdX] L=48 states=1 -> 2
[DP-fwdX] L=64 states=4 -> 5
[DP-bwdX] L=80 states=1 -> 2
[DP-fwdX] L=64 states=4 -> 5
[DP-bwdX] L=64 states=3 -> 7
[DP-bwdX] L=64 states=3 -> 7
[DP-bwdX] L=80 states=1 -> 2
[DP-bwdX] L=80 states=1 -> 2
[DP-bwdX] L=80 states=1 -> 2
  [Round 2] T_prime=19  T_target=14  HPWL_w=668186  HPWL_eq=668  maxL=23  WNS(T')=-4  WNS*(T)=-9  picked=6  solve_ms=43.0095
[OC-Shortest/pow2] m=9 h=9 SEG=4 bits=36 words=1 threads=24
[DP-fwdX] L=0 states=1 -> 1
[DP-fwdX] L=16 states=171 -> 207
[DP-fwdX] L=32 states=1292 -> 1368
[DP-bwdX] L=80 states=1 -> 2
[DP-bwdX] L=64 states=207 -> 251
[DP-bwdX] L=48 states=1368 -> 1437
[DP-fwdX] L=0 states=1 -> 1
[DP-fwdX] L=16 states=171 -> 207
[DP-bwdX] L=32 states=41 -> 50
[DP-fwdX] L=0 states=1 -> 1
[DP-bwdX] L=16 states=5 -> 7
[DP-fwdX] L=0 states=1 -> 1
[DP-fwdX] L=0 states=1 -> 1
[DP-fwdX] L=0 states=1 -> 1
[DP-bwdX] L=16 states=5 -> 7
[DP-fwdX] L=16 states=2 -> 5
[DP-bwdX] L=32 states=41 -> 50
[DP-fwdX] L=32 states=4 -> 7
[DP-bwdX] L=32 states=1 -> 2
[DP-fwdX] L=32 states=1 -> 2
[DP-fwdX] L=48 states=40 -> 48
[DP-bwdX] L=80 states=1 -> 2
[DP-bwdX] L=64 states=207 -> 251
[DP-fwdX] L=48 states=40 -> 48
[DP-bwdX] L=48 states=4 -> 7
[DP-bwdX] L=48 states=4 -> 7
[DP-fwdX] L=48 states=1 -> 2
[DP-fwdX] L=64 states=4 -> 5
[DP-bwdX] L=80 states=1 -> 2
[DP-fwdX] L=64 states=4 -> 5
[DP-bwdX] L=64 states=3 -> 7
[DP-bwdX] L=64 states=3 -> 7
[DP-bwdX] L=80 states=1 -> 2
[DP-bwdX] L=80 states=1 -> 2
[DP-bwdX] L=80 states=1 -> 2
  [Round 3] T_prime=19  T_target=14  HPWL_w=669622  HPWL_eq=668  maxL=23  WNS(T')=-4  WNS*(T)=-9  picked=6  solve_ms=43.1792
[OC-Shortest/pow2] m=9 h=9 SEG=4 bits=36 words=1 threads=24
[DP-fwdX] L=0 states=1 -> 1
[DP-fwdX] L=16 states=171 -> 207
[DP-fwdX] L=32 states=1292 -> 1368
[DP-bwdX] L=80 states=1 -> 2
[DP-bwdX] L=64 states=207 -> 251
[DP-bwdX] L=48 states=1368 -> 1437
[DP-fwdX] L=0 states=1 -> 1
[DP-fwdX] L=16 states=171 -> 207
[DP-bwdX] L=32 states=41 -> 50
[DP-fwdX] L=0 states=1 -> 1
[DP-bwdX] L=16 states=5 -> 7
[DP-fwdX] L=0 states=1 -> 1
[DP-fwdX] L=0 states=1 -> 1
[DP-fwdX] L=0 states=1 -> 1
[DP-bwdX] L=16 states=5 -> 7
[DP-fwdX] L=16 states=2 -> 5
[DP-bwdX] L=32 states=41 -> 50
[DP-fwdX] L=32 states=4 -> 7
[DP-bwdX] L=32 states=1 -> 2
[DP-fwdX] L=32 states=1 -> 2
[DP-fwdX] L=48 states=40 -> 48
[DP-bwdX] L=80 states=1 -> 2
[DP-bwdX] L=64 states=207 -> 251
[DP-fwdX] L=48 states=40 -> 48
[DP-bwdX] L=48 states=4 -> 7
[DP-bwdX] L=48 states=4 -> 7
[DP-fwdX] L=48 states=1 -> 2
[DP-fwdX] L=64 states=4 -> 5
[DP-bwdX] L=80 states=1 -> 2
[DP-fwdX] L=64 states=4 -> 5
[DP-bwdX] L=64 states=3 -> 7
[DP-bwdX] L=64 states=3 -> 7
[DP-bwdX] L=80 states=1 -> 2
[DP-bwdX] L=80 states=1 -> 2
[DP-bwdX] L=80 states=1 -> 2
  [Round 4] T_prime=19  T_target=14  HPWL_w=670286  HPWL_eq=668  maxL=23  WNS(T')=-4  WNS*(T)=-9  picked=6  solve_ms=42.7967
[OC-Shortest/pow2] m=9 h=9 SEG=4 bits=36 words=1 threads=24
[DP-fwdX] L=0 states=1 -> 1
[DP-fwdX] L=16 states=171 -> 207
[DP-fwdX] L=32 states=1292 -> 1368
[DP-bwdX] L=80 states=1 -> 2
[DP-bwdX] L=64 states=207 -> 251
[DP-bwdX] L=48 states=1368 -> 1437
[DP-fwdX] L=0 states=1 -> 1
[DP-fwdX] L=16 states=171 -> 207
[DP-bwdX] L=32 states=41 -> 50
[DP-fwdX] L=0 states=1 -> 1
[DP-bwdX] L=16 states=5 -> 7
[DP-fwdX] L=0 states=1 -> 1
[DP-fwdX] L=0 states=1 -> 1
[DP-fwdX] L=0 states=1 -> 1
[DP-bwdX] L=16 states=5 -> 7
[DP-fwdX] L=16 states=2 -> 5
[DP-bwdX] L=32 states=41 -> 50
[DP-fwdX] L=32 states=4 -> 7
[DP-bwdX] L=32 states=1 -> 2
[DP-fwdX] L=32 states=1 -> 2
[DP-fwdX] L=48 states=40 -> 48
[DP-bwdX] L=80 states=1 -> 2
[DP-bwdX] L=64 states=207 -> 251
[DP-fwdX] L=48 states=40 -> 48
[DP-bwdX] L=48 states=4 -> 7
[DP-bwdX] L=48 states=4 -> 7
[DP-fwdX] L=48 states=1 -> 2
[DP-fwdX] L=64 states=4 -> 5
[DP-bwdX] L=80 states=1 -> 2
[DP-fwdX] L=64 states=4 -> 5
[DP-bwdX] L=64 states=3 -> 7
[DP-bwdX] L=64 states=3 -> 7
[DP-bwdX] L=80 states=1 -> 2
[DP-bwdX] L=80 states=1 -> 2
[DP-bwdX] L=80 states=1 -> 2
  [Round 5] T_prime=19  T_target=14  HPWL_w=672920  HPWL_eq=668  maxL=23  WNS(T')=-4  WNS*(T)=-9  picked=6  solve_ms=42.2379
[OC-Shortest/pow2] m=9 h=9 SEG=4 bits=36 words=1 threads=24
[DP-fwdX] L=0 states=1 -> 1
[DP-fwdX] L=16 states=171 -> 207
[DP-fwdX] L=32 states=1292 -> 1368
[DP-bwdX] L=80 states=1 -> 2
[DP-bwdX] L=64 states=207 -> 251
[DP-bwdX] L=48 states=1368 -> 1437
[DP-fwdX] L=0 states=1 -> 1
[DP-fwdX] L=16 states=171 -> 207
[DP-bwdX] L=32 states=41 -> 50
[DP-fwdX] L=0 states=1 -> 1
[DP-bwdX] L=16 states=5 -> 7
[DP-fwdX] L=0 states=1 -> 1
[DP-fwdX] L=0 states=1 -> 1
[DP-fwdX] L=0 states=1 -> 1
[DP-bwdX] L=16 states=5 -> 7
[DP-fwdX] L=16 states=2 -> 5
[DP-bwdX] L=32 states=41 -> 50
[DP-fwdX] L=32 states=4 -> 7
[DP-bwdX] L=32 states=1 -> 2
[DP-fwdX] L=32 states=1 -> 2
[DP-fwdX] L=48 states=40 -> 48
[DP-bwdX] L=80 states=1 -> 2
[DP-bwdX] L=64 states=207 -> 251
[DP-fwdX] L=48 states=40 -> 48
[DP-bwdX] L=48 states=4 -> 7
[DP-bwdX] L=48 states=4 -> 7
[DP-fwdX] L=48 states=1 -> 2
[DP-fwdX] L=64 states=4 -> 5
[DP-bwdX] L=80 states=1 -> 2
[DP-fwdX] L=64 states=4 -> 5
[DP-bwdX] L=64 states=3 -> 7
[DP-bwdX] L=64 states=3 -> 7
[DP-bwdX] L=80 states=1 -> 2
[DP-bwdX] L=80 states=1 -> 2
[DP-bwdX] L=80 states=1 -> 2
  [Round 6] T_prime=19  T_target=14  HPWL_w=673964  HPWL_eq=668  maxL=23  WNS(T')=-4  WNS*(T)=-9  picked=6  solve_ms=42.0272
[OC-Shortest/pow2] m=9 h=9 SEG=4 bits=36 words=1 threads=24
[DP-fwdX] L=0 states=1 -> 1
[DP-fwdX] L=16 states=171 -> 207
[DP-fwdX] L=32 states=1292 -> 1368
[DP-bwdX] L=80 states=1 -> 2
[DP-bwdX] L=64 states=207 -> 251
[DP-bwdX] L=48 states=1368 -> 1437
[DP-fwdX] L=0 states=1 -> 1
[DP-fwdX] L=16 states=171 -> 207
[DP-bwdX] L=32 states=41 -> 50
[DP-fwdX] L=0 states=1 -> 1
[DP-bwdX] L=16 states=5 -> 7
[DP-fwdX] L=0 states=1 -> 1
[DP-fwdX] L=0 states=1 -> 1
[DP-fwdX] L=0 states=1 -> 1
[DP-bwdX] L=16 states=5 -> 7
[DP-fwdX] L=16 states=2 -> 5
[DP-bwdX] L=32 states=41 -> 50
[DP-fwdX] L=32 states=4 -> 7
[DP-bwdX] L=32 states=1 -> 2
[DP-fwdX] L=32 states=1 -> 2
[DP-fwdX] L=48 states=40 -> 48
[DP-bwdX] L=80 states=1 -> 2
[DP-bwdX] L=64 states=207 -> 251
[DP-fwdX] L=48 states=40 -> 48
[DP-bwdX] L=48 states=4 -> 7
[DP-bwdX] L=48 states=4 -> 7
[DP-fwdX] L=48 states=1 -> 2
[DP-fwdX] L=64 states=4 -> 5
[DP-bwdX] L=80 states=1 -> 2
[DP-fwdX] L=64 states=4 -> 5
[DP-bwdX] L=64 states=3 -> 7
[DP-bwdX] L=64 states=3 -> 7
[DP-bwdX] L=80 states=1 -> 2
[DP-bwdX] L=80 states=1 -> 2
[DP-bwdX] L=80 states=1 -> 2
  [Round 7] T_prime=19  T_target=14  HPWL_w=677754  HPWL_eq=668  maxL=23  WNS(T')=-4  WNS*(T)=-9  picked=6  solve_ms=42.3243
[OC-Shortest/pow2] m=9 h=9 SEG=4 bits=36 words=1 threads=24
[DP-fwdX] L=0 states=1 -> 1
[DP-fwdX] L=16 states=171 -> 207
[DP-fwdX] L=32 states=1292 -> 1368
[DP-bwdX] L=80 states=1 -> 2
[DP-bwdX] L=64 states=207 -> 251
[DP-bwdX] L=48 states=1368 -> 1437
[DP-fwdX] L=0 states=1 -> 1
[DP-fwdX] L=16 states=171 -> 207
[DP-bwdX] L=32 states=41 -> 50
[DP-fwdX] L=0 states=1 -> 1
[DP-bwdX] L=16 states=5 -> 7
[DP-fwdX] L=0 states=1 -> 1
[DP-fwdX] L=0 states=1 -> 1
[DP-fwdX] L=0 states=1 -> 1
[DP-bwdX] L=16 states=5 -> 7
[DP-fwdX] L=16 states=2 -> 5
[DP-bwdX] L=32 states=41 -> 50
[DP-fwdX] L=32 states=4 -> 7
[DP-bwdX] L=32 states=1 -> 2
[DP-fwdX] L=32 states=1 -> 2
[DP-fwdX] L=48 states=40 -> 48
[DP-bwdX] L=80 states=1 -> 2
[DP-bwdX] L=64 states=207 -> 251
[DP-fwdX] L=48 states=40 -> 48
[DP-bwdX] L=48 states=4 -> 7
[DP-bwdX] L=48 states=4 -> 7
[DP-fwdX] L=48 states=1 -> 2
[DP-fwdX] L=64 states=4 -> 5
[DP-bwdX] L=80 states=1 -> 2
[DP-fwdX] L=64 states=4 -> 5
[DP-bwdX] L=64 states=3 -> 7
[DP-bwdX] L=64 states=3 -> 7
[DP-bwdX] L=80 states=1 -> 2
[DP-bwdX] L=80 states=1 -> 2
[DP-bwdX] L=80 states=1 -> 2
  [Round 8] T_prime=19  T_target=14  HPWL_w=678916  HPWL_eq=670  maxL=19  WNS(T')=0  WNS*(T)=-5  picked=0  solve_ms=42.6826
    [Tighten] T_prime: 19 -> 16 (sigma*maxL=16, shrink=18)  | cold-start: reset inertia
[OC-Shortest/pow2] m=9 h=9 SEG=4 bits=36 words=1 threads=24
[DP-fwdX] L=0 states=1 -> 1
[DP-fwdX] L=16 states=171 -> 207
[DP-fwdX] L=32 states=1292 -> 1368
[DP-bwdX] L=80 states=1 -> 2
[DP-bwdX] L=64 states=207 -> 251
[DP-bwdX] L=48 states=1368 -> 1437
[DP-fwdX] L=0 states=1 -> 1
[DP-fwdX] L=16 states=171 -> 207
[DP-bwdX] L=32 states=41 -> 50
[DP-fwdX] L=0 states=1 -> 1
[DP-bwdX] L=16 states=5 -> 7
[DP-fwdX] L=0 states=1 -> 1
[DP-fwdX] L=0 states=1 -> 1
[DP-fwdX] L=0 states=1 -> 1
[DP-bwdX] L=16 states=5 -> 7
[DP-fwdX] L=16 states=2 -> 5
[DP-bwdX] L=32 states=41 -> 50
[DP-fwdX] L=32 states=4 -> 7
[DP-bwdX] L=32 states=1 -> 2
[DP-fwdX] L=32 states=1 -> 2
[DP-fwdX] L=48 states=40 -> 48
[DP-bwdX] L=80 states=1 -> 2
[DP-bwdX] L=64 states=207 -> 251
[DP-fwdX] L=48 states=40 -> 48
[DP-bwdX] L=48 states=4 -> 7
[DP-bwdX] L=48 states=4 -> 7
[DP-fwdX] L=48 states=1 -> 2
[DP-fwdX] L=64 states=4 -> 5
[DP-bwdX] L=80 states=1 -> 2
[DP-fwdX] L=64 states=4 -> 5
[DP-bwdX] L=64 states=3 -> 7
[DP-bwdX] L=64 states=3 -> 7
[DP-bwdX] L=80 states=1 -> 2
[DP-bwdX] L=80 states=1 -> 2
[DP-bwdX] L=80 states=1 -> 2
  [Round 9] T_prime=16  T_target=14  HPWL_w=678916  HPWL_eq=670  maxL=19  WNS(T')=-3  WNS*(T)=-5  picked=10  solve_ms=42.3539
[OC-Shortest/pow2] m=9 h=9 SEG=4 bits=36 words=1 threads=24
[DP-fwdX] L=0 states=1 -> 1
[DP-fwdX] L=16 states=171 -> 207
[DP-fwdX] L=32 states=1292 -> 1368
[DP-bwdX] L=80 states=1 -> 2
[DP-bwdX] L=64 states=207 -> 251
[DP-bwdX] L=48 states=1368 -> 1437
[DP-fwdX] L=0 states=1 -> 1
[DP-fwdX] L=16 states=171 -> 207
[DP-bwdX] L=32 states=41 -> 50
[DP-fwdX] L=0 states=1 -> 1
[DP-bwdX] L=16 states=5 -> 7
[DP-fwdX] L=0 states=1 -> 1
[DP-fwdX] L=0 states=1 -> 1
[DP-fwdX] L=0 states=1 -> 1
[DP-bwdX] L=16 states=5 -> 7
[DP-fwdX] L=16 states=2 -> 5
[DP-bwdX] L=32 states=41 -> 50
[DP-fwdX] L=32 states=4 -> 7
[DP-bwdX] L=32 states=1 -> 2
[DP-fwdX] L=32 states=1 -> 2
[DP-fwdX] L=48 states=40 -> 48
[DP-bwdX] L=80 states=1 -> 2
[DP-bwdX] L=64 states=207 -> 251
[DP-fwdX] L=48 states=40 -> 48
[DP-bwdX] L=48 states=4 -> 7
[DP-bwdX] L=48 states=4 -> 7
[DP-fwdX] L=48 states=1 -> 2
[DP-fwdX] L=64 states=4 -> 5
[DP-bwdX] L=80 states=1 -> 2
[DP-fwdX] L=64 states=4 -> 5
[DP-bwdX] L=64 states=3 -> 7
[DP-bwdX] L=64 states=3 -> 7
[DP-bwdX] L=80 states=1 -> 2
[DP-bwdX] L=80 states=1 -> 2
[DP-bwdX] L=80 states=1 -> 2
  [Round 10] T_prime=16  T_target=14  HPWL_w=681176  HPWL_eq=670  maxL=19  WNS(T')=-3  WNS*(T)=-5  picked=10  solve_ms=42.4085
[OC-Shortest/pow2] m=9 h=9 SEG=4 bits=36 words=1 threads=24
[DP-fwdX] L=0 states=1 -> 1
[DP-fwdX] L=16 states=171 -> 207
[DP-fwdX] L=32 states=1292 -> 1368
[DP-bwdX] L=80 states=1 -> 2
[DP-bwdX] L=64 states=207 -> 251
[DP-bwdX] L=48 states=1368 -> 1437
[DP-fwdX] L=0 states=1 -> 1
[DP-fwdX] L=16 states=171 -> 207
[DP-bwdX] L=32 states=41 -> 50
[DP-fwdX] L=0 states=1 -> 1
[DP-bwdX] L=16 states=5 -> 7
[DP-fwdX] L=0 states=1 -> 1
[DP-fwdX] L=0 states=1 -> 1
[DP-fwdX] L=0 states=1 -> 1
[DP-bwdX] L=16 states=5 -> 7
[DP-fwdX] L=16 states=2 -> 5
[DP-bwdX] L=32 states=41 -> 50
[DP-fwdX] L=32 states=4 -> 7
[DP-bwdX] L=32 states=1 -> 2
[DP-fwdX] L=32 states=1 -> 2
[DP-fwdX] L=48 states=40 -> 48
[DP-bwdX] L=80 states=1 -> 2
[DP-bwdX] L=64 states=207 -> 251
[DP-fwdX] L=48 states=40 -> 48
[DP-bwdX] L=48 states=4 -> 7
[DP-bwdX] L=48 states=4 -> 7
[DP-fwdX] L=48 states=1 -> 2
[DP-fwdX] L=64 states=4 -> 5
[DP-bwdX] L=80 states=1 -> 2
[DP-fwdX] L=64 states=4 -> 5
[DP-bwdX] L=64 states=3 -> 7
[DP-bwdX] L=64 states=3 -> 7
[DP-bwdX] L=80 states=1 -> 2
[DP-bwdX] L=80 states=1 -> 2
[DP-bwdX] L=80 states=1 -> 2
  [Round 11] T_prime=16  T_target=14  HPWL_w=682932  HPWL_eq=670  maxL=19  WNS(T')=-3  WNS*(T)=-5  picked=10  solve_ms=42.0546
[OC-Shortest/pow2] m=9 h=9 SEG=4 bits=36 words=1 threads=24
[DP-fwdX] L=0 states=1 -> 1
[DP-fwdX] L=16 states=171 -> 207
[DP-fwdX] L=32 states=1292 -> 1368
[DP-bwdX] L=80 states=1 -> 2
[DP-bwdX] L=64 states=207 -> 251
[DP-bwdX] L=48 states=1368 -> 1437
[DP-fwdX] L=0 states=1 -> 1
[DP-fwdX] L=16 states=171 -> 207
[DP-bwdX] L=32 states=41 -> 50
[DP-fwdX] L=0 states=1 -> 1
[DP-bwdX] L=16 states=5 -> 7
[DP-fwdX] L=0 states=1 -> 1
[DP-fwdX] L=0 states=1 -> 1
[DP-fwdX] L=0 states=1 -> 1
[DP-bwdX] L=16 states=5 -> 7
[DP-fwdX] L=16 states=2 -> 5
[DP-bwdX] L=32 states=41 -> 50
[DP-fwdX] L=32 states=4 -> 7
[DP-bwdX] L=32 states=1 -> 2
[DP-fwdX] L=32 states=1 -> 2
[DP-fwdX] L=48 states=40 -> 48
[DP-bwdX] L=80 states=1 -> 2
[DP-bwdX] L=64 states=207 -> 251
[DP-fwdX] L=48 states=40 -> 48
[DP-bwdX] L=48 states=4 -> 7
[DP-bwdX] L=48 states=4 -> 7
[DP-fwdX] L=48 states=1 -> 2
[DP-fwdX] L=64 states=4 -> 5
[DP-bwdX] L=80 states=1 -> 2
[DP-fwdX] L=64 states=4 -> 5
[DP-bwdX] L=64 states=3 -> 7
[DP-bwdX] L=64 states=3 -> 7
[DP-bwdX] L=80 states=1 -> 2
[DP-bwdX] L=80 states=1 -> 2
[DP-bwdX] L=80 states=1 -> 2
  [Round 12] T_prime=16  T_target=14  HPWL_w=685268  HPWL_eq=670  maxL=19  WNS(T')=-3  WNS*(T)=-5  picked=10  solve_ms=42.2362
[OC-Shortest/pow2] m=9 h=9 SEG=4 bits=36 words=1 threads=24
[DP-fwdX] L=0 states=1 -> 1
[DP-fwdX] L=16 states=171 -> 207
[DP-fwdX] L=32 states=1292 -> 1368
[DP-bwdX] L=80 states=1 -> 2
[DP-bwdX] L=64 states=207 -> 251
[DP-bwdX] L=48 states=1368 -> 1437
[DP-fwdX] L=0 states=1 -> 1
[DP-fwdX] L=16 states=171 -> 207
[DP-bwdX] L=32 states=41 -> 50
[DP-fwdX] L=0 states=1 -> 1
[DP-bwdX] L=16 states=5 -> 7
[DP-fwdX] L=0 states=1 -> 1
[DP-fwdX] L=0 states=1 -> 1
[DP-fwdX] L=0 states=1 -> 1
[DP-bwdX] L=16 states=5 -> 7
[DP-fwdX] L=16 states=2 -> 5
[DP-bwdX] L=32 states=41 -> 50
[DP-fwdX] L=32 states=4 -> 7
[DP-bwdX] L=32 states=1 -> 2
[DP-fwdX] L=32 states=1 -> 2
[DP-fwdX] L=48 states=40 -> 48
[DP-bwdX] L=80 states=1 -> 2
[DP-bwdX] L=64 states=207 -> 251
[DP-fwdX] L=48 states=40 -> 48
[DP-bwdX] L=48 states=4 -> 7
[DP-bwdX] L=48 states=4 -> 7
[DP-fwdX] L=48 states=1 -> 2
[DP-fwdX] L=64 states=4 -> 5
[DP-bwdX] L=80 states=1 -> 2
[DP-fwdX] L=64 states=4 -> 5
[DP-bwdX] L=64 states=3 -> 7
[DP-bwdX] L=64 states=3 -> 7
[DP-bwdX] L=80 states=1 -> 2
[DP-bwdX] L=80 states=1 -> 2
[DP-bwdX] L=80 states=1 -> 2
  [Round 13] T_prime=16  T_target=14  HPWL_w=686282  HPWL_eq=670  maxL=19  WNS(T')=-3  WNS*(T)=-5  picked=10  solve_ms=42.0788
[OC-Shortest/pow2] m=9 h=9 SEG=4 bits=36 words=1 threads=24
[DP-fwdX] L=0 states=1 -> 1
[DP-fwdX] L=16 states=171 -> 207
[DP-fwdX] L=32 states=1292 -> 1368
[DP-bwdX] L=80 states=1 -> 2
[DP-bwdX] L=64 states=207 -> 251
[DP-bwdX] L=48 states=1368 -> 1437
[DP-fwdX] L=0 states=1 -> 1
[DP-fwdX] L=16 states=171 -> 207
[DP-bwdX] L=32 states=41 -> 50
[DP-fwdX] L=0 states=1 -> 1
[DP-bwdX] L=16 states=5 -> 6
[DP-fwdX] L=0 states=1 -> 1
[DP-fwdX] L=0 states=1 -> 1
[DP-fwdX] L=0 states=1 -> 1
[DP-bwdX] L=16 states=5 -> 6
[DP-fwdX] L=16 states=3 -> 7
[DP-bwdX] L=32 states=41 -> 50
[DP-fwdX] L=32 states=5 -> 9
[DP-bwdX] L=32 states=1 -> 3
[DP-fwdX] L=32 states=1 -> 3
[DP-fwdX] L=48 states=40 -> 48
[DP-bwdX] L=80 states=1 -> 2
[DP-bwdX] L=64 states=207 -> 251
[DP-fwdX] L=48 states=40 -> 48
[DP-bwdX] L=48 states=6 -> 11
[DP-bwdX] L=48 states=6 -> 11
[DP-fwdX] L=48 states=1 -> 2
[DP-fwdX] L=64 states=7 -> 10
[DP-bwdX] L=80 states=1 -> 2
[DP-fwdX] L=64 states=7 -> 10
[DP-bwdX] L=64 states=2 -> 5
[DP-bwdX] L=64 states=2 -> 5
[DP-bwdX] L=80 states=1 -> 2
[DP-bwdX] L=80 states=1 -> 2
[DP-bwdX] L=80 states=1 -> 2
  [Round 14] T_prime=16  T_target=14  HPWL_w=687578  HPWL_eq=682  maxL=24  WNS(T')=-8  WNS*(T)=-10  picked=12  solve_ms=42.633
[OC-Shortest/pow2] m=9 h=9 SEG=4 bits=36 words=1 threads=24
[DP-fwdX] L=0 states=1 -> 1
[DP-fwdX] L=16 states=171 -> 207
[DP-fwdX] L=32 states=1292 -> 1368
[DP-bwdX] L=80 states=1 -> 2
[DP-bwdX] L=64 states=207 -> 251
[DP-bwdX] L=48 states=1368 -> 1437
[DP-fwdX] L=0 states=1 -> 1
[DP-fwdX] L=16 states=171 -> 207
[DP-bwdX] L=32 states=41 -> 50
[DP-fwdX] L=0 states=1 -> 1
[DP-bwdX] L=16 states=5 -> 6
[DP-fwdX] L=0 states=1 -> 1
[DP-fwdX] L=0 states=1 -> 1
[DP-fwdX] L=0 states=1 -> 1
[DP-bwdX] L=16 states=5 -> 6
[DP-fwdX] L=16 states=3 -> 7
[DP-bwdX] L=32 states=41 -> 50
[DP-fwdX] L=32 states=5 -> 9
[DP-bwdX] L=32 states=1 -> 3
[DP-fwdX] L=32 states=1 -> 3
[DP-fwdX] L=48 states=40 -> 48
[DP-bwdX] L=80 states=1 -> 2
[DP-bwdX] L=64 states=207 -> 251
[DP-fwdX] L=48 states=40 -> 48
[DP-bwdX] L=48 states=6 -> 11
[DP-bwdX] L=48 states=6 -> 11
[DP-fwdX] L=48 states=1 -> 2
[DP-fwdX] L=64 states=7 -> 10
[DP-bwdX] L=80 states=1 -> 2
[DP-fwdX] L=64 states=7 -> 10
[DP-bwdX] L=64 states=2 -> 5
[DP-bwdX] L=64 states=2 -> 5
[DP-bwdX] L=80 states=1 -> 2
[DP-bwdX] L=80 states=1 -> 2
[DP-bwdX] L=80 states=1 -> 2
  [Round 15] T_prime=16  T_target=14  HPWL_w=688594  HPWL_eq=682  maxL=30  WNS(T')=-14  WNS*(T)=-16  picked=12  solve_ms=44.6798
[OC-Shortest/pow2] m=9 h=9 SEG=4 bits=36 words=1 threads=24
[DP-fwdX] L=0 states=1 -> 1
[DP-fwdX] L=16 states=171 -> 207
[DP-fwdX] L=32 states=1292 -> 1368
[DP-bwdX] L=80 states=1 -> 2
[DP-bwdX] L=64 states=207 -> 251
[DP-bwdX] L=48 states=1368 -> 1437
[DP-fwdX] L=0 states=1 -> 1
[DP-fwdX] L=16 states=171 -> 207
[DP-bwdX] L=32 states=41 -> 50
[DP-fwdX] L=0 states=1 -> 1
[DP-bwdX] L=16 states=7 -> 8
[DP-fwdX] L=0 states=1 -> 1
[DP-fwdX] L=0 states=1 -> 1
[DP-fwdX] L=0 states=1 -> 1
[DP-bwdX] L=16 states=7 -> 8
[DP-fwdX] L=16 states=3 -> 5
[DP-bwdX] L=32 states=41 -> 50
[DP-fwdX] L=32 states=4 -> 7
[DP-bwdX] L=32 states=1 -> 2
[DP-fwdX] L=32 states=1 -> 2
[DP-fwdX] L=48 states=40 -> 48
[DP-bwdX] L=80 states=1 -> 2
[DP-bwdX] L=64 states=207 -> 251
[DP-fwdX] L=48 states=40 -> 48
[DP-bwdX] L=48 states=4 -> 7
[DP-bwdX] L=48 states=4 -> 7
[DP-fwdX] L=48 states=1 -> 2
[DP-fwdX] L=64 states=8 -> 10
[DP-bwdX] L=80 states=1 -> 2
[DP-fwdX] L=64 states=8 -> 10
[DP-bwdX] L=64 states=2 -> 4
[DP-bwdX] L=64 states=2 -> 4
[DP-bwdX] L=80 states=1 -> 2
[DP-bwdX] L=80 states=1 -> 2
[DP-bwdX] L=80 states=1 -> 2
  [Round 16] T_prime=16  T_target=14  HPWL_w=693650  HPWL_eq=680  maxL=16  WNS(T')=0  WNS*(T)=-2  picked=0  solve_ms=42.0886
    [Tighten] T_prime: 16 -> 14 (sigma*maxL=13, shrink=15)  | cold-start: reset inertia
[OC-Shortest/pow2] m=9 h=9 SEG=4 bits=36 words=1 threads=24
[DP-fwdX] L=0 states=1 -> 1
[DP-fwdX] L=16 states=171 -> 207
[DP-fwdX] L=32 states=1292 -> 1368
[DP-bwdX] L=80 states=1 -> 2
[DP-bwdX] L=64 states=207 -> 251
[DP-bwdX] L=48 states=1368 -> 1437
[DP-fwdX] L=0 states=1 -> 1
[DP-fwdX] L=16 states=171 -> 207
[DP-bwdX] L=32 states=41 -> 50
[DP-fwdX] L=0 states=1 -> 1
[DP-bwdX] L=16 states=7 -> 8
[DP-fwdX] L=0 states=1 -> 1
[DP-fwdX] L=0 states=1 -> 1
[DP-fwdX] L=0 states=1 -> 1
[DP-bwdX] L=16 states=7 -> 8
[DP-fwdX] L=16 states=3 -> 5
[DP-bwdX] L=32 states=41 -> 50
[DP-fwdX] L=32 states=4 -> 7
[DP-bwdX] L=32 states=1 -> 2
[DP-fwdX] L=32 states=1 -> 2
[DP-fwdX] L=48 states=40 -> 48
[DP-bwdX] L=80 states=1 -> 2
[DP-bwdX] L=64 states=207 -> 251
[DP-fwdX] L=48 states=40 -> 48
[DP-bwdX] L=48 states=4 -> 7
[DP-bwdX] L=48 states=4 -> 7
[DP-fwdX] L=48 states=1 -> 2
[DP-fwdX] L=64 states=8 -> 10
[DP-bwdX] L=80 states=1 -> 2
[DP-fwdX] L=64 states=8 -> 10
[DP-bwdX] L=64 states=2 -> 4
[DP-bwdX] L=64 states=2 -> 4
[DP-bwdX] L=80 states=1 -> 2
[DP-bwdX] L=80 states=1 -> 2
[DP-bwdX] L=80 states=1 -> 2
  [Round 17] T_prime=14  T_target=14  HPWL_w=693650  HPWL_eq=680  maxL=16  WNS(T')=-2  WNS*(T)=-2  picked=6  solve_ms=41.8423
[OC-Shortest/pow2] m=9 h=9 SEG=4 bits=36 words=1 threads=24
[DP-fwdX] L=0 states=1 -> 1
[DP-fwdX] L=16 states=171 -> 207
[DP-fwdX] L=32 states=1292 -> 1368
[DP-bwdX] L=80 states=1 -> 2
[DP-bwdX] L=64 states=207 -> 251
[DP-bwdX] L=48 states=1368 -> 1437
[DP-fwdX] L=0 states=1 -> 1
[DP-fwdX] L=16 states=171 -> 207
[DP-bwdX] L=32 states=41 -> 50
[DP-fwdX] L=0 states=1 -> 1
[DP-bwdX] L=16 states=7 -> 8
[DP-fwdX] L=0 states=1 -> 1
[DP-fwdX] L=0 states=1 -> 1
[DP-fwdX] L=0 states=1 -> 1
[DP-bwdX] L=16 states=7 -> 8
[DP-fwdX] L=16 states=3 -> 5
[DP-bwdX] L=32 states=41 -> 50
[DP-fwdX] L=32 states=4 -> 7
[DP-bwdX] L=32 states=1 -> 2
[DP-fwdX] L=32 states=1 -> 2
[DP-fwdX] L=48 states=40 -> 48
[DP-bwdX] L=80 states=1 -> 2
[DP-bwdX] L=64 states=207 -> 251
[DP-fwdX] L=48 states=40 -> 48
[DP-bwdX] L=48 states=4 -> 7
[DP-bwdX] L=48 states=4 -> 7
[DP-fwdX] L=48 states=1 -> 2
[DP-fwdX] L=64 states=4 -> 5
[DP-bwdX] L=80 states=1 -> 2
[DP-fwdX] L=64 states=4 -> 5
[DP-bwdX] L=64 states=3 -> 7
[DP-bwdX] L=64 states=3 -> 7
[DP-bwdX] L=80 states=1 -> 2
[DP-bwdX] L=80 states=1 -> 2
[DP-bwdX] L=80 states=1 -> 2
  [Round 18] T_prime=14  T_target=14  HPWL_w=694304  HPWL_eq=675  maxL=19  WNS(T')=-5  WNS*(T)=-5  picked=9  solve_ms=41.9773
[OC-Shortest/pow2] m=9 h=9 SEG=4 bits=36 words=1 threads=24
[DP-fwdX] L=0 states=1 -> 1
[DP-fwdX] L=16 states=171 -> 207
[DP-fwdX] L=32 states=1292 -> 1368
[DP-bwdX] L=80 states=1 -> 2
[DP-bwdX] L=64 states=207 -> 251
[DP-bwdX] L=48 states=1368 -> 1437
[DP-fwdX] L=0 states=1 -> 1
[DP-fwdX] L=16 states=171 -> 207
[DP-bwdX] L=32 states=41 -> 50
[DP-fwdX] L=0 states=1 -> 1
[DP-bwdX] L=16 states=7 -> 8
[DP-fwdX] L=0 states=1 -> 1
[DP-fwdX] L=0 states=1 -> 1
[DP-fwdX] L=0 states=1 -> 1
[DP-bwdX] L=16 states=7 -> 8
[DP-fwdX] L=16 states=3 -> 5
[DP-bwdX] L=32 states=41 -> 50
[DP-fwdX] L=32 states=4 -> 7
[DP-bwdX] L=32 states=1 -> 2
[DP-fwdX] L=32 states=1 -> 2
[DP-fwdX] L=48 states=40 -> 48
[DP-bwdX] L=80 states=1 -> 2
[DP-bwdX] L=64 states=207 -> 251
[DP-fwdX] L=48 states=40 -> 48
[DP-bwdX] L=48 states=4 -> 7
[DP-bwdX] L=48 states=4 -> 7
[DP-fwdX] L=48 states=1 -> 2
[DP-fwdX] L=64 states=8 -> 10
[DP-bwdX] L=80 states=1 -> 2
[DP-fwdX] L=64 states=8 -> 10
[DP-bwdX] L=64 states=2 -> 4
[DP-bwdX] L=64 states=2 -> 4
[DP-bwdX] L=80 states=1 -> 2
[DP-bwdX] L=80 states=1 -> 2
[DP-bwdX] L=80 states=1 -> 2
  [Round 19] T_prime=14  T_target=14  HPWL_w=695215  HPWL_eq=680  maxL=17  WNS(T')=-3  WNS*(T)=-3  picked=6  solve_ms=41.9243
[OC-Shortest/pow2] m=9 h=9 SEG=4 bits=36 words=1 threads=24
[DP-fwdX] L=0 states=1 -> 1
[DP-fwdX] L=16 states=171 -> 207
[DP-fwdX] L=32 states=1292 -> 1368
[DP-bwdX] L=80 states=1 -> 2
[DP-bwdX] L=64 states=207 -> 251
[DP-bwdX] L=48 states=1368 -> 1437
[DP-fwdX] L=0 states=1 -> 1
[DP-fwdX] L=16 states=171 -> 207
[DP-bwdX] L=32 states=41 -> 50
[DP-fwdX] L=0 states=1 -> 1
[DP-bwdX] L=16 states=7 -> 8
[DP-fwdX] L=0 states=1 -> 1
[DP-fwdX] L=0 states=1 -> 1
[DP-fwdX] L=0 states=1 -> 1
[DP-bwdX] L=16 states=7 -> 8
[DP-fwdX] L=16 states=3 -> 5
[DP-bwdX] L=32 states=41 -> 50
[DP-fwdX] L=32 states=4 -> 7
[DP-bwdX] L=32 states=1 -> 2
[DP-fwdX] L=32 states=1 -> 2
[DP-fwdX] L=48 states=40 -> 48
[DP-bwdX] L=80 states=1 -> 2
[DP-bwdX] L=64 states=207 -> 251
[DP-fwdX] L=48 states=40 -> 48
[DP-bwdX] L=48 states=4 -> 7
[DP-bwdX] L=48 states=4 -> 7
[DP-fwdX] L=48 states=1 -> 2
[DP-fwdX] L=64 states=8 -> 10
[DP-bwdX] L=80 states=1 -> 2
[DP-fwdX] L=64 states=8 -> 10
[DP-bwdX] L=64 states=2 -> 4
[DP-bwdX] L=64 states=2 -> 4
[DP-bwdX] L=80 states=1 -> 2
[DP-bwdX] L=80 states=1 -> 2
[DP-bwdX] L=80 states=1 -> 2
  [Round 20] T_prime=14  T_target=14  HPWL_w=696253  HPWL_eq=680  maxL=17  WNS(T')=-3  WNS*(T)=-3  picked=6  solve_ms=41.9007
[OC-Shortest/pow2] m=9 h=9 SEG=4 bits=36 words=1 threads=24
[DP-fwdX] L=0 states=1 -> 1
[DP-fwdX] L=16 states=171 -> 207
[DP-fwdX] L=32 states=1292 -> 1368
[DP-bwdX] L=80 states=1 -> 2
[DP-bwdX] L=64 states=207 -> 251
[DP-bwdX] L=48 states=1368 -> 1437
[DP-fwdX] L=0 states=1 -> 1
[DP-fwdX] L=16 states=171 -> 207
[DP-bwdX] L=32 states=41 -> 50
[DP-fwdX] L=0 states=1 -> 1
[DP-bwdX] L=16 states=5 -> 7
[DP-fwdX] L=0 states=1 -> 1
[DP-fwdX] L=0 states=1 -> 1
[DP-fwdX] L=0 states=1 -> 1
[DP-bwdX] L=16 states=5 -> 7
[DP-fwdX] L=16 states=2 -> 5
[DP-bwdX] L=32 states=41 -> 50
[DP-fwdX] L=32 states=4 -> 7
[DP-bwdX] L=32 states=1 -> 2
[DP-fwdX] L=32 states=1 -> 2
[DP-fwdX] L=48 states=40 -> 48
[DP-bwdX] L=80 states=1 -> 2
[DP-bwdX] L=64 states=207 -> 251
[DP-fwdX] L=48 states=40 -> 48
[DP-bwdX] L=48 states=4 -> 7
[DP-bwdX] L=48 states=4 -> 7
[DP-fwdX] L=48 states=1 -> 2
[DP-fwdX] L=64 states=8 -> 10
[DP-bwdX] L=80 states=1 -> 2
[DP-fwdX] L=64 states=8 -> 10
[DP-bwdX] L=64 states=2 -> 4
[DP-bwdX] L=64 states=2 -> 4
[DP-bwdX] L=80 states=1 -> 2
[DP-bwdX] L=80 states=1 -> 2
[DP-bwdX] L=80 states=1 -> 2
  [Round 21] T_prime=14  T_target=14  HPWL_w=696524  HPWL_eq=675  maxL=19  WNS(T')=-5  WNS*(T)=-5  picked=9  solve_ms=42.1501
[OC-Shortest/pow2] m=9 h=9 SEG=4 bits=36 words=1 threads=24
[DP-fwdX] L=0 states=1 -> 1
[DP-fwdX] L=16 states=171 -> 207
[DP-fwdX] L=32 states=1292 -> 1368
[DP-bwdX] L=80 states=1 -> 2
[DP-bwdX] L=64 states=207 -> 251
[DP-bwdX] L=48 states=1368 -> 1437
[DP-fwdX] L=0 states=1 -> 1
[DP-fwdX] L=16 states=171 -> 207
[DP-bwdX] L=32 states=41 -> 50
[DP-fwdX] L=0 states=1 -> 1
[DP-bwdX] L=16 states=5 -> 7
[DP-fwdX] L=0 states=1 -> 1
[DP-fwdX] L=0 states=1 -> 1
[DP-fwdX] L=0 states=1 -> 1
[DP-bwdX] L=16 states=5 -> 7
[DP-fwdX] L=16 states=2 -> 5
[DP-bwdX] L=32 states=41 -> 50
[DP-fwdX] L=32 states=4 -> 7
[DP-bwdX] L=32 states=1 -> 2
[DP-fwdX] L=32 states=1 -> 2
[DP-fwdX] L=48 states=40 -> 48
[DP-bwdX] L=80 states=1 -> 2
[DP-bwdX] L=64 states=207 -> 251
[DP-fwdX] L=48 states=40 -> 48
[DP-bwdX] L=48 states=4 -> 7
[DP-bwdX] L=48 states=4 -> 7
[DP-fwdX] L=48 states=1 -> 2
[DP-fwdX] L=64 states=4 -> 5
[DP-bwdX] L=80 states=1 -> 2
[DP-fwdX] L=64 states=4 -> 5
[DP-bwdX] L=64 states=3 -> 7
[DP-bwdX] L=64 states=3 -> 7
[DP-bwdX] L=80 states=1 -> 2
[DP-bwdX] L=80 states=1 -> 2
[DP-bwdX] L=80 states=1 -> 2
  [Round 22] T_prime=14  T_target=14  HPWL_w=697888  HPWL_eq=670  maxL=19  WNS(T')=-5  WNS*(T)=-5  picked=12  solve_ms=42.4061
[OC-Shortest/pow2] m=9 h=9 SEG=4 bits=36 words=1 threads=24
[DP-fwdX] L=0 states=1 -> 1
[DP-fwdX] L=16 states=171 -> 207
[DP-fwdX] L=32 states=1292 -> 1368
[DP-bwdX] L=80 states=1 -> 2
[DP-bwdX] L=64 states=207 -> 251
[DP-bwdX] L=48 states=1368 -> 1437
[DP-fwdX] L=0 states=1 -> 1
[DP-fwdX] L=16 states=171 -> 207
[DP-bwdX] L=32 states=41 -> 50
[DP-fwdX] L=0 states=1 -> 1
[DP-bwdX] L=16 states=5 -> 6
[DP-fwdX] L=0 states=1 -> 1
[DP-fwdX] L=0 states=1 -> 1
[DP-fwdX] L=0 states=1 -> 1
[DP-bwdX] L=16 states=5 -> 6
[DP-fwdX] L=16 states=3 -> 7
[DP-bwdX] L=32 states=41 -> 50
[DP-fwdX] L=32 states=5 -> 9
[DP-bwdX] L=32 states=1 -> 3
[DP-fwdX] L=32 states=1 -> 3
[DP-fwdX] L=48 states=40 -> 48
[DP-bwdX] L=80 states=1 -> 2
[DP-bwdX] L=64 states=207 -> 251
[DP-fwdX] L=48 states=40 -> 48
[DP-bwdX] L=48 states=4 -> 7
[DP-bwdX] L=48 states=4 -> 7
[DP-fwdX] L=48 states=1 -> 2
[DP-fwdX] L=64 states=8 -> 10
[DP-bwdX] L=80 states=1 -> 2
[DP-fwdX] L=64 states=8 -> 10
[DP-bwdX] L=64 states=2 -> 4
[DP-bwdX] L=64 states=2 -> 4
[DP-bwdX] L=80 states=1 -> 2
[DP-bwdX] L=80 states=1 -> 2
[DP-bwdX] L=80 states=1 -> 2
  [Round 23] T_prime=14  T_target=14  HPWL_w=698931  HPWL_eq=681  maxL=30  WNS(T')=-16  WNS*(T)=-16  picked=9  solve_ms=42.5634
[OC-Shortest/pow2] m=9 h=9 SEG=4 bits=36 words=1 threads=24
[DP-fwdX] L=0 states=1 -> 1
[DP-fwdX] L=16 states=171 -> 207
[DP-fwdX] L=32 states=1292 -> 1368
[DP-bwdX] L=80 states=1 -> 2
[DP-bwdX] L=64 states=207 -> 251
[DP-bwdX] L=48 states=1368 -> 1437
[DP-fwdX] L=0 states=1 -> 1
[DP-fwdX] L=16 states=171 -> 207
[DP-bwdX] L=32 states=41 -> 50
[DP-fwdX] L=0 states=1 -> 1
[DP-bwdX] L=16 states=7 -> 8
[DP-fwdX] L=0 states=1 -> 1
[DP-fwdX] L=0 states=1 -> 1
[DP-fwdX] L=0 states=1 -> 1
[DP-bwdX] L=16 states=7 -> 8
[DP-fwdX] L=16 states=3 -> 5
[DP-bwdX] L=32 states=41 -> 50
[DP-fwdX] L=32 states=4 -> 7
[DP-bwdX] L=32 states=1 -> 2
[DP-fwdX] L=32 states=1 -> 2
[DP-fwdX] L=48 states=40 -> 48
[DP-bwdX] L=80 states=1 -> 2
[DP-bwdX] L=64 states=207 -> 251
[DP-fwdX] L=48 states=40 -> 48
[DP-bwdX] L=48 states=6 -> 11
[DP-bwdX] L=48 states=6 -> 11
[DP-fwdX] L=48 states=1 -> 2
[DP-fwdX] L=64 states=7 -> 10
[DP-bwdX] L=80 states=1 -> 2
[DP-fwdX] L=64 states=7 -> 10
[DP-bwdX] L=64 states=2 -> 5
[DP-bwdX] L=64 states=2 -> 5
[DP-bwdX] L=80 states=1 -> 2
[DP-bwdX] L=80 states=1 -> 2
[DP-bwdX] L=80 states=1 -> 2
  [Round 24] T_prime=14  T_target=14  HPWL_w=700958  HPWL_eq=681  maxL=24  WNS(T')=-10  WNS*(T)=-10  picked=9  solve_ms=44.8586
[OC-Shortest/pow2] m=9 h=9 SEG=4 bits=36 words=1 threads=24
[DP-fwdX] L=0 states=1 -> 1
[DP-fwdX] L=16 states=171 -> 207
[DP-fwdX] L=32 states=1292 -> 1368
[DP-bwdX] L=80 states=1 -> 2
[DP-bwdX] L=64 states=207 -> 251
[DP-bwdX] L=48 states=1368 -> 1437
[DP-fwdX] L=0 states=1 -> 1
[DP-fwdX] L=16 states=171 -> 207
[DP-bwdX] L=32 states=41 -> 50
[DP-fwdX] L=0 states=1 -> 1
[DP-bwdX] L=16 states=7 -> 8
[DP-fwdX] L=0 states=1 -> 1
[DP-fwdX] L=0 states=1 -> 1
[DP-fwdX] L=0 states=1 -> 1
[DP-bwdX] L=16 states=7 -> 8
[DP-fwdX] L=16 states=3 -> 5
[DP-bwdX] L=32 states=41 -> 50
[DP-fwdX] L=32 states=4 -> 7
[DP-bwdX] L=32 states=1 -> 2
[DP-fwdX] L=32 states=1 -> 2
[DP-fwdX] L=48 states=40 -> 48
[DP-bwdX] L=80 states=1 -> 2
[DP-bwdX] L=64 states=207 -> 251
[DP-fwdX] L=48 states=40 -> 48
[DP-bwdX] L=48 states=6 -> 11
[DP-bwdX] L=48 states=6 -> 11
[DP-fwdX] L=48 states=1 -> 2
[DP-fwdX] L=64 states=7 -> 10
[DP-bwdX] L=80 states=1 -> 2
[DP-fwdX] L=64 states=7 -> 10
[DP-bwdX] L=64 states=2 -> 5
[DP-bwdX] L=64 states=2 -> 5
[DP-bwdX] L=80 states=1 -> 2
[DP-bwdX] L=80 states=1 -> 2
[DP-bwdX] L=80 states=1 -> 2
  [Round 25] T_prime=14  T_target=14  HPWL_w=702147  HPWL_eq=681  maxL=30  WNS(T')=-16  WNS*(T)=-16  picked=9  solve_ms=41.9188
[OC-Shortest/pow2] m=9 h=9 SEG=4 bits=36 words=1 threads=24
[DP-fwdX] L=0 states=1 -> 1
[DP-fwdX] L=16 states=171 -> 207
[DP-fwdX] L=32 states=1292 -> 1368
[DP-bwdX] L=80 states=1 -> 2
[DP-bwdX] L=64 states=207 -> 251
[DP-bwdX] L=48 states=1368 -> 1437
[DP-fwdX] L=0 states=1 -> 1
[DP-fwdX] L=16 states=171 -> 207
[DP-bwdX] L=32 states=41 -> 50
[DP-fwdX] L=0 states=1 -> 1
[DP-bwdX] L=16 states=5 -> 6
[DP-fwdX] L=0 states=1 -> 1
[DP-fwdX] L=0 states=1 -> 1
[DP-fwdX] L=0 states=1 -> 1
[DP-bwdX] L=16 states=5 -> 6
[DP-fwdX] L=16 states=3 -> 7
[DP-bwdX] L=32 states=41 -> 50
[DP-fwdX] L=32 states=5 -> 9
[DP-bwdX] L=32 states=1 -> 3
[DP-fwdX] L=32 states=1 -> 3
[DP-fwdX] L=48 states=40 -> 48
[DP-bwdX] L=80 states=1 -> 2
[DP-bwdX] L=64 states=207 -> 251
[DP-fwdX] L=48 states=40 -> 48
[DP-bwdX] L=48 states=4 -> 7
[DP-bwdX] L=48 states=4 -> 7
[DP-fwdX] L=48 states=1 -> 2
[DP-fwdX] L=64 states=8 -> 10
[DP-bwdX] L=80 states=1 -> 2
[DP-fwdX] L=64 states=8 -> 10
[DP-bwdX] L=64 states=2 -> 4
[DP-bwdX] L=64 states=2 -> 4
[DP-bwdX] L=80 states=1 -> 2
[DP-bwdX] L=80 states=1 -> 2
[DP-bwdX] L=80 states=1 -> 2
  [Round 26] T_prime=14  T_target=14  HPWL_w=703904  HPWL_eq=681  maxL=30  WNS(T')=-16  WNS*(T)=-16  picked=9  solve_ms=42.0783
[OC-Shortest/pow2] m=9 h=9 SEG=4 bits=36 words=1 threads=24
[DP-fwdX] L=0 states=1 -> 1
[DP-fwdX] L=16 states=171 -> 207
[DP-fwdX] L=32 states=1292 -> 1368
[DP-bwdX] L=80 states=1 -> 2
[DP-bwdX] L=64 states=207 -> 251
[DP-bwdX] L=48 states=1368 -> 1437
[DP-fwdX] L=0 states=1 -> 1
[DP-fwdX] L=16 states=171 -> 207
[DP-bwdX] L=32 states=41 -> 50
[DP-fwdX] L=0 states=1 -> 1
[DP-bwdX] L=16 states=7 -> 8
[DP-fwdX] L=0 states=1 -> 1
[DP-fwdX] L=0 states=1 -> 1
[DP-fwdX] L=0 states=1 -> 1
[DP-bwdX] L=16 states=7 -> 8
[DP-fwdX] L=16 states=3 -> 5
[DP-bwdX] L=32 states=41 -> 50
[DP-fwdX] L=32 states=4 -> 7
[DP-bwdX] L=32 states=1 -> 2
[DP-fwdX] L=32 states=1 -> 2
[DP-fwdX] L=48 states=40 -> 48
[DP-bwdX] L=80 states=1 -> 2
[DP-bwdX] L=64 states=207 -> 251
[DP-fwdX] L=48 states=40 -> 48
[DP-bwdX] L=48 states=4 -> 7
[DP-bwdX] L=48 states=4 -> 7
[DP-fwdX] L=48 states=1 -> 2
[DP-fwdX] L=64 states=8 -> 10
[DP-bwdX] L=80 states=1 -> 2
[DP-fwdX] L=64 states=8 -> 10
[DP-bwdX] L=64 states=2 -> 4
[DP-bwdX] L=64 states=2 -> 4
[DP-bwdX] L=80 states=1 -> 2
[DP-bwdX] L=80 states=1 -> 2
[DP-bwdX] L=80 states=1 -> 2
  [Round 27] T_prime=14  T_target=14  HPWL_w=705951  HPWL_eq=680  maxL=17  WNS(T')=-3  WNS*(T)=-3  picked=6  solve_ms=41.5821
[OC-Shortest/pow2] m=9 h=9 SEG=4 bits=36 words=1 threads=24
[DP-fwdX] L=0 states=1 -> 1
[DP-fwdX] L=16 states=171 -> 207
[DP-fwdX] L=32 states=1292 -> 1368
[DP-bwdX] L=80 states=1 -> 2
[DP-bwdX] L=64 states=207 -> 251
[DP-bwdX] L=48 states=1368 -> 1437
[DP-fwdX] L=0 states=1 -> 1
[DP-fwdX] L=16 states=171 -> 207
[DP-bwdX] L=32 states=41 -> 50
[DP-fwdX] L=0 states=1 -> 1
[DP-bwdX] L=16 states=7 -> 8
[DP-fwdX] L=0 states=1 -> 1
[DP-fwdX] L=0 states=1 -> 1
[DP-fwdX] L=0 states=1 -> 1
[DP-bwdX] L=16 states=7 -> 8
[DP-fwdX] L=16 states=3 -> 5
[DP-bwdX] L=32 states=41 -> 50
[DP-fwdX] L=32 states=4 -> 7
[DP-bwdX] L=32 states=1 -> 2
[DP-fwdX] L=32 states=1 -> 2
[DP-fwdX] L=48 states=40 -> 48
[DP-bwdX] L=80 states=1 -> 2
[DP-bwdX] L=64 states=207 -> 251
[DP-fwdX] L=48 states=40 -> 48
[DP-bwdX] L=48 states=4 -> 7
[DP-bwdX] L=48 states=4 -> 7
[DP-fwdX] L=48 states=1 -> 2
[DP-fwdX] L=64 states=8 -> 10
[DP-bwdX] L=80 states=1 -> 2
[DP-fwdX] L=64 states=8 -> 10
[DP-bwdX] L=64 states=2 -> 4
[DP-bwdX] L=64 states=2 -> 4
[DP-bwdX] L=80 states=1 -> 2
[DP-bwdX] L=80 states=1 -> 2
[DP-bwdX] L=80 states=1 -> 2
  [Round 28] T_prime=14  T_target=14  HPWL_w=707638  HPWL_eq=680  maxL=17  WNS(T')=-3  WNS*(T)=-3  picked=6  solve_ms=41.5802
[OC-Shortest/pow2] m=9 h=9 SEG=4 bits=36 words=1 threads=24
[DP-fwdX] L=0 states=1 -> 1
[DP-fwdX] L=16 states=171 -> 207
[DP-fwdX] L=32 states=1292 -> 1368
[DP-bwdX] L=80 states=1 -> 2
[DP-bwdX] L=64 states=207 -> 251
[DP-bwdX] L=48 states=1368 -> 1437
[DP-fwdX] L=0 states=1 -> 1
[DP-fwdX] L=16 states=171 -> 207
[DP-bwdX] L=32 states=41 -> 50
[DP-fwdX] L=0 states=1 -> 1
[DP-bwdX] L=16 states=5 -> 7
[DP-fwdX] L=0 states=1 -> 1
[DP-fwdX] L=0 states=1 -> 1
[DP-fwdX] L=0 states=1 -> 1
[DP-bwdX] L=16 states=5 -> 7
[DP-fwdX] L=16 states=2 -> 5
[DP-bwdX] L=32 states=41 -> 50
[DP-fwdX] L=32 states=4 -> 7
[DP-bwdX] L=32 states=1 -> 2
[DP-fwdX] L=32 states=1 -> 2
[DP-fwdX] L=48 states=40 -> 48
[DP-bwdX] L=80 states=1 -> 2
[DP-bwdX] L=64 states=207 -> 251
[DP-fwdX] L=48 states=40 -> 48
[DP-bwdX] L=48 states=4 -> 7
[DP-bwdX] L=48 states=4 -> 7
[DP-fwdX] L=48 states=1 -> 2
[DP-fwdX] L=64 states=4 -> 5
[DP-bwdX] L=80 states=1 -> 2
[DP-fwdX] L=64 states=4 -> 5
[DP-bwdX] L=64 states=3 -> 7
[DP-bwdX] L=64 states=3 -> 7
[DP-bwdX] L=80 states=1 -> 2
[DP-bwdX] L=80 states=1 -> 2
[DP-bwdX] L=80 states=1 -> 2
  [Round 29] T_prime=14  T_target=14  HPWL_w=708091  HPWL_eq=670  maxL=19  WNS(T')=-5  WNS*(T)=-5  picked=12  solve_ms=42.4731
[OC-Shortest/pow2] m=9 h=9 SEG=4 bits=36 words=1 threads=24
[DP-fwdX] L=0 states=1 -> 1
[DP-fwdX] L=16 states=171 -> 207
[DP-fwdX] L=32 states=1292 -> 1368
[DP-bwdX] L=80 states=1 -> 2
[DP-bwdX] L=64 states=207 -> 251
[DP-bwdX] L=48 states=1368 -> 1437
[DP-fwdX] L=0 states=1 -> 1
[DP-fwdX] L=16 states=171 -> 207
[DP-bwdX] L=32 states=41 -> 50
[DP-fwdX] L=0 states=1 -> 1
[DP-bwdX] L=16 states=5 -> 7
[DP-fwdX] L=0 states=1 -> 1
[DP-fwdX] L=0 states=1 -> 1
[DP-fwdX] L=0 states=1 -> 1
[DP-bwdX] L=16 states=5 -> 7
[DP-fwdX] L=16 states=2 -> 5
[DP-bwdX] L=32 states=41 -> 50
[DP-fwdX] L=32 states=4 -> 7
[DP-bwdX] L=32 states=1 -> 2
[DP-fwdX] L=32 states=1 -> 2
[DP-fwdX] L=48 states=40 -> 48
[DP-bwdX] L=80 states=1 -> 2
[DP-bwdX] L=64 states=207 -> 251
[DP-fwdX] L=48 states=40 -> 48
[DP-bwdX] L=48 states=4 -> 7
[DP-bwdX] L=48 states=4 -> 7
[DP-fwdX] L=48 states=1 -> 2
[DP-fwdX] L=64 states=4 -> 5
[DP-bwdX] L=80 states=1 -> 2
[DP-fwdX] L=64 states=4 -> 5
[DP-bwdX] L=64 states=3 -> 7
[DP-bwdX] L=64 states=3 -> 7
[DP-bwdX] L=80 states=1 -> 2
[DP-bwdX] L=80 states=1 -> 2
[DP-bwdX] L=80 states=1 -> 2
  [Round 30] T_prime=14  T_target=14  HPWL_w=710508  HPWL_eq=670  maxL=19  WNS(T')=-5  WNS*(T)=-5  picked=12  solve_ms=41.9835
[OC-Shortest/pow2] m=9 h=9 SEG=4 bits=36 words=1 threads=24
[DP-fwdX] L=0 states=1 -> 1
[DP-fwdX] L=16 states=171 -> 207
[DP-fwdX] L=32 states=1292 -> 1368
[DP-bwdX] L=80 states=1 -> 2
[DP-bwdX] L=64 states=207 -> 251
[DP-bwdX] L=48 states=1368 -> 1437
[DP-fwdX] L=0 states=1 -> 1
[DP-fwdX] L=16 states=171 -> 207
[DP-bwdX] L=32 states=41 -> 50
[DP-fwdX] L=0 states=1 -> 1
[DP-bwdX] L=16 states=7 -> 8
[DP-fwdX] L=0 states=1 -> 1
[DP-fwdX] L=0 states=1 -> 1
[DP-fwdX] L=0 states=1 -> 1
[DP-bwdX] L=16 states=7 -> 8
[DP-fwdX] L=16 states=3 -> 5
[DP-bwdX] L=32 states=41 -> 50
[DP-fwdX] L=32 states=4 -> 7
[DP-bwdX] L=32 states=1 -> 2
[DP-fwdX] L=32 states=1 -> 2
[DP-fwdX] L=48 states=40 -> 48
[DP-bwdX] L=80 states=1 -> 2
[DP-bwdX] L=64 states=207 -> 251
[DP-fwdX] L=48 states=40 -> 48
[DP-bwdX] L=48 states=4 -> 7
[DP-bwdX] L=48 states=4 -> 7
[DP-fwdX] L=48 states=1 -> 2
[DP-fwdX] L=64 states=8 -> 10
[DP-bwdX] L=80 states=1 -> 2
[DP-fwdX] L=64 states=8 -> 10
[DP-bwdX] L=64 states=2 -> 4
[DP-bwdX] L=64 states=2 -> 4
[DP-bwdX] L=80 states=1 -> 2
[DP-bwdX] L=80 states=1 -> 2
[DP-bwdX] L=80 states=1 -> 2
  [Round 31] T_prime=14  T_target=14  HPWL_w=712514  HPWL_eq=680  maxL=17  WNS(T')=-3  WNS*(T)=-3  picked=6  solve_ms=41.6603
[OC-Shortest/pow2] m=9 h=9 SEG=4 bits=36 words=1 threads=24
[DP-fwdX] L=0 states=1 -> 1
[DP-fwdX] L=16 states=171 -> 207
[DP-fwdX] L=32 states=1292 -> 1368
[DP-bwdX] L=80 states=1 -> 2
[DP-bwdX] L=64 states=207 -> 251
[DP-bwdX] L=48 states=1368 -> 1437
[DP-fwdX] L=0 states=1 -> 1
[DP-fwdX] L=16 states=171 -> 207
[DP-bwdX] L=32 states=41 -> 50
[DP-fwdX] L=0 states=1 -> 1
[DP-bwdX] L=16 states=7 -> 8
[DP-fwdX] L=0 states=1 -> 1
[DP-fwdX] L=0 states=1 -> 1
[DP-fwdX] L=0 states=1 -> 1
[DP-bwdX] L=16 states=7 -> 8
[DP-fwdX] L=16 states=3 -> 5
[DP-bwdX] L=32 states=41 -> 50
[DP-fwdX] L=32 states=4 -> 7
[DP-bwdX] L=32 states=1 -> 2
[DP-fwdX] L=32 states=1 -> 2
[DP-fwdX] L=48 states=40 -> 48
[DP-bwdX] L=80 states=1 -> 2
[DP-bwdX] L=64 states=207 -> 251
[DP-fwdX] L=48 states=40 -> 48
[DP-bwdX] L=48 states=4 -> 7
[DP-bwdX] L=48 states=4 -> 7
[DP-fwdX] L=48 states=1 -> 2
[DP-fwdX] L=64 states=8 -> 10
[DP-bwdX] L=80 states=1 -> 2
[DP-fwdX] L=64 states=8 -> 10
[DP-bwdX] L=64 states=2 -> 4
[DP-bwdX] L=64 states=2 -> 4
[DP-bwdX] L=80 states=1 -> 2
[DP-bwdX] L=80 states=1 -> 2
[DP-bwdX] L=80 states=1 -> 2
  [Round 32] T_prime=14  T_target=14  HPWL_w=714370  HPWL_eq=680  maxL=17  WNS(T')=-3  WNS*(T)=-3  picked=6  solve_ms=41.7122
[OC-Shortest/pow2] m=9 h=9 SEG=4 bits=36 words=1 threads=24
[DP-fwdX] L=0 states=1 -> 1
[DP-fwdX] L=16 states=171 -> 207
[DP-fwdX] L=32 states=1292 -> 1368
[DP-bwdX] L=80 states=1 -> 2
[DP-bwdX] L=64 states=207 -> 251
[DP-bwdX] L=48 states=1368 -> 1437
[DP-fwdX] L=0 states=1 -> 1
[DP-fwdX] L=16 states=171 -> 207
[DP-bwdX] L=32 states=41 -> 50
[DP-fwdX] L=0 states=1 -> 1
[DP-bwdX] L=16 states=7 -> 8
[DP-fwdX] L=0 states=1 -> 1
[DP-fwdX] L=0 states=1 -> 1
[DP-fwdX] L=0 states=1 -> 1
[DP-bwdX] L=16 states=7 -> 8
[DP-fwdX] L=16 states=3 -> 5
[DP-bwdX] L=32 states=41 -> 50
[DP-fwdX] L=32 states=4 -> 7
[DP-bwdX] L=32 states=1 -> 2
[DP-fwdX] L=32 states=1 -> 2
[DP-fwdX] L=48 states=40 -> 48
[DP-bwdX] L=80 states=1 -> 2
[DP-bwdX] L=64 states=207 -> 251
[DP-fwdX] L=48 states=40 -> 48
[DP-bwdX] L=48 states=4 -> 7
[DP-bwdX] L=48 states=4 -> 7
[DP-fwdX] L=48 states=1 -> 2
[DP-fwdX] L=64 states=4 -> 5
[DP-bwdX] L=80 states=1 -> 2
[DP-fwdX] L=64 states=4 -> 5
[DP-bwdX] L=64 states=3 -> 7
[DP-bwdX] L=64 states=3 -> 7
[DP-bwdX] L=80 states=1 -> 2
[DP-bwdX] L=80 states=1 -> 2
[DP-bwdX] L=80 states=1 -> 2
  [Round 33] T_prime=14  T_target=14  HPWL_w=715611  HPWL_eq=675  maxL=19  WNS(T')=-5  WNS*(T)=-5  picked=9  solve_ms=41.7246
[OC-Shortest/pow2] m=9 h=9 SEG=4 bits=36 words=1 threads=24
[DP-fwdX] L=0 states=1 -> 1
[DP-fwdX] L=16 states=171 -> 207
[DP-fwdX] L=32 states=1292 -> 1368
[DP-bwdX] L=80 states=1 -> 2
[DP-bwdX] L=64 states=207 -> 251
[DP-bwdX] L=48 states=1368 -> 1437
[DP-fwdX] L=0 states=1 -> 1
[DP-fwdX] L=16 states=171 -> 207
[DP-bwdX] L=32 states=41 -> 50
[DP-fwdX] L=0 states=1 -> 1
[DP-bwdX] L=16 states=7 -> 8
[DP-fwdX] L=0 states=1 -> 1
[DP-fwdX] L=0 states=1 -> 1
[DP-fwdX] L=0 states=1 -> 1
[DP-bwdX] L=16 states=7 -> 8
[DP-fwdX] L=16 states=3 -> 5
[DP-bwdX] L=32 states=41 -> 50
[DP-fwdX] L=32 states=4 -> 7
[DP-bwdX] L=32 states=1 -> 2
[DP-fwdX] L=32 states=1 -> 2
[DP-fwdX] L=48 states=40 -> 48
[DP-bwdX] L=80 states=1 -> 2
[DP-bwdX] L=64 states=207 -> 251
[DP-fwdX] L=48 states=40 -> 48
[DP-bwdX] L=48 states=4 -> 7
[DP-bwdX] L=48 states=4 -> 7
[DP-fwdX] L=48 states=1 -> 2
[DP-fwdX] L=64 states=8 -> 10
[DP-bwdX] L=80 states=1 -> 2
[DP-fwdX] L=64 states=8 -> 10
[DP-bwdX] L=64 states=2 -> 4
[DP-bwdX] L=64 states=2 -> 4
[DP-bwdX] L=80 states=1 -> 2
[DP-bwdX] L=80 states=1 -> 2
[DP-bwdX] L=80 states=1 -> 2
  [Round 34] T_prime=14  T_target=14  HPWL_w=717887  HPWL_eq=680  maxL=17  WNS(T')=-3  WNS*(T)=-3  picked=6  solve_ms=41.3266
[OC-Shortest/pow2] m=9 h=9 SEG=4 bits=36 words=1 threads=24
[DP-fwdX] L=0 states=1 -> 1
[DP-fwdX] L=16 states=171 -> 207
[DP-fwdX] L=32 states=1292 -> 1368
[DP-bwdX] L=80 states=1 -> 2
[DP-bwdX] L=64 states=207 -> 251
[DP-bwdX] L=48 states=1368 -> 1437
[DP-fwdX] L=0 states=1 -> 1
[DP-fwdX] L=16 states=171 -> 207
[DP-bwdX] L=32 states=41 -> 50
[DP-fwdX] L=0 states=1 -> 1
[DP-bwdX] L=16 states=5 -> 7
[DP-fwdX] L=0 states=1 -> 1
[DP-fwdX] L=0 states=1 -> 1
[DP-fwdX] L=0 states=1 -> 1
[DP-bwdX] L=16 states=5 -> 7
[DP-fwdX] L=16 states=2 -> 5
[DP-bwdX] L=32 states=41 -> 50
[DP-fwdX] L=32 states=4 -> 7
[DP-bwdX] L=32 states=1 -> 2
[DP-fwdX] L=32 states=1 -> 2
[DP-fwdX] L=48 states=40 -> 48
[DP-bwdX] L=80 states=1 -> 2
[DP-bwdX] L=64 states=207 -> 251
[DP-fwdX] L=48 states=40 -> 48
[DP-bwdX] L=48 states=6 -> 11
[DP-bwdX] L=48 states=6 -> 11
[DP-fwdX] L=48 states=1 -> 2
[DP-fwdX] L=64 states=7 -> 10
[DP-bwdX] L=80 states=1 -> 2
[DP-fwdX] L=64 states=7 -> 10
[DP-bwdX] L=64 states=2 -> 5
[DP-bwdX] L=64 states=2 -> 5
[DP-bwdX] L=80 states=1 -> 2
[DP-bwdX] L=80 states=1 -> 2
[DP-bwdX] L=80 states=1 -> 2
  [Round 35] T_prime=14  T_target=14  HPWL_w=719328  HPWL_eq=676  maxL=24  WNS(T')=-10  WNS*(T)=-10  picked=12  solve_ms=42.5094
[OC-Shortest/pow2] m=9 h=9 SEG=4 bits=36 words=1 threads=24
[DP-fwdX] L=0 states=1 -> 1
[DP-fwdX] L=16 states=171 -> 207
[DP-fwdX] L=32 states=1292 -> 1368
[DP-bwdX] L=80 states=1 -> 2
[DP-bwdX] L=64 states=207 -> 251
[DP-bwdX] L=48 states=1368 -> 1437
[DP-fwdX] L=0 states=1 -> 1
[DP-fwdX] L=16 states=171 -> 207
[DP-bwdX] L=32 states=41 -> 50
[DP-fwdX] L=0 states=1 -> 1
[DP-bwdX] L=16 states=5 -> 7
[DP-fwdX] L=0 states=1 -> 1
[DP-fwdX] L=0 states=1 -> 1
[DP-fwdX] L=0 states=1 -> 1
[DP-bwdX] L=16 states=5 -> 7
[DP-fwdX] L=16 states=2 -> 5
[DP-bwdX] L=32 states=41 -> 50
[DP-fwdX] L=32 states=4 -> 7
[DP-bwdX] L=32 states=1 -> 2
[DP-fwdX] L=32 states=1 -> 2
[DP-fwdX] L=48 states=40 -> 48
[DP-bwdX] L=80 states=1 -> 2
[DP-bwdX] L=64 states=207 -> 251
[DP-fwdX] L=48 states=40 -> 48
[DP-bwdX] L=48 states=6 -> 11
[DP-bwdX] L=48 states=6 -> 11
[DP-fwdX] L=48 states=1 -> 2
[DP-fwdX] L=64 states=7 -> 10
[DP-bwdX] L=80 states=1 -> 2
[DP-fwdX] L=64 states=7 -> 10
[DP-bwdX] L=64 states=2 -> 5
[DP-bwdX] L=64 states=2 -> 5
[DP-bwdX] L=80 states=1 -> 2
[DP-bwdX] L=80 states=1 -> 2
[DP-bwdX] L=80 states=1 -> 2
  [Round 36] T_prime=14  T_target=14  HPWL_w=721304  HPWL_eq=676  maxL=30  WNS(T')=-16  WNS*(T)=-16  picked=11  solve_ms=43.1486
[OC-Shortest/pow2] m=9 h=9 SEG=4 bits=36 words=1 threads=24
[DP-fwdX] L=0 states=1 -> 1
[DP-fwdX] L=16 states=171 -> 207
[DP-fwdX] L=32 states=1292 -> 1368
[DP-bwdX] L=80 states=1 -> 2
[DP-bwdX] L=64 states=207 -> 251
[DP-bwdX] L=48 states=1368 -> 1437
[DP-fwdX] L=0 states=1 -> 1
[DP-fwdX] L=16 states=171 -> 207
[DP-bwdX] L=32 states=41 -> 50
[DP-fwdX] L=0 states=1 -> 1
[DP-bwdX] L=16 states=5 -> 6
[DP-fwdX] L=0 states=1 -> 1
[DP-fwdX] L=0 states=1 -> 1
[DP-fwdX] L=0 states=1 -> 1
[DP-bwdX] L=16 states=5 -> 6
[DP-fwdX] L=16 states=3 -> 7
[DP-bwdX] L=32 states=41 -> 50
[DP-fwdX] L=32 states=5 -> 9
[DP-bwdX] L=32 states=1 -> 3
[DP-fwdX] L=32 states=1 -> 3
[DP-fwdX] L=48 states=40 -> 48
[DP-bwdX] L=80 states=1 -> 2
[DP-bwdX] L=64 states=207 -> 251
[DP-fwdX] L=48 states=40 -> 48
[DP-bwdX] L=48 states=4 -> 7
[DP-bwdX] L=48 states=4 -> 7
[DP-fwdX] L=48 states=1 -> 2
[DP-fwdX] L=64 states=8 -> 10
[DP-bwdX] L=80 states=1 -> 2
[DP-fwdX] L=64 states=8 -> 10
[DP-bwdX] L=64 states=2 -> 4
[DP-bwdX] L=64 states=2 -> 4
[DP-bwdX] L=80 states=1 -> 2
[DP-bwdX] L=80 states=1 -> 2
[DP-bwdX] L=80 states=1 -> 2
  [Round 37] T_prime=14  T_target=14  HPWL_w=723973  HPWL_eq=681  maxL=30  WNS(T')=-16  WNS*(T)=-16  picked=9  solve_ms=42.0872
[OC-Shortest/pow2] m=9 h=9 SEG=4 bits=36 words=1 threads=24
[DP-fwdX] L=0 states=1 -> 1
[DP-fwdX] L=16 states=171 -> 207
[DP-fwdX] L=32 states=1292 -> 1368
[DP-bwdX] L=80 states=1 -> 2
[DP-bwdX] L=64 states=207 -> 251
[DP-bwdX] L=48 states=1368 -> 1437
[DP-fwdX] L=0 states=1 -> 1
[DP-fwdX] L=16 states=171 -> 207
[DP-bwdX] L=32 states=41 -> 50
[DP-fwdX] L=0 states=1 -> 1
[DP-bwdX] L=16 states=5 -> 6
[DP-fwdX] L=0 states=1 -> 1
[DP-fwdX] L=0 states=1 -> 1
[DP-fwdX] L=0 states=1 -> 1
[DP-bwdX] L=16 states=5 -> 6
[DP-fwdX] L=16 states=3 -> 7
[DP-bwdX] L=32 states=41 -> 50
[DP-fwdX] L=32 states=5 -> 9
[DP-bwdX] L=32 states=1 -> 3
[DP-fwdX] L=32 states=1 -> 3
[DP-fwdX] L=48 states=40 -> 48
[DP-bwdX] L=80 states=1 -> 2
[DP-bwdX] L=64 states=207 -> 251
[DP-fwdX] L=48 states=40 -> 48
[DP-bwdX] L=48 states=4 -> 7
[DP-bwdX] L=48 states=4 -> 7
[DP-fwdX] L=48 states=1 -> 2
[DP-fwdX] L=64 states=8 -> 10
[DP-bwdX] L=80 states=1 -> 2
[DP-fwdX] L=64 states=8 -> 10
[DP-bwdX] L=64 states=2 -> 4
[DP-bwdX] L=64 states=2 -> 4
[DP-bwdX] L=80 states=1 -> 2
[DP-bwdX] L=80 states=1 -> 2
[DP-bwdX] L=80 states=1 -> 2
  [Round 38] T_prime=14  T_target=14  HPWL_w=726262  HPWL_eq=681  maxL=30  WNS(T')=-16  WNS*(T)=-16  picked=9  solve_ms=42.1673
[OC-Shortest/pow2] m=9 h=9 SEG=4 bits=36 words=1 threads=24
[DP-fwdX] L=0 states=1 -> 1
[DP-fwdX] L=16 states=171 -> 207
[DP-fwdX] L=32 states=1292 -> 1368
[DP-bwdX] L=80 states=1 -> 2
[DP-bwdX] L=64 states=207 -> 251
[DP-bwdX] L=48 states=1368 -> 1437
[DP-fwdX] L=0 states=1 -> 1
[DP-fwdX] L=16 states=171 -> 207
[DP-bwdX] L=32 states=41 -> 50
[DP-fwdX] L=0 states=1 -> 1
[DP-bwdX] L=16 states=7 -> 8
[DP-fwdX] L=0 states=1 -> 1
[DP-fwdX] L=0 states=1 -> 1
[DP-fwdX] L=0 states=1 -> 1
[DP-bwdX] L=16 states=7 -> 8
[DP-fwdX] L=16 states=3 -> 5
[DP-bwdX] L=32 states=41 -> 50
[DP-fwdX] L=32 states=4 -> 7
[DP-bwdX] L=32 states=1 -> 2
[DP-fwdX] L=32 states=1 -> 2
[DP-fwdX] L=48 states=40 -> 48
[DP-bwdX] L=80 states=1 -> 2
[DP-bwdX] L=64 states=207 -> 251
[DP-fwdX] L=48 states=40 -> 48
[DP-bwdX] L=48 states=4 -> 7
[DP-bwdX] L=48 states=4 -> 7
[DP-fwdX] L=48 states=1 -> 2
[DP-fwdX] L=64 states=8 -> 10
[DP-bwdX] L=80 states=1 -> 2
[DP-fwdX] L=64 states=8 -> 10
[DP-bwdX] L=64 states=2 -> 4
[DP-bwdX] L=64 states=2 -> 4
[DP-bwdX] L=80 states=1 -> 2
[DP-bwdX] L=80 states=1 -> 2
[DP-bwdX] L=80 states=1 -> 2
  [Round 39] T_prime=14  T_target=14  HPWL_w=729870  HPWL_eq=680  maxL=17  WNS(T')=-3  WNS*(T)=-3  picked=6  solve_ms=41.9456
[OC-Shortest/pow2] m=9 h=9 SEG=4 bits=36 words=1 threads=24
[DP-fwdX] L=0 states=1 -> 1
[DP-fwdX] L=16 states=171 -> 207
[DP-fwdX] L=32 states=1292 -> 1368
[DP-bwdX] L=80 states=1 -> 2
[DP-bwdX] L=64 states=207 -> 251
[DP-bwdX] L=48 states=1368 -> 1437
[DP-fwdX] L=0 states=1 -> 1
[DP-fwdX] L=16 states=171 -> 207
[DP-bwdX] L=32 states=41 -> 50
[DP-fwdX] L=0 states=1 -> 1
[DP-bwdX] L=16 states=7 -> 8
[DP-fwdX] L=0 states=1 -> 1
[DP-fwdX] L=0 states=1 -> 1
[DP-fwdX] L=0 states=1 -> 1
[DP-bwdX] L=16 states=7 -> 8
[DP-fwdX] L=16 states=3 -> 5
[DP-bwdX] L=32 states=41 -> 50
[DP-fwdX] L=32 states=4 -> 7
[DP-bwdX] L=32 states=1 -> 2
[DP-fwdX] L=32 states=1 -> 2
[DP-fwdX] L=48 states=40 -> 48
[DP-bwdX] L=80 states=1 -> 2
[DP-bwdX] L=64 states=207 -> 251
[DP-fwdX] L=48 states=40 -> 48
[DP-bwdX] L=48 states=4 -> 7
[DP-bwdX] L=48 states=4 -> 7
[DP-fwdX] L=48 states=1 -> 2
[DP-fwdX] L=64 states=4 -> 5
[DP-bwdX] L=80 states=1 -> 2
[DP-fwdX] L=64 states=4 -> 5
[DP-bwdX] L=64 states=3 -> 7
[DP-bwdX] L=64 states=3 -> 7
[DP-bwdX] L=80 states=1 -> 2
[DP-bwdX] L=80 states=1 -> 2
[DP-bwdX] L=80 states=1 -> 2
  [Round 40] T_prime=14  T_target=14  HPWL_w=730887  HPWL_eq=675  maxL=19  WNS(T')=-5  WNS*(T)=-5  picked=9  solve_ms=42.0794
[OC-Shortest/pow2] m=9 h=9 SEG=4 bits=36 words=1 threads=24
[DP-fwdX] L=0 states=1 -> 1
[DP-fwdX] L=16 states=171 -> 207
[DP-fwdX] L=32 states=1292 -> 1368
[DP-bwdX] L=80 states=1 -> 2
[DP-bwdX] L=64 states=207 -> 251
[DP-bwdX] L=48 states=1368 -> 1437
[DP-fwdX] L=0 states=1 -> 1
[DP-fwdX] L=16 states=171 -> 207
[DP-bwdX] L=32 states=41 -> 50
[DP-fwdX] L=0 states=1 -> 1
[DP-bwdX] L=16 states=7 -> 8
[DP-fwdX] L=0 states=1 -> 1
[DP-fwdX] L=0 states=1 -> 1
[DP-fwdX] L=0 states=1 -> 1
[DP-bwdX] L=16 states=7 -> 8
[DP-fwdX] L=16 states=3 -> 5
[DP-bwdX] L=32 states=41 -> 50
[DP-fwdX] L=32 states=4 -> 7
[DP-bwdX] L=32 states=1 -> 2
[DP-fwdX] L=32 states=1 -> 2
[DP-fwdX] L=48 states=40 -> 48
[DP-bwdX] L=80 states=1 -> 2
[DP-bwdX] L=64 states=207 -> 251
[DP-fwdX] L=48 states=40 -> 48
[DP-bwdX] L=48 states=4 -> 7
[DP-bwdX] L=48 states=4 -> 7
[DP-fwdX] L=48 states=1 -> 2
[DP-fwdX] L=64 states=8 -> 10
[DP-bwdX] L=80 states=1 -> 2
[DP-fwdX] L=64 states=8 -> 10
[DP-bwdX] L=64 states=2 -> 4
[DP-bwdX] L=64 states=2 -> 4
[DP-bwdX] L=80 states=1 -> 2
[DP-bwdX] L=80 states=1 -> 2
[DP-bwdX] L=80 states=1 -> 2
  [Round 41] T_prime=14  T_target=14  HPWL_w=733667  HPWL_eq=680  maxL=17  WNS(T')=-3  WNS*(T)=-3  picked=6  solve_ms=41.7416
[OC-Shortest/pow2] m=9 h=9 SEG=4 bits=36 words=1 threads=24
[DP-fwdX] L=0 states=1 -> 1
[DP-fwdX] L=16 states=171 -> 207
[DP-fwdX] L=32 states=1292 -> 1368
[DP-bwdX] L=80 states=1 -> 2
[DP-bwdX] L=64 states=207 -> 251
[DP-bwdX] L=48 states=1368 -> 1437
[DP-fwdX] L=0 states=1 -> 1
[DP-fwdX] L=16 states=171 -> 207
[DP-bwdX] L=32 states=41 -> 50
[DP-fwdX] L=0 states=1 -> 1
[DP-bwdX] L=16 states=7 -> 8
[DP-fwdX] L=0 states=1 -> 1
[DP-fwdX] L=0 states=1 -> 1
[DP-fwdX] L=0 states=1 -> 1
[DP-bwdX] L=16 states=7 -> 8
[DP-fwdX] L=16 states=3 -> 5
[DP-bwdX] L=32 states=41 -> 50
[DP-fwdX] L=32 states=4 -> 7
[DP-bwdX] L=32 states=1 -> 2
[DP-fwdX] L=32 states=1 -> 2
[DP-fwdX] L=48 states=40 -> 48
[DP-bwdX] L=80 states=1 -> 2
[DP-bwdX] L=64 states=207 -> 251
[DP-fwdX] L=48 states=40 -> 48
[DP-bwdX] L=48 states=4 -> 7
[DP-bwdX] L=48 states=4 -> 7
[DP-fwdX] L=48 states=1 -> 2
[DP-fwdX] L=64 states=8 -> 10
[DP-bwdX] L=80 states=1 -> 2
[DP-fwdX] L=64 states=8 -> 10
[DP-bwdX] L=64 states=2 -> 4
[DP-bwdX] L=64 states=2 -> 4
[DP-bwdX] L=80 states=1 -> 2
[DP-bwdX] L=80 states=1 -> 2
[DP-bwdX] L=80 states=1 -> 2
  [Round 42] T_prime=14  T_target=14  HPWL_w=735651  HPWL_eq=680  maxL=17  WNS(T')=-3  WNS*(T)=-3  picked=6  solve_ms=41.6583
[OC-Shortest/pow2] m=9 h=9 SEG=4 bits=36 words=1 threads=24
[DP-fwdX] L=0 states=1 -> 1
[DP-fwdX] L=16 states=171 -> 207
[DP-fwdX] L=32 states=1292 -> 1368
[DP-bwdX] L=80 states=1 -> 2
[DP-bwdX] L=64 states=207 -> 251
[DP-bwdX] L=48 states=1368 -> 1437
[DP-fwdX] L=0 states=1 -> 1
[DP-fwdX] L=16 states=171 -> 207
[DP-bwdX] L=32 states=41 -> 50
[DP-fwdX] L=0 states=1 -> 1
[DP-bwdX] L=16 states=7 -> 8
[DP-fwdX] L=0 states=1 -> 1
[DP-fwdX] L=0 states=1 -> 1
[DP-fwdX] L=0 states=1 -> 1
[DP-bwdX] L=16 states=7 -> 8
[DP-fwdX] L=16 states=3 -> 5
[DP-bwdX] L=32 states=41 -> 50
[DP-fwdX] L=32 states=4 -> 7
[DP-bwdX] L=32 states=1 -> 2
[DP-fwdX] L=32 states=1 -> 2
[DP-fwdX] L=48 states=40 -> 48
[DP-bwdX] L=80 states=1 -> 2
[DP-bwdX] L=64 states=207 -> 251
[DP-fwdX] L=48 states=40 -> 48
[DP-bwdX] L=48 states=4 -> 7
[DP-bwdX] L=48 states=4 -> 7
[DP-fwdX] L=48 states=1 -> 2
[DP-fwdX] L=64 states=4 -> 5
[DP-bwdX] L=80 states=1 -> 2
[DP-fwdX] L=64 states=4 -> 5
[DP-bwdX] L=64 states=3 -> 7
[DP-bwdX] L=64 states=3 -> 7
[DP-bwdX] L=80 states=1 -> 2
[DP-bwdX] L=80 states=1 -> 2
[DP-bwdX] L=80 states=1 -> 2
  [Round 43] T_prime=14  T_target=14  HPWL_w=737580  HPWL_eq=675  maxL=19  WNS(T')=-5  WNS*(T)=-5  picked=9  solve_ms=41.7108
[OC-Shortest/pow2] m=9 h=9 SEG=4 bits=36 words=1 threads=24
[DP-fwdX] L=0 states=1 -> 1
[DP-fwdX] L=16 states=171 -> 207
[DP-fwdX] L=32 states=1292 -> 1368
[DP-bwdX] L=80 states=1 -> 2
[DP-bwdX] L=64 states=207 -> 251
[DP-bwdX] L=48 states=1368 -> 1437
[DP-fwdX] L=0 states=1 -> 1
[DP-fwdX] L=16 states=171 -> 207
[DP-bwdX] L=32 states=41 -> 50
[DP-fwdX] L=0 states=1 -> 1
[DP-bwdX] L=16 states=7 -> 8
[DP-fwdX] L=0 states=1 -> 1
[DP-fwdX] L=0 states=1 -> 1
[DP-fwdX] L=0 states=1 -> 1
[DP-bwdX] L=16 states=7 -> 8
[DP-fwdX] L=16 states=3 -> 5
[DP-bwdX] L=32 states=41 -> 50
[DP-fwdX] L=32 states=4 -> 7
[DP-bwdX] L=32 states=1 -> 2
[DP-fwdX] L=32 states=1 -> 2
[DP-fwdX] L=48 states=40 -> 48
[DP-bwdX] L=80 states=1 -> 2
[DP-bwdX] L=64 states=207 -> 251
[DP-fwdX] L=48 states=40 -> 48
[DP-bwdX] L=48 states=4 -> 7
[DP-bwdX] L=48 states=4 -> 7
[DP-fwdX] L=48 states=1 -> 2
[DP-fwdX] L=64 states=4 -> 5
[DP-bwdX] L=80 states=1 -> 2
[DP-fwdX] L=64 states=4 -> 5
[DP-bwdX] L=64 states=3 -> 7
[DP-bwdX] L=64 states=3 -> 7
[DP-bwdX] L=80 states=1 -> 2
[DP-bwdX] L=80 states=1 -> 2
[DP-bwdX] L=80 states=1 -> 2
  [Round 44] T_prime=14  T_target=14  HPWL_w=739737  HPWL_eq=675  maxL=19  WNS(T')=-5  WNS*(T)=-5  picked=9  solve_ms=41.8877
[OC-Shortest/pow2] m=9 h=9 SEG=4 bits=36 words=1 threads=24
[DP-fwdX] L=0 states=1 -> 1
[DP-fwdX] L=16 states=171 -> 207
[DP-fwdX] L=32 states=1292 -> 1368
[DP-bwdX] L=80 states=1 -> 2
[DP-bwdX] L=64 states=207 -> 251
[DP-bwdX] L=48 states=1368 -> 1437
[DP-fwdX] L=0 states=1 -> 1
[DP-fwdX] L=16 states=171 -> 207
[DP-bwdX] L=32 states=41 -> 50
[DP-fwdX] L=0 states=1 -> 1
[DP-bwdX] L=16 states=5 -> 7
[DP-fwdX] L=0 states=1 -> 1
[DP-fwdX] L=0 states=1 -> 1
[DP-fwdX] L=0 states=1 -> 1
[DP-bwdX] L=16 states=5 -> 7
[DP-fwdX] L=16 states=2 -> 5
[DP-bwdX] L=32 states=41 -> 50
[DP-fwdX] L=32 states=4 -> 7
[DP-bwdX] L=32 states=1 -> 2
[DP-fwdX] L=32 states=1 -> 2
[DP-fwdX] L=48 states=40 -> 48
[DP-bwdX] L=80 states=1 -> 2
[DP-bwdX] L=64 states=207 -> 251
[DP-fwdX] L=48 states=40 -> 48
[DP-bwdX] L=48 states=4 -> 7
[DP-bwdX] L=48 states=4 -> 7
[DP-fwdX] L=48 states=1 -> 2
[DP-fwdX] L=64 states=8 -> 10
[DP-bwdX] L=80 states=1 -> 2
[DP-fwdX] L=64 states=8 -> 10
[DP-bwdX] L=64 states=2 -> 4
[DP-bwdX] L=64 states=2 -> 4
[DP-bwdX] L=80 states=1 -> 2
[DP-bwdX] L=80 states=1 -> 2
[DP-bwdX] L=80 states=1 -> 2
  [Round 45] T_prime=14  T_target=14  HPWL_w=741715  HPWL_eq=676  maxL=19  WNS(T')=-5  WNS*(T)=-5  picked=9  solve_ms=42.3815
[OC-Shortest/pow2] m=9 h=9 SEG=4 bits=36 words=1 threads=24
[DP-fwdX] L=0 states=1 -> 1
[DP-fwdX] L=16 states=171 -> 207
[DP-fwdX] L=32 states=1292 -> 1368
[DP-bwdX] L=80 states=1 -> 2
[DP-bwdX] L=64 states=207 -> 251
[DP-bwdX] L=48 states=1368 -> 1437
[DP-fwdX] L=0 states=1 -> 1
[DP-fwdX] L=16 states=171 -> 207
[DP-bwdX] L=32 states=41 -> 50
[DP-fwdX] L=0 states=1 -> 1
[DP-bwdX] L=16 states=5 -> 7
[DP-fwdX] L=0 states=1 -> 1
[DP-fwdX] L=0 states=1 -> 1
[DP-fwdX] L=0 states=1 -> 1
[DP-bwdX] L=16 states=5 -> 7
[DP-fwdX] L=16 states=2 -> 5
[DP-bwdX] L=32 states=41 -> 50
[DP-fwdX] L=32 states=4 -> 7
[DP-bwdX] L=32 states=1 -> 2
[DP-fwdX] L=32 states=1 -> 2
[DP-fwdX] L=48 states=40 -> 48
[DP-bwdX] L=80 states=1 -> 2
[DP-bwdX] L=64 states=207 -> 251
[DP-fwdX] L=48 states=40 -> 48
[DP-bwdX] L=48 states=4 -> 7
[DP-bwdX] L=48 states=4 -> 7
[DP-fwdX] L=48 states=1 -> 2
[DP-fwdX] L=64 states=8 -> 10
[DP-bwdX] L=80 states=1 -> 2
[DP-fwdX] L=64 states=8 -> 10
[DP-bwdX] L=64 states=2 -> 4
[DP-bwdX] L=64 states=2 -> 4
[DP-bwdX] L=80 states=1 -> 2
[DP-bwdX] L=80 states=1 -> 2
[DP-bwdX] L=80 states=1 -> 2
  [Round 46] T_prime=14  T_target=14  HPWL_w=743822  HPWL_eq=676  maxL=19  WNS(T')=-5  WNS*(T)=-5  picked=9  solve_ms=42.1724
[OC-Shortest/pow2] m=9 h=9 SEG=4 bits=36 words=1 threads=24
[DP-fwdX] L=0 states=1 -> 1
[DP-fwdX] L=16 states=171 -> 207
[DP-fwdX] L=32 states=1292 -> 1368
[DP-bwdX] L=80 states=1 -> 2
[DP-bwdX] L=64 states=207 -> 251
[DP-bwdX] L=48 states=1368 -> 1437
[DP-fwdX] L=0 states=1 -> 1
[DP-fwdX] L=16 states=171 -> 207
[DP-bwdX] L=32 states=41 -> 50
[DP-fwdX] L=0 states=1 -> 1
[DP-bwdX] L=16 states=5 -> 6
[DP-fwdX] L=0 states=1 -> 1
[DP-fwdX] L=0 states=1 -> 1
[DP-fwdX] L=0 states=1 -> 1
[DP-bwdX] L=16 states=5 -> 6
[DP-fwdX] L=16 states=3 -> 7
[DP-bwdX] L=32 states=41 -> 50
[DP-fwdX] L=32 states=7 -> 12
[DP-bwdX] L=32 states=1 -> 2
[DP-fwdX] L=32 states=1 -> 2
[DP-fwdX] L=48 states=40 -> 48
[DP-bwdX] L=80 states=1 -> 2
[DP-bwdX] L=64 states=207 -> 251
[DP-fwdX] L=48 states=40 -> 48
[DP-bwdX] L=48 states=6 -> 11
[DP-bwdX] L=48 states=6 -> 11
[DP-fwdX] L=48 states=1 -> 2
[DP-fwdX] L=64 states=7 -> 10
[DP-bwdX] L=80 states=1 -> 2
[DP-fwdX] L=64 states=7 -> 10
[DP-bwdX] L=64 states=2 -> 5
[DP-bwdX] L=64 states=2 -> 5
[DP-bwdX] L=80 states=1 -> 2
[DP-bwdX] L=80 states=1 -> 2
[DP-bwdX] L=80 states=1 -> 2
  [Round 47] T_prime=14  T_target=14  HPWL_w=746302  HPWL_eq=683  maxL=30  WNS(T')=-16  WNS*(T)=-16  picked=10  solve_ms=42.7439
[OC-Shortest/pow2] m=9 h=9 SEG=4 bits=36 words=1 threads=24
[DP-fwdX] L=0 states=1 -> 1
[DP-fwdX] L=16 states=171 -> 207
[DP-fwdX] L=32 states=1292 -> 1368
[DP-bwdX] L=80 states=1 -> 2
[DP-bwdX] L=64 states=207 -> 251
[DP-bwdX] L=48 states=1368 -> 1437
[DP-fwdX] L=0 states=1 -> 1
[DP-fwdX] L=16 states=171 -> 207
[DP-bwdX] L=32 states=41 -> 50
[DP-fwdX] L=0 states=1 -> 1
[DP-bwdX] L=16 states=7 -> 8
[DP-fwdX] L=0 states=1 -> 1
[DP-fwdX] L=0 states=1 -> 1
[DP-fwdX] L=0 states=1 -> 1
[DP-bwdX] L=16 states=7 -> 8
[DP-fwdX] L=16 states=3 -> 5
[DP-bwdX] L=32 states=41 -> 50
[DP-fwdX] L=32 states=4 -> 7
[DP-bwdX] L=32 states=1 -> 2
[DP-fwdX] L=32 states=1 -> 2
[DP-fwdX] L=48 states=40 -> 48
[DP-bwdX] L=80 states=1 -> 2
[DP-bwdX] L=64 states=207 -> 251
[DP-fwdX] L=48 states=40 -> 48
[DP-bwdX] L=48 states=6 -> 11
[DP-bwdX] L=48 states=6 -> 11
[DP-fwdX] L=48 states=1 -> 2
[DP-fwdX] L=64 states=7 -> 10
[DP-bwdX] L=80 states=1 -> 2
[DP-fwdX] L=64 states=7 -> 10
[DP-bwdX] L=64 states=2 -> 5
[DP-bwdX] L=64 states=2 -> 5
[DP-bwdX] L=80 states=1 -> 2
[DP-bwdX] L=80 states=1 -> 2
[DP-bwdX] L=80 states=1 -> 2
  [Round 48] T_prime=14  T_target=14  HPWL_w=749127  HPWL_eq=682  maxL=30  WNS(T')=-16  WNS*(T)=-16  picked=9  solve_ms=42.1443
[OC-Shortest/pow2] m=9 h=9 SEG=4 bits=36 words=1 threads=24
[DP-fwdX] L=0 states=1 -> 1
[DP-fwdX] L=16 states=171 -> 207
[DP-fwdX] L=32 states=1292 -> 1368
[DP-bwdX] L=80 states=1 -> 2
[DP-bwdX] L=64 states=207 -> 251
[DP-bwdX] L=48 states=1368 -> 1437
[DP-fwdX] L=0 states=1 -> 1
[DP-fwdX] L=16 states=171 -> 207
[DP-bwdX] L=32 states=41 -> 50
[DP-fwdX] L=0 states=1 -> 1
[DP-bwdX] L=16 states=5 -> 6
[DP-fwdX] L=0 states=1 -> 1
[DP-fwdX] L=0 states=1 -> 1
[DP-fwdX] L=0 states=1 -> 1
[DP-bwdX] L=16 states=5 -> 6
[DP-fwdX] L=16 states=3 -> 7
[DP-bwdX] L=32 states=41 -> 50
[DP-fwdX] L=32 states=5 -> 9
[DP-bwdX] L=32 states=1 -> 3
[DP-fwdX] L=32 states=1 -> 3
[DP-fwdX] L=48 states=40 -> 48
[DP-bwdX] L=80 states=1 -> 2
[DP-bwdX] L=64 states=207 -> 251
[DP-fwdX] L=48 states=40 -> 48
[DP-bwdX] L=48 states=4 -> 7
[DP-bwdX] L=48 states=4 -> 7
[DP-fwdX] L=48 states=1 -> 2
[DP-fwdX] L=64 states=8 -> 10
[DP-bwdX] L=80 states=1 -> 2
[DP-fwdX] L=64 states=8 -> 10
[DP-bwdX] L=64 states=2 -> 4
[DP-bwdX] L=64 states=2 -> 4
[DP-bwdX] L=80 states=1 -> 2
[DP-bwdX] L=80 states=1 -> 2
[DP-bwdX] L=80 states=1 -> 2
  [Round 49] T_prime=14  T_target=14  HPWL_w=753004  HPWL_eq=683  maxL=30  WNS(T')=-16  WNS*(T)=-16  picked=9  solve_ms=41.9127
[OC-Shortest/pow2] m=9 h=9 SEG=4 bits=36 words=1 threads=24
[DP-fwdX] L=0 states=1 -> 1
[DP-fwdX] L=16 states=171 -> 207
[DP-fwdX] L=32 states=1292 -> 1368
[DP-bwdX] L=80 states=1 -> 2
[DP-bwdX] L=64 states=207 -> 251
[DP-bwdX] L=48 states=1368 -> 1437
[DP-fwdX] L=0 states=1 -> 1
[DP-fwdX] L=16 states=171 -> 207
[DP-bwdX] L=32 states=41 -> 50
[DP-fwdX] L=0 states=1 -> 1
[DP-bwdX] L=16 states=7 -> 8
[DP-fwdX] L=0 states=1 -> 1
[DP-fwdX] L=0 states=1 -> 1
[DP-fwdX] L=0 states=1 -> 1
[DP-bwdX] L=16 states=7 -> 8
[DP-fwdX] L=16 states=3 -> 5
[DP-bwdX] L=32 states=41 -> 50
[DP-fwdX] L=32 states=4 -> 7
[DP-bwdX] L=32 states=1 -> 2
[DP-fwdX] L=32 states=1 -> 2
[DP-fwdX] L=48 states=40 -> 48
[DP-bwdX] L=80 states=1 -> 2
[DP-bwdX] L=64 states=207 -> 251
[DP-fwdX] L=48 states=40 -> 48
[DP-bwdX] L=48 states=4 -> 7
[DP-bwdX] L=48 states=4 -> 7
[DP-fwdX] L=48 states=1 -> 2
[DP-fwdX] L=64 states=8 -> 10
[DP-bwdX] L=80 states=1 -> 2
[DP-fwdX] L=64 states=8 -> 10
[DP-bwdX] L=64 states=2 -> 4
[DP-bwdX] L=64 states=2 -> 4
[DP-bwdX] L=80 states=1 -> 2
[DP-bwdX] L=80 states=1 -> 2
[DP-bwdX] L=80 states=1 -> 2
  [Round 50] T_prime=14  T_target=14  HPWL_w=753876  HPWL_eq=682  maxL=15  WNS(T')=-1  WNS*(T)=-1  picked=6  solve_ms=41.2859
[OC-Shortest/pow2] m=9 h=9 SEG=4 bits=36 words=1 threads=24
[DP-fwdX] L=0 states=1 -> 1
[DP-fwdX] L=16 states=171 -> 207
[DP-fwdX] L=32 states=1292 -> 1368
[DP-bwdX] L=80 states=1 -> 2
[DP-bwdX] L=64 states=207 -> 251
[DP-bwdX] L=48 states=1368 -> 1437
[DP-fwdX] L=0 states=1 -> 1
[DP-fwdX] L=16 states=171 -> 207
[DP-bwdX] L=32 states=41 -> 50
[DP-fwdX] L=0 states=1 -> 1
[DP-bwdX] L=16 states=5 -> 7
[DP-fwdX] L=0 states=1 -> 1
[DP-fwdX] L=0 states=1 -> 1
[DP-fwdX] L=0 states=1 -> 1
[DP-bwdX] L=16 states=5 -> 7
[DP-fwdX] L=16 states=2 -> 5
[DP-bwdX] L=32 states=41 -> 50
[DP-fwdX] L=32 states=4 -> 7
[DP-bwdX] L=32 states=1 -> 2
[DP-fwdX] L=32 states=1 -> 2
[DP-fwdX] L=48 states=40 -> 48
[DP-bwdX] L=80 states=1 -> 2
[DP-bwdX] L=64 states=207 -> 251
[DP-fwdX] L=48 states=40 -> 48
[DP-bwdX] L=48 states=4 -> 7
[DP-bwdX] L=48 states=4 -> 7
[DP-fwdX] L=48 states=1 -> 2
[DP-fwdX] L=64 states=4 -> 5
[DP-bwdX] L=80 states=1 -> 2
[DP-fwdX] L=64 states=4 -> 5
[DP-bwdX] L=64 states=3 -> 7
[DP-bwdX] L=64 states=3 -> 7
[DP-bwdX] L=80 states=1 -> 2
[DP-bwdX] L=80 states=1 -> 2
[DP-bwdX] L=80 states=1 -> 2
  [Round 51] T_prime=14  T_target=14  HPWL_w=756245  HPWL_eq=676  maxL=17  WNS(T')=-3  WNS*(T)=-3  picked=12  solve_ms=42.6159
[OC-Shortest/pow2] m=9 h=9 SEG=4 bits=36 words=1 threads=24
[DP-fwdX] L=0 states=1 -> 1
[DP-fwdX] L=16 states=171 -> 207
[DP-fwdX] L=32 states=1292 -> 1368
[DP-bwdX] L=80 states=1 -> 2
[DP-bwdX] L=64 states=207 -> 251
[DP-bwdX] L=48 states=1368 -> 1437
[DP-fwdX] L=0 states=1 -> 1
[DP-fwdX] L=16 states=171 -> 207
[DP-bwdX] L=32 states=41 -> 50
[DP-fwdX] L=0 states=1 -> 1
[DP-bwdX] L=16 states=5 -> 7
[DP-fwdX] L=0 states=1 -> 1
[DP-fwdX] L=0 states=1 -> 1
[DP-fwdX] L=0 states=1 -> 1
[DP-bwdX] L=16 states=5 -> 7
[DP-fwdX] L=16 states=2 -> 5
[DP-bwdX] L=32 states=41 -> 50
[DP-fwdX] L=32 states=4 -> 7
[DP-bwdX] L=32 states=1 -> 2
[DP-fwdX] L=32 states=1 -> 2
[DP-fwdX] L=48 states=40 -> 48
[DP-bwdX] L=80 states=1 -> 2
[DP-bwdX] L=64 states=207 -> 251
[DP-fwdX] L=48 states=40 -> 48
[DP-bwdX] L=48 states=4 -> 7
[DP-bwdX] L=48 states=4 -> 7
[DP-fwdX] L=48 states=1 -> 2
[DP-fwdX] L=64 states=8 -> 10
[DP-bwdX] L=80 states=1 -> 2
[DP-fwdX] L=64 states=8 -> 10
[DP-bwdX] L=64 states=2 -> 4
[DP-bwdX] L=64 states=2 -> 4
[DP-bwdX] L=80 states=1 -> 2
[DP-bwdX] L=80 states=1 -> 2
[DP-bwdX] L=80 states=1 -> 2
  [Round 52] T_prime=14  T_target=14  HPWL_w=759847  HPWL_eq=679  maxL=17  WNS(T')=-3  WNS*(T)=-3  picked=9  solve_ms=41.5947
[OC-Shortest/pow2] m=9 h=9 SEG=4 bits=36 words=1 threads=24
[DP-fwdX] L=0 states=1 -> 1
[DP-fwdX] L=16 states=171 -> 207
[DP-fwdX] L=32 states=1292 -> 1368
[DP-bwdX] L=80 states=1 -> 2
[DP-bwdX] L=64 states=207 -> 251
[DP-bwdX] L=48 states=1368 -> 1437
[DP-fwdX] L=0 states=1 -> 1
[DP-fwdX] L=16 states=171 -> 207
[DP-bwdX] L=32 states=41 -> 50
[DP-fwdX] L=0 states=1 -> 1
[DP-bwdX] L=16 states=7 -> 8
[DP-fwdX] L=0 states=1 -> 1
[DP-fwdX] L=0 states=1 -> 1
[DP-fwdX] L=0 states=1 -> 1
[DP-bwdX] L=16 states=7 -> 8
[DP-fwdX] L=16 states=3 -> 5
[DP-bwdX] L=32 states=41 -> 50
[DP-fwdX] L=32 states=4 -> 7
[DP-bwdX] L=32 states=1 -> 2
[DP-fwdX] L=32 states=1 -> 2
[DP-fwdX] L=48 states=40 -> 48
[DP-bwdX] L=80 states=1 -> 2
[DP-bwdX] L=64 states=207 -> 251
[DP-fwdX] L=48 states=40 -> 48
[DP-bwdX] L=48 states=4 -> 7
[DP-bwdX] L=48 states=4 -> 7
[DP-fwdX] L=48 states=1 -> 2
[DP-fwdX] L=64 states=8 -> 10
[DP-bwdX] L=80 states=1 -> 2
[DP-fwdX] L=64 states=8 -> 10
[DP-bwdX] L=64 states=2 -> 4
[DP-bwdX] L=64 states=2 -> 4
[DP-bwdX] L=80 states=1 -> 2
[DP-bwdX] L=80 states=1 -> 2
[DP-bwdX] L=80 states=1 -> 2
  [Round 53] T_prime=14  T_target=14  HPWL_w=760923  HPWL_eq=682  maxL=15  WNS(T')=-1  WNS*(T)=-1  picked=6  solve_ms=41.6819
[OC-Shortest/pow2] m=9 h=9 SEG=4 bits=36 words=1 threads=24
[DP-fwdX] L=0 states=1 -> 1
[DP-fwdX] L=16 states=171 -> 207
[DP-fwdX] L=32 states=1292 -> 1368
[DP-bwdX] L=80 states=1 -> 2
[DP-bwdX] L=64 states=207 -> 251
[DP-bwdX] L=48 states=1368 -> 1437
[DP-fwdX] L=0 states=1 -> 1
[DP-fwdX] L=16 states=171 -> 207
[DP-bwdX] L=32 states=41 -> 50
[DP-fwdX] L=0 states=1 -> 1
[DP-bwdX] L=16 states=7 -> 8
[DP-fwdX] L=0 states=1 -> 1
[DP-fwdX] L=0 states=1 -> 1
[DP-fwdX] L=0 states=1 -> 1
[DP-bwdX] L=16 states=7 -> 8
[DP-fwdX] L=16 states=3 -> 5
[DP-bwdX] L=32 states=41 -> 50
[DP-fwdX] L=32 states=4 -> 7
[DP-bwdX] L=32 states=1 -> 2
[DP-fwdX] L=32 states=1 -> 2
[DP-fwdX] L=48 states=40 -> 48
[DP-bwdX] L=80 states=1 -> 2
[DP-bwdX] L=64 states=207 -> 251
[DP-fwdX] L=48 states=40 -> 48
[DP-bwdX] L=48 states=4 -> 7
[DP-bwdX] L=48 states=4 -> 7
[DP-fwdX] L=48 states=1 -> 2
[DP-fwdX] L=64 states=4 -> 5
[DP-bwdX] L=80 states=1 -> 2
[DP-fwdX] L=64 states=4 -> 5
[DP-bwdX] L=64 states=3 -> 7
[DP-bwdX] L=64 states=3 -> 7
[DP-bwdX] L=80 states=1 -> 2
[DP-bwdX] L=80 states=1 -> 2
[DP-bwdX] L=80 states=1 -> 2
  [Round 54] T_prime=14  T_target=14  HPWL_w=763187  HPWL_eq=679  maxL=17  WNS(T')=-3  WNS*(T)=-3  picked=9  solve_ms=41.8214
[OC-Shortest/pow2] m=9 h=9 SEG=4 bits=36 words=1 threads=24
[DP-fwdX] L=0 states=1 -> 1
[DP-fwdX] L=16 states=171 -> 207
[DP-fwdX] L=32 states=1292 -> 1368
[DP-bwdX] L=80 states=1 -> 2
[DP-bwdX] L=64 states=207 -> 251
[DP-bwdX] L=48 states=1368 -> 1437
[DP-fwdX] L=0 states=1 -> 1
[DP-fwdX] L=16 states=171 -> 207
[DP-bwdX] L=32 states=41 -> 50
[DP-fwdX] L=0 states=1 -> 1
[DP-bwdX] L=16 states=7 -> 8
[DP-fwdX] L=0 states=1 -> 1
[DP-fwdX] L=0 states=1 -> 1
[DP-fwdX] L=0 states=1 -> 1
[DP-bwdX] L=16 states=7 -> 8
[DP-fwdX] L=16 states=3 -> 5
[DP-bwdX] L=32 states=41 -> 50
[DP-fwdX] L=32 states=4 -> 7
[DP-bwdX] L=32 states=1 -> 2
[DP-fwdX] L=32 states=1 -> 2
[DP-fwdX] L=48 states=40 -> 48
[DP-bwdX] L=80 states=1 -> 2
[DP-bwdX] L=64 states=207 -> 251
[DP-fwdX] L=48 states=40 -> 48
[DP-bwdX] L=48 states=4 -> 7
[DP-bwdX] L=48 states=4 -> 7
[DP-fwdX] L=48 states=1 -> 2
[DP-fwdX] L=64 states=8 -> 10
[DP-bwdX] L=80 states=1 -> 2
[DP-fwdX] L=64 states=8 -> 10
[DP-bwdX] L=64 states=2 -> 4
[DP-bwdX] L=64 states=2 -> 4
[DP-bwdX] L=80 states=1 -> 2
[DP-bwdX] L=80 states=1 -> 2
[DP-bwdX] L=80 states=1 -> 2
  [Round 55] T_prime=14  T_target=14  HPWL_w=764187  HPWL_eq=682  maxL=15  WNS(T')=-1  WNS*(T)=-1  picked=6  solve_ms=41.7411
[OC-Shortest/pow2] m=9 h=9 SEG=4 bits=36 words=1 threads=24
[DP-fwdX] L=0 states=1 -> 1
[DP-fwdX] L=16 states=171 -> 207
[DP-fwdX] L=32 states=1292 -> 1368
[DP-bwdX] L=80 states=1 -> 2
[DP-bwdX] L=64 states=207 -> 251
[DP-bwdX] L=48 states=1368 -> 1437
[DP-fwdX] L=0 states=1 -> 1
[DP-fwdX] L=16 states=171 -> 207
[DP-bwdX] L=32 states=41 -> 50
[DP-fwdX] L=0 states=1 -> 1
[DP-bwdX] L=16 states=7 -> 8
[DP-fwdX] L=0 states=1 -> 1
[DP-fwdX] L=0 states=1 -> 1
[DP-fwdX] L=0 states=1 -> 1
[DP-bwdX] L=16 states=7 -> 8
[DP-fwdX] L=16 states=3 -> 5
[DP-bwdX] L=32 states=41 -> 50
[DP-fwdX] L=32 states=4 -> 7
[DP-bwdX] L=32 states=1 -> 2
[DP-fwdX] L=32 states=1 -> 2
[DP-fwdX] L=48 states=40 -> 48
[DP-bwdX] L=80 states=1 -> 2
[DP-bwdX] L=64 states=207 -> 251
[DP-fwdX] L=48 states=40 -> 48
[DP-bwdX] L=48 states=4 -> 7
[DP-bwdX] L=48 states=4 -> 7
[DP-fwdX] L=48 states=1 -> 2
[DP-fwdX] L=64 states=4 -> 5
[DP-bwdX] L=80 states=1 -> 2
[DP-fwdX] L=64 states=4 -> 5
[DP-bwdX] L=64 states=3 -> 7
[DP-bwdX] L=64 states=3 -> 7
[DP-bwdX] L=80 states=1 -> 2
[DP-bwdX] L=80 states=1 -> 2
[DP-bwdX] L=80 states=1 -> 2
  [Round 56] T_prime=14  T_target=14  HPWL_w=766736  HPWL_eq=679  maxL=17  WNS(T')=-3  WNS*(T)=-3  picked=9  solve_ms=41.9336
[OC-Shortest/pow2] m=9 h=9 SEG=4 bits=36 words=1 threads=24
[DP-fwdX] L=0 states=1 -> 1
[DP-fwdX] L=16 states=171 -> 207
[DP-fwdX] L=32 states=1292 -> 1368
[DP-bwdX] L=80 states=1 -> 2
[DP-bwdX] L=64 states=207 -> 251
[DP-bwdX] L=48 states=1368 -> 1437
[DP-fwdX] L=0 states=1 -> 1
[DP-fwdX] L=16 states=171 -> 207
[DP-bwdX] L=32 states=41 -> 50
[DP-fwdX] L=0 states=1 -> 1
[DP-bwdX] L=16 states=7 -> 8
[DP-fwdX] L=0 states=1 -> 1
[DP-fwdX] L=0 states=1 -> 1
[DP-fwdX] L=0 states=1 -> 1
[DP-bwdX] L=16 states=7 -> 8
[DP-fwdX] L=16 states=3 -> 5
[DP-bwdX] L=32 states=41 -> 50
[DP-fwdX] L=32 states=4 -> 7
[DP-bwdX] L=32 states=1 -> 2
[DP-fwdX] L=32 states=1 -> 2
[DP-fwdX] L=48 states=40 -> 48
[DP-bwdX] L=80 states=1 -> 2
[DP-bwdX] L=64 states=207 -> 251
[DP-fwdX] L=48 states=40 -> 48
[DP-bwdX] L=48 states=4 -> 7
[DP-bwdX] L=48 states=4 -> 7
[DP-fwdX] L=48 states=1 -> 2
[DP-fwdX] L=64 states=8 -> 10
[DP-bwdX] L=80 states=1 -> 2
[DP-fwdX] L=64 states=8 -> 10
[DP-bwdX] L=64 states=2 -> 4
[DP-bwdX] L=64 states=2 -> 4
[DP-bwdX] L=80 states=1 -> 2
[DP-bwdX] L=80 states=1 -> 2
[DP-bwdX] L=80 states=1 -> 2
  [Round 57] T_prime=14  T_target=14  HPWL_w=767600  HPWL_eq=682  maxL=15  WNS(T')=-1  WNS*(T)=-1  picked=6  solve_ms=41.871
[OC-Shortest/pow2] m=9 h=9 SEG=4 bits=36 words=1 threads=24
[DP-fwdX] L=0 states=1 -> 1
[DP-fwdX] L=16 states=171 -> 207
[DP-fwdX] L=32 states=1292 -> 1368
[DP-bwdX] L=80 states=1 -> 2
[DP-bwdX] L=64 states=207 -> 251
[DP-bwdX] L=48 states=1368 -> 1437
[DP-fwdX] L=0 states=1 -> 1
[DP-fwdX] L=16 states=171 -> 207
[DP-bwdX] L=32 states=41 -> 50
[DP-fwdX] L=0 states=1 -> 1
[DP-bwdX] L=16 states=5 -> 7
[DP-fwdX] L=0 states=1 -> 1
[DP-fwdX] L=0 states=1 -> 1
[DP-fwdX] L=0 states=1 -> 1
[DP-bwdX] L=16 states=5 -> 7
[DP-fwdX] L=16 states=2 -> 5
[DP-bwdX] L=32 states=41 -> 50
[DP-fwdX] L=32 states=4 -> 7
[DP-bwdX] L=32 states=1 -> 2
[DP-fwdX] L=32 states=1 -> 2
[DP-fwdX] L=48 states=40 -> 48
[DP-bwdX] L=80 states=1 -> 2
[DP-bwdX] L=64 states=207 -> 251
[DP-fwdX] L=48 states=40 -> 48
[DP-bwdX] L=48 states=6 -> 11
[DP-bwdX] L=48 states=6 -> 11
[DP-fwdX] L=48 states=1 -> 2
[DP-fwdX] L=64 states=7 -> 10
[DP-bwdX] L=80 states=1 -> 2
[DP-fwdX] L=64 states=7 -> 10
[DP-bwdX] L=64 states=2 -> 5
[DP-bwdX] L=64 states=2 -> 5
[DP-bwdX] L=80 states=1 -> 2
[DP-bwdX] L=80 states=1 -> 2
[DP-bwdX] L=80 states=1 -> 2
  [Round 58] T_prime=14  T_target=14  HPWL_w=769748  HPWL_eq=682  maxL=33  WNS(T')=-19  WNS*(T)=-19  picked=12  solve_ms=42.7097
[OC-Shortest/pow2] m=9 h=9 SEG=4 bits=36 words=1 threads=24
[DP-fwdX] L=0 states=1 -> 1
[DP-fwdX] L=16 states=171 -> 207
[DP-fwdX] L=32 states=1292 -> 1368
[DP-bwdX] L=80 states=1 -> 2
[DP-bwdX] L=64 states=207 -> 251
[DP-bwdX] L=48 states=1368 -> 1437
[DP-fwdX] L=0 states=1 -> 1
[DP-fwdX] L=16 states=171 -> 207
[DP-bwdX] L=32 states=41 -> 50
[DP-fwdX] L=0 states=1 -> 1
[DP-bwdX] L=16 states=7 -> 8
[DP-fwdX] L=0 states=1 -> 1
[DP-fwdX] L=0 states=1 -> 1
[DP-fwdX] L=0 states=1 -> 1
[DP-bwdX] L=16 states=7 -> 8
[DP-fwdX] L=16 states=3 -> 5
[DP-bwdX] L=32 states=41 -> 50
[DP-fwdX] L=32 states=4 -> 7
[DP-bwdX] L=32 states=1 -> 2
[DP-fwdX] L=32 states=1 -> 2
[DP-fwdX] L=48 states=40 -> 48
[DP-bwdX] L=80 states=1 -> 2
[DP-bwdX] L=64 states=207 -> 251
[DP-fwdX] L=48 states=40 -> 48
[DP-bwdX] L=48 states=4 -> 7
[DP-bwdX] L=48 states=4 -> 7
[DP-fwdX] L=48 states=1 -> 2
[DP-fwdX] L=64 states=8 -> 10
[DP-bwdX] L=80 states=1 -> 2
[DP-fwdX] L=64 states=8 -> 10
[DP-bwdX] L=64 states=2 -> 4
[DP-bwdX] L=64 states=2 -> 4
[DP-bwdX] L=80 states=1 -> 2
[DP-bwdX] L=80 states=1 -> 2
[DP-bwdX] L=80 states=1 -> 2
  [Round 59] T_prime=14  T_target=14  HPWL_w=770948  HPWL_eq=684  maxL=15  WNS(T')=-1  WNS*(T)=-1  picked=3  solve_ms=41.7444
[OC-Shortest/pow2] m=9 h=9 SEG=4 bits=36 words=1 threads=24
[DP-fwdX] L=0 states=1 -> 1
[DP-fwdX] L=16 states=171 -> 207
[DP-fwdX] L=32 states=1292 -> 1368
[DP-bwdX] L=80 states=1 -> 2
[DP-bwdX] L=64 states=207 -> 251
[DP-bwdX] L=48 states=1368 -> 1437
[DP-fwdX] L=0 states=1 -> 1
[DP-fwdX] L=16 states=171 -> 207
[DP-bwdX] L=32 states=41 -> 50
[DP-fwdX] L=0 states=1 -> 1
[DP-bwdX] L=16 states=7 -> 8
[DP-fwdX] L=0 states=1 -> 1
[DP-fwdX] L=0 states=1 -> 1
[DP-fwdX] L=0 states=1 -> 1
[DP-bwdX] L=16 states=7 -> 8
[DP-fwdX] L=16 states=3 -> 5
[DP-bwdX] L=32 states=41 -> 50
[DP-fwdX] L=32 states=4 -> 7
[DP-bwdX] L=32 states=1 -> 2
[DP-fwdX] L=32 states=1 -> 2
[DP-fwdX] L=48 states=40 -> 48
[DP-bwdX] L=80 states=1 -> 2
[DP-bwdX] L=64 states=207 -> 251
[DP-fwdX] L=48 states=40 -> 48
[DP-bwdX] L=48 states=4 -> 7
[DP-bwdX] L=48 states=4 -> 7
[DP-fwdX] L=48 states=1 -> 2
[DP-fwdX] L=64 states=4 -> 5
[DP-bwdX] L=80 states=1 -> 2
[DP-fwdX] L=64 states=4 -> 5
[DP-bwdX] L=64 states=3 -> 7
[DP-bwdX] L=64 states=3 -> 7
[DP-bwdX] L=80 states=1 -> 2
[DP-bwdX] L=80 states=1 -> 2
[DP-bwdX] L=80 states=1 -> 2
  [Round 60] T_prime=14  T_target=14  HPWL_w=771866  HPWL_eq=681  maxL=17  WNS(T')=-3  WNS*(T)=-3  picked=6  solve_ms=41.935
[OC-Shortest/pow2] m=9 h=9 SEG=4 bits=36 words=1 threads=24
[DP-fwdX] L=0 states=1 -> 1
[DP-fwdX] L=16 states=171 -> 207
[DP-fwdX] L=32 states=1292 -> 1368
[DP-bwdX] L=80 states=1 -> 2
[DP-bwdX] L=64 states=207 -> 251
[DP-bwdX] L=48 states=1368 -> 1437
[DP-fwdX] L=0 states=1 -> 1
[DP-fwdX] L=16 states=171 -> 207
[DP-bwdX] L=32 states=41 -> 50
[DP-fwdX] L=0 states=1 -> 1
[DP-bwdX] L=16 states=7 -> 8
[DP-fwdX] L=0 states=1 -> 1
[DP-fwdX] L=0 states=1 -> 1
[DP-fwdX] L=0 states=1 -> 1
[DP-bwdX] L=16 states=7 -> 8
[DP-fwdX] L=16 states=3 -> 5
[DP-bwdX] L=32 states=41 -> 50
[DP-fwdX] L=32 states=4 -> 7
[DP-bwdX] L=32 states=1 -> 2
[DP-fwdX] L=32 states=1 -> 2
[DP-fwdX] L=48 states=40 -> 48
[DP-bwdX] L=80 states=1 -> 2
[DP-bwdX] L=64 states=207 -> 251
[DP-fwdX] L=48 states=40 -> 48
[DP-bwdX] L=48 states=6 -> 11
[DP-bwdX] L=48 states=6 -> 11
[DP-fwdX] L=48 states=1 -> 2
[DP-fwdX] L=64 states=7 -> 10
[DP-bwdX] L=80 states=1 -> 2
[DP-fwdX] L=64 states=7 -> 10
[DP-bwdX] L=64 states=2 -> 5
[DP-bwdX] L=64 states=2 -> 5
[DP-bwdX] L=80 states=1 -> 2
[DP-bwdX] L=80 states=1 -> 2
[DP-bwdX] L=80 states=1 -> 2
  [Round 61] T_prime=14  T_target=14  HPWL_w=773357  HPWL_eq=687  maxL=33  WNS(T')=-19  WNS*(T)=-19  picked=6  solve_ms=42.6839
[OC-Shortest/pow2] m=9 h=9 SEG=4 bits=36 words=1 threads=24
[DP-fwdX] L=0 states=1 -> 1
[DP-fwdX] L=16 states=171 -> 207
[DP-fwdX] L=32 states=1292 -> 1368
[DP-bwdX] L=80 states=1 -> 2
[DP-bwdX] L=64 states=207 -> 251
[DP-bwdX] L=48 states=1368 -> 1437
[DP-fwdX] L=0 states=1 -> 1
[DP-fwdX] L=16 states=171 -> 207
[DP-bwdX] L=32 states=41 -> 50
[DP-fwdX] L=0 states=1 -> 1
[DP-bwdX] L=16 states=5 -> 6
[DP-fwdX] L=0 states=1 -> 1
[DP-fwdX] L=0 states=1 -> 1
[DP-fwdX] L=0 states=1 -> 1
[DP-bwdX] L=16 states=5 -> 6
[DP-fwdX] L=16 states=3 -> 7
[DP-bwdX] L=32 states=41 -> 50
[DP-fwdX] L=32 states=5 -> 9
[DP-bwdX] L=32 states=1 -> 3
[DP-fwdX] L=32 states=1 -> 3
[DP-fwdX] L=48 states=40 -> 48
[DP-bwdX] L=80 states=1 -> 2
[DP-bwdX] L=64 states=207 -> 251
[DP-fwdX] L=48 states=40 -> 48
[DP-bwdX] L=48 states=4 -> 7
[DP-bwdX] L=48 states=4 -> 7
[DP-fwdX] L=48 states=1 -> 2
[DP-fwdX] L=64 states=8 -> 10
[DP-bwdX] L=80 states=1 -> 2
[DP-fwdX] L=64 states=8 -> 10
[DP-bwdX] L=64 states=2 -> 4
[DP-bwdX] L=64 states=2 -> 4
[DP-bwdX] L=80 states=1 -> 2
[DP-bwdX] L=80 states=1 -> 2
[DP-bwdX] L=80 states=1 -> 2
  [Round 62] T_prime=14  T_target=14  HPWL_w=775946  HPWL_eq=685  maxL=33  WNS(T')=-19  WNS*(T)=-19  picked=9  solve_ms=42.1795
[OC-Shortest/pow2] m=9 h=9 SEG=4 bits=36 words=1 threads=24
[DP-fwdX] L=0 states=1 -> 1
[DP-fwdX] L=16 states=171 -> 207
[DP-fwdX] L=32 states=1292 -> 1368
[DP-bwdX] L=80 states=1 -> 2
[DP-bwdX] L=64 states=207 -> 251
[DP-bwdX] L=48 states=1368 -> 1437
[DP-fwdX] L=0 states=1 -> 1
[DP-fwdX] L=16 states=171 -> 207
[DP-bwdX] L=32 states=41 -> 50
[DP-fwdX] L=0 states=1 -> 1
[DP-bwdX] L=16 states=7 -> 8
[DP-fwdX] L=0 states=1 -> 1
[DP-fwdX] L=0 states=1 -> 1
[DP-fwdX] L=0 states=1 -> 1
[DP-bwdX] L=16 states=7 -> 8
[DP-fwdX] L=16 states=3 -> 5
[DP-bwdX] L=32 states=41 -> 50
[DP-fwdX] L=32 states=4 -> 7
[DP-bwdX] L=32 states=1 -> 2
[DP-fwdX] L=32 states=1 -> 2
[DP-fwdX] L=48 states=40 -> 48
[DP-bwdX] L=80 states=1 -> 2
[DP-bwdX] L=64 states=207 -> 251
[DP-fwdX] L=48 states=40 -> 48
[DP-bwdX] L=48 states=4 -> 7
[DP-bwdX] L=48 states=4 -> 7
[DP-fwdX] L=48 states=1 -> 2
[DP-fwdX] L=64 states=8 -> 10
[DP-bwdX] L=80 states=1 -> 2
[DP-fwdX] L=64 states=8 -> 10
[DP-bwdX] L=64 states=2 -> 4
[DP-bwdX] L=64 states=2 -> 4
[DP-bwdX] L=80 states=1 -> 2
[DP-bwdX] L=80 states=1 -> 2
[DP-bwdX] L=80 states=1 -> 2
  [Round 63] T_prime=14  T_target=14  HPWL_w=778083  HPWL_eq=682  maxL=15  WNS(T')=-1  WNS*(T)=-1  picked=6  solve_ms=41.8999
[OC-Shortest/pow2] m=9 h=9 SEG=4 bits=36 words=1 threads=24
[DP-fwdX] L=0 states=1 -> 1
[DP-fwdX] L=16 states=171 -> 207
[DP-fwdX] L=32 states=1292 -> 1368
[DP-bwdX] L=80 states=1 -> 2
[DP-bwdX] L=64 states=207 -> 251
[DP-bwdX] L=48 states=1368 -> 1437
[DP-fwdX] L=0 states=1 -> 1
[DP-fwdX] L=16 states=171 -> 207
[DP-bwdX] L=32 states=41 -> 50
[DP-fwdX] L=0 states=1 -> 1
[DP-bwdX] L=16 states=5 -> 7
[DP-fwdX] L=0 states=1 -> 1
[DP-fwdX] L=0 states=1 -> 1
[DP-fwdX] L=0 states=1 -> 1
[DP-bwdX] L=16 states=5 -> 7
[DP-fwdX] L=16 states=2 -> 5
[DP-bwdX] L=32 states=41 -> 50
[DP-fwdX] L=32 states=4 -> 7
[DP-bwdX] L=32 states=1 -> 2
[DP-fwdX] L=32 states=1 -> 2
[DP-fwdX] L=48 states=40 -> 48
[DP-bwdX] L=80 states=1 -> 2
[DP-bwdX] L=64 states=207 -> 251
[DP-fwdX] L=48 states=40 -> 48
[DP-bwdX] L=48 states=4 -> 7
[DP-bwdX] L=48 states=4 -> 7
[DP-fwdX] L=48 states=1 -> 2
[DP-fwdX] L=64 states=8 -> 10
[DP-bwdX] L=80 states=1 -> 2
[DP-fwdX] L=64 states=8 -> 10
[DP-bwdX] L=64 states=2 -> 4
[DP-bwdX] L=64 states=2 -> 4
[DP-bwdX] L=80 states=1 -> 2
[DP-bwdX] L=80 states=1 -> 2
[DP-bwdX] L=80 states=1 -> 2
  [Round 64] T_prime=14  T_target=14  HPWL_w=779991  HPWL_eq=681  maxL=17  WNS(T')=-3  WNS*(T)=-3  picked=6  solve_ms=42.185
[OC-Shortest/pow2] m=9 h=9 SEG=4 bits=36 words=1 threads=24
[DP-fwdX] L=0 states=1 -> 1
[DP-fwdX] L=16 states=171 -> 207
[DP-fwdX] L=32 states=1292 -> 1368
[DP-bwdX] L=80 states=1 -> 2
[DP-bwdX] L=64 states=207 -> 251
[DP-bwdX] L=48 states=1368 -> 1437
[DP-fwdX] L=0 states=1 -> 1
[DP-fwdX] L=16 states=171 -> 207
[DP-bwdX] L=32 states=41 -> 50
[DP-fwdX] L=0 states=1 -> 1
[DP-bwdX] L=16 states=7 -> 8
[DP-fwdX] L=0 states=1 -> 1
[DP-fwdX] L=0 states=1 -> 1
[DP-fwdX] L=0 states=1 -> 1
[DP-bwdX] L=16 states=7 -> 8
[DP-fwdX] L=16 states=3 -> 5
[DP-bwdX] L=32 states=41 -> 50
[DP-fwdX] L=32 states=4 -> 7
[DP-bwdX] L=32 states=1 -> 2
[DP-fwdX] L=32 states=1 -> 2
[DP-fwdX] L=48 states=40 -> 48
[DP-bwdX] L=80 states=1 -> 2
[DP-bwdX] L=64 states=207 -> 251
[DP-fwdX] L=48 states=40 -> 48
[DP-bwdX] L=48 states=4 -> 7
[DP-bwdX] L=48 states=4 -> 7
[DP-fwdX] L=48 states=1 -> 2
[DP-fwdX] L=64 states=8 -> 10
[DP-bwdX] L=80 states=1 -> 2
[DP-fwdX] L=64 states=8 -> 10
[DP-bwdX] L=64 states=2 -> 4
[DP-bwdX] L=64 states=2 -> 4
[DP-bwdX] L=80 states=1 -> 2
[DP-bwdX] L=80 states=1 -> 2
[DP-bwdX] L=80 states=1 -> 2
  [Round 65] T_prime=14  T_target=14  HPWL_w=781495  HPWL_eq=684  maxL=15  WNS(T')=-1  WNS*(T)=-1  picked=3  solve_ms=41.8574
[OC-Shortest/pow2] m=9 h=9 SEG=4 bits=36 words=1 threads=24
[DP-fwdX] L=0 states=1 -> 1
[DP-fwdX] L=16 states=171 -> 207
[DP-fwdX] L=32 states=1292 -> 1368
[DP-bwdX] L=80 states=1 -> 2
[DP-bwdX] L=64 states=207 -> 251
[DP-bwdX] L=48 states=1368 -> 1437
[DP-fwdX] L=0 states=1 -> 1
[DP-fwdX] L=16 states=171 -> 207
[DP-bwdX] L=32 states=41 -> 50
[DP-fwdX] L=0 states=1 -> 1
[DP-bwdX] L=16 states=7 -> 8
[DP-fwdX] L=0 states=1 -> 1
[DP-fwdX] L=0 states=1 -> 1
[DP-fwdX] L=0 states=1 -> 1
[DP-bwdX] L=16 states=7 -> 8
[DP-fwdX] L=16 states=3 -> 5
[DP-bwdX] L=32 states=41 -> 50
[DP-fwdX] L=32 states=4 -> 7
[DP-bwdX] L=32 states=1 -> 2
[DP-fwdX] L=32 states=1 -> 2
[DP-fwdX] L=48 states=40 -> 48
[DP-bwdX] L=80 states=1 -> 2
[DP-bwdX] L=64 states=207 -> 251
[DP-fwdX] L=48 states=40 -> 48
[DP-bwdX] L=48 states=4 -> 7
[DP-bwdX] L=48 states=4 -> 7
[DP-fwdX] L=48 states=1 -> 2
[DP-fwdX] L=64 states=8 -> 10
[DP-bwdX] L=80 states=1 -> 2
[DP-fwdX] L=64 states=8 -> 10
[DP-bwdX] L=64 states=2 -> 4
[DP-bwdX] L=64 states=2 -> 4
[DP-bwdX] L=80 states=1 -> 2
[DP-bwdX] L=80 states=1 -> 2
[DP-bwdX] L=80 states=1 -> 2
  [Round 66] T_prime=14  T_target=14  HPWL_w=782039  HPWL_eq=684  maxL=15  WNS(T')=-1  WNS*(T)=-1  picked=3  solve_ms=41.9204
[OC-Shortest/pow2] m=9 h=9 SEG=4 bits=36 words=1 threads=24
[DP-fwdX] L=0 states=1 -> 1
[DP-fwdX] L=16 states=171 -> 207
[DP-fwdX] L=32 states=1292 -> 1368
[DP-bwdX] L=80 states=1 -> 2
[DP-bwdX] L=64 states=207 -> 251
[DP-bwdX] L=48 states=1368 -> 1437
[DP-fwdX] L=0 states=1 -> 1
[DP-fwdX] L=16 states=171 -> 207
[DP-bwdX] L=32 states=41 -> 50
[DP-fwdX] L=0 states=1 -> 1
[DP-bwdX] L=16 states=7 -> 8
[DP-fwdX] L=0 states=1 -> 1
[DP-fwdX] L=0 states=1 -> 1
[DP-fwdX] L=0 states=1 -> 1
[DP-bwdX] L=16 states=7 -> 8
[DP-fwdX] L=16 states=3 -> 5
[DP-bwdX] L=32 states=41 -> 50
[DP-fwdX] L=32 states=4 -> 7
[DP-bwdX] L=32 states=1 -> 2
[DP-fwdX] L=32 states=1 -> 2
[DP-fwdX] L=48 states=40 -> 48
[DP-bwdX] L=80 states=1 -> 2
[DP-bwdX] L=64 states=207 -> 251
[DP-fwdX] L=48 states=40 -> 48
[DP-bwdX] L=48 states=4 -> 7
[DP-bwdX] L=48 states=4 -> 7
[DP-fwdX] L=48 states=1 -> 2
[DP-fwdX] L=64 states=8 -> 10
[DP-bwdX] L=80 states=1 -> 2
[DP-fwdX] L=64 states=8 -> 10
[DP-bwdX] L=64 states=2 -> 4
[DP-bwdX] L=64 states=2 -> 4
[DP-bwdX] L=80 states=1 -> 2
[DP-bwdX] L=80 states=1 -> 2
[DP-bwdX] L=80 states=1 -> 2
  [Round 67] T_prime=14  T_target=14  HPWL_w=782759  HPWL_eq=684  maxL=15  WNS(T')=-1  WNS*(T)=-1  picked=3  solve_ms=41.9848
[OC-Shortest/pow2] m=9 h=9 SEG=4 bits=36 words=1 threads=24
[DP-fwdX] L=0 states=1 -> 1
[DP-fwdX] L=16 states=171 -> 207
[DP-fwdX] L=32 states=1292 -> 1368
[DP-bwdX] L=80 states=1 -> 2
[DP-bwdX] L=64 states=207 -> 251
[DP-bwdX] L=48 states=1368 -> 1437
[DP-fwdX] L=0 states=1 -> 1
[DP-fwdX] L=16 states=171 -> 207
[DP-bwdX] L=32 states=41 -> 50
[DP-fwdX] L=0 states=1 -> 1
[DP-bwdX] L=16 states=5 -> 6
[DP-fwdX] L=0 states=1 -> 1
[DP-fwdX] L=0 states=1 -> 1
[DP-fwdX] L=0 states=1 -> 1
[DP-bwdX] L=16 states=5 -> 6
[DP-fwdX] L=16 states=2 -> 5
[DP-bwdX] L=32 states=41 -> 50
[DP-fwdX] L=32 states=7 -> 12
[DP-bwdX] L=32 states=1 -> 2
[DP-fwdX] L=32 states=1 -> 2
[DP-fwdX] L=48 states=40 -> 48
[DP-bwdX] L=80 states=1 -> 2
[DP-bwdX] L=64 states=207 -> 251
[DP-fwdX] L=48 states=40 -> 48
[DP-bwdX] L=48 states=4 -> 7
[DP-bwdX] L=48 states=4 -> 7
[DP-fwdX] L=48 states=1 -> 2
[DP-fwdX] L=64 states=8 -> 10
[DP-bwdX] L=80 states=1 -> 2
[DP-fwdX] L=64 states=8 -> 10
[DP-bwdX] L=64 states=2 -> 4
[DP-bwdX] L=64 states=2 -> 4
[DP-bwdX] L=80 states=1 -> 2
[DP-bwdX] L=80 states=1 -> 2
[DP-bwdX] L=80 states=1 -> 2
  [Round 68] T_prime=14  T_target=14  HPWL_w=783104  HPWL_eq=690  maxL=21  WNS(T')=-7  WNS*(T)=-7  picked=5  solve_ms=42.3618
[OC-Shortest/pow2] m=9 h=9 SEG=4 bits=36 words=1 threads=24
[DP-fwdX] L=0 states=1 -> 1
[DP-fwdX] L=16 states=171 -> 207
[DP-fwdX] L=32 states=1292 -> 1368
[DP-bwdX] L=80 states=1 -> 2
[DP-bwdX] L=64 states=207 -> 251
[DP-bwdX] L=48 states=1368 -> 1437
[DP-fwdX] L=0 states=1 -> 1
[DP-fwdX] L=16 states=171 -> 207
[DP-bwdX] L=32 states=41 -> 50
[DP-fwdX] L=0 states=1 -> 1
[DP-bwdX] L=16 states=7 -> 8
[DP-fwdX] L=0 states=1 -> 1
[DP-fwdX] L=0 states=1 -> 1
[DP-fwdX] L=0 states=1 -> 1
[DP-bwdX] L=16 states=7 -> 8
[DP-fwdX] L=16 states=3 -> 5
[DP-bwdX] L=32 states=41 -> 50
[DP-fwdX] L=32 states=4 -> 7
[DP-bwdX] L=32 states=1 -> 2
[DP-fwdX] L=32 states=1 -> 2
[DP-fwdX] L=48 states=40 -> 48
[DP-bwdX] L=80 states=1 -> 2
[DP-bwdX] L=64 states=207 -> 251
[DP-fwdX] L=48 states=40 -> 48
[DP-bwdX] L=48 states=4 -> 7
[DP-bwdX] L=48 states=4 -> 7
[DP-fwdX] L=48 states=1 -> 2
[DP-fwdX] L=64 states=4 -> 5
[DP-bwdX] L=80 states=1 -> 2
[DP-fwdX] L=64 states=4 -> 5
[DP-bwdX] L=64 states=3 -> 7
[DP-bwdX] L=64 states=3 -> 7
[DP-bwdX] L=80 states=1 -> 2
[DP-bwdX] L=80 states=1 -> 2
[DP-bwdX] L=80 states=1 -> 2
  [Round 69] T_prime=14  T_target=14  HPWL_w=783760  HPWL_eq=681  maxL=17  WNS(T')=-3  WNS*(T)=-3  picked=9  solve_ms=42.425
[OC-Shortest/pow2] m=9 h=9 SEG=4 bits=36 words=1 threads=24
[DP-fwdX] L=0 states=1 -> 1
[DP-fwdX] L=16 states=171 -> 207
[DP-fwdX] L=32 states=1292 -> 1368
[DP-bwdX] L=80 states=1 -> 2
[DP-bwdX] L=64 states=207 -> 251
[DP-bwdX] L=48 states=1368 -> 1437
[DP-fwdX] L=0 states=1 -> 1
[DP-fwdX] L=16 states=171 -> 207
[DP-bwdX] L=32 states=41 -> 50
[DP-fwdX] L=0 states=1 -> 1
[DP-bwdX] L=16 states=7 -> 8
[DP-fwdX] L=0 states=1 -> 1
[DP-fwdX] L=0 states=1 -> 1
[DP-fwdX] L=0 states=1 -> 1
[DP-bwdX] L=16 states=7 -> 8
[DP-fwdX] L=16 states=3 -> 5
[DP-bwdX] L=32 states=41 -> 50
[DP-fwdX] L=32 states=4 -> 7
[DP-bwdX] L=32 states=1 -> 2
[DP-fwdX] L=32 states=1 -> 2
[DP-fwdX] L=48 states=40 -> 48
[DP-bwdX] L=80 states=1 -> 2
[DP-bwdX] L=64 states=207 -> 251
[DP-fwdX] L=48 states=40 -> 48
[DP-bwdX] L=48 states=4 -> 7
[DP-bwdX] L=48 states=4 -> 7
[DP-fwdX] L=48 states=1 -> 2
[DP-fwdX] L=64 states=8 -> 10
[DP-bwdX] L=80 states=1 -> 2
[DP-fwdX] L=64 states=8 -> 10
[DP-bwdX] L=64 states=2 -> 4
[DP-bwdX] L=64 states=2 -> 4
[DP-bwdX] L=80 states=1 -> 2
[DP-bwdX] L=80 states=1 -> 2
[DP-bwdX] L=80 states=1 -> 2
  [Round 70] T_prime=14  T_target=14  HPWL_w=785346  HPWL_eq=686  maxL=14  WNS(T')=0  WNS*(T)=0  picked=0  solve_ms=41.6937
  [TD] reach target on DP grid: all edges <= T_target.
[Policy] wrote placement to: placement36_Col_1_T_14.txt
[MultiCol] moved base placement to: ./base_placement_36x9_T_14.txt
[MultiCol] parsed base Y entries: 324 (expect 324)
[MultiCol] wrote multi-col placement: placement36_Col_4_T_14.txt
[MultiCol] done. placement=placement36_Col_4_T_14.txt  total_ms=2966.82 ms
