[MultiCol] m=36 h=36 K=4 T=21 rounds=150 policy=soft snake=1 work_dir=.
[MultiCol] exec: build/oc_policy_singlecol 36 9 150 --T=21 --policy=soft --freeze=1 --cap=64 --scale=1000 --dV=1 --pow2=1 --progress=1 --alpha=0.9 --eta=1 --gamma=0.3 --beta=3 --homotopy=1 --sigma=0.8 --shrink=0.9
[Policy] m_full=36 h_full=9  m_dp=9 h_dp=9  rounds=150 T_target=21 policy=soft+freeze cap=64 scale=1000 freeze=1 homotopy=1 sigma=0.8 shrink=0.9 fast_ctr=1
[OC-Shortest/pow2] m=9 h=9 SEG=4 bits=36 words=1 threads=24
[DP-fwdX] L=0 states=1 -> 1
[DP-fwdX] L=16 states=171 -> 207
[DP-fwdX] L=32 states=1292 -> 1368
[DP-bwdX] L=80 states=1 -> 2
[DP-bwdX] L=64 states=207 -> 251
[DP-bwdX] L=48 states=1368 -> 1437
[DP-fwdX] L=0 states=1 -> 1
[DP-fwdX] L=16 states=171 -> 207
[DP-bwdX] L=32 states=41 -> 50
[DP-fwdX] L=0 states=1 -> 1
[DP-bwdX] L=16 states=5 -> 7
[DP-fwdX] L=0 states=1 -> 1
[DP-fwdX] L=0 states=1 -> 1
[DP-fwdX] L=0 states=1 -> 1
[DP-bwdX] L=16 states=5 -> 7
[DP-fwdX] L=16 states=2 -> 5
[DP-bwdX] L=32 states=41 -> 50
[DP-fwdX] L=32 states=4 -> 7
[DP-bwdX] L=32 states=1 -> 2
[DP-fwdX] L=32 states=1 -> 2
[DP-fwdX] L=48 states=40 -> 48
[DP-bwdX] L=80 states=1 -> 2
[DP-bwdX] L=64 states=207 -> 251
[DP-fwdX] L=48 states=40 -> 48
[DP-bwdX] L=48 states=4 -> 7
[DP-bwdX] L=48 states=4 -> 7
[DP-fwdX] L=48 states=1 -> 2
[DP-fwdX] L=64 states=4 -> 5
[DP-bwdX] L=80 states=1 -> 2
[DP-fwdX] L=64 states=4 -> 5
[DP-bwdX] L=64 states=3 -> 7
[DP-bwdX] L=64 states=3 -> 7
[DP-bwdX] L=80 states=1 -> 2
[DP-bwdX] L=80 states=1 -> 2
[DP-bwdX] L=80 states=1 -> 2
[Init-Homotopy] round1 maxL=23  set T_prime0=21 (T_target=21)
  [Round 1] T_prime=21  T_target=21  HPWL_w=668000  HPWL_eq=668  maxL=23  WNS(T')=-2  WNS*(T)=-2  picked=2  solve_ms=46.9973
[OC-Shortest/pow2] m=9 h=9 SEG=4 bits=36 words=1 threads=24
[DP-fwdX] L=0 states=1 -> 1
[DP-fwdX] L=16 states=171 -> 207
[DP-fwdX] L=32 states=1292 -> 1368
[DP-bwdX] L=80 states=1 -> 2
[DP-bwdX] L=64 states=207 -> 251
[DP-bwdX] L=48 states=1368 -> 1437
[DP-fwdX] L=0 states=1 -> 1
[DP-fwdX] L=16 states=171 -> 207
[DP-bwdX] L=32 states=41 -> 50
[DP-fwdX] L=0 states=1 -> 1
[DP-bwdX] L=16 states=5 -> 7
[DP-fwdX] L=0 states=1 -> 1
[DP-fwdX] L=0 states=1 -> 1
[DP-fwdX] L=0 states=1 -> 1
[DP-bwdX] L=16 states=5 -> 7
[DP-fwdX] L=16 states=2 -> 5
[DP-bwdX] L=32 states=41 -> 50
[DP-fwdX] L=32 states=4 -> 7
[DP-bwdX] L=32 states=1 -> 2
[DP-fwdX] L=32 states=1 -> 2
[DP-fwdX] L=48 states=40 -> 48
[DP-bwdX] L=80 states=1 -> 2
[DP-bwdX] L=64 states=207 -> 251
[DP-fwdX] L=48 states=40 -> 48
[DP-bwdX] L=48 states=4 -> 7
[DP-bwdX] L=48 states=4 -> 7
[DP-fwdX] L=48 states=1 -> 2
[DP-fwdX] L=64 states=4 -> 5
[DP-bwdX] L=80 states=1 -> 2
[DP-fwdX] L=64 states=4 -> 5
[DP-bwdX] L=64 states=3 -> 7
[DP-bwdX] L=64 states=3 -> 7
[DP-bwdX] L=80 states=1 -> 2
[DP-bwdX] L=80 states=1 -> 2
[DP-bwdX] L=80 states=1 -> 2
  [Round 2] T_prime=21  T_target=21  HPWL_w=668048  HPWL_eq=668  maxL=23  WNS(T')=-2  WNS*(T)=-2  picked=4  solve_ms=42.9142
[OC-Shortest/pow2] m=9 h=9 SEG=4 bits=36 words=1 threads=24
[DP-fwdX] L=0 states=1 -> 1
[DP-fwdX] L=16 states=171 -> 207
[DP-fwdX] L=32 states=1292 -> 1368
[DP-bwdX] L=80 states=1 -> 2
[DP-bwdX] L=64 states=207 -> 251
[DP-bwdX] L=48 states=1368 -> 1437
[DP-fwdX] L=0 states=1 -> 1
[DP-fwdX] L=16 states=171 -> 207
[DP-bwdX] L=32 states=41 -> 50
[DP-fwdX] L=0 states=1 -> 1
[DP-bwdX] L=16 states=5 -> 7
[DP-fwdX] L=0 states=1 -> 1
[DP-fwdX] L=0 states=1 -> 1
[DP-fwdX] L=0 states=1 -> 1
[DP-bwdX] L=16 states=5 -> 7
[DP-fwdX] L=16 states=2 -> 5
[DP-bwdX] L=32 states=41 -> 50
[DP-fwdX] L=32 states=4 -> 7
[DP-bwdX] L=32 states=1 -> 2
[DP-fwdX] L=32 states=1 -> 2
[DP-fwdX] L=48 states=40 -> 48
[DP-bwdX] L=80 states=1 -> 2
[DP-bwdX] L=64 states=207 -> 251
[DP-fwdX] L=48 states=40 -> 48
[DP-bwdX] L=48 states=4 -> 7
[DP-bwdX] L=48 states=4 -> 7
[DP-fwdX] L=48 states=1 -> 2
[DP-fwdX] L=64 states=4 -> 5
[DP-bwdX] L=80 states=1 -> 2
[DP-fwdX] L=64 states=4 -> 5
[DP-bwdX] L=64 states=3 -> 7
[DP-bwdX] L=64 states=3 -> 7
[DP-bwdX] L=80 states=1 -> 2
[DP-bwdX] L=80 states=1 -> 2
[DP-bwdX] L=80 states=1 -> 2
  [Round 3] T_prime=21  T_target=21  HPWL_w=668464  HPWL_eq=668  maxL=23  WNS(T')=-2  WNS*(T)=-2  picked=4  solve_ms=42.7117
[OC-Shortest/pow2] m=9 h=9 SEG=4 bits=36 words=1 threads=24
[DP-fwdX] L=0 states=1 -> 1
[DP-fwdX] L=16 states=171 -> 207
[DP-fwdX] L=32 states=1292 -> 1368
[DP-bwdX] L=80 states=1 -> 2
[DP-bwdX] L=64 states=207 -> 251
[DP-bwdX] L=48 states=1368 -> 1437
[DP-fwdX] L=0 states=1 -> 1
[DP-fwdX] L=16 states=171 -> 207
[DP-bwdX] L=32 states=41 -> 50
[DP-fwdX] L=0 states=1 -> 1
[DP-bwdX] L=16 states=5 -> 7
[DP-fwdX] L=0 states=1 -> 1
[DP-fwdX] L=0 states=1 -> 1
[DP-fwdX] L=0 states=1 -> 1
[DP-bwdX] L=16 states=5 -> 7
[DP-fwdX] L=16 states=2 -> 5
[DP-bwdX] L=32 states=41 -> 50
[DP-fwdX] L=32 states=4 -> 7
[DP-bwdX] L=32 states=1 -> 2
[DP-fwdX] L=32 states=1 -> 2
[DP-fwdX] L=48 states=40 -> 48
[DP-bwdX] L=80 states=1 -> 2
[DP-bwdX] L=64 states=207 -> 251
[DP-fwdX] L=48 states=40 -> 48
[DP-bwdX] L=48 states=4 -> 7
[DP-bwdX] L=48 states=4 -> 7
[DP-fwdX] L=48 states=1 -> 2
[DP-fwdX] L=64 states=4 -> 5
[DP-bwdX] L=80 states=1 -> 2
[DP-fwdX] L=64 states=4 -> 5
[DP-bwdX] L=64 states=3 -> 7
[DP-bwdX] L=64 states=3 -> 7
[DP-bwdX] L=80 states=1 -> 2
[DP-bwdX] L=80 states=1 -> 2
[DP-bwdX] L=80 states=1 -> 2
  [Round 4] T_prime=21  T_target=21  HPWL_w=668910  HPWL_eq=668  maxL=23  WNS(T')=-2  WNS*(T)=-2  picked=4  solve_ms=52.7662
[OC-Shortest/pow2] m=9 h=9 SEG=4 bits=36 words=1 threads=24
[DP-fwdX] L=0 states=1 -> 1
[DP-fwdX] L=16 states=171 -> 207
[DP-fwdX] L=32 states=1292 -> 1368
[DP-bwdX] L=80 states=1 -> 2
[DP-bwdX] L=64 states=207 -> 251
[DP-bwdX] L=48 states=1368 -> 1437
[DP-fwdX] L=0 states=1 -> 1
[DP-fwdX] L=16 states=171 -> 207
[DP-bwdX] L=32 states=41 -> 50
[DP-fwdX] L=0 states=1 -> 1
[DP-bwdX] L=16 states=5 -> 7
[DP-fwdX] L=0 states=1 -> 1
[DP-fwdX] L=0 states=1 -> 1
[DP-fwdX] L=0 states=1 -> 1
[DP-bwdX] L=16 states=5 -> 7
[DP-fwdX] L=16 states=2 -> 5
[DP-bwdX] L=32 states=41 -> 50
[DP-fwdX] L=32 states=4 -> 7
[DP-bwdX] L=32 states=1 -> 2
[DP-fwdX] L=32 states=1 -> 2
[DP-fwdX] L=48 states=40 -> 48
[DP-bwdX] L=80 states=1 -> 2
[DP-bwdX] L=64 states=207 -> 251
[DP-fwdX] L=48 states=40 -> 48
[DP-bwdX] L=48 states=4 -> 7
[DP-bwdX] L=48 states=4 -> 7
[DP-fwdX] L=48 states=1 -> 2
[DP-fwdX] L=64 states=4 -> 5
[DP-bwdX] L=80 states=1 -> 2
[DP-fwdX] L=64 states=4 -> 5
[DP-bwdX] L=64 states=3 -> 7
[DP-bwdX] L=64 states=3 -> 7
[DP-bwdX] L=80 states=1 -> 2
[DP-bwdX] L=80 states=1 -> 2
[DP-bwdX] L=80 states=1 -> 2
  [Round 5] T_prime=21  T_target=21  HPWL_w=669586  HPWL_eq=668  maxL=23  WNS(T')=-2  WNS*(T)=-2  picked=4  solve_ms=41.8023
[OC-Shortest/pow2] m=9 h=9 SEG=4 bits=36 words=1 threads=24
[DP-fwdX] L=0 states=1 -> 1
[DP-fwdX] L=16 states=171 -> 207
[DP-fwdX] L=32 states=1292 -> 1368
[DP-bwdX] L=80 states=1 -> 2
[DP-bwdX] L=64 states=207 -> 251
[DP-bwdX] L=48 states=1368 -> 1437
[DP-fwdX] L=0 states=1 -> 1
[DP-fwdX] L=16 states=171 -> 207
[DP-bwdX] L=32 states=41 -> 50
[DP-fwdX] L=0 states=1 -> 1
[DP-bwdX] L=16 states=5 -> 7
[DP-fwdX] L=0 states=1 -> 1
[DP-fwdX] L=0 states=1 -> 1
[DP-fwdX] L=0 states=1 -> 1
[DP-bwdX] L=16 states=5 -> 7
[DP-fwdX] L=16 states=2 -> 5
[DP-bwdX] L=32 states=41 -> 50
[DP-fwdX] L=32 states=4 -> 7
[DP-bwdX] L=32 states=1 -> 2
[DP-fwdX] L=32 states=1 -> 2
[DP-fwdX] L=48 states=40 -> 48
[DP-bwdX] L=80 states=1 -> 2
[DP-bwdX] L=64 states=207 -> 251
[DP-fwdX] L=48 states=40 -> 48
[DP-bwdX] L=48 states=4 -> 7
[DP-bwdX] L=48 states=4 -> 7
[DP-fwdX] L=48 states=1 -> 2
[DP-fwdX] L=64 states=4 -> 5
[DP-bwdX] L=80 states=1 -> 2
[DP-fwdX] L=64 states=4 -> 5
[DP-bwdX] L=64 states=3 -> 7
[DP-bwdX] L=64 states=3 -> 7
[DP-bwdX] L=80 states=1 -> 2
[DP-bwdX] L=80 states=1 -> 2
[DP-bwdX] L=80 states=1 -> 2
  [Round 6] T_prime=21  T_target=21  HPWL_w=670304  HPWL_eq=668  maxL=23  WNS(T')=-2  WNS*(T)=-2  picked=4  solve_ms=51.3826
[OC-Shortest/pow2] m=9 h=9 SEG=4 bits=36 words=1 threads=24
[DP-fwdX] L=0 states=1 -> 1
[DP-fwdX] L=16 states=171 -> 207
[DP-fwdX] L=32 states=1292 -> 1368
[DP-bwdX] L=80 states=1 -> 2
[DP-bwdX] L=64 states=207 -> 251
[DP-bwdX] L=48 states=1368 -> 1437
[DP-fwdX] L=0 states=1 -> 1
[DP-fwdX] L=16 states=171 -> 207
[DP-bwdX] L=32 states=41 -> 50
[DP-fwdX] L=0 states=1 -> 1
[DP-bwdX] L=16 states=5 -> 7
[DP-fwdX] L=0 states=1 -> 1
[DP-fwdX] L=0 states=1 -> 1
[DP-fwdX] L=0 states=1 -> 1
[DP-bwdX] L=16 states=5 -> 7
[DP-fwdX] L=16 states=2 -> 5
[DP-bwdX] L=32 states=41 -> 50
[DP-fwdX] L=32 states=4 -> 7
[DP-bwdX] L=32 states=1 -> 2
[DP-fwdX] L=32 states=1 -> 2
[DP-fwdX] L=48 states=40 -> 48
[DP-bwdX] L=80 states=1 -> 2
[DP-bwdX] L=64 states=207 -> 251
[DP-fwdX] L=48 states=40 -> 48
[DP-bwdX] L=48 states=4 -> 7
[DP-bwdX] L=48 states=4 -> 7
[DP-fwdX] L=48 states=1 -> 2
[DP-fwdX] L=64 states=4 -> 5
[DP-bwdX] L=80 states=1 -> 2
[DP-fwdX] L=64 states=4 -> 5
[DP-bwdX] L=64 states=3 -> 7
[DP-bwdX] L=64 states=3 -> 7
[DP-bwdX] L=80 states=1 -> 2
[DP-bwdX] L=80 states=1 -> 2
[DP-bwdX] L=80 states=1 -> 2
  [Round 7] T_prime=21  T_target=21  HPWL_w=671344  HPWL_eq=668  maxL=23  WNS(T')=-2  WNS*(T)=-2  picked=4  solve_ms=42.252
[OC-Shortest/pow2] m=9 h=9 SEG=4 bits=36 words=1 threads=24
[DP-fwdX] L=0 states=1 -> 1
[DP-fwdX] L=16 states=171 -> 207
[DP-fwdX] L=32 states=1292 -> 1368
[DP-bwdX] L=80 states=1 -> 2
[DP-bwdX] L=64 states=207 -> 251
[DP-bwdX] L=48 states=1368 -> 1437
[DP-fwdX] L=0 states=1 -> 1
[DP-fwdX] L=16 states=171 -> 207
[DP-bwdX] L=32 states=41 -> 50
[DP-fwdX] L=0 states=1 -> 1
[DP-bwdX] L=16 states=5 -> 7
[DP-fwdX] L=0 states=1 -> 1
[DP-fwdX] L=0 states=1 -> 1
[DP-fwdX] L=0 states=1 -> 1
[DP-bwdX] L=16 states=5 -> 7
[DP-fwdX] L=16 states=2 -> 5
[DP-bwdX] L=32 states=41 -> 50
[DP-fwdX] L=32 states=4 -> 7
[DP-bwdX] L=32 states=1 -> 2
[DP-fwdX] L=32 states=1 -> 2
[DP-fwdX] L=48 states=40 -> 48
[DP-bwdX] L=80 states=1 -> 2
[DP-bwdX] L=64 states=207 -> 251
[DP-fwdX] L=48 states=40 -> 48
[DP-bwdX] L=48 states=4 -> 7
[DP-bwdX] L=48 states=4 -> 7
[DP-fwdX] L=48 states=1 -> 2
[DP-fwdX] L=64 states=4 -> 5
[DP-bwdX] L=80 states=1 -> 2
[DP-fwdX] L=64 states=4 -> 5
[DP-bwdX] L=64 states=3 -> 7
[DP-bwdX] L=64 states=3 -> 7
[DP-bwdX] L=80 states=1 -> 2
[DP-bwdX] L=80 states=1 -> 2
[DP-bwdX] L=80 states=1 -> 2
  [Round 8] T_prime=21  T_target=21  HPWL_w=672402  HPWL_eq=668  maxL=23  WNS(T')=-2  WNS*(T)=-2  picked=4  solve_ms=41.9339
[OC-Shortest/pow2] m=9 h=9 SEG=4 bits=36 words=1 threads=24
[DP-fwdX] L=0 states=1 -> 1
[DP-fwdX] L=16 states=171 -> 207
[DP-fwdX] L=32 states=1292 -> 1368
[DP-bwdX] L=80 states=1 -> 2
[DP-bwdX] L=64 states=207 -> 251
[DP-bwdX] L=48 states=1368 -> 1437
[DP-fwdX] L=0 states=1 -> 1
[DP-fwdX] L=16 states=171 -> 207
[DP-bwdX] L=32 states=41 -> 50
[DP-fwdX] L=0 states=1 -> 1
[DP-bwdX] L=16 states=5 -> 7
[DP-fwdX] L=0 states=1 -> 1
[DP-fwdX] L=0 states=1 -> 1
[DP-fwdX] L=0 states=1 -> 1
[DP-bwdX] L=16 states=5 -> 7
[DP-fwdX] L=16 states=2 -> 5
[DP-bwdX] L=32 states=41 -> 50
[DP-fwdX] L=32 states=4 -> 7
[DP-bwdX] L=32 states=1 -> 2
[DP-fwdX] L=32 states=1 -> 2
[DP-fwdX] L=48 states=40 -> 48
[DP-bwdX] L=80 states=1 -> 2
[DP-bwdX] L=64 states=207 -> 251
[DP-fwdX] L=48 states=40 -> 48
[DP-bwdX] L=48 states=4 -> 7
[DP-bwdX] L=48 states=4 -> 7
[DP-fwdX] L=48 states=1 -> 2
[DP-fwdX] L=64 states=4 -> 5
[DP-bwdX] L=80 states=1 -> 2
[DP-fwdX] L=64 states=4 -> 5
[DP-bwdX] L=64 states=3 -> 7
[DP-bwdX] L=64 states=3 -> 7
[DP-bwdX] L=80 states=1 -> 2
[DP-bwdX] L=80 states=1 -> 2
[DP-bwdX] L=80 states=1 -> 2
  [Round 9] T_prime=21  T_target=21  HPWL_w=673598  HPWL_eq=668  maxL=23  WNS(T')=-2  WNS*(T)=-2  picked=4  solve_ms=41.7358
[OC-Shortest/pow2] m=9 h=9 SEG=4 bits=36 words=1 threads=24
[DP-fwdX] L=0 states=1 -> 1
[DP-fwdX] L=16 states=171 -> 207
[DP-fwdX] L=32 states=1292 -> 1368
[DP-bwdX] L=80 states=1 -> 2
[DP-bwdX] L=64 states=207 -> 251
[DP-bwdX] L=48 states=1368 -> 1437
[DP-fwdX] L=0 states=1 -> 1
[DP-fwdX] L=16 states=171 -> 207
[DP-bwdX] L=32 states=41 -> 50
[DP-fwdX] L=0 states=1 -> 1
[DP-bwdX] L=16 states=5 -> 7
[DP-fwdX] L=0 states=1 -> 1
[DP-fwdX] L=0 states=1 -> 1
[DP-fwdX] L=0 states=1 -> 1
[DP-bwdX] L=16 states=5 -> 7
[DP-fwdX] L=16 states=2 -> 5
[DP-bwdX] L=32 states=41 -> 50
[DP-fwdX] L=32 states=4 -> 7
[DP-bwdX] L=32 states=1 -> 2
[DP-fwdX] L=32 states=1 -> 2
[DP-fwdX] L=48 states=40 -> 48
[DP-bwdX] L=80 states=1 -> 2
[DP-bwdX] L=64 states=207 -> 251
[DP-fwdX] L=48 states=40 -> 48
[DP-bwdX] L=48 states=4 -> 7
[DP-bwdX] L=48 states=4 -> 7
[DP-fwdX] L=48 states=1 -> 2
[DP-fwdX] L=64 states=4 -> 5
[DP-bwdX] L=80 states=1 -> 2
[DP-fwdX] L=64 states=4 -> 5
[DP-bwdX] L=64 states=3 -> 7
[DP-bwdX] L=64 states=3 -> 7
[DP-bwdX] L=80 states=1 -> 2
[DP-bwdX] L=80 states=1 -> 2
[DP-bwdX] L=80 states=1 -> 2
  [Round 10] T_prime=21  T_target=21  HPWL_w=674824  HPWL_eq=668  maxL=23  WNS(T')=-2  WNS*(T)=-2  picked=4  solve_ms=42.2115
[OC-Shortest/pow2] m=9 h=9 SEG=4 bits=36 words=1 threads=24
[DP-fwdX] L=0 states=1 -> 1
[DP-fwdX] L=16 states=171 -> 207
[DP-fwdX] L=32 states=1292 -> 1368
[DP-bwdX] L=80 states=1 -> 2
[DP-bwdX] L=64 states=207 -> 251
[DP-bwdX] L=48 states=1368 -> 1437
[DP-fwdX] L=0 states=1 -> 1
[DP-fwdX] L=16 states=171 -> 207
[DP-bwdX] L=32 states=41 -> 50
[DP-fwdX] L=0 states=1 -> 1
[DP-bwdX] L=16 states=5 -> 7
[DP-fwdX] L=0 states=1 -> 1
[DP-fwdX] L=0 states=1 -> 1
[DP-fwdX] L=0 states=1 -> 1
[DP-bwdX] L=16 states=5 -> 7
[DP-fwdX] L=16 states=2 -> 5
[DP-bwdX] L=32 states=41 -> 50
[DP-fwdX] L=32 states=4 -> 7
[DP-bwdX] L=32 states=1 -> 2
[DP-fwdX] L=32 states=1 -> 2
[DP-fwdX] L=48 states=40 -> 48
[DP-bwdX] L=80 states=1 -> 2
[DP-bwdX] L=64 states=207 -> 251
[DP-fwdX] L=48 states=40 -> 48
[DP-bwdX] L=48 states=4 -> 7
[DP-bwdX] L=48 states=4 -> 7
[DP-fwdX] L=48 states=1 -> 2
[DP-fwdX] L=64 states=4 -> 5
[DP-bwdX] L=80 states=1 -> 2
[DP-fwdX] L=64 states=4 -> 5
[DP-bwdX] L=64 states=3 -> 7
[DP-bwdX] L=64 states=3 -> 7
[DP-bwdX] L=80 states=1 -> 2
[DP-bwdX] L=80 states=1 -> 2
[DP-bwdX] L=80 states=1 -> 2
  [Round 11] T_prime=21  T_target=21  HPWL_w=676280  HPWL_eq=668  maxL=23  WNS(T')=-2  WNS*(T)=-2  picked=4  solve_ms=42.0513
[OC-Shortest/pow2] m=9 h=9 SEG=4 bits=36 words=1 threads=24
[DP-fwdX] L=0 states=1 -> 1
[DP-fwdX] L=16 states=171 -> 207
[DP-fwdX] L=32 states=1292 -> 1368
[DP-bwdX] L=80 states=1 -> 2
[DP-bwdX] L=64 states=207 -> 251
[DP-bwdX] L=48 states=1368 -> 1437
[DP-fwdX] L=0 states=1 -> 1
[DP-fwdX] L=16 states=171 -> 207
[DP-bwdX] L=32 states=41 -> 50
[DP-fwdX] L=0 states=1 -> 1
[DP-bwdX] L=16 states=5 -> 7
[DP-fwdX] L=0 states=1 -> 1
[DP-fwdX] L=0 states=1 -> 1
[DP-fwdX] L=0 states=1 -> 1
[DP-bwdX] L=16 states=5 -> 7
[DP-fwdX] L=16 states=2 -> 5
[DP-bwdX] L=32 states=41 -> 50
[DP-fwdX] L=32 states=4 -> 7
[DP-bwdX] L=32 states=1 -> 2
[DP-fwdX] L=32 states=1 -> 2
[DP-fwdX] L=48 states=40 -> 48
[DP-bwdX] L=80 states=1 -> 2
[DP-bwdX] L=64 states=207 -> 251
[DP-fwdX] L=48 states=40 -> 48
[DP-bwdX] L=48 states=4 -> 7
[DP-bwdX] L=48 states=4 -> 7
[DP-fwdX] L=48 states=1 -> 2
[DP-fwdX] L=64 states=4 -> 5
[DP-bwdX] L=80 states=1 -> 2
[DP-fwdX] L=64 states=4 -> 5
[DP-bwdX] L=64 states=3 -> 7
[DP-bwdX] L=64 states=3 -> 7
[DP-bwdX] L=80 states=1 -> 2
[DP-bwdX] L=80 states=1 -> 2
[DP-bwdX] L=80 states=1 -> 2
  [Round 12] T_prime=21  T_target=21  HPWL_w=677760  HPWL_eq=668  maxL=23  WNS(T')=-2  WNS*(T)=-2  picked=4  solve_ms=42.8825
[OC-Shortest/pow2] m=9 h=9 SEG=4 bits=36 words=1 threads=24
[DP-fwdX] L=0 states=1 -> 1
[DP-fwdX] L=16 states=171 -> 207
[DP-fwdX] L=32 states=1292 -> 1368
[DP-bwdX] L=80 states=1 -> 2
[DP-bwdX] L=64 states=207 -> 251
[DP-bwdX] L=48 states=1368 -> 1437
[DP-fwdX] L=0 states=1 -> 1
[DP-fwdX] L=16 states=171 -> 207
[DP-bwdX] L=32 states=41 -> 50
[DP-fwdX] L=0 states=1 -> 1
[DP-bwdX] L=16 states=5 -> 7
[DP-fwdX] L=0 states=1 -> 1
[DP-fwdX] L=0 states=1 -> 1
[DP-fwdX] L=0 states=1 -> 1
[DP-bwdX] L=16 states=5 -> 7
[DP-fwdX] L=16 states=2 -> 5
[DP-bwdX] L=32 states=41 -> 50
[DP-fwdX] L=32 states=4 -> 7
[DP-bwdX] L=32 states=1 -> 2
[DP-fwdX] L=32 states=1 -> 2
[DP-fwdX] L=48 states=40 -> 48
[DP-bwdX] L=80 states=1 -> 2
[DP-bwdX] L=64 states=207 -> 251
[DP-fwdX] L=48 states=40 -> 48
[DP-bwdX] L=48 states=4 -> 7
[DP-bwdX] L=48 states=4 -> 7
[DP-fwdX] L=48 states=1 -> 2
[DP-fwdX] L=64 states=4 -> 5
[DP-bwdX] L=80 states=1 -> 2
[DP-fwdX] L=64 states=4 -> 5
[DP-bwdX] L=64 states=3 -> 7
[DP-bwdX] L=64 states=3 -> 7
[DP-bwdX] L=80 states=1 -> 2
[DP-bwdX] L=80 states=1 -> 2
[DP-bwdX] L=80 states=1 -> 2
  [Round 13] T_prime=21  T_target=21  HPWL_w=679184  HPWL_eq=669  maxL=23  WNS(T')=-2  WNS*(T)=-2  picked=2  solve_ms=42.2438
[OC-Shortest/pow2] m=9 h=9 SEG=4 bits=36 words=1 threads=24
[DP-fwdX] L=0 states=1 -> 1
[DP-fwdX] L=16 states=171 -> 207
[DP-fwdX] L=32 states=1292 -> 1368
[DP-bwdX] L=80 states=1 -> 2
[DP-bwdX] L=64 states=207 -> 251
[DP-bwdX] L=48 states=1368 -> 1437
[DP-fwdX] L=0 states=1 -> 1
[DP-fwdX] L=16 states=171 -> 207
[DP-bwdX] L=32 states=41 -> 50
[DP-fwdX] L=0 states=1 -> 1
[DP-bwdX] L=16 states=5 -> 7
[DP-fwdX] L=0 states=1 -> 1
[DP-fwdX] L=0 states=1 -> 1
[DP-fwdX] L=0 states=1 -> 1
[DP-bwdX] L=16 states=5 -> 7
[DP-fwdX] L=16 states=2 -> 5
[DP-bwdX] L=32 states=41 -> 50
[DP-fwdX] L=32 states=4 -> 7
[DP-bwdX] L=32 states=1 -> 2
[DP-fwdX] L=32 states=1 -> 2
[DP-fwdX] L=48 states=40 -> 48
[DP-bwdX] L=80 states=1 -> 2
[DP-bwdX] L=64 states=207 -> 251
[DP-fwdX] L=48 states=40 -> 48
[DP-bwdX] L=48 states=4 -> 7
[DP-bwdX] L=48 states=4 -> 7
[DP-fwdX] L=48 states=1 -> 2
[DP-fwdX] L=64 states=4 -> 5
[DP-bwdX] L=80 states=1 -> 2
[DP-fwdX] L=64 states=4 -> 5
[DP-bwdX] L=64 states=3 -> 7
[DP-bwdX] L=64 states=3 -> 7
[DP-bwdX] L=80 states=1 -> 2
[DP-bwdX] L=80 states=1 -> 2
[DP-bwdX] L=80 states=1 -> 2
  [Round 14] T_prime=21  T_target=21  HPWL_w=680416  HPWL_eq=670  maxL=19  WNS(T')=2  WNS*(T)=2  picked=0  solve_ms=41.9731
  [TD] reach target on DP grid: all edges <= T_target.
[Policy] wrote placement to: placement36_Col_1_T_21.txt
[MultiCol] moved base placement to: ./base_placement_36x9_T_21.txt
[MultiCol] parsed base Y entries: 324 (expect 324)
[MultiCol] wrote multi-col placement: placement36_Col_4_T_21.txt
[MultiCol] done. placement=placement36_Col_4_T_21.txt  total_ms=622.992 ms
