[Policy] m=8 h=20 rounds=200 T_target=12 policy=lagrange+freeze cap=64 scale=1000 freeze=1 homotopy=1 sigma=0.8 shrink=0.9
[OC-Shortest/pow2] m=8 h=20 SEG=5 bits=40 words=1 threads=24
[DP-fwdX] L=0 states=1 -> 1
[DP-fwdX] L=16 states=186 -> 230
[DP-fwdX] L=32 states=3138 -> 3582
[DP-fwdX] L=48 states=17533 -> 18979
[DP-fwdX] L=64 states=45439 -> 47145
[DP-bwdX] L=160 states=1 -> 1
[DP-bwdX] L=144 states=186 -> 230
[DP-bwdX] L=128 states=3138 -> 3582
[DP-bwdX] L=112 states=17533 -> 18979
[DP-bwdX] L=96 states=45439 -> 47145
[DP-fwdX] L=0 states=1 -> 1
[DP-fwdX] L=16 states=186 -> 230
[DP-fwdX] L=32 states=3138 -> 3582
[DP-bwdX] L=80 states=1 -> 1
[DP-bwdX] L=64 states=167 -> 200
[DP-bwdX] L=48 states=1204 -> 1265
[DP-fwdX] L=0 states=1 -> 1
[DP-fwdX] L=16 states=186 -> 230
[DP-bwdX] L=32 states=18 -> 22
[DP-fwdX] L=0 states=1 -> 1
[DP-bwdX] L=16 states=5 -> 7
[DP-fwdX] L=0 states=1 -> 1
[DP-fwdX] L=0 states=1 -> 1
[DP-fwdX] L=0 states=1 -> 1
[DP-bwdX] L=16 states=5 -> 7
[DP-fwdX] L=16 states=2 -> 5
[DP-bwdX] L=32 states=18 -> 22
[DP-fwdX] L=32 states=4 -> 6
[DP-bwdX] L=32 states=1 -> 1
[DP-fwdX] L=32 states=1 -> 1
[DP-fwdX] L=48 states=22 -> 29
[DP-bwdX] L=80 states=1 -> 1
[DP-bwdX] L=64 states=167 -> 200
[DP-fwdX] L=48 states=22 -> 29
[DP-bwdX] L=48 states=4 -> 6
[DP-bwdX] L=48 states=4 -> 6
[DP-fwdX] L=48 states=1 -> 1
[DP-fwdX] L=64 states=12 -> 17
[DP-bwdX] L=80 states=1 -> 1
[DP-fwdX] L=64 states=12 -> 17
[DP-bwdX] L=64 states=2 -> 3
[DP-bwdX] L=64 states=2 -> 3
[DP-bwdX] L=80 states=1 -> 1
[DP-bwdX] L=80 states=1 -> 1
[DP-bwdX] L=80 states=1 -> 1
[DP-bwdX] L=80 states=1 -> 1
[DP-fwdX] L=80 states=1 -> 1
[DP-fwdX] L=96 states=167 -> 200
[DP-fwdX] L=112 states=1204 -> 1265
[DP-bwdX] L=160 states=1 -> 1
[DP-bwdX] L=144 states=186 -> 230
[DP-bwdX] L=128 states=3138 -> 3582
[DP-fwdX] L=80 states=1 -> 1
[DP-fwdX] L=96 states=167 -> 200
[DP-bwdX] L=112 states=22 -> 29
[DP-fwdX] L=80 states=1 -> 1
[DP-bwdX] L=96 states=12 -> 17
[DP-fwdX] L=80 states=1 -> 1
[DP-fwdX] L=80 states=1 -> 1
[DP-fwdX] L=80 states=1 -> 1
[DP-bwdX] L=96 states=12 -> 17
[DP-fwdX] L=96 states=2 -> 3
[DP-bwdX] L=112 states=22 -> 29
[DP-fwdX] L=112 states=4 -> 6
[DP-bwdX] L=112 states=1 -> 1
[DP-fwdX] L=112 states=1 -> 1
[DP-fwdX] L=128 states=18 -> 22
[DP-bwdX] L=160 states=1 -> 1
[DP-bwdX] L=144 states=186 -> 230
[DP-fwdX] L=128 states=18 -> 22
[DP-bwdX] L=128 states=4 -> 6
[DP-bwdX] L=128 states=4 -> 6
[DP-fwdX] L=128 states=1 -> 1
[DP-fwdX] L=144 states=9 -> 11
[DP-bwdX] L=160 states=1 -> 1
[DP-fwdX] L=144 states=9 -> 11
[DP-bwdX] L=144 states=2 -> 5
[DP-bwdX] L=144 states=2 -> 5
[DP-bwdX] L=160 states=1 -> 1
[DP-bwdX] L=160 states=1 -> 1
[DP-bwdX] L=160 states=1 -> 1
[DP-bwdX] L=160 states=1 -> 1
[Init-Homotopy] round1 maxL=20  set T_prime0=16 (T_target=12)
  [Round 1] T_prime=16  T_target=12  HPWL_w=1324000  HPWL_eq=1324  maxL=20  WNS(T')=-4  WNS*(T)=-8  picked=6  solve_ms=1730.76
[OC-Shortest/pow2] m=8 h=20 SEG=5 bits=40 words=1 threads=24
[DP-fwdX] L=0 states=1 -> 1
[DP-fwdX] L=16 states=186 -> 230
[DP-fwdX] L=32 states=3138 -> 3582
[DP-fwdX] L=48 states=17533 -> 18979
[DP-fwdX] L=64 states=45439 -> 47145
[DP-bwdX] L=160 states=1 -> 1
[DP-bwdX] L=144 states=186 -> 230
[DP-bwdX] L=128 states=3138 -> 3582
[DP-bwdX] L=112 states=17533 -> 18979
[DP-bwdX] L=96 states=45439 -> 47145
[DP-fwdX] L=0 states=1 -> 1
[DP-fwdX] L=16 states=186 -> 230
[DP-fwdX] L=32 states=3138 -> 3582
[DP-bwdX] L=80 states=1 -> 1
[DP-bwdX] L=64 states=167 -> 200
[DP-bwdX] L=48 states=1204 -> 1265
[DP-fwdX] L=0 states=1 -> 1
[DP-fwdX] L=16 states=186 -> 230
[DP-bwdX] L=32 states=18 -> 22
[DP-fwdX] L=0 states=1 -> 1
[DP-bwdX] L=16 states=10 -> 12
[DP-fwdX] L=0 states=1 -> 1
[DP-fwdX] L=0 states=1 -> 1
[DP-fwdX] L=0 states=1 -> 1
[DP-bwdX] L=16 states=10 -> 12
[DP-fwdX] L=16 states=3 -> 7
[DP-bwdX] L=32 states=18 -> 22
[DP-fwdX] L=32 states=4 -> 6
[DP-bwdX] L=32 states=1 -> 1
[DP-fwdX] L=32 states=1 -> 1
[DP-fwdX] L=48 states=22 -> 29
[DP-bwdX] L=80 states=1 -> 1
[DP-bwdX] L=64 states=167 -> 200
[DP-fwdX] L=48 states=22 -> 29
[DP-bwdX] L=48 states=4 -> 6
[DP-bwdX] L=48 states=4 -> 6
[DP-fwdX] L=48 states=1 -> 1
[DP-fwdX] L=64 states=12 -> 17
[DP-bwdX] L=80 states=1 -> 1
[DP-fwdX] L=64 states=12 -> 17
[DP-bwdX] L=64 states=2 -> 3
[DP-bwdX] L=64 states=2 -> 3
[DP-bwdX] L=80 states=1 -> 1
[DP-bwdX] L=80 states=1 -> 1
[DP-bwdX] L=80 states=1 -> 1
[DP-bwdX] L=80 states=1 -> 1
[DP-fwdX] L=80 states=1 -> 1
[DP-fwdX] L=96 states=167 -> 200
[DP-fwdX] L=112 states=1204 -> 1265
[DP-bwdX] L=160 states=1 -> 1
[DP-bwdX] L=144 states=186 -> 230
[DP-bwdX] L=128 states=3138 -> 3582
[DP-fwdX] L=80 states=1 -> 1
[DP-fwdX] L=96 states=167 -> 200
[DP-bwdX] L=112 states=22 -> 29
[DP-fwdX] L=80 states=1 -> 1
[DP-bwdX] L=96 states=12 -> 17
[DP-fwdX] L=80 states=1 -> 1
[DP-fwdX] L=80 states=1 -> 1
[DP-fwdX] L=80 states=1 -> 1
[DP-bwdX] L=96 states=12 -> 17
[DP-fwdX] L=96 states=2 -> 3
[DP-bwdX] L=112 states=22 -> 29
[DP-fwdX] L=112 states=4 -> 6
[DP-bwdX] L=112 states=1 -> 1
[DP-fwdX] L=112 states=1 -> 1
[DP-fwdX] L=128 states=18 -> 22
[DP-bwdX] L=160 states=1 -> 1
[DP-bwdX] L=144 states=186 -> 230
[DP-fwdX] L=128 states=18 -> 22
[DP-bwdX] L=128 states=4 -> 6
[DP-bwdX] L=128 states=4 -> 6
[DP-fwdX] L=128 states=1 -> 1
[DP-fwdX] L=144 states=10 -> 12
[DP-bwdX] L=160 states=1 -> 1
[DP-fwdX] L=144 states=10 -> 12
[DP-bwdX] L=144 states=3 -> 7
[DP-bwdX] L=144 states=3 -> 7
[DP-bwdX] L=160 states=1 -> 1
[DP-bwdX] L=160 states=1 -> 1
[DP-bwdX] L=160 states=1 -> 1
[DP-bwdX] L=160 states=1 -> 1
  [Round 2] T_prime=16  T_target=12  HPWL_w=1348800  HPWL_eq=1344  maxL=27  WNS(T')=-11  WNS*(T)=-15  picked=8  solve_ms=1760.8
[OC-Shortest/pow2] m=8 h=20 SEG=5 bits=40 words=1 threads=24
[DP-fwdX] L=0 states=1 -> 1
[DP-fwdX] L=16 states=186 -> 230
[DP-fwdX] L=32 states=3138 -> 3582
[DP-fwdX] L=48 states=17533 -> 18979
[DP-fwdX] L=64 states=45439 -> 47145
[DP-bwdX] L=160 states=1 -> 1
[DP-bwdX] L=144 states=186 -> 230
[DP-bwdX] L=128 states=3138 -> 3582
[DP-bwdX] L=112 states=17533 -> 18979
[DP-bwdX] L=96 states=45439 -> 47145
[DP-fwdX] L=0 states=1 -> 1
[DP-fwdX] L=16 states=186 -> 230
[DP-fwdX] L=32 states=3138 -> 3582
[DP-bwdX] L=80 states=1 -> 1
[DP-bwdX] L=64 states=167 -> 200
[DP-bwdX] L=48 states=1204 -> 1265
[DP-fwdX] L=0 states=1 -> 1
[DP-fwdX] L=16 states=186 -> 230
[DP-bwdX] L=32 states=18 -> 22
[DP-fwdX] L=0 states=1 -> 1
[DP-bwdX] L=16 states=5 -> 6
[DP-fwdX] L=0 states=1 -> 1
[DP-fwdX] L=0 states=1 -> 1
[DP-fwdX] L=0 states=1 -> 1
[DP-bwdX] L=16 states=5 -> 6
[DP-fwdX] L=16 states=2 -> 5
[DP-bwdX] L=32 states=18 -> 22
[DP-fwdX] L=32 states=12 -> 24
[DP-bwdX] L=32 states=1 -> 4
[DP-fwdX] L=32 states=1 -> 4
[DP-fwdX] L=48 states=22 -> 29
[DP-bwdX] L=80 states=1 -> 1
[DP-bwdX] L=64 states=167 -> 200
[DP-fwdX] L=48 states=22 -> 29
[DP-bwdX] L=48 states=4 -> 6
[DP-bwdX] L=48 states=4 -> 6
[DP-fwdX] L=48 states=1 -> 1
[DP-fwdX] L=64 states=12 -> 17
[DP-bwdX] L=80 states=1 -> 1
[DP-fwdX] L=64 states=12 -> 17
[DP-bwdX] L=64 states=2 -> 3
[DP-bwdX] L=64 states=2 -> 3
[DP-bwdX] L=80 states=1 -> 1
[DP-bwdX] L=80 states=1 -> 1
[DP-bwdX] L=80 states=1 -> 1
[DP-bwdX] L=80 states=1 -> 1
[DP-fwdX] L=80 states=1 -> 1
[DP-fwdX] L=96 states=167 -> 200
[DP-fwdX] L=112 states=1204 -> 1265
[DP-bwdX] L=160 states=1 -> 1
[DP-bwdX] L=144 states=186 -> 230
[DP-bwdX] L=128 states=3138 -> 3582
[DP-fwdX] L=80 states=1 -> 1
[DP-fwdX] L=96 states=167 -> 200
[DP-bwdX] L=112 states=22 -> 29
[DP-fwdX] L=80 states=1 -> 1
[DP-bwdX] L=96 states=12 -> 17
[DP-fwdX] L=80 states=1 -> 1
[DP-fwdX] L=80 states=1 -> 1
[DP-fwdX] L=80 states=1 -> 1
[DP-bwdX] L=96 states=12 -> 17
[DP-fwdX] L=96 states=2 -> 3
[DP-bwdX] L=112 states=22 -> 29
[DP-fwdX] L=112 states=4 -> 6
[DP-bwdX] L=112 states=1 -> 1
[DP-fwdX] L=112 states=1 -> 1
[DP-fwdX] L=128 states=18 -> 22
[DP-bwdX] L=160 states=1 -> 1
[DP-bwdX] L=144 states=186 -> 230
[DP-fwdX] L=128 states=18 -> 22
[DP-bwdX] L=128 states=5 -> 9
[DP-bwdX] L=128 states=5 -> 9
[DP-fwdX] L=128 states=1 -> 2
[DP-fwdX] L=144 states=9 -> 10
[DP-bwdX] L=160 states=1 -> 1
[DP-fwdX] L=144 states=9 -> 10
[DP-bwdX] L=144 states=2 -> 3
[DP-bwdX] L=144 states=2 -> 3
[DP-bwdX] L=160 states=1 -> 1
[DP-bwdX] L=160 states=1 -> 1
[DP-bwdX] L=160 states=1 -> 1
[DP-bwdX] L=160 states=1 -> 1
  [Round 3] T_prime=16  T_target=12  HPWL_w=1405200  HPWL_eq=1368  maxL=34  WNS(T')=-18  WNS*(T)=-22  picked=5  solve_ms=1777.91
[OC-Shortest/pow2] m=8 h=20 SEG=5 bits=40 words=1 threads=24
[DP-fwdX] L=0 states=1 -> 1
[DP-fwdX] L=16 states=186 -> 230
[DP-fwdX] L=32 states=3138 -> 3582
[DP-fwdX] L=48 states=17533 -> 18979
[DP-fwdX] L=64 states=45439 -> 47145
[DP-bwdX] L=160 states=1 -> 1
[DP-bwdX] L=144 states=186 -> 230
[DP-bwdX] L=128 states=3138 -> 3582
[DP-bwdX] L=112 states=17533 -> 18979
[DP-bwdX] L=96 states=45439 -> 47145
[DP-fwdX] L=0 states=1 -> 1
[DP-fwdX] L=16 states=186 -> 230
[DP-fwdX] L=32 states=3138 -> 3582
[DP-bwdX] L=80 states=1 -> 1
[DP-bwdX] L=64 states=167 -> 200
[DP-bwdX] L=48 states=1204 -> 1265
[DP-fwdX] L=0 states=1 -> 1
[DP-fwdX] L=16 states=186 -> 230
[DP-bwdX] L=32 states=68 -> 82
[DP-fwdX] L=0 states=1 -> 1
[DP-bwdX] L=16 states=9 -> 10
[DP-fwdX] L=0 states=1 -> 1
[DP-fwdX] L=0 states=1 -> 1
[DP-fwdX] L=0 states=1 -> 1
[DP-bwdX] L=16 states=9 -> 10
[DP-fwdX] L=16 states=2 -> 3
[DP-bwdX] L=32 states=68 -> 82
[DP-fwdX] L=32 states=5 -> 9
[DP-bwdX] L=32 states=1 -> 3
[DP-fwdX] L=32 states=1 -> 3
[DP-fwdX] L=48 states=85 -> 115
[DP-bwdX] L=80 states=1 -> 1
[DP-bwdX] L=64 states=167 -> 200
[DP-fwdX] L=48 states=85 -> 115
[DP-bwdX] L=48 states=4 -> 6
[DP-bwdX] L=48 states=4 -> 6
[DP-fwdX] L=48 states=1 -> 1
[DP-fwdX] L=64 states=12 -> 17
[DP-bwdX] L=80 states=1 -> 1
[DP-fwdX] L=64 states=12 -> 17
[DP-bwdX] L=64 states=2 -> 3
[DP-bwdX] L=64 states=2 -> 3
[DP-bwdX] L=80 states=1 -> 1
[DP-bwdX] L=80 states=1 -> 1
[DP-bwdX] L=80 states=1 -> 1
[DP-bwdX] L=80 states=1 -> 1
[DP-fwdX] L=80 states=1 -> 1
[DP-fwdX] L=96 states=167 -> 200
[DP-fwdX] L=112 states=1204 -> 1265
[DP-bwdX] L=160 states=1 -> 1
[DP-bwdX] L=144 states=186 -> 230
[DP-bwdX] L=128 states=3138 -> 3582
[DP-fwdX] L=80 states=1 -> 1
[DP-fwdX] L=96 states=167 -> 200
[DP-bwdX] L=112 states=22 -> 29
[DP-fwdX] L=80 states=1 -> 1
[DP-bwdX] L=96 states=12 -> 17
[DP-fwdX] L=80 states=1 -> 1
[DP-fwdX] L=80 states=1 -> 1
[DP-fwdX] L=80 states=1 -> 1
[DP-bwdX] L=96 states=12 -> 17
[DP-fwdX] L=96 states=2 -> 3
[DP-bwdX] L=112 states=22 -> 29
[DP-fwdX] L=112 states=4 -> 6
[DP-bwdX] L=112 states=1 -> 1
[DP-fwdX] L=112 states=1 -> 1
[DP-fwdX] L=128 states=18 -> 22
[DP-bwdX] L=160 states=1 -> 1
[DP-bwdX] L=144 states=186 -> 230
[DP-fwdX] L=128 states=18 -> 22
[DP-bwdX] L=128 states=5 -> 9
[DP-bwdX] L=128 states=5 -> 9
[DP-fwdX] L=128 states=1 -> 2
[DP-fwdX] L=144 states=9 -> 10
[DP-bwdX] L=160 states=1 -> 1
[DP-fwdX] L=144 states=9 -> 10
[DP-bwdX] L=144 states=2 -> 3
[DP-bwdX] L=144 states=2 -> 3
[DP-bwdX] L=160 states=1 -> 1
[DP-bwdX] L=160 states=1 -> 1
[DP-bwdX] L=160 states=1 -> 1
[DP-bwdX] L=160 states=1 -> 1
  [Round 4] T_prime=16  T_target=12  HPWL_w=1453000  HPWL_eq=1372  maxL=22  WNS(T')=-6  WNS*(T)=-10  picked=3  solve_ms=1674.39
[OC-Shortest/pow2] m=8 h=20 SEG=5 bits=40 words=1 threads=24
[DP-fwdX] L=0 states=1 -> 1
[DP-fwdX] L=16 states=186 -> 230
[DP-fwdX] L=32 states=3138 -> 3582
[DP-fwdX] L=48 states=17533 -> 18979
[DP-fwdX] L=64 states=45439 -> 47145
[DP-bwdX] L=160 states=1 -> 1
[DP-bwdX] L=144 states=186 -> 230
[DP-bwdX] L=128 states=3138 -> 3582
[DP-bwdX] L=112 states=17533 -> 18979
[DP-bwdX] L=96 states=45439 -> 47145
[DP-fwdX] L=0 states=1 -> 1
[DP-fwdX] L=16 states=186 -> 230
[DP-fwdX] L=32 states=3138 -> 3582
[DP-bwdX] L=80 states=1 -> 1
[DP-bwdX] L=64 states=167 -> 200
[DP-bwdX] L=48 states=1204 -> 1265
[DP-fwdX] L=0 states=1 -> 1
[DP-fwdX] L=16 states=186 -> 230
[DP-bwdX] L=32 states=158 -> 191
[DP-fwdX] L=0 states=1 -> 1
[DP-bwdX] L=16 states=9 -> 10
[DP-fwdX] L=0 states=1 -> 1
[DP-fwdX] L=0 states=1 -> 1
[DP-fwdX] L=0 states=1 -> 1
[DP-bwdX] L=16 states=9 -> 10
[DP-fwdX] L=16 states=2 -> 3
[DP-bwdX] L=32 states=158 -> 191
[DP-fwdX] L=32 states=7 -> 12
[DP-bwdX] L=32 states=1 -> 2
[DP-fwdX] L=32 states=1 -> 2
[DP-fwdX] L=48 states=229 -> 319
[DP-bwdX] L=80 states=1 -> 1
[DP-bwdX] L=64 states=167 -> 200
[DP-fwdX] L=48 states=229 -> 319
[DP-bwdX] L=48 states=6 -> 11
[DP-bwdX] L=48 states=6 -> 11
[DP-fwdX] L=48 states=1 -> 3
[DP-fwdX] L=64 states=12 -> 17
[DP-bwdX] L=80 states=1 -> 1
[DP-fwdX] L=64 states=12 -> 17
[DP-bwdX] L=64 states=2 -> 3
[DP-bwdX] L=64 states=2 -> 3
[DP-bwdX] L=80 states=1 -> 1
[DP-bwdX] L=80 states=1 -> 1
[DP-bwdX] L=80 states=1 -> 1
[DP-bwdX] L=80 states=1 -> 1
[DP-fwdX] L=80 states=1 -> 1
[DP-fwdX] L=96 states=167 -> 200
[DP-fwdX] L=112 states=1204 -> 1265
[DP-bwdX] L=160 states=1 -> 1
[DP-bwdX] L=144 states=186 -> 230
[DP-bwdX] L=128 states=3138 -> 3582
[DP-fwdX] L=80 states=1 -> 1
[DP-fwdX] L=96 states=167 -> 200
[DP-bwdX] L=112 states=22 -> 29
[DP-fwdX] L=80 states=1 -> 1
[DP-bwdX] L=96 states=12 -> 17
[DP-fwdX] L=80 states=1 -> 1
[DP-fwdX] L=80 states=1 -> 1
[DP-fwdX] L=80 states=1 -> 1
[DP-bwdX] L=96 states=12 -> 17
[DP-fwdX] L=96 states=2 -> 3
[DP-bwdX] L=112 states=22 -> 29
[DP-fwdX] L=112 states=4 -> 6
[DP-bwdX] L=112 states=1 -> 1
[DP-fwdX] L=112 states=1 -> 1
[DP-fwdX] L=128 states=18 -> 22
[DP-bwdX] L=160 states=1 -> 1
[DP-bwdX] L=144 states=186 -> 230
[DP-fwdX] L=128 states=18 -> 22
[DP-bwdX] L=128 states=5 -> 9
[DP-bwdX] L=128 states=5 -> 9
[DP-fwdX] L=128 states=1 -> 2
[DP-fwdX] L=144 states=9 -> 10
[DP-bwdX] L=160 states=1 -> 1
[DP-fwdX] L=144 states=9 -> 10
[DP-bwdX] L=144 states=2 -> 3
[DP-bwdX] L=144 states=2 -> 3
[DP-bwdX] L=160 states=1 -> 1
[DP-bwdX] L=160 states=1 -> 1
[DP-bwdX] L=160 states=1 -> 1
[DP-bwdX] L=160 states=1 -> 1
  [Round 5] T_prime=16  T_target=12  HPWL_w=1489000  HPWL_eq=1402  maxL=29  WNS(T')=-13  WNS*(T)=-17  picked=8  solve_ms=1835.56
[OC-Shortest/pow2] m=8 h=20 SEG=5 bits=40 words=1 threads=24
[DP-fwdX] L=0 states=1 -> 1
[DP-fwdX] L=16 states=186 -> 230
[DP-fwdX] L=32 states=3138 -> 3582
[DP-fwdX] L=48 states=17533 -> 18979
[DP-fwdX] L=64 states=45439 -> 47145
[DP-bwdX] L=160 states=1 -> 1
[DP-bwdX] L=144 states=186 -> 230
[DP-bwdX] L=128 states=3138 -> 3582
[DP-bwdX] L=112 states=17533 -> 18979
[DP-bwdX] L=96 states=45439 -> 47145
[DP-fwdX] L=0 states=1 -> 1
[DP-fwdX] L=16 states=186 -> 230
[DP-fwdX] L=32 states=3138 -> 3582
[DP-bwdX] L=80 states=1 -> 1
[DP-bwdX] L=64 states=167 -> 200
[DP-bwdX] L=48 states=1204 -> 1265
[DP-fwdX] L=0 states=1 -> 1
[DP-fwdX] L=16 states=186 -> 230
[DP-bwdX] L=32 states=156 -> 180
[DP-fwdX] L=0 states=1 -> 1
[DP-bwdX] L=16 states=9 -> 10
[DP-fwdX] L=0 states=1 -> 1
[DP-fwdX] L=0 states=1 -> 1
[DP-fwdX] L=0 states=1 -> 1
[DP-bwdX] L=16 states=9 -> 10
[DP-fwdX] L=16 states=3 -> 6
[DP-bwdX] L=32 states=156 -> 180
[DP-fwdX] L=32 states=8 -> 17
[DP-bwdX] L=32 states=1 -> 3
[DP-fwdX] L=32 states=1 -> 4
[DP-fwdX] L=48 states=737 -> 1063
[DP-bwdX] L=80 states=1 -> 1
[DP-bwdX] L=64 states=167 -> 200
[DP-fwdX] L=48 states=737 -> 1063
[DP-bwdX] L=48 states=7 -> 14
[DP-bwdX] L=48 states=7 -> 14
[DP-fwdX] L=48 states=1 -> 4
[DP-fwdX] L=64 states=12 -> 17
[DP-bwdX] L=80 states=1 -> 1
[DP-fwdX] L=64 states=12 -> 17
[DP-bwdX] L=64 states=2 -> 3
[DP-bwdX] L=64 states=2 -> 3
[DP-bwdX] L=80 states=1 -> 1
[DP-bwdX] L=80 states=1 -> 1
[DP-bwdX] L=80 states=1 -> 1
[DP-bwdX] L=80 states=1 -> 1
[DP-fwdX] L=80 states=1 -> 1
[DP-fwdX] L=96 states=167 -> 200
[DP-fwdX] L=112 states=1204 -> 1265
[DP-bwdX] L=160 states=1 -> 1
[DP-bwdX] L=144 states=186 -> 230
[DP-bwdX] L=128 states=3138 -> 3582
[DP-fwdX] L=80 states=1 -> 1
[DP-fwdX] L=96 states=167 -> 200
[DP-bwdX] L=112 states=22 -> 29
[DP-fwdX] L=80 states=1 -> 1
[DP-bwdX] L=96 states=12 -> 17
[DP-fwdX] L=80 states=1 -> 1
[DP-fwdX] L=80 states=1 -> 1
[DP-fwdX] L=80 states=1 -> 1
[DP-bwdX] L=96 states=12 -> 17
[DP-fwdX] L=96 states=2 -> 3
[DP-bwdX] L=112 states=22 -> 29
[DP-fwdX] L=112 states=4 -> 6
[DP-bwdX] L=112 states=1 -> 1
[DP-fwdX] L=112 states=1 -> 1
[DP-fwdX] L=128 states=18 -> 22
[DP-bwdX] L=160 states=1 -> 1
[DP-bwdX] L=144 states=186 -> 230
[DP-fwdX] L=128 states=18 -> 22
[DP-bwdX] L=128 states=5 -> 9
[DP-bwdX] L=128 states=5 -> 9
[DP-fwdX] L=128 states=1 -> 2
[DP-fwdX] L=144 states=9 -> 10
[DP-bwdX] L=160 states=1 -> 1
[DP-fwdX] L=144 states=9 -> 10
[DP-bwdX] L=144 states=2 -> 3
[DP-bwdX] L=144 states=2 -> 3
[DP-bwdX] L=160 states=1 -> 1
[DP-bwdX] L=160 states=1 -> 1
[DP-bwdX] L=160 states=1 -> 1
[DP-bwdX] L=160 states=1 -> 1
  [Round 6] T_prime=16  T_target=12  HPWL_w=1566700  HPWL_eq=1495  maxL=55  WNS(T')=-39  WNS*(T)=-43  picked=7  solve_ms=1779.25
[OC-Shortest/pow2] m=8 h=20 SEG=5 bits=40 words=1 threads=24
[DP-fwdX] L=0 states=1 -> 1
[DP-fwdX] L=16 states=186 -> 230
[DP-fwdX] L=32 states=3138 -> 3582
[DP-fwdX] L=48 states=17533 -> 18979
[DP-fwdX] L=64 states=45439 -> 47145
[DP-bwdX] L=160 states=1 -> 1
[DP-bwdX] L=144 states=186 -> 230
[DP-bwdX] L=128 states=3138 -> 3582
[DP-bwdX] L=112 states=17533 -> 18979
[DP-bwdX] L=96 states=45439 -> 47145
[DP-fwdX] L=0 states=1 -> 1
[DP-fwdX] L=16 states=186 -> 230
[DP-fwdX] L=32 states=3138 -> 3582
[DP-bwdX] L=80 states=1 -> 1
[DP-bwdX] L=64 states=167 -> 200
[DP-bwdX] L=48 states=1204 -> 1265
[DP-fwdX] L=0 states=1 -> 1
[DP-fwdX] L=16 states=186 -> 230
[DP-bwdX] L=32 states=121 -> 152
[DP-fwdX] L=0 states=1 -> 1
[DP-bwdX] L=16 states=9 -> 10
[DP-fwdX] L=0 states=1 -> 1
[DP-fwdX] L=0 states=1 -> 1
[DP-fwdX] L=0 states=1 -> 1
[DP-bwdX] L=16 states=9 -> 10
[DP-fwdX] L=16 states=2 -> 3
[DP-bwdX] L=32 states=121 -> 152
[DP-fwdX] L=32 states=8 -> 16
[DP-bwdX] L=32 states=1 -> 3
[DP-fwdX] L=32 states=1 -> 3
[DP-fwdX] L=48 states=131 -> 174
[DP-bwdX] L=80 states=1 -> 1
[DP-bwdX] L=64 states=167 -> 200
[DP-fwdX] L=48 states=131 -> 174
[DP-bwdX] L=48 states=12 -> 27
[DP-bwdX] L=48 states=12 -> 27
[DP-fwdX] L=48 states=1 -> 3
[DP-fwdX] L=64 states=33 -> 54
[DP-bwdX] L=80 states=1 -> 1
[DP-fwdX] L=64 states=33 -> 54
[DP-bwdX] L=64 states=3 -> 7
[DP-bwdX] L=64 states=3 -> 7
[DP-bwdX] L=80 states=1 -> 1
[DP-bwdX] L=80 states=1 -> 1
[DP-bwdX] L=80 states=1 -> 1
[DP-bwdX] L=80 states=1 -> 1
[DP-fwdX] L=80 states=1 -> 1
[DP-fwdX] L=96 states=167 -> 200
[DP-fwdX] L=112 states=1204 -> 1265
[DP-bwdX] L=160 states=1 -> 1
[DP-bwdX] L=144 states=186 -> 230
[DP-bwdX] L=128 states=3138 -> 3582
[DP-fwdX] L=80 states=1 -> 1
[DP-fwdX] L=96 states=167 -> 200
[DP-bwdX] L=112 states=22 -> 29
[DP-fwdX] L=80 states=1 -> 1
[DP-bwdX] L=96 states=12 -> 17
[DP-fwdX] L=80 states=1 -> 1
[DP-fwdX] L=80 states=1 -> 1
[DP-fwdX] L=80 states=1 -> 1
[DP-bwdX] L=96 states=12 -> 17
[DP-fwdX] L=96 states=2 -> 3
[DP-bwdX] L=112 states=22 -> 29
[DP-fwdX] L=112 states=4 -> 6
[DP-bwdX] L=112 states=1 -> 1
[DP-fwdX] L=112 states=1 -> 1
[DP-fwdX] L=128 states=18 -> 22
[DP-bwdX] L=160 states=1 -> 1
[DP-bwdX] L=144 states=186 -> 230
[DP-fwdX] L=128 states=18 -> 22
[DP-bwdX] L=128 states=5 -> 9
[DP-bwdX] L=128 states=5 -> 9
[DP-fwdX] L=128 states=1 -> 2
[DP-fwdX] L=144 states=9 -> 10
[DP-bwdX] L=160 states=1 -> 1
[DP-fwdX] L=144 states=9 -> 10
[DP-bwdX] L=144 states=2 -> 3
[DP-bwdX] L=144 states=2 -> 3
[DP-bwdX] L=160 states=1 -> 1
[DP-bwdX] L=160 states=1 -> 1
[DP-bwdX] L=160 states=1 -> 1
[DP-bwdX] L=160 states=1 -> 1
  [Round 7] T_prime=16  T_target=12  HPWL_w=1699800  HPWL_eq=1479  maxL=32  WNS(T')=-16  WNS*(T)=-20  picked=13  solve_ms=1714.74
[OC-Shortest/pow2] m=8 h=20 SEG=5 bits=40 words=1 threads=24
[DP-fwdX] L=0 states=1 -> 1
[DP-fwdX] L=16 states=186 -> 230
[DP-fwdX] L=32 states=3138 -> 3582
[DP-fwdX] L=48 states=17533 -> 18979
[DP-fwdX] L=64 states=45439 -> 47145
[DP-bwdX] L=160 states=1 -> 1
[DP-bwdX] L=144 states=186 -> 230
[DP-bwdX] L=128 states=3138 -> 3582
[DP-bwdX] L=112 states=17533 -> 18979
[DP-bwdX] L=96 states=45439 -> 47145
[DP-fwdX] L=0 states=1 -> 1
[DP-fwdX] L=16 states=186 -> 230
[DP-fwdX] L=32 states=3138 -> 3582
[DP-bwdX] L=80 states=1 -> 1
[DP-bwdX] L=64 states=167 -> 200
[DP-bwdX] L=48 states=1204 -> 1265
[DP-fwdX] L=0 states=1 -> 1
[DP-fwdX] L=16 states=186 -> 230
[DP-bwdX] L=32 states=54 -> 63
[DP-fwdX] L=0 states=1 -> 1
[DP-bwdX] L=16 states=3 -> 3
[DP-fwdX] L=0 states=1 -> 1
[DP-fwdX] L=0 states=1 -> 1
[DP-fwdX] L=0 states=1 -> 1
[DP-bwdX] L=16 states=3 -> 3
[DP-fwdX] L=16 states=3 -> 7
[DP-bwdX] L=32 states=54 -> 63
[DP-fwdX] L=32 states=12 -> 28
[DP-bwdX] L=32 states=1 -> 2
[DP-fwdX] L=32 states=1 -> 3
[DP-fwdX] L=48 states=472 -> 706
[DP-bwdX] L=80 states=1 -> 1
[DP-bwdX] L=64 states=167 -> 200
[DP-fwdX] L=48 states=472 -> 706
[DP-bwdX] L=48 states=14 -> 30
[DP-bwdX] L=48 states=14 -> 30
[DP-fwdX] L=48 states=1 -> 5
[DP-fwdX] L=64 states=51 -> 88
[DP-bwdX] L=80 states=1 -> 1
[DP-fwdX] L=64 states=51 -> 88
[DP-bwdX] L=64 states=4 -> 10
[DP-bwdX] L=64 states=4 -> 10
[DP-bwdX] L=80 states=1 -> 1
[DP-bwdX] L=80 states=1 -> 1
[DP-bwdX] L=80 states=1 -> 1
[DP-bwdX] L=80 states=1 -> 1
[DP-fwdX] L=80 states=1 -> 1
[DP-fwdX] L=96 states=167 -> 200
[DP-fwdX] L=112 states=1204 -> 1265
[DP-bwdX] L=160 states=1 -> 1
[DP-bwdX] L=144 states=186 -> 230
[DP-bwdX] L=128 states=3138 -> 3582
[DP-fwdX] L=80 states=1 -> 1
[DP-fwdX] L=96 states=167 -> 200
[DP-bwdX] L=112 states=22 -> 29
[DP-fwdX] L=80 states=1 -> 1
[DP-bwdX] L=96 states=12 -> 17
[DP-fwdX] L=80 states=1 -> 1
[DP-fwdX] L=80 states=1 -> 1
[DP-fwdX] L=80 states=1 -> 1
[DP-bwdX] L=96 states=12 -> 17
[DP-fwdX] L=96 states=2 -> 3
[DP-bwdX] L=112 states=22 -> 29
[DP-fwdX] L=112 states=4 -> 6
[DP-bwdX] L=112 states=1 -> 1
[DP-fwdX] L=112 states=1 -> 1
[DP-fwdX] L=128 states=18 -> 22
[DP-bwdX] L=160 states=1 -> 1
[DP-bwdX] L=144 states=186 -> 230
[DP-fwdX] L=128 states=18 -> 22
[DP-bwdX] L=128 states=5 -> 9
[DP-bwdX] L=128 states=5 -> 9
[DP-fwdX] L=128 states=1 -> 2
[DP-fwdX] L=144 states=9 -> 10
[DP-bwdX] L=160 states=1 -> 1
[DP-fwdX] L=144 states=9 -> 10
[DP-bwdX] L=144 states=2 -> 3
[DP-bwdX] L=144 states=2 -> 3
[DP-bwdX] L=160 states=1 -> 1
[DP-bwdX] L=160 states=1 -> 1
[DP-bwdX] L=160 states=1 -> 1
[DP-bwdX] L=160 states=1 -> 1
  [Round 8] T_prime=16  T_target=12  HPWL_w=1822700  HPWL_eq=1628  maxL=65  WNS(T')=-49  WNS*(T)=-53  picked=17  solve_ms=1786.46
[OC-Shortest/pow2] m=8 h=20 SEG=5 bits=40 words=1 threads=24
[DP-fwdX] L=0 states=1 -> 1
[DP-fwdX] L=16 states=186 -> 230
[DP-fwdX] L=32 states=3138 -> 3582
[DP-fwdX] L=48 states=17533 -> 18979
[DP-fwdX] L=64 states=45439 -> 47145
[DP-bwdX] L=160 states=1 -> 1
[DP-bwdX] L=144 states=186 -> 230
[DP-bwdX] L=128 states=3138 -> 3582
[DP-bwdX] L=112 states=17533 -> 18979
[DP-bwdX] L=96 states=45439 -> 47145
[DP-fwdX] L=0 states=1 -> 1
[DP-fwdX] L=16 states=186 -> 230
[DP-fwdX] L=32 states=3138 -> 3582
[DP-bwdX] L=80 states=1 -> 3
[DP-bwdX] L=64 states=598 -> 694
[DP-bwdX] L=48 states=2308 -> 2355
[DP-fwdX] L=0 states=1 -> 1
[DP-fwdX] L=16 states=186 -> 230
[DP-bwdX] L=32 states=77 -> 91
[DP-fwdX] L=0 states=1 -> 1
[DP-bwdX] L=16 states=7 -> 9
[DP-fwdX] L=0 states=1 -> 1
[DP-fwdX] L=0 states=1 -> 1
[DP-fwdX] L=0 states=1 -> 1
[DP-bwdX] L=16 states=7 -> 9
[DP-fwdX] L=16 states=3 -> 6
[DP-bwdX] L=32 states=77 -> 91
[DP-fwdX] L=32 states=5 -> 9
[DP-bwdX] L=32 states=1 -> 3
[DP-fwdX] L=32 states=1 -> 3
[DP-fwdX] L=48 states=100 -> 134
[DP-bwdX] L=80 states=1 -> 3
[DP-bwdX] L=64 states=598 -> 694
[DP-fwdX] L=48 states=100 -> 134
[DP-bwdX] L=48 states=4 -> 6
[DP-bwdX] L=48 states=4 -> 6
[DP-fwdX] L=48 states=1 -> 1
[DP-fwdX] L=64 states=12 -> 18
[DP-bwdX] L=80 states=1 -> 3
[DP-fwdX] L=64 states=12 -> 18
[DP-bwdX] L=64 states=3 -> 7
[DP-bwdX] L=64 states=3 -> 7
[DP-bwdX] L=80 states=1 -> 3
[DP-bwdX] L=80 states=1 -> 3
[DP-bwdX] L=80 states=1 -> 3
[DP-bwdX] L=80 states=1 -> 3
[DP-fwdX] L=80 states=1 -> 3
[DP-fwdX] L=96 states=598 -> 694
[DP-fwdX] L=112 states=2308 -> 2355
[DP-bwdX] L=160 states=1 -> 1
[DP-bwdX] L=144 states=186 -> 230
[DP-bwdX] L=128 states=3138 -> 3582
[DP-fwdX] L=80 states=1 -> 3
[DP-fwdX] L=96 states=598 -> 694
[DP-bwdX] L=112 states=22 -> 29
[DP-fwdX] L=80 states=1 -> 3
[DP-bwdX] L=96 states=12 -> 17
[DP-fwdX] L=80 states=1 -> 3
[DP-fwdX] L=80 states=1 -> 3
[DP-fwdX] L=80 states=1 -> 3
[DP-bwdX] L=96 states=12 -> 17
[DP-fwdX] L=96 states=2 -> 3
[DP-bwdX] L=112 states=22 -> 29
[DP-fwdX] L=112 states=4 -> 6
[DP-bwdX] L=112 states=1 -> 1
[DP-fwdX] L=112 states=1 -> 1
[DP-fwdX] L=128 states=18 -> 22
[DP-bwdX] L=160 states=1 -> 1
[DP-bwdX] L=144 states=186 -> 230
[DP-fwdX] L=128 states=18 -> 22
[DP-bwdX] L=128 states=5 -> 9
[DP-bwdX] L=128 states=5 -> 9
[DP-fwdX] L=128 states=1 -> 2
[DP-fwdX] L=144 states=9 -> 10
[DP-bwdX] L=160 states=1 -> 1
[DP-fwdX] L=144 states=9 -> 10
[DP-bwdX] L=144 states=2 -> 3
[DP-bwdX] L=144 states=2 -> 3
[DP-bwdX] L=160 states=1 -> 1
[DP-bwdX] L=160 states=1 -> 1
[DP-bwdX] L=160 states=1 -> 1
[DP-bwdX] L=160 states=1 -> 1
  [Round 9] T_prime=16  T_target=12  HPWL_w=2014700  HPWL_eq=1445  maxL=29  WNS(T')=-13  WNS*(T)=-17  picked=8  solve_ms=1811.56
[OC-Shortest/pow2] m=8 h=20 SEG=5 bits=40 words=1 threads=24
[DP-fwdX] L=0 states=1 -> 1
[DP-fwdX] L=16 states=186 -> 230
[DP-fwdX] L=32 states=3138 -> 3582
[DP-fwdX] L=48 states=17533 -> 18979
[DP-fwdX] L=64 states=45439 -> 47145
[DP-bwdX] L=160 states=1 -> 1
[DP-bwdX] L=144 states=186 -> 230
[DP-bwdX] L=128 states=3138 -> 3582
[DP-bwdX] L=112 states=17533 -> 18979
[DP-bwdX] L=96 states=45439 -> 47145
