[Policy] m=5 h=32 rounds=200 T_target=8 policy=lagrange+freeze cap=64 scale=1000 freeze=1 homotopy=1 sigma=0.8 shrink=0.9
[OC-Shortest/pow2] m=5 h=32 SEG=6 bits=30 words=1 threads=24
[DP-fwdX] L=0 states=1 -> 1
[DP-fwdX] L=16 states=101 -> 119
[DP-fwdX] L=32 states=831 -> 917
[DP-fwdX] L=48 states=2971 -> 3148
[DP-fwdX] L=64 states=5982 -> 6146
[DP-bwdX] L=160 states=1 -> 1
[DP-bwdX] L=144 states=101 -> 119
[DP-bwdX] L=128 states=831 -> 917
[DP-bwdX] L=112 states=2971 -> 3148
[DP-bwdX] L=96 states=5982 -> 6146
[DP-fwdX] L=0 states=1 -> 1
[DP-fwdX] L=16 states=101 -> 119
[DP-fwdX] L=32 states=831 -> 917
[DP-bwdX] L=80 states=1 -> 1
[DP-bwdX] L=64 states=101 -> 118
[DP-bwdX] L=48 states=536 -> 559
[DP-fwdX] L=0 states=1 -> 1
[DP-fwdX] L=16 states=101 -> 119
[DP-bwdX] L=32 states=18 -> 22
[DP-fwdX] L=0 states=1 -> 1
[DP-bwdX] L=16 states=5 -> 6
[DP-fwdX] L=0 states=1 -> 1
[DP-fwdX] L=0 states=1 -> 1
[DP-fwdX] L=0 states=1 -> 1
[DP-bwdX] L=16 states=5 -> 6
[DP-fwdX] L=16 states=1 -> 2
[DP-bwdX] L=32 states=18 -> 22
[DP-fwdX] L=32 states=2 -> 3
[DP-bwdX] L=32 states=1 -> 2
[DP-fwdX] L=32 states=1 -> 2
[DP-fwdX] L=48 states=18 -> 23
[DP-bwdX] L=80 states=1 -> 1
[DP-bwdX] L=64 states=101 -> 118
[DP-fwdX] L=48 states=18 -> 23
[DP-bwdX] L=48 states=2 -> 3
[DP-bwdX] L=48 states=2 -> 3
[DP-fwdX] L=48 states=1 -> 2
[DP-fwdX] L=64 states=5 -> 7
[DP-bwdX] L=80 states=1 -> 1
[DP-fwdX] L=64 states=5 -> 7
[DP-bwdX] L=64 states=1 -> 2
[DP-bwdX] L=64 states=1 -> 2
[DP-bwdX] L=80 states=1 -> 1
[DP-bwdX] L=80 states=1 -> 1
[DP-bwdX] L=80 states=1 -> 1
[DP-bwdX] L=80 states=1 -> 1
[DP-fwdX] L=80 states=1 -> 1
[DP-fwdX] L=96 states=101 -> 118
[DP-fwdX] L=112 states=536 -> 559
[DP-bwdX] L=160 states=1 -> 1
[DP-bwdX] L=144 states=101 -> 119
[DP-bwdX] L=128 states=831 -> 917
[DP-fwdX] L=80 states=1 -> 1
[DP-fwdX] L=96 states=101 -> 118
[DP-bwdX] L=112 states=18 -> 23
[DP-fwdX] L=80 states=1 -> 1
[DP-bwdX] L=96 states=5 -> 7
[DP-fwdX] L=80 states=1 -> 1
[DP-fwdX] L=80 states=1 -> 1
[DP-fwdX] L=80 states=1 -> 1
[DP-bwdX] L=96 states=5 -> 7
[DP-fwdX] L=96 states=1 -> 2
[DP-bwdX] L=112 states=18 -> 23
[DP-fwdX] L=112 states=2 -> 3
[DP-bwdX] L=112 states=1 -> 2
[DP-fwdX] L=112 states=1 -> 2
[DP-fwdX] L=128 states=18 -> 22
[DP-bwdX] L=160 states=1 -> 1
[DP-bwdX] L=144 states=101 -> 119
[DP-fwdX] L=128 states=18 -> 22
[DP-bwdX] L=128 states=2 -> 3
[DP-bwdX] L=128 states=2 -> 3
[DP-fwdX] L=128 states=1 -> 2
[DP-fwdX] L=144 states=5 -> 6
[DP-bwdX] L=160 states=1 -> 1
[DP-fwdX] L=144 states=5 -> 6
[DP-bwdX] L=144 states=1 -> 2
[DP-bwdX] L=144 states=1 -> 2
[DP-bwdX] L=160 states=1 -> 1
[DP-bwdX] L=160 states=1 -> 1
[DP-bwdX] L=160 states=1 -> 1
[DP-bwdX] L=160 states=1 -> 1
[Init-Homotopy] round1 maxL=8  set T_prime0=8 (T_target=8)
  [Round 1] T_prime=8  T_target=8  HPWL_w=899000  HPWL_eq=899  maxL=8  WNS(T')=0  WNS*(T)=0  picked=0  solve_ms=229.142
  [TD] reach target: all edges <= T_target.
[Policy] wrote placement to: placement5_Col_1_T_8.txt
