[MultiCol] m=24 h=24 K=4 T=9 rounds=150 policy=soft snake=1
[MultiCol] exec: build/oc_policy_singlecol 24 6 150 --T=9 --policy=soft --freeze=1 --cap=64 --scale=1000 --dV=1 --pow2=1 --progress=1 --alpha=0.9 --eta=1 --gamma=0.3 --beta=3 --homotopy=1 --sigma=0.8 --shrink=0.9
[Policy] m=24 h=6 rounds=150 T_target=9 policy=soft+freeze cap=64 scale=1000 freeze=1 homotopy=1 sigma=0.8 shrink=0.9
[OC-Shortest/pow2] m=24 h=6 SEG=3 bits=72 words=2 threads=24
[DP-fwdX] L=0 states=1 -> 1
[DP-fwdX] L=16 states=136 -> 163
[DP-fwdX] L=32 states=1498 -> 1669
[DP-fwdX] L=48 states=5868 -> 6217
[DP-fwdX] L=64 states=11067 -> 11258
[DP-bwdX] L=144 states=1 -> 1
[DP-bwdX] L=128 states=136 -> 163
[DP-bwdX] L=112 states=1498 -> 1669
[DP-bwdX] L=96 states=5868 -> 6217
[DP-bwdX] L=80 states=11067 -> 11258
[DP-fwdX] L=0 states=1 -> 1
[DP-fwdX] L=16 states=136 -> 163
[DP-fwdX] L=32 states=1498 -> 1669
[DP-bwdX] L=64 states=20 -> 26
[DP-bwdX] L=48 states=382 -> 415
[DP-fwdX] L=0 states=1 -> 1
[DP-fwdX] L=16 states=136 -> 163
[DP-bwdX] L=32 states=5 -> 7
[DP-fwdX] L=0 states=1 -> 1
[DP-bwdX] L=16 states=2 -> 3
[DP-fwdX] L=0 states=1 -> 1
[DP-fwdX] L=0 states=1 -> 1
[DP-fwdX] L=0 states=1 -> 1
[DP-bwdX] L=16 states=2 -> 3
[DP-bwdX] L=16 states=2 -> 3
[DP-fwdX] L=16 states=1 -> 2
[DP-bwdX] L=32 states=5 -> 7
[DP-bwdX] L=32 states=5 -> 7
[DP-fwdX] L=32 states=2 -> 3
[DP-fwdX] L=48 states=58 -> 71
[DP-bwdX] L=64 states=20 -> 26
[DP-bwdX] L=48 states=11 -> 14
[DP-fwdX] L=48 states=7 -> 10
[DP-bwdX] L=48 states=2 -> 3
[DP-bwdX] L=64 states=20 -> 26
[DP-fwdX] L=64 states=2 -> 4
[DP-fwdX] L=64 states=2 -> 4
[DP-fwdX] L=80 states=20 -> 26
[DP-fwdX] L=96 states=382 -> 415
[DP-bwdX] L=144 states=1 -> 1
[DP-bwdX] L=128 states=136 -> 163
[DP-bwdX] L=112 states=1498 -> 1669
[DP-fwdX] L=80 states=20 -> 26
[DP-bwdX] L=96 states=58 -> 71
[DP-fwdX] L=80 states=20 -> 26
[DP-bwdX] L=80 states=2 -> 4
[DP-bwdX] L=80 states=2 -> 4
[DP-bwdX] L=80 states=2 -> 4
[DP-fwdX] L=96 states=11 -> 14
[DP-bwdX] L=96 states=7 -> 10
[DP-bwdX] L=96 states=1 -> 1
[DP-fwdX] L=96 states=1 -> 1
[DP-fwdX] L=112 states=5 -> 7
[DP-bwdX] L=144 states=1 -> 1
[DP-bwdX] L=128 states=136 -> 163
[DP-fwdX] L=112 states=5 -> 7
[DP-bwdX] L=112 states=1 -> 2
[DP-bwdX] L=112 states=1 -> 2
[DP-fwdX] L=112 states=1 -> 2
[DP-fwdX] L=112 states=1 -> 2
[DP-fwdX] L=128 states=2 -> 3
[DP-bwdX] L=144 states=1 -> 1
[DP-fwdX] L=128 states=2 -> 3
[DP-bwdX] L=128 states=1 -> 2
[DP-fwdX] L=128 states=1 -> 2
[DP-bwdX] L=144 states=1 -> 1
[DP-bwdX] L=144 states=1 -> 1
[DP-bwdX] L=144 states=1 -> 1
[DP-bwdX] L=144 states=1 -> 1
[Init-Homotopy] round1 maxL=11  set T_prime0=9 (T_target=9)
  [Round 1] T_prime=9  T_target=9  HPWL_w=938000  HPWL_eq=938  maxL=11  WNS(T')=-2  WNS*(T)=-2  picked=4  solve_ms=320.731
[OC-Shortest/pow2] m=24 h=6 SEG=3 bits=72 words=2 threads=24
[DP-fwdX] L=0 states=1 -> 1
[DP-fwdX] L=16 states=136 -> 163
[DP-fwdX] L=32 states=1498 -> 1669
[DP-fwdX] L=48 states=5868 -> 6217
[DP-fwdX] L=64 states=11067 -> 11258
[DP-bwdX] L=144 states=1 -> 1
[DP-bwdX] L=128 states=136 -> 163
[DP-bwdX] L=112 states=1498 -> 1669
[DP-bwdX] L=96 states=5868 -> 6217
[DP-bwdX] L=80 states=11067 -> 11258
[DP-fwdX] L=0 states=1 -> 1
[DP-fwdX] L=16 states=136 -> 163
[DP-fwdX] L=32 states=1498 -> 1669
[DP-bwdX] L=64 states=20 -> 26
[DP-bwdX] L=48 states=382 -> 415
[DP-fwdX] L=0 states=1 -> 1
[DP-fwdX] L=16 states=136 -> 163
[DP-bwdX] L=32 states=5 -> 7
[DP-fwdX] L=0 states=1 -> 1
[DP-bwdX] L=16 states=2 -> 3
[DP-fwdX] L=0 states=1 -> 1
[DP-fwdX] L=0 states=1 -> 1
[DP-fwdX] L=0 states=1 -> 1
[DP-bwdX] L=16 states=2 -> 3
[DP-bwdX] L=16 states=2 -> 3
[DP-fwdX] L=16 states=1 -> 2
[DP-bwdX] L=32 states=5 -> 7
[DP-bwdX] L=32 states=5 -> 7
[DP-fwdX] L=32 states=2 -> 3
[DP-fwdX] L=48 states=58 -> 71
[DP-bwdX] L=64 states=20 -> 26
[DP-bwdX] L=48 states=11 -> 14
[DP-fwdX] L=48 states=7 -> 10
[DP-bwdX] L=48 states=2 -> 3
[DP-bwdX] L=64 states=20 -> 26
[DP-fwdX] L=64 states=2 -> 4
[DP-fwdX] L=64 states=2 -> 4
[DP-fwdX] L=80 states=20 -> 26
[DP-fwdX] L=96 states=382 -> 415
[DP-bwdX] L=144 states=1 -> 1
[DP-bwdX] L=128 states=136 -> 163
[DP-bwdX] L=112 states=1498 -> 1669
[DP-fwdX] L=80 states=20 -> 26
[DP-bwdX] L=96 states=58 -> 71
[DP-fwdX] L=80 states=20 -> 26
[DP-bwdX] L=80 states=2 -> 4
[DP-bwdX] L=80 states=2 -> 4
[DP-bwdX] L=80 states=2 -> 4
[DP-fwdX] L=96 states=11 -> 14
[DP-bwdX] L=96 states=7 -> 10
[DP-bwdX] L=96 states=1 -> 1
[DP-fwdX] L=96 states=1 -> 1
[DP-fwdX] L=112 states=5 -> 7
[DP-bwdX] L=144 states=1 -> 1
[DP-bwdX] L=128 states=136 -> 163
[DP-fwdX] L=112 states=5 -> 7
[DP-bwdX] L=112 states=1 -> 2
[DP-bwdX] L=112 states=1 -> 2
[DP-fwdX] L=112 states=1 -> 2
[DP-fwdX] L=112 states=1 -> 2
[DP-fwdX] L=128 states=2 -> 3
[DP-bwdX] L=144 states=1 -> 1
[DP-fwdX] L=128 states=2 -> 3
[DP-bwdX] L=128 states=1 -> 2
[DP-fwdX] L=128 states=1 -> 2
[DP-bwdX] L=144 states=1 -> 1
[DP-bwdX] L=144 states=1 -> 1
[DP-bwdX] L=144 states=1 -> 1
[DP-bwdX] L=144 states=1 -> 1
  [Round 2] T_prime=9  T_target=9  HPWL_w=938480  HPWL_eq=938  maxL=10  WNS(T')=-1  WNS*(T)=-1  picked=4  solve_ms=531.947
[OC-Shortest/pow2] m=24 h=6 SEG=3 bits=72 words=2 threads=24
[DP-fwdX] L=0 states=1 -> 1
[DP-fwdX] L=16 states=136 -> 163
[DP-fwdX] L=32 states=1498 -> 1669
[DP-fwdX] L=48 states=5868 -> 6217
[DP-fwdX] L=64 states=11067 -> 11258
[DP-bwdX] L=144 states=1 -> 1
[DP-bwdX] L=128 states=136 -> 163
[DP-bwdX] L=112 states=1498 -> 1669
[DP-bwdX] L=96 states=5868 -> 6217
[DP-bwdX] L=80 states=11067 -> 11258
[DP-fwdX] L=0 states=1 -> 1
[DP-fwdX] L=16 states=136 -> 163
[DP-fwdX] L=32 states=1498 -> 1669
[DP-bwdX] L=64 states=20 -> 26
[DP-bwdX] L=48 states=382 -> 415
[DP-fwdX] L=0 states=1 -> 1
[DP-fwdX] L=16 states=136 -> 163
[DP-bwdX] L=32 states=5 -> 7
[DP-fwdX] L=0 states=1 -> 1
[DP-bwdX] L=16 states=2 -> 3
[DP-fwdX] L=0 states=1 -> 1
[DP-fwdX] L=0 states=1 -> 1
[DP-fwdX] L=0 states=1 -> 1
[DP-bwdX] L=16 states=2 -> 3
[DP-bwdX] L=16 states=2 -> 3
[DP-fwdX] L=16 states=1 -> 2
[DP-bwdX] L=32 states=5 -> 7
[DP-bwdX] L=32 states=5 -> 7
[DP-fwdX] L=32 states=2 -> 3
[DP-fwdX] L=48 states=58 -> 71
[DP-bwdX] L=64 states=20 -> 26
[DP-bwdX] L=48 states=11 -> 14
[DP-fwdX] L=48 states=7 -> 10
[DP-bwdX] L=48 states=2 -> 3
[DP-bwdX] L=64 states=20 -> 26
[DP-fwdX] L=64 states=2 -> 4
[DP-fwdX] L=64 states=2 -> 4
[DP-fwdX] L=80 states=20 -> 26
[DP-fwdX] L=96 states=382 -> 415
[DP-bwdX] L=144 states=1 -> 1
[DP-bwdX] L=128 states=136 -> 163
[DP-bwdX] L=112 states=1498 -> 1669
[DP-fwdX] L=80 states=20 -> 26
[DP-bwdX] L=96 states=58 -> 71
[DP-fwdX] L=80 states=20 -> 26
[DP-bwdX] L=80 states=2 -> 4
[DP-bwdX] L=80 states=2 -> 4
[DP-bwdX] L=80 states=2 -> 4
[DP-fwdX] L=96 states=11 -> 14
[DP-bwdX] L=96 states=7 -> 10
[DP-bwdX] L=96 states=1 -> 1
[DP-fwdX] L=96 states=1 -> 1
[DP-fwdX] L=112 states=5 -> 7
[DP-bwdX] L=144 states=1 -> 1
[DP-bwdX] L=128 states=136 -> 163
[DP-fwdX] L=112 states=5 -> 7
[DP-bwdX] L=112 states=1 -> 2
[DP-bwdX] L=112 states=1 -> 2
[DP-fwdX] L=112 states=1 -> 2
[DP-fwdX] L=112 states=1 -> 2
[DP-fwdX] L=128 states=2 -> 3
[DP-bwdX] L=144 states=1 -> 1
[DP-fwdX] L=128 states=2 -> 3
[DP-bwdX] L=128 states=1 -> 2
[DP-fwdX] L=128 states=1 -> 2
[DP-bwdX] L=144 states=1 -> 1
[DP-bwdX] L=144 states=1 -> 1
[DP-bwdX] L=144 states=1 -> 1
[DP-bwdX] L=144 states=1 -> 1
  [Round 3] T_prime=9  T_target=9  HPWL_w=939260  HPWL_eq=938  maxL=10  WNS(T')=-1  WNS*(T)=-1  picked=4  solve_ms=348.614
[OC-Shortest/pow2] m=24 h=6 SEG=3 bits=72 words=2 threads=24
[DP-fwdX] L=0 states=1 -> 1
[DP-fwdX] L=16 states=136 -> 163
[DP-fwdX] L=32 states=1498 -> 1669
[DP-fwdX] L=48 states=5868 -> 6217
[DP-fwdX] L=64 states=11067 -> 11258
[DP-bwdX] L=144 states=1 -> 1
[DP-bwdX] L=128 states=136 -> 163
[DP-bwdX] L=112 states=1498 -> 1669
[DP-bwdX] L=96 states=5868 -> 6217
[DP-bwdX] L=80 states=11067 -> 11258
[DP-fwdX] L=0 states=1 -> 1
[DP-fwdX] L=16 states=136 -> 163
[DP-fwdX] L=32 states=1498 -> 1669
[DP-bwdX] L=64 states=20 -> 26
[DP-bwdX] L=48 states=382 -> 415
[DP-fwdX] L=0 states=1 -> 1
[DP-fwdX] L=16 states=136 -> 163
[DP-bwdX] L=32 states=5 -> 7
[DP-fwdX] L=0 states=1 -> 1
[DP-bwdX] L=16 states=2 -> 3
[DP-fwdX] L=0 states=1 -> 1
[DP-fwdX] L=0 states=1 -> 1
[DP-fwdX] L=0 states=1 -> 1
[DP-bwdX] L=16 states=2 -> 3
[DP-bwdX] L=16 states=2 -> 3
[DP-fwdX] L=16 states=1 -> 2
[DP-bwdX] L=32 states=5 -> 7
[DP-bwdX] L=32 states=5 -> 7
[DP-fwdX] L=32 states=2 -> 3
[DP-fwdX] L=48 states=58 -> 71
[DP-bwdX] L=64 states=20 -> 26
[DP-bwdX] L=48 states=11 -> 14
[DP-fwdX] L=48 states=7 -> 10
[DP-bwdX] L=48 states=2 -> 3
[DP-bwdX] L=64 states=20 -> 26
[DP-fwdX] L=64 states=2 -> 4
[DP-fwdX] L=64 states=2 -> 4
[DP-fwdX] L=80 states=20 -> 26
[DP-fwdX] L=96 states=382 -> 415
[DP-bwdX] L=144 states=1 -> 1
[DP-bwdX] L=128 states=136 -> 163
[DP-bwdX] L=112 states=1498 -> 1669
[DP-fwdX] L=80 states=20 -> 26
[DP-bwdX] L=96 states=58 -> 71
[DP-fwdX] L=80 states=20 -> 26
[DP-bwdX] L=80 states=2 -> 4
[DP-bwdX] L=80 states=2 -> 4
[DP-bwdX] L=80 states=2 -> 4
[DP-fwdX] L=96 states=11 -> 14
[DP-bwdX] L=96 states=7 -> 10
[DP-bwdX] L=96 states=1 -> 1
[DP-fwdX] L=96 states=1 -> 1
[DP-fwdX] L=112 states=5 -> 7
[DP-bwdX] L=144 states=1 -> 1
[DP-bwdX] L=128 states=136 -> 163
[DP-fwdX] L=112 states=5 -> 7
[DP-bwdX] L=112 states=1 -> 2
[DP-bwdX] L=112 states=1 -> 2
[DP-fwdX] L=112 states=1 -> 2
[DP-fwdX] L=112 states=1 -> 2
[DP-fwdX] L=128 states=2 -> 3
[DP-bwdX] L=144 states=1 -> 1
[DP-fwdX] L=128 states=2 -> 3
[DP-bwdX] L=128 states=1 -> 2
[DP-fwdX] L=128 states=1 -> 2
[DP-bwdX] L=144 states=1 -> 1
[DP-bwdX] L=144 states=1 -> 1
[DP-bwdX] L=144 states=1 -> 1
[DP-bwdX] L=144 states=1 -> 1
  [Round 4] T_prime=9  T_target=9  HPWL_w=940380  HPWL_eq=938  maxL=10  WNS(T')=-1  WNS*(T)=-1  picked=4  solve_ms=342.439
[OC-Shortest/pow2] m=24 h=6 SEG=3 bits=72 words=2 threads=24
[DP-fwdX] L=0 states=1 -> 1
[DP-fwdX] L=16 states=136 -> 163
[DP-fwdX] L=32 states=1498 -> 1669
[DP-fwdX] L=48 states=5868 -> 6217
[DP-fwdX] L=64 states=11067 -> 11258
[DP-bwdX] L=144 states=1 -> 1
[DP-bwdX] L=128 states=136 -> 163
[DP-bwdX] L=112 states=1498 -> 1669
[DP-bwdX] L=96 states=5868 -> 6217
[DP-bwdX] L=80 states=11067 -> 11258
[DP-fwdX] L=0 states=1 -> 1
[DP-fwdX] L=16 states=136 -> 163
[DP-fwdX] L=32 states=1498 -> 1669
[DP-bwdX] L=64 states=20 -> 26
[DP-bwdX] L=48 states=382 -> 415
[DP-fwdX] L=0 states=1 -> 1
[DP-fwdX] L=16 states=136 -> 163
[DP-bwdX] L=32 states=5 -> 7
[DP-fwdX] L=0 states=1 -> 1
[DP-bwdX] L=16 states=2 -> 3
[DP-fwdX] L=0 states=1 -> 1
[DP-fwdX] L=0 states=1 -> 1
[DP-fwdX] L=0 states=1 -> 1
[DP-bwdX] L=16 states=2 -> 3
[DP-bwdX] L=16 states=2 -> 3
[DP-fwdX] L=16 states=1 -> 2
[DP-bwdX] L=32 states=5 -> 7
[DP-bwdX] L=32 states=5 -> 7
[DP-fwdX] L=32 states=2 -> 3
[DP-fwdX] L=48 states=58 -> 71
[DP-bwdX] L=64 states=20 -> 26
[DP-bwdX] L=48 states=11 -> 14
[DP-fwdX] L=48 states=7 -> 10
[DP-bwdX] L=48 states=2 -> 3
[DP-bwdX] L=64 states=20 -> 26
[DP-fwdX] L=64 states=2 -> 4
[DP-fwdX] L=64 states=2 -> 4
[DP-fwdX] L=80 states=20 -> 26
[DP-fwdX] L=96 states=382 -> 415
[DP-bwdX] L=144 states=1 -> 1
[DP-bwdX] L=128 states=136 -> 163
[DP-bwdX] L=112 states=1498 -> 1669
[DP-fwdX] L=80 states=20 -> 26
[DP-bwdX] L=96 states=58 -> 71
[DP-fwdX] L=80 states=20 -> 26
[DP-bwdX] L=80 states=2 -> 4
[DP-bwdX] L=80 states=2 -> 4
[DP-bwdX] L=80 states=2 -> 4
[DP-fwdX] L=96 states=11 -> 14
[DP-bwdX] L=96 states=7 -> 10
[DP-bwdX] L=96 states=1 -> 1
[DP-fwdX] L=96 states=1 -> 1
[DP-fwdX] L=112 states=5 -> 7
[DP-bwdX] L=144 states=1 -> 1
[DP-bwdX] L=128 states=136 -> 163
[DP-fwdX] L=112 states=5 -> 7
[DP-bwdX] L=112 states=1 -> 2
[DP-bwdX] L=112 states=1 -> 2
[DP-fwdX] L=112 states=1 -> 2
[DP-fwdX] L=112 states=1 -> 2
[DP-fwdX] L=128 states=2 -> 3
[DP-bwdX] L=144 states=1 -> 1
[DP-fwdX] L=128 states=2 -> 3
[DP-bwdX] L=128 states=1 -> 2
[DP-fwdX] L=128 states=1 -> 2
[DP-bwdX] L=144 states=1 -> 1
[DP-bwdX] L=144 states=1 -> 1
[DP-bwdX] L=144 states=1 -> 1
[DP-bwdX] L=144 states=1 -> 1
  [Round 5] T_prime=9  T_target=9  HPWL_w=941740  HPWL_eq=938  maxL=10  WNS(T')=-1  WNS*(T)=-1  picked=4  solve_ms=348.298
[OC-Shortest/pow2] m=24 h=6 SEG=3 bits=72 words=2 threads=24
[DP-fwdX] L=0 states=1 -> 1
[DP-fwdX] L=16 states=136 -> 163
[DP-fwdX] L=32 states=1498 -> 1669
[DP-fwdX] L=48 states=5868 -> 6217
[DP-fwdX] L=64 states=11067 -> 11258
[DP-bwdX] L=144 states=1 -> 1
[DP-bwdX] L=128 states=136 -> 163
[DP-bwdX] L=112 states=1498 -> 1669
[DP-bwdX] L=96 states=5868 -> 6217
[DP-bwdX] L=80 states=11067 -> 11258
[DP-fwdX] L=0 states=1 -> 1
[DP-fwdX] L=16 states=136 -> 163
[DP-fwdX] L=32 states=1498 -> 1669
[DP-bwdX] L=64 states=20 -> 26
[DP-bwdX] L=48 states=382 -> 415
[DP-fwdX] L=0 states=1 -> 1
[DP-fwdX] L=16 states=136 -> 163
[DP-bwdX] L=32 states=5 -> 7
[DP-fwdX] L=0 states=1 -> 1
[DP-bwdX] L=16 states=2 -> 3
[DP-fwdX] L=0 states=1 -> 1
[DP-fwdX] L=0 states=1 -> 1
[DP-fwdX] L=0 states=1 -> 1
[DP-bwdX] L=16 states=2 -> 3
[DP-bwdX] L=16 states=2 -> 3
[DP-fwdX] L=16 states=1 -> 2
[DP-bwdX] L=32 states=5 -> 7
[DP-bwdX] L=32 states=5 -> 7
[DP-fwdX] L=32 states=2 -> 3
[DP-fwdX] L=48 states=58 -> 71
[DP-bwdX] L=64 states=20 -> 26
[DP-bwdX] L=48 states=11 -> 14
[DP-fwdX] L=48 states=7 -> 10
[DP-bwdX] L=48 states=2 -> 3
[DP-bwdX] L=64 states=20 -> 26
[DP-fwdX] L=64 states=2 -> 4
[DP-fwdX] L=64 states=2 -> 4
[DP-fwdX] L=80 states=20 -> 26
[DP-fwdX] L=96 states=382 -> 415
[DP-bwdX] L=144 states=1 -> 1
[DP-bwdX] L=128 states=136 -> 163
[DP-bwdX] L=112 states=1498 -> 1669
[DP-fwdX] L=80 states=20 -> 26
[DP-bwdX] L=96 states=58 -> 71
[DP-fwdX] L=80 states=20 -> 26
[DP-bwdX] L=80 states=2 -> 4
[DP-bwdX] L=80 states=2 -> 4
[DP-bwdX] L=80 states=2 -> 4
[DP-fwdX] L=96 states=11 -> 14
[DP-bwdX] L=96 states=7 -> 10
[DP-bwdX] L=96 states=1 -> 1
[DP-fwdX] L=96 states=1 -> 1
[DP-fwdX] L=112 states=5 -> 7
[DP-bwdX] L=144 states=1 -> 1
[DP-bwdX] L=128 states=136 -> 163
[DP-fwdX] L=112 states=5 -> 7
[DP-bwdX] L=112 states=1 -> 2
[DP-bwdX] L=112 states=1 -> 2
[DP-fwdX] L=112 states=1 -> 2
[DP-fwdX] L=112 states=1 -> 2
[DP-fwdX] L=128 states=2 -> 3
[DP-bwdX] L=144 states=1 -> 1
[DP-fwdX] L=128 states=2 -> 3
[DP-bwdX] L=128 states=1 -> 2
[DP-fwdX] L=128 states=1 -> 2
[DP-bwdX] L=144 states=1 -> 1
[DP-bwdX] L=144 states=1 -> 1
[DP-bwdX] L=144 states=1 -> 1
[DP-bwdX] L=144 states=1 -> 1
  [Round 6] T_prime=9  T_target=9  HPWL_w=943420  HPWL_eq=938  maxL=10  WNS(T')=-1  WNS*(T)=-1  picked=4  solve_ms=329.213
[OC-Shortest/pow2] m=24 h=6 SEG=3 bits=72 words=2 threads=24
[DP-fwdX] L=0 states=1 -> 1
[DP-fwdX] L=16 states=136 -> 163
[DP-fwdX] L=32 states=1498 -> 1669
[DP-fwdX] L=48 states=5868 -> 6217
[DP-fwdX] L=64 states=11067 -> 11258
[DP-bwdX] L=144 states=1 -> 1
[DP-bwdX] L=128 states=136 -> 163
[DP-bwdX] L=112 states=1498 -> 1669
[DP-bwdX] L=96 states=5868 -> 6217
[DP-bwdX] L=80 states=11067 -> 11258
[DP-fwdX] L=0 states=1 -> 1
[DP-fwdX] L=16 states=136 -> 163
[DP-fwdX] L=32 states=1498 -> 1669
[DP-bwdX] L=64 states=20 -> 26
[DP-bwdX] L=48 states=382 -> 415
[DP-fwdX] L=0 states=1 -> 1
[DP-fwdX] L=16 states=136 -> 163
[DP-bwdX] L=32 states=5 -> 7
[DP-fwdX] L=0 states=1 -> 1
[DP-bwdX] L=16 states=2 -> 3
[DP-fwdX] L=0 states=1 -> 1
[DP-fwdX] L=0 states=1 -> 1
[DP-fwdX] L=0 states=1 -> 1
[DP-bwdX] L=16 states=2 -> 3
[DP-bwdX] L=16 states=2 -> 3
[DP-fwdX] L=16 states=1 -> 2
[DP-bwdX] L=32 states=5 -> 7
[DP-bwdX] L=32 states=5 -> 7
[DP-fwdX] L=32 states=2 -> 3
[DP-fwdX] L=48 states=58 -> 71
[DP-bwdX] L=64 states=20 -> 26
[DP-bwdX] L=48 states=11 -> 14
[DP-fwdX] L=48 states=7 -> 10
[DP-bwdX] L=48 states=2 -> 3
[DP-bwdX] L=64 states=20 -> 26
[DP-fwdX] L=64 states=2 -> 4
[DP-fwdX] L=64 states=2 -> 4
[DP-fwdX] L=80 states=20 -> 26
[DP-fwdX] L=96 states=382 -> 415
[DP-bwdX] L=144 states=1 -> 1
[DP-bwdX] L=128 states=136 -> 163
[DP-bwdX] L=112 states=1498 -> 1669
[DP-fwdX] L=80 states=20 -> 26
[DP-bwdX] L=96 states=58 -> 71
[DP-fwdX] L=80 states=20 -> 26
[DP-bwdX] L=80 states=2 -> 4
[DP-bwdX] L=80 states=2 -> 4
[DP-bwdX] L=80 states=2 -> 4
[DP-fwdX] L=96 states=11 -> 14
[DP-bwdX] L=96 states=7 -> 10
[DP-bwdX] L=96 states=1 -> 1
[DP-fwdX] L=96 states=1 -> 1
[DP-fwdX] L=112 states=5 -> 7
[DP-bwdX] L=144 states=1 -> 1
[DP-bwdX] L=128 states=136 -> 163
[DP-fwdX] L=112 states=5 -> 7
[DP-bwdX] L=112 states=1 -> 2
[DP-bwdX] L=112 states=1 -> 2
[DP-fwdX] L=112 states=1 -> 2
[DP-fwdX] L=112 states=1 -> 2
[DP-fwdX] L=128 states=2 -> 3
[DP-bwdX] L=144 states=1 -> 1
[DP-fwdX] L=128 states=2 -> 3
[DP-bwdX] L=128 states=1 -> 2
[DP-fwdX] L=128 states=1 -> 2
[DP-bwdX] L=144 states=1 -> 1
[DP-bwdX] L=144 states=1 -> 1
[DP-bwdX] L=144 states=1 -> 1
[DP-bwdX] L=144 states=1 -> 1
  [Round 7] T_prime=9  T_target=9  HPWL_w=945400  HPWL_eq=938  maxL=10  WNS(T')=-1  WNS*(T)=-1  picked=4  solve_ms=347.289
[OC-Shortest/pow2] m=24 h=6 SEG=3 bits=72 words=2 threads=24
[DP-fwdX] L=0 states=1 -> 1
[DP-fwdX] L=16 states=136 -> 163
[DP-fwdX] L=32 states=1498 -> 1669
[DP-fwdX] L=48 states=5868 -> 6217
[DP-fwdX] L=64 states=11067 -> 11258
[DP-bwdX] L=144 states=1 -> 1
[DP-bwdX] L=128 states=136 -> 163
[DP-bwdX] L=112 states=1498 -> 1669
[DP-bwdX] L=96 states=5868 -> 6217
[DP-bwdX] L=80 states=11067 -> 11258
[DP-fwdX] L=0 states=1 -> 1
[DP-fwdX] L=16 states=136 -> 163
[DP-fwdX] L=32 states=1498 -> 1669
[DP-bwdX] L=64 states=20 -> 26
[DP-bwdX] L=48 states=382 -> 415
[DP-fwdX] L=0 states=1 -> 1
[DP-fwdX] L=16 states=136 -> 163
[DP-bwdX] L=32 states=5 -> 7
[DP-fwdX] L=0 states=1 -> 1
[DP-bwdX] L=16 states=2 -> 3
[DP-fwdX] L=0 states=1 -> 1
[DP-fwdX] L=0 states=1 -> 1
[DP-fwdX] L=0 states=1 -> 1
[DP-bwdX] L=16 states=2 -> 3
[DP-bwdX] L=16 states=2 -> 3
[DP-fwdX] L=16 states=1 -> 2
[DP-bwdX] L=32 states=5 -> 7
[DP-bwdX] L=32 states=5 -> 7
[DP-fwdX] L=32 states=2 -> 3
[DP-fwdX] L=48 states=58 -> 71
[DP-bwdX] L=64 states=20 -> 26
[DP-bwdX] L=48 states=11 -> 14
[DP-fwdX] L=48 states=7 -> 10
[DP-bwdX] L=48 states=2 -> 3
[DP-bwdX] L=64 states=20 -> 26
[DP-fwdX] L=64 states=2 -> 4
[DP-fwdX] L=64 states=2 -> 4
[DP-fwdX] L=80 states=20 -> 26
[DP-fwdX] L=96 states=382 -> 415
[DP-bwdX] L=144 states=1 -> 1
[DP-bwdX] L=128 states=136 -> 163
[DP-bwdX] L=112 states=1498 -> 1669
[DP-fwdX] L=80 states=20 -> 26
[DP-bwdX] L=96 states=58 -> 71
[DP-fwdX] L=80 states=20 -> 26
[DP-bwdX] L=80 states=2 -> 4
[DP-bwdX] L=80 states=2 -> 4
[DP-bwdX] L=80 states=2 -> 4
[DP-fwdX] L=96 states=11 -> 14
[DP-bwdX] L=96 states=7 -> 10
[DP-bwdX] L=96 states=1 -> 1
[DP-fwdX] L=96 states=1 -> 1
[DP-fwdX] L=112 states=5 -> 7
[DP-bwdX] L=144 states=1 -> 1
[DP-bwdX] L=128 states=136 -> 163
[DP-fwdX] L=112 states=5 -> 7
[DP-bwdX] L=112 states=1 -> 2
[DP-bwdX] L=112 states=1 -> 2
[DP-fwdX] L=112 states=1 -> 2
[DP-fwdX] L=112 states=1 -> 2
[DP-fwdX] L=128 states=2 -> 3
[DP-bwdX] L=144 states=1 -> 1
[DP-fwdX] L=128 states=2 -> 3
[DP-bwdX] L=128 states=1 -> 2
[DP-fwdX] L=128 states=1 -> 2
[DP-bwdX] L=144 states=1 -> 1
[DP-bwdX] L=144 states=1 -> 1
[DP-bwdX] L=144 states=1 -> 1
[DP-bwdX] L=144 states=1 -> 1
  [Round 8] T_prime=9  T_target=9  HPWL_w=945932  HPWL_eq=944  maxL=14  WNS(T')=-5  WNS*(T)=-5  picked=7  solve_ms=358.597
[OC-Shortest/pow2] m=24 h=6 SEG=3 bits=72 words=2 threads=24
[DP-fwdX] L=0 states=1 -> 1
[DP-fwdX] L=16 states=136 -> 163
[DP-fwdX] L=32 states=1498 -> 1669
[DP-fwdX] L=48 states=5868 -> 6217
[DP-fwdX] L=64 states=11067 -> 11258
[DP-bwdX] L=144 states=1 -> 1
[DP-bwdX] L=128 states=136 -> 163
[DP-bwdX] L=112 states=1498 -> 1669
[DP-bwdX] L=96 states=5868 -> 6217
[DP-bwdX] L=80 states=11067 -> 11258
[DP-fwdX] L=0 states=1 -> 1
[DP-fwdX] L=16 states=136 -> 163
[DP-fwdX] L=32 states=1498 -> 1669
[DP-bwdX] L=64 states=20 -> 26
[DP-bwdX] L=48 states=382 -> 415
[DP-fwdX] L=0 states=1 -> 1
[DP-fwdX] L=16 states=136 -> 163
[DP-bwdX] L=32 states=5 -> 7
[DP-fwdX] L=0 states=1 -> 1
[DP-bwdX] L=16 states=2 -> 3
[DP-fwdX] L=0 states=1 -> 1
[DP-fwdX] L=0 states=1 -> 1
[DP-fwdX] L=0 states=1 -> 1
[DP-bwdX] L=16 states=2 -> 3
[DP-bwdX] L=16 states=2 -> 3
[DP-fwdX] L=16 states=1 -> 2
[DP-bwdX] L=32 states=5 -> 7
[DP-bwdX] L=32 states=5 -> 7
[DP-fwdX] L=32 states=2 -> 3
[DP-fwdX] L=48 states=58 -> 71
[DP-bwdX] L=64 states=20 -> 26
[DP-bwdX] L=48 states=11 -> 14
[DP-fwdX] L=48 states=7 -> 10
[DP-bwdX] L=48 states=2 -> 3
[DP-bwdX] L=64 states=20 -> 26
[DP-fwdX] L=64 states=2 -> 4
[DP-fwdX] L=64 states=2 -> 4
[DP-fwdX] L=80 states=20 -> 26
[DP-fwdX] L=96 states=382 -> 415
[DP-bwdX] L=144 states=1 -> 1
[DP-bwdX] L=128 states=136 -> 163
[DP-bwdX] L=112 states=1498 -> 1669
[DP-fwdX] L=80 states=20 -> 26
[DP-bwdX] L=96 states=58 -> 71
[DP-fwdX] L=80 states=20 -> 26
[DP-bwdX] L=80 states=2 -> 4
[DP-bwdX] L=80 states=2 -> 4
[DP-bwdX] L=80 states=2 -> 4
[DP-fwdX] L=96 states=11 -> 14
[DP-bwdX] L=96 states=7 -> 10
[DP-bwdX] L=96 states=1 -> 1
[DP-fwdX] L=96 states=1 -> 1
[DP-fwdX] L=112 states=5 -> 7
[DP-bwdX] L=144 states=1 -> 1
[DP-bwdX] L=128 states=136 -> 163
[DP-fwdX] L=112 states=5 -> 7
[DP-bwdX] L=112 states=1 -> 2
[DP-bwdX] L=112 states=1 -> 2
[DP-fwdX] L=112 states=1 -> 2
[DP-fwdX] L=112 states=1 -> 2
[DP-fwdX] L=128 states=2 -> 3
[DP-bwdX] L=144 states=1 -> 1
[DP-fwdX] L=128 states=2 -> 3
[DP-bwdX] L=128 states=1 -> 2
[DP-fwdX] L=128 states=1 -> 2
[DP-bwdX] L=144 states=1 -> 1
[DP-bwdX] L=144 states=1 -> 1
[DP-bwdX] L=144 states=1 -> 1
[DP-bwdX] L=144 states=1 -> 1
  [Round 9] T_prime=9  T_target=9  HPWL_w=948170  HPWL_eq=944  maxL=14  WNS(T')=-5  WNS*(T)=-5  picked=6  solve_ms=339.382
[OC-Shortest/pow2] m=24 h=6 SEG=3 bits=72 words=2 threads=24
[DP-fwdX] L=0 states=1 -> 1
[DP-fwdX] L=16 states=136 -> 163
[DP-fwdX] L=32 states=1498 -> 1669
[DP-fwdX] L=48 states=5868 -> 6217
[DP-fwdX] L=64 states=11067 -> 11258
[DP-bwdX] L=144 states=1 -> 1
[DP-bwdX] L=128 states=136 -> 163
[DP-bwdX] L=112 states=1498 -> 1669
[DP-bwdX] L=96 states=5868 -> 6217
[DP-bwdX] L=80 states=11067 -> 11258
[DP-fwdX] L=0 states=1 -> 1
[DP-fwdX] L=16 states=136 -> 163
[DP-fwdX] L=32 states=1498 -> 1669
[DP-bwdX] L=64 states=20 -> 26
[DP-bwdX] L=48 states=382 -> 415
[DP-fwdX] L=0 states=1 -> 1
[DP-fwdX] L=16 states=136 -> 163
[DP-bwdX] L=32 states=5 -> 7
[DP-fwdX] L=0 states=1 -> 1
[DP-bwdX] L=16 states=2 -> 3
[DP-fwdX] L=0 states=1 -> 1
[DP-fwdX] L=0 states=1 -> 1
[DP-fwdX] L=0 states=1 -> 1
[DP-bwdX] L=16 states=2 -> 3
[DP-bwdX] L=16 states=2 -> 3
[DP-fwdX] L=16 states=1 -> 2
[DP-bwdX] L=32 states=5 -> 7
[DP-bwdX] L=32 states=5 -> 7
[DP-fwdX] L=32 states=2 -> 3
[DP-fwdX] L=48 states=58 -> 71
[DP-bwdX] L=64 states=20 -> 26
[DP-bwdX] L=48 states=11 -> 14
[DP-fwdX] L=48 states=7 -> 10
[DP-bwdX] L=48 states=2 -> 3
[DP-bwdX] L=64 states=20 -> 26
[DP-fwdX] L=64 states=2 -> 4
[DP-fwdX] L=64 states=2 -> 4
[DP-fwdX] L=80 states=20 -> 26
[DP-fwdX] L=96 states=382 -> 415
[DP-bwdX] L=144 states=1 -> 1
[DP-bwdX] L=128 states=136 -> 163
[DP-bwdX] L=112 states=1498 -> 1669
[DP-fwdX] L=80 states=20 -> 26
[DP-bwdX] L=96 states=58 -> 71
[DP-fwdX] L=80 states=20 -> 26
[DP-bwdX] L=80 states=2 -> 4
[DP-bwdX] L=80 states=2 -> 4
[DP-bwdX] L=80 states=2 -> 4
[DP-fwdX] L=96 states=11 -> 14
[DP-bwdX] L=96 states=7 -> 10
[DP-bwdX] L=96 states=1 -> 1
[DP-fwdX] L=96 states=1 -> 1
[DP-fwdX] L=112 states=5 -> 7
[DP-bwdX] L=144 states=1 -> 1
[DP-bwdX] L=128 states=136 -> 163
[DP-fwdX] L=112 states=5 -> 7
[DP-bwdX] L=112 states=1 -> 2
[DP-bwdX] L=112 states=1 -> 2
[DP-fwdX] L=112 states=1 -> 2
[DP-fwdX] L=112 states=1 -> 2
[DP-fwdX] L=128 states=2 -> 3
[DP-bwdX] L=144 states=1 -> 1
[DP-fwdX] L=128 states=2 -> 3
[DP-bwdX] L=128 states=1 -> 2
[DP-fwdX] L=128 states=1 -> 2
[DP-bwdX] L=144 states=1 -> 1
[DP-bwdX] L=144 states=1 -> 1
[DP-bwdX] L=144 states=1 -> 1
[DP-bwdX] L=144 states=1 -> 1
  [Round 10] T_prime=9  T_target=9  HPWL_w=950594  HPWL_eq=938  maxL=10  WNS(T')=-1  WNS*(T)=-1  picked=4  solve_ms=339.495
[OC-Shortest/pow2] m=24 h=6 SEG=3 bits=72 words=2 threads=24
[DP-fwdX] L=0 states=1 -> 1
[DP-fwdX] L=16 states=136 -> 163
[DP-fwdX] L=32 states=1498 -> 1669
[DP-fwdX] L=48 states=5868 -> 6217
[DP-fwdX] L=64 states=11067 -> 11258
[DP-bwdX] L=144 states=1 -> 1
[DP-bwdX] L=128 states=136 -> 163
[DP-bwdX] L=112 states=1498 -> 1669
[DP-bwdX] L=96 states=5868 -> 6217
[DP-bwdX] L=80 states=11067 -> 11258
[DP-fwdX] L=0 states=1 -> 1
[DP-fwdX] L=16 states=136 -> 163
[DP-fwdX] L=32 states=1498 -> 1669
[DP-bwdX] L=64 states=20 -> 26
[DP-bwdX] L=48 states=382 -> 415
[DP-fwdX] L=0 states=1 -> 1
[DP-fwdX] L=16 states=136 -> 163
[DP-bwdX] L=32 states=5 -> 7
[DP-fwdX] L=0 states=1 -> 1
[DP-bwdX] L=16 states=2 -> 3
[DP-fwdX] L=0 states=1 -> 1
[DP-fwdX] L=0 states=1 -> 1
[DP-fwdX] L=0 states=1 -> 1
[DP-bwdX] L=16 states=2 -> 3
[DP-bwdX] L=16 states=2 -> 3
[DP-fwdX] L=16 states=1 -> 2
[DP-bwdX] L=32 states=5 -> 7
[DP-bwdX] L=32 states=5 -> 7
[DP-fwdX] L=32 states=2 -> 3
[DP-fwdX] L=48 states=58 -> 71
[DP-bwdX] L=64 states=20 -> 26
[DP-bwdX] L=48 states=11 -> 14
[DP-fwdX] L=48 states=7 -> 10
[DP-bwdX] L=48 states=2 -> 3
[DP-bwdX] L=64 states=20 -> 26
[DP-fwdX] L=64 states=2 -> 4
[DP-fwdX] L=64 states=2 -> 4
[DP-fwdX] L=80 states=20 -> 26
[DP-fwdX] L=96 states=382 -> 415
[DP-bwdX] L=144 states=1 -> 1
[DP-bwdX] L=128 states=136 -> 163
[DP-bwdX] L=112 states=1498 -> 1669
[DP-fwdX] L=80 states=20 -> 26
[DP-bwdX] L=96 states=58 -> 71
[DP-fwdX] L=80 states=20 -> 26
[DP-bwdX] L=80 states=2 -> 4
[DP-bwdX] L=80 states=2 -> 4
[DP-bwdX] L=80 states=2 -> 4
[DP-fwdX] L=96 states=11 -> 14
[DP-bwdX] L=96 states=7 -> 10
[DP-bwdX] L=96 states=1 -> 1
[DP-fwdX] L=96 states=1 -> 1
[DP-fwdX] L=112 states=5 -> 7
[DP-bwdX] L=144 states=1 -> 1
[DP-bwdX] L=128 states=136 -> 163
[DP-fwdX] L=112 states=5 -> 7
[DP-bwdX] L=112 states=1 -> 2
[DP-bwdX] L=112 states=1 -> 2
[DP-fwdX] L=112 states=1 -> 2
[DP-fwdX] L=112 states=1 -> 2
[DP-fwdX] L=128 states=2 -> 3
[DP-bwdX] L=144 states=1 -> 1
[DP-fwdX] L=128 states=2 -> 3
[DP-bwdX] L=128 states=1 -> 2
[DP-fwdX] L=128 states=1 -> 2
[DP-bwdX] L=144 states=1 -> 1
[DP-bwdX] L=144 states=1 -> 1
[DP-bwdX] L=144 states=1 -> 1
[DP-bwdX] L=144 states=1 -> 1
  [Round 11] T_prime=9  T_target=9  HPWL_w=952774  HPWL_eq=938  maxL=10  WNS(T')=-1  WNS*(T)=-1  picked=4  solve_ms=1349.19
[OC-Shortest/pow2] m=24 h=6 SEG=3 bits=72 words=2 threads=24
[DP-fwdX] L=0 states=1 -> 1
[DP-fwdX] L=16 states=136 -> 163
[DP-fwdX] L=32 states=1498 -> 1669
[DP-fwdX] L=48 states=5868 -> 6217
[DP-fwdX] L=64 states=11067 -> 11258
[DP-bwdX] L=144 states=1 -> 1
[DP-bwdX] L=128 states=136 -> 163
[DP-bwdX] L=112 states=1498 -> 1669
[DP-bwdX] L=96 states=5868 -> 6217
[DP-bwdX] L=80 states=11067 -> 11258
[DP-fwdX] L=0 states=1 -> 1
[DP-fwdX] L=16 states=136 -> 163
[DP-fwdX] L=32 states=1498 -> 1669
[DP-bwdX] L=64 states=20 -> 26
[DP-bwdX] L=48 states=382 -> 415
[DP-fwdX] L=0 states=1 -> 1
[DP-fwdX] L=16 states=136 -> 163
[DP-bwdX] L=32 states=5 -> 7
[DP-fwdX] L=0 states=1 -> 1
[DP-bwdX] L=16 states=2 -> 3
[DP-fwdX] L=0 states=1 -> 1
[DP-fwdX] L=0 states=1 -> 1
[DP-fwdX] L=0 states=1 -> 1
[DP-bwdX] L=16 states=2 -> 3
[DP-bwdX] L=16 states=2 -> 3
[DP-fwdX] L=16 states=1 -> 2
[DP-bwdX] L=32 states=5 -> 7
[DP-bwdX] L=32 states=5 -> 7
[DP-fwdX] L=32 states=2 -> 3
[DP-fwdX] L=48 states=58 -> 71
[DP-bwdX] L=64 states=20 -> 26
[DP-bwdX] L=48 states=11 -> 14
[DP-fwdX] L=48 states=7 -> 10
[DP-bwdX] L=48 states=2 -> 3
[DP-bwdX] L=64 states=20 -> 26
[DP-fwdX] L=64 states=2 -> 4
[DP-fwdX] L=64 states=2 -> 4
[DP-fwdX] L=80 states=20 -> 26
[DP-fwdX] L=96 states=382 -> 415
[DP-bwdX] L=144 states=1 -> 1
[DP-bwdX] L=128 states=136 -> 163
[DP-bwdX] L=112 states=1498 -> 1669
[DP-fwdX] L=80 states=20 -> 26
[DP-bwdX] L=96 states=58 -> 71
[DP-fwdX] L=80 states=20 -> 26
[DP-bwdX] L=80 states=2 -> 4
[DP-bwdX] L=80 states=2 -> 4
[DP-bwdX] L=80 states=2 -> 4
[DP-fwdX] L=96 states=11 -> 14
[DP-bwdX] L=96 states=7 -> 10
[DP-bwdX] L=96 states=1 -> 1
[DP-fwdX] L=96 states=1 -> 1
[DP-fwdX] L=112 states=5 -> 7
[DP-bwdX] L=144 states=1 -> 1
[DP-bwdX] L=128 states=136 -> 163
[DP-fwdX] L=112 states=5 -> 7
[DP-bwdX] L=112 states=1 -> 2
[DP-bwdX] L=112 states=1 -> 2
[DP-fwdX] L=112 states=1 -> 2
[DP-fwdX] L=112 states=1 -> 2
[DP-fwdX] L=128 states=2 -> 3
[DP-bwdX] L=144 states=1 -> 1
[DP-fwdX] L=128 states=2 -> 3
[DP-bwdX] L=128 states=1 -> 2
[DP-fwdX] L=128 states=1 -> 2
[DP-bwdX] L=144 states=1 -> 1
[DP-bwdX] L=144 states=1 -> 1
[DP-bwdX] L=144 states=1 -> 1
[DP-bwdX] L=144 states=1 -> 1
  [Round 12] T_prime=9  T_target=9  HPWL_w=953394  HPWL_eq=944  maxL=14  WNS(T')=-5  WNS*(T)=-5  picked=6  solve_ms=327.978
[OC-Shortest/pow2] m=24 h=6 SEG=3 bits=72 words=2 threads=24
[DP-fwdX] L=0 states=1 -> 1
[DP-fwdX] L=16 states=136 -> 163
[DP-fwdX] L=32 states=1498 -> 1669
[DP-fwdX] L=48 states=5868 -> 6217
[DP-fwdX] L=64 states=11067 -> 11258
[DP-bwdX] L=144 states=1 -> 1
[DP-bwdX] L=128 states=136 -> 163
[DP-bwdX] L=112 states=1498 -> 1669
[DP-bwdX] L=96 states=5868 -> 6217
[DP-bwdX] L=80 states=11067 -> 11258
[DP-fwdX] L=0 states=1 -> 1
[DP-fwdX] L=16 states=136 -> 163
[DP-fwdX] L=32 states=1498 -> 1669
[DP-bwdX] L=64 states=20 -> 26
[DP-bwdX] L=48 states=382 -> 415
[DP-fwdX] L=0 states=1 -> 1
[DP-fwdX] L=16 states=136 -> 163
[DP-bwdX] L=32 states=5 -> 7
[DP-fwdX] L=0 states=1 -> 1
[DP-bwdX] L=16 states=2 -> 3
[DP-fwdX] L=0 states=1 -> 1
[DP-fwdX] L=0 states=1 -> 1
[DP-fwdX] L=0 states=1 -> 1
[DP-bwdX] L=16 states=2 -> 3
[DP-bwdX] L=16 states=2 -> 3
[DP-fwdX] L=16 states=1 -> 2
[DP-bwdX] L=32 states=5 -> 7
[DP-bwdX] L=32 states=5 -> 7
[DP-fwdX] L=32 states=2 -> 3
[DP-fwdX] L=48 states=58 -> 71
[DP-bwdX] L=64 states=20 -> 26
[DP-bwdX] L=48 states=11 -> 14
[DP-fwdX] L=48 states=7 -> 10
[DP-bwdX] L=48 states=2 -> 3
[DP-bwdX] L=64 states=20 -> 26
[DP-fwdX] L=64 states=2 -> 4
[DP-fwdX] L=64 states=2 -> 4
[DP-fwdX] L=80 states=20 -> 26
[DP-fwdX] L=96 states=382 -> 415
[DP-bwdX] L=144 states=1 -> 1
[DP-bwdX] L=128 states=136 -> 163
[DP-bwdX] L=112 states=1498 -> 1669
[DP-fwdX] L=80 states=20 -> 26
[DP-bwdX] L=96 states=58 -> 71
[DP-fwdX] L=80 states=20 -> 26
[DP-bwdX] L=80 states=2 -> 4
[DP-bwdX] L=80 states=2 -> 4
[DP-bwdX] L=80 states=2 -> 4
[DP-fwdX] L=96 states=11 -> 14
[DP-bwdX] L=96 states=7 -> 10
[DP-bwdX] L=96 states=1 -> 1
[DP-fwdX] L=96 states=1 -> 1
[DP-fwdX] L=112 states=5 -> 7
[DP-bwdX] L=144 states=1 -> 1
[DP-bwdX] L=128 states=136 -> 163
[DP-fwdX] L=112 states=5 -> 7
[DP-bwdX] L=112 states=1 -> 2
[DP-bwdX] L=112 states=1 -> 2
[DP-fwdX] L=112 states=1 -> 2
[DP-fwdX] L=112 states=1 -> 2
[DP-fwdX] L=128 states=2 -> 3
[DP-bwdX] L=144 states=1 -> 1
[DP-fwdX] L=128 states=2 -> 3
[DP-bwdX] L=128 states=1 -> 2
[DP-fwdX] L=128 states=1 -> 2
[DP-bwdX] L=144 states=1 -> 1
[DP-bwdX] L=144 states=1 -> 1
[DP-bwdX] L=144 states=1 -> 1
[DP-bwdX] L=144 states=1 -> 1
  [Round 13] T_prime=9  T_target=9  HPWL_w=957818  HPWL_eq=938  maxL=10  WNS(T')=-1  WNS*(T)=-1  picked=4  solve_ms=334.448
[OC-Shortest/pow2] m=24 h=6 SEG=3 bits=72 words=2 threads=24
[DP-fwdX] L=0 states=1 -> 1
[DP-fwdX] L=16 states=136 -> 163
[DP-fwdX] L=32 states=1498 -> 1669
[DP-fwdX] L=48 states=5868 -> 6217
[DP-fwdX] L=64 states=11067 -> 11258
[DP-bwdX] L=144 states=1 -> 1
[DP-bwdX] L=128 states=136 -> 163
[DP-bwdX] L=112 states=1498 -> 1669
[DP-bwdX] L=96 states=5868 -> 6217
[DP-bwdX] L=80 states=11067 -> 11258
[DP-fwdX] L=0 states=1 -> 1
[DP-fwdX] L=16 states=136 -> 163
[DP-fwdX] L=32 states=1498 -> 1669
[DP-bwdX] L=64 states=20 -> 26
[DP-bwdX] L=48 states=382 -> 415
[DP-fwdX] L=0 states=1 -> 1
[DP-fwdX] L=16 states=136 -> 163
[DP-bwdX] L=32 states=5 -> 7
[DP-fwdX] L=0 states=1 -> 1
[DP-bwdX] L=16 states=2 -> 3
[DP-fwdX] L=0 states=1 -> 1
[DP-fwdX] L=0 states=1 -> 1
[DP-fwdX] L=0 states=1 -> 1
[DP-bwdX] L=16 states=2 -> 3
[DP-bwdX] L=16 states=2 -> 3
[DP-fwdX] L=16 states=1 -> 2
[DP-bwdX] L=32 states=5 -> 7
[DP-bwdX] L=32 states=5 -> 7
[DP-fwdX] L=32 states=2 -> 3
[DP-fwdX] L=48 states=58 -> 71
[DP-bwdX] L=64 states=20 -> 26
[DP-bwdX] L=48 states=11 -> 14
[DP-fwdX] L=48 states=7 -> 10
[DP-bwdX] L=48 states=2 -> 3
[DP-bwdX] L=64 states=20 -> 26
[DP-fwdX] L=64 states=2 -> 4
[DP-fwdX] L=64 states=2 -> 4
[DP-fwdX] L=80 states=20 -> 26
[DP-fwdX] L=96 states=382 -> 415
[DP-bwdX] L=144 states=1 -> 1
[DP-bwdX] L=128 states=136 -> 163
[DP-bwdX] L=112 states=1498 -> 1669
[DP-fwdX] L=80 states=20 -> 26
[DP-bwdX] L=96 states=58 -> 71
[DP-fwdX] L=80 states=20 -> 26
[DP-bwdX] L=80 states=2 -> 4
[DP-bwdX] L=80 states=2 -> 4
[DP-bwdX] L=80 states=2 -> 4
[DP-fwdX] L=96 states=11 -> 14
[DP-bwdX] L=96 states=7 -> 10
[DP-bwdX] L=96 states=1 -> 1
[DP-fwdX] L=96 states=1 -> 1
[DP-fwdX] L=112 states=5 -> 7
[DP-bwdX] L=144 states=1 -> 1
[DP-bwdX] L=128 states=136 -> 163
[DP-fwdX] L=112 states=5 -> 7
[DP-bwdX] L=112 states=1 -> 2
[DP-bwdX] L=112 states=1 -> 2
[DP-fwdX] L=112 states=1 -> 2
[DP-fwdX] L=112 states=1 -> 2
[DP-fwdX] L=128 states=2 -> 3
[DP-bwdX] L=144 states=1 -> 1
[DP-fwdX] L=128 states=2 -> 3
[DP-bwdX] L=128 states=1 -> 2
[DP-fwdX] L=128 states=1 -> 2
[DP-bwdX] L=144 states=1 -> 1
[DP-bwdX] L=144 states=1 -> 1
[DP-bwdX] L=144 states=1 -> 1
[DP-bwdX] L=144 states=1 -> 1
  [Round 14] T_prime=9  T_target=9  HPWL_w=959634  HPWL_eq=944  maxL=14  WNS(T')=-5  WNS*(T)=-5  picked=6  solve_ms=358.204
[OC-Shortest/pow2] m=24 h=6 SEG=3 bits=72 words=2 threads=24
[DP-fwdX] L=0 states=1 -> 1
[DP-fwdX] L=16 states=136 -> 163
[DP-fwdX] L=32 states=1498 -> 1669
[DP-fwdX] L=48 states=5868 -> 6217
[DP-fwdX] L=64 states=11067 -> 11258
[DP-bwdX] L=144 states=1 -> 1
[DP-bwdX] L=128 states=136 -> 163
[DP-bwdX] L=112 states=1498 -> 1669
[DP-bwdX] L=96 states=5868 -> 6217
[DP-bwdX] L=80 states=11067 -> 11258
[DP-fwdX] L=0 states=1 -> 1
[DP-fwdX] L=16 states=136 -> 163
[DP-fwdX] L=32 states=1498 -> 1669
[DP-bwdX] L=64 states=20 -> 26
[DP-bwdX] L=48 states=382 -> 415
[DP-fwdX] L=0 states=1 -> 1
[DP-fwdX] L=16 states=136 -> 163
[DP-bwdX] L=32 states=5 -> 7
[DP-fwdX] L=0 states=1 -> 1
[DP-bwdX] L=16 states=2 -> 3
[DP-fwdX] L=0 states=1 -> 1
[DP-fwdX] L=0 states=1 -> 1
[DP-fwdX] L=0 states=1 -> 1
[DP-bwdX] L=16 states=2 -> 3
[DP-bwdX] L=16 states=2 -> 3
[DP-fwdX] L=16 states=1 -> 2
[DP-bwdX] L=32 states=5 -> 7
[DP-bwdX] L=32 states=5 -> 7
[DP-fwdX] L=32 states=2 -> 3
[DP-fwdX] L=48 states=58 -> 71
[DP-bwdX] L=64 states=20 -> 26
[DP-bwdX] L=48 states=11 -> 14
[DP-fwdX] L=48 states=7 -> 10
[DP-bwdX] L=48 states=2 -> 3
[DP-bwdX] L=64 states=20 -> 26
[DP-fwdX] L=64 states=2 -> 4
[DP-fwdX] L=64 states=2 -> 4
[DP-fwdX] L=80 states=20 -> 26
[DP-fwdX] L=96 states=382 -> 415
[DP-bwdX] L=144 states=1 -> 1
[DP-bwdX] L=128 states=136 -> 163
[DP-bwdX] L=112 states=1498 -> 1669
[DP-fwdX] L=80 states=20 -> 26
[DP-bwdX] L=96 states=58 -> 71
[DP-fwdX] L=80 states=20 -> 26
[DP-bwdX] L=80 states=2 -> 4
[DP-bwdX] L=80 states=2 -> 4
[DP-bwdX] L=80 states=2 -> 4
[DP-fwdX] L=96 states=11 -> 14
[DP-bwdX] L=96 states=7 -> 10
[DP-bwdX] L=96 states=1 -> 1
[DP-fwdX] L=96 states=1 -> 1
[DP-fwdX] L=112 states=5 -> 7
[DP-bwdX] L=144 states=1 -> 1
[DP-bwdX] L=128 states=136 -> 163
[DP-fwdX] L=112 states=5 -> 7
[DP-bwdX] L=112 states=1 -> 2
[DP-bwdX] L=112 states=1 -> 2
[DP-fwdX] L=112 states=1 -> 2
[DP-fwdX] L=112 states=1 -> 2
[DP-fwdX] L=128 states=2 -> 3
[DP-bwdX] L=144 states=1 -> 1
[DP-fwdX] L=128 states=2 -> 3
[DP-bwdX] L=128 states=1 -> 2
[DP-fwdX] L=128 states=1 -> 2
[DP-bwdX] L=144 states=1 -> 1
[DP-bwdX] L=144 states=1 -> 1
[DP-bwdX] L=144 states=1 -> 1
[DP-bwdX] L=144 states=1 -> 1
  [Round 15] T_prime=9  T_target=9  HPWL_w=963802  HPWL_eq=938  maxL=10  WNS(T')=-1  WNS*(T)=-1  picked=4  solve_ms=352.697
[OC-Shortest/pow2] m=24 h=6 SEG=3 bits=72 words=2 threads=24
[DP-fwdX] L=0 states=1 -> 1
[DP-fwdX] L=16 states=136 -> 163
[DP-fwdX] L=32 states=1498 -> 1669
[DP-fwdX] L=48 states=5868 -> 6217
[DP-fwdX] L=64 states=11067 -> 11258
[DP-bwdX] L=144 states=1 -> 1
[DP-bwdX] L=128 states=136 -> 163
[DP-bwdX] L=112 states=1498 -> 1669
[DP-bwdX] L=96 states=5868 -> 6217
[DP-bwdX] L=80 states=11067 -> 11258
[DP-fwdX] L=0 states=1 -> 1
[DP-fwdX] L=16 states=136 -> 163
[DP-fwdX] L=32 states=1498 -> 1669
[DP-bwdX] L=64 states=20 -> 26
[DP-bwdX] L=48 states=382 -> 415
[DP-fwdX] L=0 states=1 -> 1
[DP-fwdX] L=16 states=136 -> 163
[DP-bwdX] L=32 states=5 -> 7
[DP-fwdX] L=0 states=1 -> 1
[DP-bwdX] L=16 states=2 -> 3
[DP-fwdX] L=0 states=1 -> 1
[DP-fwdX] L=0 states=1 -> 1
[DP-fwdX] L=0 states=1 -> 1
[DP-bwdX] L=16 states=2 -> 3
[DP-bwdX] L=16 states=2 -> 3
[DP-fwdX] L=16 states=1 -> 2
[DP-bwdX] L=32 states=5 -> 7
[DP-bwdX] L=32 states=5 -> 7
[DP-fwdX] L=32 states=2 -> 3
[DP-fwdX] L=48 states=58 -> 71
[DP-bwdX] L=64 states=20 -> 26
[DP-bwdX] L=48 states=11 -> 14
[DP-fwdX] L=48 states=7 -> 10
[DP-bwdX] L=48 states=2 -> 3
[DP-bwdX] L=64 states=20 -> 26
[DP-fwdX] L=64 states=2 -> 4
[DP-fwdX] L=64 states=2 -> 4
[DP-fwdX] L=80 states=20 -> 26
[DP-fwdX] L=96 states=382 -> 415
[DP-bwdX] L=144 states=1 -> 1
[DP-bwdX] L=128 states=136 -> 163
[DP-bwdX] L=112 states=1498 -> 1669
[DP-fwdX] L=80 states=20 -> 26
[DP-bwdX] L=96 states=58 -> 71
[DP-fwdX] L=80 states=20 -> 26
[DP-bwdX] L=80 states=2 -> 4
[DP-bwdX] L=80 states=2 -> 4
[DP-bwdX] L=80 states=2 -> 4
[DP-fwdX] L=96 states=11 -> 14
[DP-bwdX] L=96 states=7 -> 10
[DP-bwdX] L=96 states=1 -> 1
[DP-fwdX] L=96 states=1 -> 1
[DP-fwdX] L=112 states=5 -> 7
[DP-bwdX] L=144 states=1 -> 1
[DP-bwdX] L=128 states=136 -> 163
[DP-fwdX] L=112 states=5 -> 7
[DP-bwdX] L=112 states=1 -> 2
[DP-bwdX] L=112 states=1 -> 2
[DP-fwdX] L=112 states=1 -> 2
[DP-fwdX] L=112 states=1 -> 2
[DP-fwdX] L=128 states=2 -> 3
[DP-bwdX] L=144 states=1 -> 1
[DP-fwdX] L=128 states=2 -> 3
[DP-bwdX] L=128 states=1 -> 2
[DP-fwdX] L=128 states=1 -> 2
[DP-bwdX] L=144 states=1 -> 1
[DP-bwdX] L=144 states=1 -> 1
[DP-bwdX] L=144 states=1 -> 1
[DP-bwdX] L=144 states=1 -> 1
  [Round 16] T_prime=9  T_target=9  HPWL_w=966522  HPWL_eq=938  maxL=10  WNS(T')=-1  WNS*(T)=-1  picked=4  solve_ms=337.491
[OC-Shortest/pow2] m=24 h=6 SEG=3 bits=72 words=2 threads=24
[DP-fwdX] L=0 states=1 -> 1
[DP-fwdX] L=16 states=136 -> 163
[DP-fwdX] L=32 states=1498 -> 1669
[DP-fwdX] L=48 states=5868 -> 6217
[DP-fwdX] L=64 states=11067 -> 11258
[DP-bwdX] L=144 states=1 -> 1
[DP-bwdX] L=128 states=136 -> 163
[DP-bwdX] L=112 states=1498 -> 1669
[DP-bwdX] L=96 states=5868 -> 6217
[DP-bwdX] L=80 states=11067 -> 11258
[DP-fwdX] L=0 states=1 -> 1
[DP-fwdX] L=16 states=136 -> 163
[DP-fwdX] L=32 states=1498 -> 1669
[DP-bwdX] L=64 states=20 -> 26
[DP-bwdX] L=48 states=382 -> 415
[DP-fwdX] L=0 states=1 -> 1
[DP-fwdX] L=16 states=136 -> 163
[DP-bwdX] L=32 states=5 -> 7
[DP-fwdX] L=0 states=1 -> 1
[DP-bwdX] L=16 states=2 -> 3
[DP-fwdX] L=0 states=1 -> 1
[DP-fwdX] L=0 states=1 -> 1
[DP-fwdX] L=0 states=1 -> 1
[DP-bwdX] L=16 states=2 -> 3
[DP-bwdX] L=16 states=2 -> 3
[DP-fwdX] L=16 states=1 -> 2
[DP-bwdX] L=32 states=5 -> 7
[DP-bwdX] L=32 states=5 -> 7
[DP-fwdX] L=32 states=2 -> 3
[DP-fwdX] L=48 states=58 -> 71
[DP-bwdX] L=64 states=20 -> 26
[DP-bwdX] L=48 states=11 -> 14
[DP-fwdX] L=48 states=7 -> 10
[DP-bwdX] L=48 states=2 -> 3
[DP-bwdX] L=64 states=20 -> 26
[DP-fwdX] L=64 states=2 -> 4
[DP-fwdX] L=64 states=2 -> 4
[DP-fwdX] L=80 states=20 -> 26
[DP-fwdX] L=96 states=382 -> 415
[DP-bwdX] L=144 states=1 -> 1
[DP-bwdX] L=128 states=136 -> 163
[DP-bwdX] L=112 states=1498 -> 1669
[DP-fwdX] L=80 states=20 -> 26
[DP-bwdX] L=96 states=58 -> 71
[DP-fwdX] L=80 states=20 -> 26
[DP-bwdX] L=80 states=2 -> 4
[DP-bwdX] L=80 states=2 -> 4
[DP-bwdX] L=80 states=2 -> 4
[DP-fwdX] L=96 states=11 -> 14
[DP-bwdX] L=96 states=7 -> 10
[DP-bwdX] L=96 states=1 -> 1
[DP-fwdX] L=96 states=1 -> 1
[DP-fwdX] L=112 states=5 -> 7
[DP-bwdX] L=144 states=1 -> 1
[DP-bwdX] L=128 states=136 -> 163
[DP-fwdX] L=112 states=5 -> 7
[DP-bwdX] L=112 states=1 -> 2
[DP-bwdX] L=112 states=1 -> 2
[DP-fwdX] L=112 states=1 -> 2
[DP-fwdX] L=112 states=1 -> 2
[DP-fwdX] L=128 states=2 -> 3
[DP-bwdX] L=144 states=1 -> 1
[DP-fwdX] L=128 states=2 -> 3
[DP-bwdX] L=128 states=1 -> 2
[DP-fwdX] L=128 states=1 -> 2
[DP-bwdX] L=144 states=1 -> 1
[DP-bwdX] L=144 states=1 -> 1
[DP-bwdX] L=144 states=1 -> 1
[DP-bwdX] L=144 states=1 -> 1
  [Round 17] T_prime=9  T_target=9  HPWL_w=968182  HPWL_eq=946  maxL=14  WNS(T')=-5  WNS*(T)=-5  picked=4  solve_ms=333.002
[OC-Shortest/pow2] m=24 h=6 SEG=3 bits=72 words=2 threads=24
[DP-fwdX] L=0 states=1 -> 1
[DP-fwdX] L=16 states=136 -> 163
[DP-fwdX] L=32 states=1498 -> 1669
[DP-fwdX] L=48 states=5868 -> 6217
[DP-fwdX] L=64 states=11067 -> 11258
[DP-bwdX] L=144 states=1 -> 1
[DP-bwdX] L=128 states=136 -> 163
[DP-bwdX] L=112 states=1498 -> 1669
[DP-bwdX] L=96 states=5868 -> 6217
[DP-bwdX] L=80 states=11067 -> 11258
[DP-fwdX] L=0 states=1 -> 1
[DP-fwdX] L=16 states=136 -> 163
[DP-fwdX] L=32 states=1498 -> 1669
[DP-bwdX] L=64 states=20 -> 26
[DP-bwdX] L=48 states=382 -> 415
[DP-fwdX] L=0 states=1 -> 1
[DP-fwdX] L=16 states=136 -> 163
[DP-bwdX] L=32 states=5 -> 7
[DP-fwdX] L=0 states=1 -> 1
[DP-bwdX] L=16 states=5 -> 8
[DP-fwdX] L=0 states=1 -> 1
[DP-fwdX] L=0 states=1 -> 1
[DP-fwdX] L=0 states=1 -> 1
[DP-bwdX] L=16 states=5 -> 8
[DP-bwdX] L=16 states=5 -> 8
[DP-fwdX] L=16 states=1 -> 3
[DP-bwdX] L=32 states=5 -> 7
[DP-bwdX] L=32 states=5 -> 7
[DP-fwdX] L=32 states=2 -> 3
[DP-fwdX] L=48 states=58 -> 71
[DP-bwdX] L=64 states=20 -> 26
[DP-bwdX] L=48 states=11 -> 14
[DP-fwdX] L=48 states=7 -> 10
[DP-bwdX] L=48 states=2 -> 3
[DP-bwdX] L=64 states=20 -> 26
[DP-fwdX] L=64 states=2 -> 4
[DP-fwdX] L=64 states=2 -> 4
[DP-fwdX] L=80 states=20 -> 26
[DP-fwdX] L=96 states=382 -> 415
[DP-bwdX] L=144 states=1 -> 1
[DP-bwdX] L=128 states=136 -> 163
[DP-bwdX] L=112 states=1498 -> 1669
[DP-fwdX] L=80 states=20 -> 26
[DP-bwdX] L=96 states=58 -> 71
[DP-fwdX] L=80 states=20 -> 26
[DP-bwdX] L=80 states=2 -> 4
[DP-bwdX] L=80 states=2 -> 4
[DP-bwdX] L=80 states=2 -> 4
[DP-fwdX] L=96 states=11 -> 14
[DP-bwdX] L=96 states=7 -> 10
[DP-bwdX] L=96 states=1 -> 1
[DP-fwdX] L=96 states=1 -> 1
[DP-fwdX] L=112 states=5 -> 7
[DP-bwdX] L=144 states=1 -> 1
[DP-bwdX] L=128 states=136 -> 163
[DP-fwdX] L=112 states=5 -> 7
[DP-bwdX] L=112 states=1 -> 2
[DP-bwdX] L=112 states=1 -> 2
[DP-fwdX] L=112 states=1 -> 2
[DP-fwdX] L=112 states=1 -> 2
[DP-fwdX] L=128 states=5 -> 8
[DP-bwdX] L=144 states=1 -> 1
[DP-fwdX] L=128 states=5 -> 8
[DP-bwdX] L=128 states=1 -> 3
[DP-fwdX] L=128 states=1 -> 2
[DP-bwdX] L=144 states=1 -> 1
[DP-bwdX] L=144 states=1 -> 1
[DP-bwdX] L=144 states=1 -> 1
[DP-bwdX] L=144 states=1 -> 1
  [Round 18] T_prime=9  T_target=9  HPWL_w=972127  HPWL_eq=964  maxL=18  WNS(T')=-9  WNS*(T)=-9  picked=8  solve_ms=336.864
[OC-Shortest/pow2] m=24 h=6 SEG=3 bits=72 words=2 threads=24
[DP-fwdX] L=0 states=1 -> 1
[DP-fwdX] L=16 states=136 -> 163
[DP-fwdX] L=32 states=1498 -> 1669
[DP-fwdX] L=48 states=5868 -> 6217
[DP-fwdX] L=64 states=11067 -> 11258
[DP-bwdX] L=144 states=1 -> 1
[DP-bwdX] L=128 states=136 -> 163
[DP-bwdX] L=112 states=1498 -> 1669
[DP-bwdX] L=96 states=5868 -> 6217
[DP-bwdX] L=80 states=11067 -> 11258
[DP-fwdX] L=0 states=1 -> 1
[DP-fwdX] L=16 states=136 -> 163
[DP-fwdX] L=32 states=1498 -> 1669
[DP-bwdX] L=64 states=20 -> 26
[DP-bwdX] L=48 states=382 -> 415
[DP-fwdX] L=0 states=1 -> 1
[DP-fwdX] L=16 states=136 -> 163
[DP-bwdX] L=32 states=5 -> 7
[DP-fwdX] L=0 states=1 -> 1
[DP-bwdX] L=16 states=2 -> 3
[DP-fwdX] L=0 states=1 -> 1
[DP-fwdX] L=0 states=1 -> 1
[DP-fwdX] L=0 states=1 -> 1
[DP-bwdX] L=16 states=2 -> 3
[DP-bwdX] L=16 states=2 -> 3
[DP-fwdX] L=16 states=1 -> 2
[DP-bwdX] L=32 states=5 -> 7
[DP-bwdX] L=32 states=5 -> 7
[DP-fwdX] L=32 states=2 -> 3
[DP-fwdX] L=48 states=58 -> 71
[DP-bwdX] L=64 states=20 -> 26
[DP-bwdX] L=48 states=11 -> 14
[DP-fwdX] L=48 states=7 -> 10
[DP-bwdX] L=48 states=2 -> 3
[DP-bwdX] L=64 states=20 -> 26
[DP-fwdX] L=64 states=2 -> 4
[DP-fwdX] L=64 states=2 -> 4
[DP-fwdX] L=80 states=20 -> 26
[DP-fwdX] L=96 states=382 -> 415
[DP-bwdX] L=144 states=1 -> 1
[DP-bwdX] L=128 states=136 -> 163
[DP-bwdX] L=112 states=1498 -> 1669
[DP-fwdX] L=80 states=20 -> 26
[DP-bwdX] L=96 states=58 -> 71
[DP-fwdX] L=80 states=20 -> 26
[DP-bwdX] L=80 states=2 -> 4
[DP-bwdX] L=80 states=2 -> 4
[DP-bwdX] L=80 states=2 -> 4
[DP-fwdX] L=96 states=11 -> 14
[DP-bwdX] L=96 states=7 -> 10
[DP-bwdX] L=96 states=1 -> 1
[DP-fwdX] L=96 states=1 -> 1
[DP-fwdX] L=112 states=5 -> 7
[DP-bwdX] L=144 states=1 -> 1
[DP-bwdX] L=128 states=136 -> 163
[DP-fwdX] L=112 states=5 -> 7
[DP-bwdX] L=112 states=1 -> 2
[DP-bwdX] L=112 states=1 -> 2
[DP-fwdX] L=112 states=1 -> 2
[DP-fwdX] L=112 states=1 -> 2
[DP-fwdX] L=128 states=2 -> 3
[DP-bwdX] L=144 states=1 -> 1
[DP-fwdX] L=128 states=2 -> 3
[DP-bwdX] L=128 states=1 -> 2
[DP-fwdX] L=128 states=1 -> 2
[DP-bwdX] L=144 states=1 -> 1
[DP-bwdX] L=144 states=1 -> 1
[DP-bwdX] L=144 states=1 -> 1
[DP-bwdX] L=144 states=1 -> 1
  [Round 19] T_prime=9  T_target=9  HPWL_w=973732  HPWL_eq=940  maxL=9  WNS(T')=0  WNS*(T)=0  picked=0  solve_ms=336.083
  [TD] reach target: all edges <= T_target.
[Policy] wrote placement to: placement24_Col_1_T_9.txt
[MultiCol] moved base placement to: ./base_placement_24x6_T_9.txt
[MultiCol] parsed base Y entries: 144 (expect 144)
[MultiCol] wrote multi-col placement: placement24_Col_4_T_9.txt
[MultiCol] final placement: placement24_Col_4_T_9.txt
