+ build/oc_singlecol 16 16 --rounds=200 --dV=1 --T=18 --pow2=1 --progress=1 --wH wH_unit.txt --wV wV_unit.txt
[SingleCol-TD] m=16 h=16 N=256  rounds=200  dV=1  T=18  alpha=0.5 eta=0.5 top=0.1  pow2=1
[OC-Shortest/pow2] m=16 h=16 SEG=5 bits=80 words=2 threads=24
[DP-fwdX] L=0 states=1 -> 1
[DP-fwdX] L=16 states=231 -> 295
[DP-fwdX] L=32 states=6981 -> 8314
[DP-fwdX] L=48 states=80262 -> 91321
[DP-fwdX] L=64 states=487842 -> 536612
[DP-fwdX] L=80 states=1812418 -> 1939144
[DP-fwdX] L=96 states=4442988 -> 4639561
[DP-fwdX] L=112 states=7499174 -> 7657405
[DP-bwdX] L=256 states=1 -> 1
[DP-bwdX] L=240 states=231 -> 295
[DP-bwdX] L=224 states=6981 -> 8314
[DP-bwdX] L=208 states=80262 -> 91321
[DP-bwdX] L=192 states=487842 -> 536612
[DP-bwdX] L=176 states=1812418 -> 1939144
[DP-bwdX] L=160 states=4442988 -> 4639561
[DP-bwdX] L=144 states=7499174 -> 7657405
[DP-fwdX] L=0 states=1 -> 1
[DP-fwdX] L=16 states=231 -> 295
[DP-fwdX] L=32 states=6981 -> 8314
[DP-fwdX] L=48 states=80262 -> 91321
[DP-bwdX] L=128 states=1 -> 1
[DP-bwdX] L=112 states=186 -> 229
[DP-bwdX] L=96 states=2755 -> 3100
[DP-bwdX] L=80 states=11271 -> 11887
[DP-fwdX] L=0 states=1 -> 1
[DP-fwdX] L=16 states=231 -> 295
[DP-bwdX] L=64 states=1 -> 2
[DP-bwdX] L=48 states=112 -> 129
[DP-fwdX] L=0 states=1 -> 1
[DP-bwdX] L=32 states=1 -> 2
[DP-fwdX] L=0 states=1 -> 1
[DP-bwdX] L=16 states=1 -> 1
[DP-fwdX] L=0 states=1 -> 1
[DP-fwdX] L=0 states=1 -> 1
[DP-fwdX] L=0 states=1 -> 1
[DP-bwdX] L=16 states=1 -> 1
[DP-bwdX] L=16 states=1 -> 1
[DP-bwdX] L=16 states=1 -> 1
[DP-fwdX] L=16 states=1 -> 2
[DP-bwdX] L=32 states=1 -> 2
[DP-fwdX] L=16 states=1 -> 2
[DP-fwdX] L=16 states=1 -> 2
[DP-fwdX] L=16 states=1 -> 2
[DP-bwdX] L=32 states=1 -> 2
[DP-bwdX] L=32 states=1 -> 2
[DP-bwdX] L=32 states=1 -> 2
[DP-fwdX] L=32 states=1 -> 3
[DP-bwdX] L=64 states=1 -> 2
[DP-fwdX] L=32 states=1 -> 3
[DP-bwdX] L=48 states=1 -> 2
[DP-fwdX] L=32 states=1 -> 3
[DP-fwdX] L=32 states=1 -> 3
[DP-fwdX] L=32 states=1 -> 3
[DP-bwdX] L=48 states=1 -> 2
[DP-bwdX] L=48 states=1 -> 2
[DP-bwdX] L=48 states=1 -> 2
[DP-fwdX] L=48 states=1 -> 3
[DP-bwdX] L=64 states=1 -> 2
[DP-fwdX] L=48 states=1 -> 3
[DP-fwdX] L=48 states=1 -> 3
[DP-fwdX] L=48 states=1 -> 3
[DP-bwdX] L=64 states=1 -> 2
[DP-bwdX] L=64 states=1 -> 2
[DP-bwdX] L=64 states=1 -> 2
[DP-fwdX] L=64 states=1 -> 3
[DP-fwdX] L=80 states=3649 -> 4857
[DP-bwdX] L=128 states=1 -> 1
[DP-bwdX] L=112 states=186 -> 229
[DP-fwdX] L=64 states=1 -> 3
[DP-bwdX] L=96 states=1 -> 1
[DP-fwdX] L=64 states=1 -> 3
[DP-bwdX] L=80 states=1 -> 1
[DP-fwdX] L=64 states=1 -> 3
[DP-fwdX] L=64 states=1 -> 3
[DP-fwdX] L=64 states=1 -> 3
[DP-bwdX] L=80 states=1 -> 1
[DP-bwdX] L=80 states=1 -> 1
[DP-bwdX] L=80 states=1 -> 1
[DP-fwdX] L=80 states=1 -> 1
[DP-bwdX] L=96 states=1 -> 1
[DP-fwdX] L=80 states=1 -> 1
[DP-fwdX] L=80 states=1 -> 1
[DP-fwdX] L=80 states=1 -> 1
[DP-bwdX] L=96 states=1 -> 1
[DP-bwdX] L=96 states=1 -> 1
[DP-bwdX] L=96 states=1 -> 1
[DP-fwdX] L=96 states=1 -> 1
[DP-bwdX] L=128 states=1 -> 1
[DP-fwdX] L=96 states=1 -> 1
[DP-bwdX] L=112 states=1 -> 1
[DP-fwdX] L=96 states=1 -> 1
[DP-fwdX] L=96 states=1 -> 1
[DP-fwdX] L=96 states=1 -> 1
[DP-bwdX] L=112 states=1 -> 1
[DP-bwdX] L=112 states=1 -> 1
[DP-bwdX] L=112 states=1 -> 1
[DP-fwdX] L=112 states=1 -> 1
[DP-bwdX] L=128 states=1 -> 1
[DP-fwdX] L=112 states=1 -> 1
[DP-fwdX] L=112 states=1 -> 1
[DP-fwdX] L=112 states=1 -> 1
[DP-bwdX] L=128 states=1 -> 1
[DP-bwdX] L=128 states=1 -> 1
[DP-bwdX] L=128 states=1 -> 1
[DP-fwdX] L=128 states=1 -> 1
[DP-fwdX] L=144 states=186 -> 229
[DP-fwdX] L=160 states=2755 -> 3100
[DP-fwdX] L=176 states=11271 -> 11887
[DP-bwdX] L=256 states=1 -> 1
[DP-bwdX] L=240 states=231 -> 295
[DP-bwdX] L=224 states=6981 -> 8314
[DP-bwdX] L=208 states=80262 -> 91321
[DP-fwdX] L=128 states=1 -> 1
[DP-fwdX] L=144 states=186 -> 229
[DP-bwdX] L=192 states=1 -> 4
[DP-bwdX] L=176 states=5552 -> 7358
[DP-fwdX] L=128 states=1 -> 1
[DP-bwdX] L=160 states=1 -> 1
[DP-fwdX] L=128 states=1 -> 1
[DP-bwdX] L=144 states=1 -> 1
[DP-fwdX] L=128 states=1 -> 1
[DP-fwdX] L=128 states=1 -> 1
[DP-fwdX] L=128 states=1 -> 1
[DP-bwdX] L=144 states=1 -> 1
[DP-bwdX] L=144 states=1 -> 1
[DP-bwdX] L=144 states=1 -> 1
[DP-fwdX] L=144 states=1 -> 1
[DP-bwdX] L=160 states=1 -> 1
[DP-fwdX] L=144 states=1 -> 1
[DP-fwdX] L=144 states=1 -> 1
[DP-fwdX] L=144 states=1 -> 1
[DP-bwdX] L=160 states=1 -> 1
[DP-bwdX] L=160 states=1 -> 1
[DP-bwdX] L=160 states=1 -> 1
[DP-fwdX] L=160 states=1 -> 1
[DP-bwdX] L=192 states=1 -> 4
[DP-fwdX] L=160 states=1 -> 1
[DP-bwdX] L=176 states=1 -> 1
[DP-fwdX] L=160 states=1 -> 1
[DP-fwdX] L=160 states=1 -> 1
[DP-fwdX] L=160 states=1 -> 1
[DP-bwdX] L=176 states=1 -> 1
[DP-bwdX] L=176 states=1 -> 1
[DP-bwdX] L=176 states=1 -> 1
[DP-fwdX] L=176 states=1 -> 1
[DP-bwdX] L=192 states=1 -> 4
[DP-fwdX] L=176 states=1 -> 1
[DP-fwdX] L=176 states=1 -> 1
[DP-fwdX] L=176 states=1 -> 1
[DP-bwdX] L=192 states=1 -> 4
[DP-bwdX] L=192 states=1 -> 4
[DP-bwdX] L=192 states=1 -> 4
[DP-fwdX] L=192 states=1 -> 3
[DP-fwdX] L=208 states=185 -> 207
[DP-bwdX] L=256 states=1 -> 1
[DP-bwdX] L=240 states=231 -> 295
[DP-fwdX] L=192 states=1 -> 3
[DP-bwdX] L=224 states=1 -> 3
[DP-fwdX] L=192 states=1 -> 3
[DP-bwdX] L=208 states=1 -> 3
[DP-fwdX] L=192 states=1 -> 3
[DP-fwdX] L=192 states=1 -> 3
[DP-fwdX] L=192 states=1 -> 3
[DP-bwdX] L=208 states=1 -> 3
[DP-bwdX] L=208 states=1 -> 3
[DP-bwdX] L=208 states=1 -> 3
[DP-fwdX] L=208 states=1 -> 2
[DP-bwdX] L=224 states=1 -> 3
[DP-fwdX] L=208 states=1 -> 2
[DP-fwdX] L=208 states=1 -> 2
[DP-fwdX] L=208 states=1 -> 2
[DP-bwdX] L=224 states=1 -> 3
[DP-bwdX] L=224 states=1 -> 3
[DP-bwdX] L=224 states=1 -> 3
[DP-fwdX] L=224 states=1 -> 2
[DP-bwdX] L=256 states=1 -> 1
[DP-fwdX] L=224 states=1 -> 2
[DP-bwdX] L=240 states=1 -> 2
[DP-fwdX] L=224 states=1 -> 2
[DP-fwdX] L=224 states=1 -> 2
[DP-fwdX] L=224 states=1 -> 2
[DP-bwdX] L=240 states=1 -> 2
[DP-bwdX] L=240 states=1 -> 2
[DP-bwdX] L=240 states=1 -> 2
[DP-fwdX] L=240 states=1 -> 1
[DP-bwdX] L=256 states=1 -> 1
[DP-fwdX] L=240 states=1 -> 1
[DP-fwdX] L=240 states=1 -> 1
[DP-fwdX] L=240 states=1 -> 1
[DP-bwdX] L=256 states=1 -> 1
[DP-bwdX] L=256 states=1 -> 1
[DP-bwdX] L=256 states=1 -> 1
  [Round 1] solve_ms=447816  HPWL_w=3680000  HPWL_eq=3680  report=3680000
  [Updt] WNS=-46  TNS=789  maxL=64  picked=2
[OC-Shortest/pow2] m=16 h=16 SEG=5 bits=80 words=2 threads=24
[DP-fwdX] L=0 states=1 -> 1
[DP-fwdX] L=16 states=231 -> 295
[DP-fwdX] L=32 states=6981 -> 8314
[DP-fwdX] L=48 states=80262 -> 91321
[DP-fwdX] L=64 states=487842 -> 536612
[DP-fwdX] L=80 states=1812418 -> 1939144
[DP-fwdX] L=96 states=4442988 -> 4639561
[DP-fwdX] L=112 states=7499174 -> 7657405
[DP-bwdX] L=256 states=1 -> 1
[DP-bwdX] L=240 states=231 -> 295
[DP-bwdX] L=224 states=6981 -> 8314
[DP-bwdX] L=208 states=80262 -> 91321
[DP-bwdX] L=192 states=487842 -> 536612
[DP-bwdX] L=176 states=1812418 -> 1939144
[DP-bwdX] L=160 states=4442988 -> 4639561
[DP-bwdX] L=144 states=7499174 -> 7657405
[DP-fwdX] L=0 states=1 -> 1
[DP-fwdX] L=16 states=231 -> 295
[DP-fwdX] L=32 states=6981 -> 8314
[DP-fwdX] L=48 states=80262 -> 91321
[DP-bwdX] L=128 states=1 -> 1
[DP-bwdX] L=112 states=186 -> 229
[DP-bwdX] L=96 states=2755 -> 3100
[DP-bwdX] L=80 states=11271 -> 11887
[DP-fwdX] L=0 states=1 -> 1
[DP-fwdX] L=16 states=231 -> 295
[DP-bwdX] L=64 states=1 -> 4
[DP-bwdX] L=48 states=213 -> 235
[DP-fwdX] L=0 states=1 -> 1
[DP-bwdX] L=32 states=1 -> 2
[DP-fwdX] L=0 states=1 -> 1
[DP-bwdX] L=16 states=1 -> 1
[DP-fwdX] L=0 states=1 -> 1
[DP-fwdX] L=0 states=1 -> 1
[DP-fwdX] L=0 states=1 -> 1
[DP-bwdX] L=16 states=1 -> 1
[DP-bwdX] L=16 states=1 -> 1
[DP-bwdX] L=16 states=1 -> 1
[DP-fwdX] L=16 states=1 -> 2
[DP-bwdX] L=32 states=1 -> 2
[DP-fwdX] L=16 states=1 -> 2
[DP-fwdX] L=16 states=1 -> 2
[DP-fwdX] L=16 states=1 -> 2
[DP-bwdX] L=32 states=1 -> 2
[DP-bwdX] L=32 states=1 -> 2
[DP-bwdX] L=32 states=1 -> 2
[DP-fwdX] L=32 states=1 -> 3
[DP-bwdX] L=64 states=1 -> 4
[DP-fwdX] L=32 states=1 -> 3
[DP-bwdX] L=48 states=1 -> 2
[DP-fwdX] L=32 states=1 -> 3
[DP-fwdX] L=32 states=1 -> 3
[DP-fwdX] L=32 states=1 -> 3
[DP-bwdX] L=48 states=1 -> 2
[DP-bwdX] L=48 states=1 -> 2
[DP-bwdX] L=48 states=1 -> 2
[DP-fwdX] L=48 states=1 -> 3
[DP-bwdX] L=64 states=1 -> 4
[DP-fwdX] L=48 states=1 -> 3
[DP-fwdX] L=48 states=1 -> 3
[DP-fwdX] L=48 states=1 -> 3
[DP-bwdX] L=64 states=1 -> 4
[DP-bwdX] L=64 states=1 -> 4
[DP-bwdX] L=64 states=1 -> 4
[DP-fwdX] L=64 states=1 -> 5
[DP-fwdX] L=80 states=7220 -> 9542
[DP-bwdX] L=128 states=1 -> 1
[DP-bwdX] L=112 states=186 -> 229
[DP-fwdX] L=64 states=1 -> 5
[DP-bwdX] L=96 states=1 -> 1
[DP-fwdX] L=64 states=1 -> 5
[DP-bwdX] L=80 states=1 -> 1
[DP-fwdX] L=64 states=1 -> 5
[DP-fwdX] L=64 states=1 -> 5
[DP-fwdX] L=64 states=1 -> 5
[DP-bwdX] L=80 states=1 -> 1
[DP-bwdX] L=80 states=1 -> 1
[DP-bwdX] L=80 states=1 -> 1
[DP-fwdX] L=80 states=1 -> 1
[DP-bwdX] L=96 states=1 -> 1
[DP-fwdX] L=80 states=1 -> 1
[DP-fwdX] L=80 states=1 -> 1
[DP-fwdX] L=80 states=1 -> 1
[DP-bwdX] L=96 states=1 -> 1
[DP-bwdX] L=96 states=1 -> 1
[DP-bwdX] L=96 states=1 -> 1
[DP-fwdX] L=96 states=1 -> 1
[DP-bwdX] L=128 states=1 -> 1
[DP-fwdX] L=96 states=1 -> 1
[DP-bwdX] L=112 states=1 -> 1
[DP-fwdX] L=96 states=1 -> 1
[DP-fwdX] L=96 states=1 -> 1
[DP-fwdX] L=96 states=1 -> 1
[DP-bwdX] L=112 states=1 -> 1
[DP-bwdX] L=112 states=1 -> 1
[DP-bwdX] L=112 states=1 -> 1
[DP-fwdX] L=112 states=1 -> 1
[DP-bwdX] L=128 states=1 -> 1
[DP-fwdX] L=112 states=1 -> 1
[DP-fwdX] L=112 states=1 -> 1
[DP-fwdX] L=112 states=1 -> 1
[DP-bwdX] L=128 states=1 -> 1
[DP-bwdX] L=128 states=1 -> 1
[DP-bwdX] L=128 states=1 -> 1
[DP-fwdX] L=128 states=1 -> 1
[DP-fwdX] L=144 states=186 -> 229
[DP-fwdX] L=160 states=2755 -> 3100
[DP-fwdX] L=176 states=11271 -> 11887
[DP-bwdX] L=256 states=1 -> 1
[DP-bwdX] L=240 states=231 -> 295
[DP-bwdX] L=224 states=6981 -> 8314
[DP-bwdX] L=208 states=80262 -> 91321
[DP-fwdX] L=128 states=1 -> 1
[DP-fwdX] L=144 states=186 -> 229
[DP-bwdX] L=192 states=1 -> 3
[DP-bwdX] L=176 states=3649 -> 4857
[DP-fwdX] L=128 states=1 -> 1
[DP-bwdX] L=160 states=1 -> 1
[DP-fwdX] L=128 states=1 -> 1
[DP-bwdX] L=144 states=1 -> 1
[DP-fwdX] L=128 states=1 -> 1
[DP-fwdX] L=128 states=1 -> 1
[DP-fwdX] L=128 states=1 -> 1
[DP-bwdX] L=144 states=1 -> 1
[DP-bwdX] L=144 states=1 -> 1
[DP-bwdX] L=144 states=1 -> 1
[DP-fwdX] L=144 states=1 -> 1
[DP-bwdX] L=160 states=1 -> 1
[DP-fwdX] L=144 states=1 -> 1
[DP-fwdX] L=144 states=1 -> 1
[DP-fwdX] L=144 states=1 -> 1
[DP-bwdX] L=160 states=1 -> 1
[DP-bwdX] L=160 states=1 -> 1
[DP-bwdX] L=160 states=1 -> 1
[DP-fwdX] L=160 states=1 -> 1
[DP-bwdX] L=192 states=1 -> 3
[DP-fwdX] L=160 states=1 -> 1
[DP-bwdX] L=176 states=1 -> 1
[DP-fwdX] L=160 states=1 -> 1
[DP-fwdX] L=160 states=1 -> 1
[DP-fwdX] L=160 states=1 -> 1
[DP-bwdX] L=176 states=1 -> 1
[DP-bwdX] L=176 states=1 -> 1
[DP-bwdX] L=176 states=1 -> 1
[DP-fwdX] L=176 states=1 -> 1
[DP-bwdX] L=192 states=1 -> 3
[DP-fwdX] L=176 states=1 -> 1
[DP-fwdX] L=176 states=1 -> 1
[DP-fwdX] L=176 states=1 -> 1
[DP-bwdX] L=192 states=1 -> 3
[DP-bwdX] L=192 states=1 -> 3
[DP-bwdX] L=192 states=1 -> 3
[DP-fwdX] L=192 states=1 -> 2
[DP-fwdX] L=208 states=112 -> 129
[DP-bwdX] L=256 states=1 -> 1
[DP-bwdX] L=240 states=231 -> 295
[DP-fwdX] L=192 states=1 -> 2
[DP-bwdX] L=224 states=1 -> 3
[DP-fwdX] L=192 states=1 -> 2
[DP-bwdX] L=208 states=1 -> 3
[DP-fwdX] L=192 states=1 -> 2
[DP-fwdX] L=192 states=1 -> 2
[DP-fwdX] L=192 states=1 -> 2
[DP-bwdX] L=208 states=1 -> 3
[DP-bwdX] L=208 states=1 -> 3
[DP-bwdX] L=208 states=1 -> 3
[DP-fwdX] L=208 states=1 -> 2
[DP-bwdX] L=224 states=1 -> 3
[DP-fwdX] L=208 states=1 -> 2
[DP-fwdX] L=208 states=1 -> 2
[DP-fwdX] L=208 states=1 -> 2
[DP-bwdX] L=224 states=1 -> 3
[DP-bwdX] L=224 states=1 -> 3
[DP-bwdX] L=224 states=1 -> 3
[DP-fwdX] L=224 states=1 -> 2
[DP-bwdX] L=256 states=1 -> 1
[DP-fwdX] L=224 states=1 -> 2
[DP-bwdX] L=240 states=1 -> 2
[DP-fwdX] L=224 states=1 -> 2
[DP-fwdX] L=224 states=1 -> 2
[DP-fwdX] L=224 states=1 -> 2
[DP-bwdX] L=240 states=1 -> 2
[DP-bwdX] L=240 states=1 -> 2
[DP-bwdX] L=240 states=1 -> 2
[DP-fwdX] L=240 states=1 -> 1
[DP-bwdX] L=256 states=1 -> 1
[DP-fwdX] L=240 states=1 -> 1
[DP-fwdX] L=240 states=1 -> 1
[DP-fwdX] L=240 states=1 -> 1
[DP-bwdX] L=256 states=1 -> 1
[DP-bwdX] L=256 states=1 -> 1
[DP-bwdX] L=256 states=1 -> 1
  [Round 2] solve_ms=452665  HPWL_w=3684140  HPWL_eq=3680  report=3684140
  [Updt] WNS=-46  TNS=805  maxL=64  picked=2
[OC-Shortest/pow2] m=16 h=16 SEG=5 bits=80 words=2 threads=24
[DP-fwdX] L=0 states=1 -> 1
[DP-fwdX] L=16 states=231 -> 295
[DP-fwdX] L=32 states=6981 -> 8314
[DP-fwdX] L=48 states=80262 -> 91321
[DP-fwdX] L=64 states=487842 -> 536612
[DP-fwdX] L=80 states=1812418 -> 1939144
[DP-fwdX] L=96 states=4442988 -> 4639561
[DP-fwdX] L=112 states=7499174 -> 7657405
[DP-bwdX] L=256 states=1 -> 1
[DP-bwdX] L=240 states=231 -> 295
[DP-bwdX] L=224 states=6981 -> 8314
[DP-bwdX] L=208 states=80262 -> 91321
[DP-bwdX] L=192 states=487842 -> 536612
[DP-bwdX] L=176 states=1812418 -> 1939144
[DP-bwdX] L=160 states=4442988 -> 4639561
[DP-bwdX] L=144 states=7499174 -> 7657405
[DP-fwdX] L=0 states=1 -> 1
[DP-fwdX] L=16 states=231 -> 295
[DP-fwdX] L=32 states=6981 -> 8314
[DP-fwdX] L=48 states=80262 -> 91321
[DP-bwdX] L=128 states=1 -> 1
[DP-bwdX] L=112 states=186 -> 229
[DP-bwdX] L=96 states=2755 -> 3100
[DP-bwdX] L=80 states=11271 -> 11887
[DP-fwdX] L=0 states=1 -> 1
[DP-fwdX] L=16 states=231 -> 295
[DP-bwdX] L=64 states=1 -> 2
[DP-bwdX] L=48 states=170 -> 193
[DP-fwdX] L=0 states=1 -> 1
[DP-bwdX] L=32 states=1 -> 2
[DP-fwdX] L=0 states=1 -> 1
[DP-bwdX] L=16 states=1 -> 1
[DP-fwdX] L=0 states=1 -> 1
[DP-fwdX] L=0 states=1 -> 1
[DP-fwdX] L=0 states=1 -> 1
[DP-bwdX] L=16 states=1 -> 1
[DP-bwdX] L=16 states=1 -> 1
[DP-bwdX] L=16 states=1 -> 1
[DP-fwdX] L=16 states=1 -> 2
[DP-bwdX] L=32 states=1 -> 2
[DP-fwdX] L=16 states=1 -> 2
[DP-fwdX] L=16 states=1 -> 2
[DP-fwdX] L=16 states=1 -> 2
[DP-bwdX] L=32 states=1 -> 2
[DP-bwdX] L=32 states=1 -> 2
[DP-bwdX] L=32 states=1 -> 2
[DP-fwdX] L=32 states=1 -> 3
[DP-bwdX] L=64 states=1 -> 2
[DP-fwdX] L=32 states=1 -> 3
[DP-bwdX] L=48 states=1 -> 1
[DP-fwdX] L=32 states=1 -> 3
[DP-fwdX] L=32 states=1 -> 3
[DP-fwdX] L=32 states=1 -> 3
[DP-bwdX] L=48 states=1 -> 1
[DP-bwdX] L=48 states=1 -> 1
[DP-bwdX] L=48 states=1 -> 1
[DP-fwdX] L=48 states=1 -> 2
[DP-bwdX] L=64 states=1 -> 2
[DP-fwdX] L=48 states=1 -> 2
[DP-fwdX] L=48 states=1 -> 2
[DP-fwdX] L=48 states=1 -> 2
[DP-bwdX] L=64 states=1 -> 2
[DP-bwdX] L=64 states=1 -> 2
[DP-bwdX] L=64 states=1 -> 2
[DP-fwdX] L=64 states=1 -> 3
[DP-fwdX] L=80 states=7355 -> 10049
[DP-bwdX] L=128 states=1 -> 1
[DP-bwdX] L=112 states=186 -> 229
[DP-fwdX] L=64 states=1 -> 3
[DP-bwdX] L=96 states=1 -> 1
[DP-fwdX] L=64 states=1 -> 3
[DP-bwdX] L=80 states=1 -> 5
[DP-fwdX] L=64 states=1 -> 3
[DP-fwdX] L=64 states=1 -> 3
[DP-fwdX] L=64 states=1 -> 3
[DP-bwdX] L=80 states=1 -> 5
[DP-bwdX] L=80 states=1 -> 5
[DP-bwdX] L=80 states=1 -> 5
[DP-fwdX] L=80 states=1 -> 6
[DP-bwdX] L=96 states=1 -> 1
[DP-fwdX] L=80 states=1 -> 6
[DP-fwdX] L=80 states=1 -> 6
[DP-fwdX] L=80 states=1 -> 6
[DP-bwdX] L=96 states=1 -> 1
[DP-bwdX] L=96 states=1 -> 1
[DP-bwdX] L=96 states=1 -> 1
[DP-fwdX] L=96 states=1 -> 1
[DP-bwdX] L=128 states=1 -> 1
[DP-fwdX] L=96 states=1 -> 1
[DP-bwdX] L=112 states=1 -> 1
[DP-fwdX] L=96 states=1 -> 1
[DP-fwdX] L=96 states=1 -> 1
[DP-fwdX] L=96 states=1 -> 1
[DP-bwdX] L=112 states=1 -> 1
[DP-bwdX] L=112 states=1 -> 1
[DP-bwdX] L=112 states=1 -> 1
[DP-fwdX] L=112 states=1 -> 1
[DP-bwdX] L=128 states=1 -> 1
[DP-fwdX] L=112 states=1 -> 1
[DP-fwdX] L=112 states=1 -> 1
[DP-fwdX] L=112 states=1 -> 1
[DP-bwdX] L=128 states=1 -> 1
[DP-bwdX] L=128 states=1 -> 1
[DP-bwdX] L=128 states=1 -> 1
[DP-fwdX] L=128 states=1 -> 1
[DP-fwdX] L=144 states=186 -> 229
[DP-fwdX] L=160 states=2755 -> 3100
[DP-fwdX] L=176 states=11271 -> 11887
[DP-bwdX] L=256 states=1 -> 1
[DP-bwdX] L=240 states=231 -> 295
[DP-bwdX] L=224 states=6981 -> 8314
[DP-bwdX] L=208 states=80262 -> 91321
[DP-fwdX] L=128 states=1 -> 1
[DP-fwdX] L=144 states=186 -> 229
[DP-bwdX] L=192 states=1 -> 4
[DP-bwdX] L=176 states=5552 -> 7358
[DP-fwdX] L=128 states=1 -> 1
[DP-bwdX] L=160 states=1 -> 1
[DP-fwdX] L=128 states=1 -> 1
[DP-bwdX] L=144 states=1 -> 1
[DP-fwdX] L=128 states=1 -> 1
[DP-fwdX] L=128 states=1 -> 1
[DP-fwdX] L=128 states=1 -> 1
[DP-bwdX] L=144 states=1 -> 1
[DP-bwdX] L=144 states=1 -> 1
[DP-bwdX] L=144 states=1 -> 1
[DP-fwdX] L=144 states=1 -> 1
[DP-bwdX] L=160 states=1 -> 1
[DP-fwdX] L=144 states=1 -> 1
[DP-fwdX] L=144 states=1 -> 1
[DP-fwdX] L=144 states=1 -> 1
[DP-bwdX] L=160 states=1 -> 1
[DP-bwdX] L=160 states=1 -> 1
[DP-bwdX] L=160 states=1 -> 1
[DP-fwdX] L=160 states=1 -> 1
[DP-bwdX] L=192 states=1 -> 4
[DP-fwdX] L=160 states=1 -> 1
[DP-bwdX] L=176 states=1 -> 1
[DP-fwdX] L=160 states=1 -> 1
[DP-fwdX] L=160 states=1 -> 1
[DP-fwdX] L=160 states=1 -> 1
[DP-bwdX] L=176 states=1 -> 1
[DP-bwdX] L=176 states=1 -> 1
[DP-bwdX] L=176 states=1 -> 1
[DP-fwdX] L=176 states=1 -> 1
[DP-bwdX] L=192 states=1 -> 4
[DP-fwdX] L=176 states=1 -> 1
[DP-fwdX] L=176 states=1 -> 1
[DP-fwdX] L=176 states=1 -> 1
[DP-bwdX] L=192 states=1 -> 4
[DP-bwdX] L=192 states=1 -> 4
[DP-bwdX] L=192 states=1 -> 4
[DP-fwdX] L=192 states=1 -> 3
[DP-fwdX] L=208 states=185 -> 207
[DP-bwdX] L=256 states=1 -> 1
[DP-bwdX] L=240 states=231 -> 295
[DP-fwdX] L=192 states=1 -> 3
[DP-bwdX] L=224 states=1 -> 3
[DP-fwdX] L=192 states=1 -> 3
[DP-bwdX] L=208 states=1 -> 3
[DP-fwdX] L=192 states=1 -> 3
[DP-fwdX] L=192 states=1 -> 3
[DP-fwdX] L=192 states=1 -> 3
[DP-bwdX] L=208 states=1 -> 3
[DP-bwdX] L=208 states=1 -> 3
[DP-bwdX] L=208 states=1 -> 3
[DP-fwdX] L=208 states=1 -> 2
[DP-bwdX] L=224 states=1 -> 3
[DP-fwdX] L=208 states=1 -> 2
[DP-fwdX] L=208 states=1 -> 2
[DP-fwdX] L=208 states=1 -> 2
[DP-bwdX] L=224 states=1 -> 3
[DP-bwdX] L=224 states=1 -> 3
[DP-bwdX] L=224 states=1 -> 3
[DP-fwdX] L=224 states=1 -> 2
[DP-bwdX] L=256 states=1 -> 1
[DP-fwdX] L=224 states=1 -> 2
[DP-bwdX] L=240 states=1 -> 2
[DP-fwdX] L=224 states=1 -> 2
[DP-fwdX] L=224 states=1 -> 2
[DP-fwdX] L=224 states=1 -> 2
[DP-bwdX] L=240 states=1 -> 2
[DP-bwdX] L=240 states=1 -> 2
[DP-bwdX] L=240 states=1 -> 2
[DP-fwdX] L=240 states=1 -> 1
[DP-bwdX] L=256 states=1 -> 1
[DP-fwdX] L=240 states=1 -> 1
[DP-fwdX] L=240 states=1 -> 1
[DP-fwdX] L=240 states=1 -> 1
[DP-bwdX] L=256 states=1 -> 1
[DP-bwdX] L=256 states=1 -> 1
[DP-bwdX] L=256 states=1 -> 1
  [Round 3] solve_ms=446887  HPWL_w=3699020  HPWL_eq=3696  report=3699020
  [Updt] WNS=-61  TNS=876  maxL=79  picked=3
[OC-Shortest/pow2] m=16 h=16 SEG=5 bits=80 words=2 threads=24
[DP-fwdX] L=0 states=1 -> 1
[DP-fwdX] L=16 states=231 -> 295
[DP-fwdX] L=32 states=6981 -> 8314
[DP-fwdX] L=48 states=80262 -> 91321
[DP-fwdX] L=64 states=487842 -> 536612
[DP-fwdX] L=80 states=1812418 -> 1939144
[DP-fwdX] L=96 states=4442988 -> 4639561
[DP-fwdX] L=112 states=7499174 -> 7657405
[DP-bwdX] L=256 states=1 -> 1
[DP-bwdX] L=240 states=231 -> 295
[DP-bwdX] L=224 states=6981 -> 8314
[DP-bwdX] L=208 states=80262 -> 91321
[DP-bwdX] L=192 states=487842 -> 536612
[DP-bwdX] L=176 states=1812418 -> 1939144
[DP-bwdX] L=160 states=4442988 -> 4639561
[DP-bwdX] L=144 states=7499174 -> 7657405
[DP-fwdX] L=0 states=1 -> 1
[DP-fwdX] L=16 states=231 -> 295
[DP-fwdX] L=32 states=6981 -> 8314
[DP-fwdX] L=48 states=80262 -> 91321
[DP-bwdX] L=128 states=1 -> 1
[DP-bwdX] L=112 states=186 -> 229
[DP-bwdX] L=96 states=2755 -> 3100
[DP-bwdX] L=80 states=11271 -> 11887
[DP-fwdX] L=0 states=1 -> 1
[DP-fwdX] L=16 states=231 -> 295
[DP-bwdX] L=64 states=1 -> 4
[DP-bwdX] L=48 states=213 -> 235
[DP-fwdX] L=0 states=1 -> 1
[DP-bwdX] L=32 states=1 -> 3
[DP-fwdX] L=0 states=1 -> 1
[DP-bwdX] L=16 states=1 -> 1
[DP-fwdX] L=0 states=1 -> 1
[DP-fwdX] L=0 states=1 -> 1
[DP-fwdX] L=0 states=1 -> 1
[DP-bwdX] L=16 states=1 -> 1
[DP-bwdX] L=16 states=1 -> 1
[DP-bwdX] L=16 states=1 -> 1
[DP-fwdX] L=16 states=1 -> 2
[DP-bwdX] L=32 states=1 -> 3
[DP-fwdX] L=16 states=1 -> 2
[DP-fwdX] L=16 states=1 -> 2
[DP-fwdX] L=16 states=1 -> 2
[DP-bwdX] L=32 states=1 -> 3
[DP-bwdX] L=32 states=1 -> 3
[DP-bwdX] L=32 states=1 -> 3
[DP-fwdX] L=32 states=1 -> 4
[DP-bwdX] L=64 states=1 -> 4
[DP-fwdX] L=32 states=1 -> 4
[DP-bwdX] L=48 states=1 -> 2
[DP-fwdX] L=32 states=1 -> 4
[DP-fwdX] L=32 states=1 -> 4
[DP-fwdX] L=32 states=1 -> 4
[DP-bwdX] L=48 states=1 -> 2
[DP-bwdX] L=48 states=1 -> 2
[DP-bwdX] L=48 states=1 -> 2
[DP-fwdX] L=48 states=1 -> 3
[DP-bwdX] L=64 states=1 -> 4
[DP-fwdX] L=48 states=1 -> 3
[DP-fwdX] L=48 states=1 -> 3
[DP-fwdX] L=48 states=1 -> 3
[DP-bwdX] L=64 states=1 -> 4
[DP-bwdX] L=64 states=1 -> 4
[DP-bwdX] L=64 states=1 -> 4
[DP-fwdX] L=64 states=1 -> 5
[DP-fwdX] L=80 states=7220 -> 9542
[DP-bwdX] L=128 states=1 -> 1
[DP-bwdX] L=112 states=186 -> 229
[DP-fwdX] L=64 states=1 -> 5
[DP-bwdX] L=96 states=1 -> 1
[DP-fwdX] L=64 states=1 -> 5
[DP-bwdX] L=80 states=1 -> 1
[DP-fwdX] L=64 states=1 -> 5
[DP-fwdX] L=64 states=1 -> 5
[DP-fwdX] L=64 states=1 -> 5
[DP-bwdX] L=80 states=1 -> 1
[DP-bwdX] L=80 states=1 -> 1
[DP-bwdX] L=80 states=1 -> 1
[DP-fwdX] L=80 states=1 -> 1
[DP-bwdX] L=96 states=1 -> 1
[DP-fwdX] L=80 states=1 -> 1
[DP-fwdX] L=80 states=1 -> 1
[DP-fwdX] L=80 states=1 -> 1
[DP-bwdX] L=96 states=1 -> 1
[DP-bwdX] L=96 states=1 -> 1
[DP-bwdX] L=96 states=1 -> 1
[DP-fwdX] L=96 states=1 -> 1
[DP-bwdX] L=128 states=1 -> 1
[DP-fwdX] L=96 states=1 -> 1
[DP-bwdX] L=112 states=1 -> 1
[DP-fwdX] L=96 states=1 -> 1
[DP-fwdX] L=96 states=1 -> 1
[DP-fwdX] L=96 states=1 -> 1
[DP-bwdX] L=112 states=1 -> 1
[DP-bwdX] L=112 states=1 -> 1
[DP-bwdX] L=112 states=1 -> 1
[DP-fwdX] L=112 states=1 -> 1
[DP-bwdX] L=128 states=1 -> 1
[DP-fwdX] L=112 states=1 -> 1
[DP-fwdX] L=112 states=1 -> 1
[DP-fwdX] L=112 states=1 -> 1
[DP-bwdX] L=128 states=1 -> 1
[DP-bwdX] L=128 states=1 -> 1
[DP-bwdX] L=128 states=1 -> 1
[DP-fwdX] L=128 states=1 -> 1
[DP-fwdX] L=144 states=186 -> 229
[DP-fwdX] L=160 states=2755 -> 3100
[DP-fwdX] L=176 states=11271 -> 11887
[DP-bwdX] L=256 states=1 -> 1
[DP-bwdX] L=240 states=231 -> 295
[DP-bwdX] L=224 states=6981 -> 8314
[DP-bwdX] L=208 states=80262 -> 91321
[DP-fwdX] L=128 states=1 -> 1
[DP-fwdX] L=144 states=186 -> 229
[DP-bwdX] L=192 states=1 -> 3
[DP-bwdX] L=176 states=7355 -> 10049
[DP-fwdX] L=128 states=1 -> 1
[DP-bwdX] L=160 states=1 -> 1
[DP-fwdX] L=128 states=1 -> 1
[DP-bwdX] L=144 states=1 -> 1
[DP-fwdX] L=128 states=1 -> 1
[DP-fwdX] L=128 states=1 -> 1
[DP-fwdX] L=128 states=1 -> 1
[DP-bwdX] L=144 states=1 -> 1
[DP-bwdX] L=144 states=1 -> 1
[DP-bwdX] L=144 states=1 -> 1
[DP-fwdX] L=144 states=1 -> 1
[DP-bwdX] L=160 states=1 -> 1
[DP-fwdX] L=144 states=1 -> 1
[DP-fwdX] L=144 states=1 -> 1
[DP-fwdX] L=144 states=1 -> 1
[DP-bwdX] L=160 states=1 -> 1
[DP-bwdX] L=160 states=1 -> 1
[DP-bwdX] L=160 states=1 -> 1
[DP-fwdX] L=160 states=1 -> 1
[DP-bwdX] L=192 states=1 -> 3
[DP-fwdX] L=160 states=1 -> 1
[DP-bwdX] L=176 states=1 -> 6
[DP-fwdX] L=160 states=1 -> 1
[DP-fwdX] L=160 states=1 -> 1
[DP-fwdX] L=160 states=1 -> 1
[DP-bwdX] L=176 states=1 -> 6
[DP-bwdX] L=176 states=1 -> 6
[DP-bwdX] L=176 states=1 -> 6
[DP-fwdX] L=176 states=1 -> 5
[DP-bwdX] L=192 states=1 -> 3
[DP-fwdX] L=176 states=1 -> 5
[DP-fwdX] L=176 states=1 -> 5
[DP-fwdX] L=176 states=1 -> 5
[DP-bwdX] L=192 states=1 -> 3
[DP-bwdX] L=192 states=1 -> 3
[DP-bwdX] L=192 states=1 -> 3
[DP-fwdX] L=192 states=1 -> 2
[DP-fwdX] L=208 states=170 -> 193
[DP-bwdX] L=256 states=1 -> 1
[DP-bwdX] L=240 states=231 -> 295
[DP-fwdX] L=192 states=1 -> 2
[DP-bwdX] L=224 states=1 -> 3
[DP-fwdX] L=192 states=1 -> 2
[DP-bwdX] L=208 states=1 -> 2
[DP-fwdX] L=192 states=1 -> 2
[DP-fwdX] L=192 states=1 -> 2
[DP-fwdX] L=192 states=1 -> 2
[DP-bwdX] L=208 states=1 -> 2
[DP-bwdX] L=208 states=1 -> 2
[DP-bwdX] L=208 states=1 -> 2
[DP-fwdX] L=208 states=1 -> 1
[DP-bwdX] L=224 states=1 -> 3
[DP-fwdX] L=208 states=1 -> 1
[DP-fwdX] L=208 states=1 -> 1
[DP-fwdX] L=208 states=1 -> 1
[DP-bwdX] L=224 states=1 -> 3
[DP-bwdX] L=224 states=1 -> 3
[DP-bwdX] L=224 states=1 -> 3
[DP-fwdX] L=224 states=1 -> 2
[DP-bwdX] L=256 states=1 -> 1
[DP-fwdX] L=224 states=1 -> 2
[DP-bwdX] L=240 states=1 -> 2
[DP-fwdX] L=224 states=1 -> 2
[DP-fwdX] L=224 states=1 -> 2
[DP-fwdX] L=224 states=1 -> 2
[DP-bwdX] L=240 states=1 -> 2
[DP-bwdX] L=240 states=1 -> 2
[DP-bwdX] L=240 states=1 -> 2
[DP-fwdX] L=240 states=1 -> 1
[DP-bwdX] L=256 states=1 -> 1
[DP-fwdX] L=240 states=1 -> 1
[DP-fwdX] L=240 states=1 -> 1
[DP-fwdX] L=240 states=1 -> 1
[DP-bwdX] L=256 states=1 -> 1
[DP-bwdX] L=256 states=1 -> 1
[DP-bwdX] L=256 states=1 -> 1
  [Round 4] solve_ms=459071  HPWL_w=3708115  HPWL_eq=3695  report=3708115
  [Updt] WNS=-59  TNS=905  maxL=77  picked=3
[OC-Shortest/pow2] m=16 h=16 SEG=5 bits=80 words=2 threads=24
[DP-fwdX] L=0 states=1 -> 1
[DP-fwdX] L=16 states=231 -> 295
[DP-fwdX] L=32 states=6981 -> 8314
[DP-fwdX] L=48 states=80262 -> 91321
[DP-fwdX] L=64 states=487842 -> 536612
[DP-fwdX] L=80 states=1812418 -> 1939144
[DP-fwdX] L=96 states=4442988 -> 4639561
