[MultiCol] m=40 h=40 K=4 T=10 rounds=150 policy=soft snake=1 work_dir=.
[MultiCol] exec: build/oc_policy_singlecol 40 10 150 --T=10 --policy=soft --freeze=1 --cap=8 --scale=1000 --dV=1 --pow2=1 --progress=1 --alpha=0.5 --eta=0.5 --gamma=0.4 --beta=3 --homotopy=1 --sigma=0.85 --shrink=0.92
[Policy] m_full=40 h_full=10  m_dp=10 h_dp=10  rounds=150 T_target=10 policy=soft+freeze cap=8 scale=1000 freeze=1 homotopy=1 sigma=0.85 shrink=0.92 fast_ctr=1
[OC-Shortest/pow2] m=10 h=10 SEG=4 bits=40 words=1 threads=24
[DP-fwdX] L=0 states=1 -> 1
[DP-fwdX] L=16 states=193 -> 237
[DP-fwdX] L=32 states=2293 -> 2517
[DP-fwdX] L=48 states=5392 -> 5424
[DP-bwdX] L=96 states=5 -> 7
[DP-bwdX] L=80 states=433 -> 515
[DP-bwdX] L=64 states=3246 -> 3481
[DP-fwdX] L=0 states=1 -> 1
[DP-fwdX] L=16 states=193 -> 237
[DP-bwdX] L=48 states=2 -> 3
[DP-bwdX] L=32 states=103 -> 111
[DP-fwdX] L=0 states=1 -> 1
[DP-bwdX] L=16 states=14 -> 15
[DP-fwdX] L=0 states=1 -> 1
[DP-fwdX] L=0 states=1 -> 1
[DP-fwdX] L=0 states=1 -> 1
[DP-fwdX] L=16 states=19 -> 32
[DP-bwdX] L=16 states=2 -> 3
[DP-fwdX] L=16 states=1 -> 3
[DP-fwdX] L=32 states=66 -> 95
[DP-bwdX] L=48 states=2 -> 3
[DP-bwdX] L=32 states=14 -> 18
[DP-fwdX] L=32 states=2 -> 3
[DP-fwdX] L=32 states=1 -> 2
[DP-bwdX] L=48 states=2 -> 3
[DP-bwdX] L=48 states=2 -> 3
[DP-bwdX] L=48 states=1 -> 2
[DP-fwdX] L=48 states=1 -> 2
[DP-fwdX] L=64 states=63 -> 72
[DP-bwdX] L=96 states=5 -> 7
[DP-bwdX] L=80 states=433 -> 515
[DP-bwdX] L=64 states=233 -> 301
[DP-fwdX] L=64 states=4 -> 6
[DP-fwdX] L=64 states=4 -> 6
[DP-bwdX] L=64 states=2 -> 4
[DP-fwdX] L=80 states=11 -> 13
[DP-bwdX] L=96 states=5 -> 7
[DP-fwdX] L=80 states=11 -> 13
[DP-bwdX] L=80 states=3 -> 7
[DP-bwdX] L=80 states=3 -> 7
[DP-bwdX] L=96 states=5 -> 7
[DP-bwdX] L=96 states=1 -> 2
[DP-bwdX] L=96 states=1 -> 2
[DP-fwdX] L=96 states=1 -> 1
[DP-fwdX] L=96 states=1 -> 1
[Init-Homotopy] round1 maxL=26  set T_prime0=23 (T_target=10)
  [Round 1] T_prime=23  T_target=10  HPWL_w=914000  HPWL_eq=914  maxL=26  WNS(T')=-3  WNS*(T)=-16  picked=6  solve_ms=114.545
[OC-Shortest/pow2] m=10 h=10 SEG=4 bits=40 words=1 threads=24
[DP-fwdX] L=0 states=1 -> 1
[DP-fwdX] L=16 states=193 -> 237
[DP-fwdX] L=32 states=2293 -> 2517
[DP-fwdX] L=48 states=5392 -> 5424
[DP-bwdX] L=96 states=5 -> 7
[DP-bwdX] L=80 states=433 -> 515
[DP-bwdX] L=64 states=3246 -> 3481
[DP-fwdX] L=0 states=1 -> 1
[DP-fwdX] L=16 states=193 -> 237
[DP-bwdX] L=48 states=2 -> 3
[DP-bwdX] L=32 states=103 -> 111
[DP-fwdX] L=0 states=1 -> 1
[DP-bwdX] L=16 states=18 -> 18
[DP-fwdX] L=0 states=1 -> 1
[DP-fwdX] L=0 states=1 -> 1
[DP-fwdX] L=0 states=1 -> 1
[DP-fwdX] L=16 states=19 -> 32
[DP-bwdX] L=16 states=2 -> 3
[DP-fwdX] L=16 states=1 -> 3
[DP-fwdX] L=32 states=66 -> 94
[DP-bwdX] L=48 states=2 -> 3
[DP-bwdX] L=32 states=14 -> 18
[DP-fwdX] L=32 states=2 -> 3
[DP-fwdX] L=32 states=1 -> 2
[DP-bwdX] L=48 states=2 -> 3
[DP-bwdX] L=48 states=2 -> 3
[DP-bwdX] L=48 states=1 -> 2
[DP-fwdX] L=48 states=1 -> 2
[DP-fwdX] L=64 states=63 -> 72
[DP-bwdX] L=96 states=5 -> 7
[DP-bwdX] L=80 states=433 -> 515
[DP-bwdX] L=64 states=240 -> 312
[DP-fwdX] L=64 states=4 -> 6
[DP-fwdX] L=64 states=4 -> 6
[DP-bwdX] L=64 states=2 -> 4
[DP-fwdX] L=80 states=7 -> 9
[DP-bwdX] L=96 states=5 -> 7
[DP-fwdX] L=80 states=7 -> 9
[DP-bwdX] L=80 states=3 -> 7
[DP-bwdX] L=80 states=3 -> 7
[DP-bwdX] L=96 states=5 -> 7
[DP-bwdX] L=96 states=1 -> 2
[DP-bwdX] L=96 states=1 -> 2
[DP-fwdX] L=96 states=1 -> 1
[DP-fwdX] L=96 states=1 -> 1
  [Round 2] T_prime=23  T_target=10  HPWL_w=914348  HPWL_eq=914  maxL=26  WNS(T')=-3  WNS*(T)=-16  picked=6  solve_ms=119.929
[OC-Shortest/pow2] m=10 h=10 SEG=4 bits=40 words=1 threads=24
[DP-fwdX] L=0 states=1 -> 1
[DP-fwdX] L=16 states=193 -> 237
[DP-fwdX] L=32 states=2293 -> 2517
[DP-fwdX] L=48 states=5392 -> 5424
[DP-bwdX] L=96 states=5 -> 7
[DP-bwdX] L=80 states=433 -> 515
[DP-bwdX] L=64 states=3246 -> 3481
[DP-fwdX] L=0 states=1 -> 1
[DP-fwdX] L=16 states=193 -> 237
[DP-bwdX] L=48 states=2 -> 3
[DP-bwdX] L=32 states=103 -> 111
[DP-fwdX] L=0 states=1 -> 1
[DP-bwdX] L=16 states=14 -> 15
[DP-fwdX] L=0 states=1 -> 1
[DP-fwdX] L=0 states=1 -> 1
[DP-fwdX] L=0 states=1 -> 1
[DP-fwdX] L=16 states=19 -> 32
[DP-bwdX] L=16 states=2 -> 3
[DP-fwdX] L=16 states=1 -> 3
[DP-fwdX] L=32 states=66 -> 95
[DP-bwdX] L=48 states=2 -> 3
[DP-bwdX] L=32 states=14 -> 18
[DP-fwdX] L=32 states=2 -> 3
[DP-fwdX] L=32 states=1 -> 2
[DP-bwdX] L=48 states=2 -> 3
[DP-bwdX] L=48 states=2 -> 3
[DP-bwdX] L=48 states=1 -> 2
[DP-fwdX] L=48 states=1 -> 2
[DP-fwdX] L=64 states=63 -> 72
[DP-bwdX] L=96 states=5 -> 7
[DP-bwdX] L=80 states=433 -> 515
[DP-bwdX] L=64 states=233 -> 301
[DP-fwdX] L=64 states=4 -> 6
[DP-fwdX] L=64 states=4 -> 6
[DP-bwdX] L=64 states=2 -> 4
[DP-fwdX] L=80 states=11 -> 13
[DP-bwdX] L=96 states=5 -> 7
[DP-fwdX] L=80 states=11 -> 13
[DP-bwdX] L=80 states=3 -> 7
[DP-bwdX] L=80 states=3 -> 7
[DP-bwdX] L=96 states=5 -> 7
[DP-bwdX] L=96 states=1 -> 2
[DP-bwdX] L=96 states=1 -> 2
[DP-fwdX] L=96 states=1 -> 1
[DP-fwdX] L=96 states=1 -> 1
  [Round 3] T_prime=23  T_target=10  HPWL_w=917448  HPWL_eq=914  maxL=26  WNS(T')=-3  WNS*(T)=-16  picked=6  solve_ms=114.602
[OC-Shortest/pow2] m=10 h=10 SEG=4 bits=40 words=1 threads=24
[DP-fwdX] L=0 states=1 -> 1
[DP-fwdX] L=16 states=193 -> 237
[DP-fwdX] L=32 states=2293 -> 2517
[DP-fwdX] L=48 states=5392 -> 5424
[DP-bwdX] L=96 states=5 -> 7
[DP-bwdX] L=80 states=433 -> 515
[DP-bwdX] L=64 states=3246 -> 3481
[DP-fwdX] L=0 states=1 -> 1
[DP-fwdX] L=16 states=193 -> 237
[DP-bwdX] L=48 states=2 -> 3
[DP-bwdX] L=32 states=103 -> 111
[DP-fwdX] L=0 states=1 -> 1
[DP-bwdX] L=16 states=18 -> 18
[DP-fwdX] L=0 states=1 -> 1
[DP-fwdX] L=0 states=1 -> 1
[DP-fwdX] L=0 states=1 -> 1
[DP-fwdX] L=16 states=19 -> 32
[DP-bwdX] L=16 states=2 -> 3
[DP-fwdX] L=16 states=1 -> 3
[DP-fwdX] L=32 states=66 -> 94
[DP-bwdX] L=48 states=2 -> 3
[DP-bwdX] L=32 states=14 -> 18
[DP-fwdX] L=32 states=2 -> 3
[DP-fwdX] L=32 states=1 -> 2
[DP-bwdX] L=48 states=2 -> 3
[DP-bwdX] L=48 states=2 -> 3
[DP-bwdX] L=48 states=1 -> 2
[DP-fwdX] L=48 states=1 -> 2
[DP-fwdX] L=64 states=63 -> 72
[DP-bwdX] L=96 states=5 -> 7
[DP-bwdX] L=80 states=433 -> 515
[DP-bwdX] L=64 states=240 -> 312
[DP-fwdX] L=64 states=4 -> 6
[DP-fwdX] L=64 states=4 -> 6
[DP-bwdX] L=64 states=2 -> 4
[DP-fwdX] L=80 states=7 -> 9
[DP-bwdX] L=96 states=5 -> 7
[DP-fwdX] L=80 states=7 -> 9
[DP-bwdX] L=80 states=3 -> 7
[DP-bwdX] L=80 states=3 -> 7
[DP-bwdX] L=96 states=5 -> 7
[DP-bwdX] L=96 states=1 -> 2
[DP-bwdX] L=96 states=1 -> 2
[DP-fwdX] L=96 states=1 -> 1
[DP-fwdX] L=96 states=1 -> 1
  [Round 4] T_prime=23  T_target=10  HPWL_w=919042  HPWL_eq=914  maxL=26  WNS(T')=-3  WNS*(T)=-16  picked=6  solve_ms=122.201
[OC-Shortest/pow2] m=10 h=10 SEG=4 bits=40 words=1 threads=24
[DP-fwdX] L=0 states=1 -> 1
[DP-fwdX] L=16 states=193 -> 237
[DP-fwdX] L=32 states=2293 -> 2517
[DP-fwdX] L=48 states=5392 -> 5424
[DP-bwdX] L=96 states=5 -> 7
[DP-bwdX] L=80 states=433 -> 515
[DP-bwdX] L=64 states=3246 -> 3481
[DP-fwdX] L=0 states=1 -> 1
[DP-fwdX] L=16 states=193 -> 237
[DP-bwdX] L=48 states=2 -> 3
[DP-bwdX] L=32 states=103 -> 111
[DP-fwdX] L=0 states=1 -> 1
[DP-bwdX] L=16 states=21 -> 22
[DP-fwdX] L=0 states=1 -> 1
[DP-fwdX] L=0 states=1 -> 1
[DP-fwdX] L=0 states=1 -> 1
[DP-fwdX] L=16 states=19 -> 32
[DP-bwdX] L=16 states=4 -> 5
[DP-fwdX] L=16 states=1 -> 2
[DP-fwdX] L=32 states=125 -> 187
[DP-bwdX] L=48 states=2 -> 3
[DP-bwdX] L=32 states=14 -> 18
[DP-fwdX] L=32 states=3 -> 7
[DP-fwdX] L=32 states=1 -> 4
[DP-bwdX] L=48 states=2 -> 3
[DP-bwdX] L=48 states=2 -> 3
[DP-bwdX] L=48 states=1 -> 2
[DP-fwdX] L=48 states=1 -> 2
[DP-fwdX] L=64 states=63 -> 72
[DP-bwdX] L=96 states=5 -> 7
[DP-bwdX] L=80 states=433 -> 515
[DP-bwdX] L=64 states=233 -> 301
[DP-fwdX] L=64 states=4 -> 6
[DP-fwdX] L=64 states=4 -> 6
[DP-bwdX] L=64 states=2 -> 4
[DP-fwdX] L=80 states=11 -> 13
[DP-bwdX] L=96 states=5 -> 7
[DP-fwdX] L=80 states=11 -> 13
[DP-bwdX] L=80 states=3 -> 7
[DP-bwdX] L=80 states=3 -> 7
[DP-bwdX] L=96 states=5 -> 7
[DP-bwdX] L=96 states=1 -> 2
[DP-bwdX] L=96 states=1 -> 2
[DP-fwdX] L=96 states=1 -> 1
[DP-fwdX] L=96 states=1 -> 1
  [Round 5] T_prime=23  T_target=10  HPWL_w=922764  HPWL_eq=917  maxL=28  WNS(T')=-5  WNS*(T)=-18  picked=8  solve_ms=130.505
[OC-Shortest/pow2] m=10 h=10 SEG=4 bits=40 words=1 threads=24
[DP-fwdX] L=0 states=1 -> 1
[DP-fwdX] L=16 states=193 -> 237
[DP-fwdX] L=32 states=2293 -> 2517
[DP-fwdX] L=48 states=5392 -> 5424
[DP-bwdX] L=96 states=5 -> 7
[DP-bwdX] L=80 states=433 -> 515
[DP-bwdX] L=64 states=3246 -> 3481
[DP-fwdX] L=0 states=1 -> 1
[DP-fwdX] L=16 states=193 -> 237
[DP-bwdX] L=48 states=2 -> 3
[DP-bwdX] L=32 states=103 -> 111
[DP-fwdX] L=0 states=1 -> 1
[DP-bwdX] L=16 states=18 -> 18
[DP-fwdX] L=0 states=1 -> 1
[DP-fwdX] L=0 states=1 -> 1
[DP-fwdX] L=0 states=1 -> 1
[DP-fwdX] L=16 states=19 -> 32
[DP-bwdX] L=16 states=2 -> 3
[DP-fwdX] L=16 states=1 -> 3
[DP-fwdX] L=32 states=66 -> 94
[DP-bwdX] L=48 states=2 -> 3
[DP-bwdX] L=32 states=14 -> 18
[DP-fwdX] L=32 states=2 -> 3
[DP-fwdX] L=32 states=1 -> 2
[DP-bwdX] L=48 states=2 -> 3
[DP-bwdX] L=48 states=2 -> 3
[DP-bwdX] L=48 states=1 -> 2
[DP-fwdX] L=48 states=1 -> 2
[DP-fwdX] L=64 states=63 -> 72
[DP-bwdX] L=96 states=5 -> 7
[DP-bwdX] L=80 states=433 -> 515
[DP-bwdX] L=64 states=522 -> 690
[DP-fwdX] L=64 states=4 -> 6
[DP-fwdX] L=64 states=4 -> 6
[DP-bwdX] L=64 states=3 -> 6
[DP-fwdX] L=80 states=10 -> 13
[DP-bwdX] L=96 states=5 -> 7
[DP-fwdX] L=80 states=10 -> 13
[DP-bwdX] L=80 states=3 -> 7
[DP-bwdX] L=80 states=3 -> 7
[DP-bwdX] L=96 states=5 -> 7
[DP-bwdX] L=96 states=1 -> 2
[DP-bwdX] L=96 states=1 -> 2
[DP-fwdX] L=96 states=1 -> 1
[DP-fwdX] L=96 states=1 -> 1
  [Round 6] T_prime=23  T_target=10  HPWL_w=924860  HPWL_eq=917  maxL=28  WNS(T')=-5  WNS*(T)=-18  picked=8  solve_ms=134.463
[OC-Shortest/pow2] m=10 h=10 SEG=4 bits=40 words=1 threads=24
[DP-fwdX] L=0 states=1 -> 1
[DP-fwdX] L=16 states=193 -> 237
[DP-fwdX] L=32 states=2293 -> 2517
[DP-fwdX] L=48 states=5392 -> 5424
[DP-bwdX] L=96 states=5 -> 7
[DP-bwdX] L=80 states=433 -> 515
[DP-bwdX] L=64 states=3246 -> 3481
[DP-fwdX] L=0 states=1 -> 1
[DP-fwdX] L=16 states=193 -> 237
[DP-bwdX] L=48 states=2 -> 3
[DP-bwdX] L=32 states=103 -> 111
[DP-fwdX] L=0 states=1 -> 1
[DP-bwdX] L=16 states=14 -> 15
[DP-fwdX] L=0 states=1 -> 1
[DP-fwdX] L=0 states=1 -> 1
[DP-fwdX] L=0 states=1 -> 1
[DP-fwdX] L=16 states=19 -> 32
[DP-bwdX] L=16 states=2 -> 3
[DP-fwdX] L=16 states=1 -> 3
[DP-fwdX] L=32 states=66 -> 95
[DP-bwdX] L=48 states=2 -> 3
[DP-bwdX] L=32 states=14 -> 18
[DP-fwdX] L=32 states=2 -> 3
[DP-fwdX] L=32 states=1 -> 2
[DP-bwdX] L=48 states=2 -> 3
[DP-bwdX] L=48 states=2 -> 3
[DP-bwdX] L=48 states=1 -> 2
[DP-fwdX] L=48 states=1 -> 2
[DP-fwdX] L=64 states=63 -> 72
[DP-bwdX] L=96 states=5 -> 7
[DP-bwdX] L=80 states=433 -> 515
[DP-bwdX] L=64 states=522 -> 690
[DP-fwdX] L=64 states=4 -> 6
[DP-fwdX] L=64 states=4 -> 6
[DP-bwdX] L=64 states=3 -> 6
[DP-fwdX] L=80 states=10 -> 13
[DP-bwdX] L=96 states=5 -> 7
[DP-fwdX] L=80 states=10 -> 13
[DP-bwdX] L=80 states=3 -> 7
[DP-bwdX] L=80 states=3 -> 7
[DP-bwdX] L=96 states=5 -> 7
[DP-bwdX] L=96 states=1 -> 2
[DP-bwdX] L=96 states=1 -> 2
[DP-fwdX] L=96 states=1 -> 1
[DP-fwdX] L=96 states=1 -> 1
  [Round 7] T_prime=23  T_target=10  HPWL_w=927637  HPWL_eq=917  maxL=31  WNS(T')=-8  WNS*(T)=-21  picked=8  solve_ms=136.231
[OC-Shortest/pow2] m=10 h=10 SEG=4 bits=40 words=1 threads=24
[DP-fwdX] L=0 states=1 -> 1
[DP-fwdX] L=16 states=193 -> 237
[DP-fwdX] L=32 states=2293 -> 2517
[DP-fwdX] L=48 states=5392 -> 5424
[DP-bwdX] L=96 states=5 -> 7
[DP-bwdX] L=80 states=433 -> 515
[DP-bwdX] L=64 states=3246 -> 3481
[DP-fwdX] L=0 states=1 -> 1
[DP-fwdX] L=16 states=193 -> 237
[DP-bwdX] L=48 states=2 -> 3
[DP-bwdX] L=32 states=103 -> 111
[DP-fwdX] L=0 states=1 -> 1
[DP-bwdX] L=16 states=21 -> 22
[DP-fwdX] L=0 states=1 -> 1
[DP-fwdX] L=0 states=1 -> 1
[DP-fwdX] L=0 states=1 -> 1
[DP-fwdX] L=16 states=19 -> 32
[DP-bwdX] L=16 states=4 -> 5
[DP-fwdX] L=16 states=1 -> 2
[DP-fwdX] L=32 states=125 -> 187
[DP-bwdX] L=48 states=2 -> 3
[DP-bwdX] L=32 states=14 -> 18
[DP-fwdX] L=32 states=4 -> 9
[DP-fwdX] L=32 states=1 -> 4
[DP-bwdX] L=48 states=2 -> 3
[DP-bwdX] L=48 states=2 -> 3
[DP-bwdX] L=48 states=1 -> 2
[DP-fwdX] L=48 states=1 -> 2
[DP-fwdX] L=64 states=63 -> 72
[DP-bwdX] L=96 states=5 -> 7
[DP-bwdX] L=80 states=433 -> 515
[DP-bwdX] L=64 states=240 -> 312
[DP-fwdX] L=64 states=4 -> 6
[DP-fwdX] L=64 states=4 -> 6
[DP-bwdX] L=64 states=2 -> 4
[DP-fwdX] L=80 states=7 -> 9
[DP-bwdX] L=96 states=5 -> 7
[DP-fwdX] L=80 states=7 -> 9
[DP-bwdX] L=80 states=3 -> 7
[DP-bwdX] L=80 states=3 -> 7
[DP-bwdX] L=96 states=5 -> 7
[DP-bwdX] L=96 states=1 -> 2
[DP-bwdX] L=96 states=1 -> 2
[DP-fwdX] L=96 states=1 -> 1
[DP-fwdX] L=96 states=1 -> 1
  [Round 8] T_prime=23  T_target=10  HPWL_w=928779  HPWL_eq=918  maxL=34  WNS(T')=-11  WNS*(T)=-24  picked=8  solve_ms=144.93
[OC-Shortest/pow2] m=10 h=10 SEG=4 bits=40 words=1 threads=24
[DP-fwdX] L=0 states=1 -> 1
[DP-fwdX] L=16 states=193 -> 237
[DP-fwdX] L=32 states=2293 -> 2517
[DP-fwdX] L=48 states=5392 -> 5424
[DP-bwdX] L=96 states=5 -> 7
[DP-bwdX] L=80 states=433 -> 515
[DP-bwdX] L=64 states=3246 -> 3481
[DP-fwdX] L=0 states=1 -> 1
[DP-fwdX] L=16 states=193 -> 237
[DP-bwdX] L=48 states=2 -> 3
[DP-bwdX] L=32 states=103 -> 111
[DP-fwdX] L=0 states=1 -> 1
[DP-bwdX] L=16 states=14 -> 15
[DP-fwdX] L=0 states=1 -> 1
[DP-fwdX] L=0 states=1 -> 1
[DP-fwdX] L=0 states=1 -> 1
[DP-fwdX] L=16 states=19 -> 32
[DP-bwdX] L=16 states=2 -> 3
[DP-fwdX] L=16 states=1 -> 3
[DP-fwdX] L=32 states=66 -> 95
[DP-bwdX] L=48 states=2 -> 3
[DP-bwdX] L=32 states=14 -> 18
[DP-fwdX] L=32 states=2 -> 3
[DP-fwdX] L=32 states=1 -> 2
[DP-bwdX] L=48 states=2 -> 3
[DP-bwdX] L=48 states=2 -> 3
[DP-bwdX] L=48 states=1 -> 2
[DP-fwdX] L=48 states=1 -> 2
[DP-fwdX] L=64 states=63 -> 72
[DP-bwdX] L=96 states=5 -> 7
[DP-bwdX] L=80 states=433 -> 515
[DP-bwdX] L=64 states=233 -> 301
[DP-fwdX] L=64 states=4 -> 6
[DP-fwdX] L=64 states=4 -> 6
[DP-bwdX] L=64 states=2 -> 4
[DP-fwdX] L=80 states=11 -> 13
[DP-bwdX] L=96 states=5 -> 7
[DP-fwdX] L=80 states=11 -> 13
[DP-bwdX] L=80 states=3 -> 7
[DP-bwdX] L=80 states=3 -> 7
[DP-bwdX] L=96 states=5 -> 7
[DP-bwdX] L=96 states=1 -> 2
[DP-bwdX] L=96 states=1 -> 2
[DP-fwdX] L=96 states=1 -> 1
[DP-fwdX] L=96 states=1 -> 1
  [Round 9] T_prime=23  T_target=10  HPWL_w=935190  HPWL_eq=914  maxL=26  WNS(T')=-3  WNS*(T)=-16  picked=6  solve_ms=136.244
[OC-Shortest/pow2] m=10 h=10 SEG=4 bits=40 words=1 threads=24
[DP-fwdX] L=0 states=1 -> 1
[DP-fwdX] L=16 states=193 -> 237
[DP-fwdX] L=32 states=2293 -> 2517
[DP-fwdX] L=48 states=5392 -> 5424
[DP-bwdX] L=96 states=5 -> 7
[DP-bwdX] L=80 states=433 -> 515
[DP-bwdX] L=64 states=3246 -> 3481
[DP-fwdX] L=0 states=1 -> 1
[DP-fwdX] L=16 states=193 -> 237
[DP-bwdX] L=48 states=2 -> 3
[DP-bwdX] L=32 states=103 -> 111
[DP-fwdX] L=0 states=1 -> 1
[DP-bwdX] L=16 states=18 -> 18
[DP-fwdX] L=0 states=1 -> 1
[DP-fwdX] L=0 states=1 -> 1
[DP-fwdX] L=0 states=1 -> 1
[DP-fwdX] L=16 states=19 -> 32
[DP-bwdX] L=16 states=2 -> 3
[DP-fwdX] L=16 states=1 -> 3
[DP-fwdX] L=32 states=66 -> 94
[DP-bwdX] L=48 states=2 -> 3
[DP-bwdX] L=32 states=14 -> 18
[DP-fwdX] L=32 states=2 -> 3
[DP-fwdX] L=32 states=1 -> 2
[DP-bwdX] L=48 states=2 -> 3
[DP-bwdX] L=48 states=2 -> 3
[DP-bwdX] L=48 states=1 -> 2
[DP-fwdX] L=48 states=1 -> 2
[DP-fwdX] L=64 states=63 -> 72
[DP-bwdX] L=96 states=5 -> 7
[DP-bwdX] L=80 states=433 -> 515
[DP-bwdX] L=64 states=240 -> 312
[DP-fwdX] L=64 states=4 -> 6
[DP-fwdX] L=64 states=4 -> 6
[DP-bwdX] L=64 states=2 -> 4
[DP-fwdX] L=80 states=7 -> 9
[DP-bwdX] L=96 states=5 -> 7
[DP-fwdX] L=80 states=7 -> 9
[DP-bwdX] L=80 states=3 -> 7
[DP-bwdX] L=80 states=3 -> 7
[DP-bwdX] L=96 states=5 -> 7
[DP-bwdX] L=96 states=1 -> 2
[DP-bwdX] L=96 states=1 -> 2
[DP-fwdX] L=96 states=1 -> 1
[DP-fwdX] L=96 states=1 -> 1
  [Round 10] T_prime=23  T_target=10  HPWL_w=936302  HPWL_eq=914  maxL=26  WNS(T')=-3  WNS*(T)=-16  picked=6  solve_ms=118.175
[OC-Shortest/pow2] m=10 h=10 SEG=4 bits=40 words=1 threads=24
[DP-fwdX] L=0 states=1 -> 1
[DP-fwdX] L=16 states=193 -> 237
[DP-fwdX] L=32 states=2293 -> 2517
[DP-fwdX] L=48 states=5392 -> 5424
[DP-bwdX] L=96 states=5 -> 7
[DP-bwdX] L=80 states=433 -> 515
[DP-bwdX] L=64 states=3246 -> 3481
[DP-fwdX] L=0 states=1 -> 1
[DP-fwdX] L=16 states=193 -> 237
[DP-bwdX] L=48 states=2 -> 3
[DP-bwdX] L=32 states=103 -> 111
[DP-fwdX] L=0 states=1 -> 1
[DP-bwdX] L=16 states=14 -> 15
[DP-fwdX] L=0 states=1 -> 1
[DP-fwdX] L=0 states=1 -> 1
[DP-fwdX] L=0 states=1 -> 1
[DP-fwdX] L=16 states=19 -> 32
[DP-bwdX] L=16 states=2 -> 3
[DP-fwdX] L=16 states=1 -> 3
[DP-fwdX] L=32 states=66 -> 95
[DP-bwdX] L=48 states=2 -> 3
[DP-bwdX] L=32 states=14 -> 18
[DP-fwdX] L=32 states=2 -> 3
[DP-fwdX] L=32 states=1 -> 2
[DP-bwdX] L=48 states=2 -> 3
[DP-bwdX] L=48 states=2 -> 3
[DP-bwdX] L=48 states=1 -> 2
[DP-fwdX] L=48 states=1 -> 2
[DP-fwdX] L=64 states=63 -> 72
[DP-bwdX] L=96 states=5 -> 7
[DP-bwdX] L=80 states=433 -> 515
[DP-bwdX] L=64 states=233 -> 301
[DP-fwdX] L=64 states=4 -> 6
[DP-fwdX] L=64 states=4 -> 6
[DP-bwdX] L=64 states=2 -> 4
[DP-fwdX] L=80 states=11 -> 13
[DP-bwdX] L=96 states=5 -> 7
[DP-fwdX] L=80 states=11 -> 13
[DP-bwdX] L=80 states=3 -> 7
[DP-bwdX] L=80 states=3 -> 7
[DP-bwdX] L=96 states=5 -> 7
[DP-bwdX] L=96 states=1 -> 2
[DP-bwdX] L=96 states=1 -> 2
[DP-fwdX] L=96 states=1 -> 1
[DP-fwdX] L=96 states=1 -> 1
  [Round 11] T_prime=23  T_target=10  HPWL_w=939444  HPWL_eq=916  maxL=22  WNS(T')=1  WNS*(T)=-12  picked=0  solve_ms=189.114
    [Tighten] T_prime: 23 -> 19 (sigma*maxL=19, shrink=22)  | cold-start: reset inertia
[OC-Shortest/pow2] m=10 h=10 SEG=4 bits=40 words=1 threads=24
[DP-fwdX] L=0 states=1 -> 1
[DP-fwdX] L=16 states=193 -> 237
[DP-fwdX] L=32 states=2293 -> 2517
[DP-fwdX] L=48 states=5392 -> 5424
[DP-bwdX] L=96 states=5 -> 7
[DP-bwdX] L=80 states=433 -> 515
[DP-bwdX] L=64 states=3246 -> 3481
[DP-fwdX] L=0 states=1 -> 1
[DP-fwdX] L=16 states=193 -> 237
[DP-bwdX] L=48 states=2 -> 3
[DP-bwdX] L=32 states=103 -> 111
[DP-fwdX] L=0 states=1 -> 1
[DP-bwdX] L=16 states=14 -> 15
[DP-fwdX] L=0 states=1 -> 1
[DP-fwdX] L=0 states=1 -> 1
[DP-fwdX] L=0 states=1 -> 1
[DP-fwdX] L=16 states=19 -> 32
[DP-bwdX] L=16 states=2 -> 3
[DP-fwdX] L=16 states=1 -> 3
[DP-fwdX] L=32 states=66 -> 95
[DP-bwdX] L=48 states=2 -> 3
[DP-bwdX] L=32 states=14 -> 18
[DP-fwdX] L=32 states=2 -> 3
[DP-fwdX] L=32 states=1 -> 2
[DP-bwdX] L=48 states=2 -> 3
[DP-bwdX] L=48 states=2 -> 3
[DP-bwdX] L=48 states=1 -> 2
[DP-fwdX] L=48 states=1 -> 2
[DP-fwdX] L=64 states=63 -> 72
[DP-bwdX] L=96 states=5 -> 7
[DP-bwdX] L=80 states=433 -> 515
[DP-bwdX] L=64 states=233 -> 301
[DP-fwdX] L=64 states=4 -> 6
[DP-fwdX] L=64 states=4 -> 6
[DP-bwdX] L=64 states=2 -> 4
[DP-fwdX] L=80 states=11 -> 13
[DP-bwdX] L=96 states=5 -> 7
[DP-fwdX] L=80 states=11 -> 13
[DP-bwdX] L=80 states=3 -> 7
[DP-bwdX] L=80 states=3 -> 7
[DP-bwdX] L=96 states=5 -> 7
[DP-bwdX] L=96 states=1 -> 2
[DP-bwdX] L=96 states=1 -> 2
[DP-fwdX] L=96 states=1 -> 1
[DP-fwdX] L=96 states=1 -> 1
  [Round 12] T_prime=19  T_target=10  HPWL_w=939444  HPWL_eq=916  maxL=22  WNS(T')=-3  WNS*(T)=-12  picked=10  solve_ms=255.619
[OC-Shortest/pow2] m=10 h=10 SEG=4 bits=40 words=1 threads=24
[DP-fwdX] L=0 states=1 -> 1
[DP-fwdX] L=16 states=193 -> 237
[DP-fwdX] L=32 states=2293 -> 2517
[DP-fwdX] L=48 states=5392 -> 5424
[DP-bwdX] L=96 states=5 -> 7
[DP-bwdX] L=80 states=433 -> 515
[DP-bwdX] L=64 states=3246 -> 3481
[DP-fwdX] L=0 states=1 -> 1
[DP-fwdX] L=16 states=193 -> 237
[DP-bwdX] L=48 states=2 -> 3
[DP-bwdX] L=32 states=103 -> 111
[DP-fwdX] L=0 states=1 -> 1
[DP-bwdX] L=16 states=18 -> 18
[DP-fwdX] L=0 states=1 -> 1
[DP-fwdX] L=0 states=1 -> 1
[DP-fwdX] L=0 states=1 -> 1
[DP-fwdX] L=16 states=19 -> 32
[DP-bwdX] L=16 states=2 -> 3
[DP-fwdX] L=16 states=1 -> 3
[DP-fwdX] L=32 states=66 -> 94
[DP-bwdX] L=48 states=2 -> 3
[DP-bwdX] L=32 states=14 -> 18
[DP-fwdX] L=32 states=2 -> 3
[DP-fwdX] L=32 states=1 -> 2
[DP-bwdX] L=48 states=2 -> 3
[DP-bwdX] L=48 states=2 -> 3
[DP-bwdX] L=48 states=1 -> 2
[DP-fwdX] L=48 states=1 -> 2
[DP-fwdX] L=64 states=63 -> 72
[DP-bwdX] L=96 states=5 -> 7
[DP-bwdX] L=80 states=433 -> 515
[DP-bwdX] L=64 states=240 -> 312
[DP-fwdX] L=64 states=4 -> 6
[DP-fwdX] L=64 states=4 -> 6
[DP-bwdX] L=64 states=2 -> 4
[DP-fwdX] L=80 states=7 -> 9
[DP-bwdX] L=96 states=5 -> 7
[DP-fwdX] L=80 states=7 -> 9
[DP-bwdX] L=80 states=3 -> 7
[DP-bwdX] L=80 states=3 -> 7
[DP-bwdX] L=96 states=5 -> 7
[DP-bwdX] L=96 states=1 -> 2
[DP-bwdX] L=96 states=1 -> 2
[DP-fwdX] L=96 states=1 -> 1
[DP-fwdX] L=96 states=1 -> 1
  [Round 13] T_prime=19  T_target=10  HPWL_w=941349  HPWL_eq=916  maxL=22  WNS(T')=-3  WNS*(T)=-12  picked=10  solve_ms=110.672
[OC-Shortest/pow2] m=10 h=10 SEG=4 bits=40 words=1 threads=24
[DP-fwdX] L=0 states=1 -> 1
[DP-fwdX] L=16 states=193 -> 237
[DP-fwdX] L=32 states=2293 -> 2517
[DP-fwdX] L=48 states=5392 -> 5424
[DP-bwdX] L=96 states=5 -> 7
[DP-bwdX] L=80 states=433 -> 515
[DP-bwdX] L=64 states=3246 -> 3481
[DP-fwdX] L=0 states=1 -> 1
[DP-fwdX] L=16 states=193 -> 237
[DP-bwdX] L=48 states=2 -> 3
[DP-bwdX] L=32 states=103 -> 111
[DP-fwdX] L=0 states=1 -> 1
[DP-bwdX] L=16 states=21 -> 22
[DP-fwdX] L=0 states=1 -> 1
[DP-fwdX] L=0 states=1 -> 1
[DP-fwdX] L=0 states=1 -> 1
[DP-fwdX] L=16 states=19 -> 32
[DP-bwdX] L=16 states=4 -> 5
[DP-fwdX] L=16 states=1 -> 2
[DP-fwdX] L=32 states=125 -> 187
[DP-bwdX] L=48 states=2 -> 3
[DP-bwdX] L=32 states=14 -> 18
[DP-fwdX] L=32 states=3 -> 7
[DP-fwdX] L=32 states=1 -> 4
[DP-bwdX] L=48 states=2 -> 3
[DP-bwdX] L=48 states=2 -> 3
[DP-bwdX] L=48 states=1 -> 2
[DP-fwdX] L=48 states=1 -> 2
[DP-fwdX] L=64 states=63 -> 72
[DP-bwdX] L=96 states=5 -> 7
[DP-bwdX] L=80 states=433 -> 515
[DP-bwdX] L=64 states=522 -> 690
[DP-fwdX] L=64 states=4 -> 6
[DP-fwdX] L=64 states=4 -> 6
[DP-bwdX] L=64 states=3 -> 6
[DP-fwdX] L=80 states=10 -> 13
[DP-bwdX] L=96 states=5 -> 7
[DP-fwdX] L=80 states=10 -> 13
[DP-bwdX] L=80 states=3 -> 7
[DP-bwdX] L=80 states=3 -> 7
[DP-bwdX] L=96 states=5 -> 7
[DP-bwdX] L=96 states=1 -> 2
[DP-bwdX] L=96 states=1 -> 2
[DP-fwdX] L=96 states=1 -> 1
[DP-fwdX] L=96 states=1 -> 1
  [Round 14] T_prime=19  T_target=10  HPWL_w=946094  HPWL_eq=922  maxL=34  WNS(T')=-15  WNS*(T)=-24  picked=12  solve_ms=342.003
[OC-Shortest/pow2] m=10 h=10 SEG=4 bits=40 words=1 threads=24
[DP-fwdX] L=0 states=1 -> 1
[DP-fwdX] L=16 states=193 -> 237
[DP-fwdX] L=32 states=2293 -> 2517
[DP-fwdX] L=48 states=5392 -> 5424
[DP-bwdX] L=96 states=5 -> 7
[DP-bwdX] L=80 states=433 -> 515
[DP-bwdX] L=64 states=3246 -> 3481
[DP-fwdX] L=0 states=1 -> 1
[DP-fwdX] L=16 states=193 -> 237
[DP-bwdX] L=48 states=2 -> 3
[DP-bwdX] L=32 states=103 -> 111
[DP-fwdX] L=0 states=1 -> 1
[DP-bwdX] L=16 states=18 -> 18
[DP-fwdX] L=0 states=1 -> 1
[DP-fwdX] L=0 states=1 -> 1
[DP-fwdX] L=0 states=1 -> 1
[DP-fwdX] L=16 states=30 -> 50
[DP-bwdX] L=16 states=2 -> 3
[DP-fwdX] L=16 states=1 -> 3
[DP-fwdX] L=32 states=66 -> 94
[DP-bwdX] L=48 states=2 -> 3
[DP-bwdX] L=32 states=14 -> 18
[DP-fwdX] L=32 states=2 -> 3
[DP-fwdX] L=32 states=1 -> 2
[DP-bwdX] L=48 states=2 -> 3
[DP-bwdX] L=48 states=2 -> 3
[DP-bwdX] L=48 states=1 -> 2
[DP-fwdX] L=48 states=1 -> 2
[DP-fwdX] L=64 states=63 -> 72
[DP-bwdX] L=96 states=5 -> 7
[DP-bwdX] L=80 states=433 -> 515
[DP-bwdX] L=64 states=522 -> 690
[DP-fwdX] L=64 states=4 -> 6
[DP-fwdX] L=64 states=4 -> 6
[DP-bwdX] L=64 states=3 -> 6
[DP-fwdX] L=80 states=10 -> 13
[DP-bwdX] L=96 states=5 -> 7
[DP-fwdX] L=80 states=10 -> 13
[DP-bwdX] L=80 states=3 -> 7
[DP-bwdX] L=80 states=3 -> 7
[DP-bwdX] L=96 states=5 -> 7
[DP-bwdX] L=96 states=1 -> 2
[DP-bwdX] L=96 states=1 -> 2
[DP-fwdX] L=96 states=1 -> 1
[DP-fwdX] L=96 states=1 -> 1
  [Round 15] T_prime=19  T_target=10  HPWL_w=949795  HPWL_eq=921  maxL=34  WNS(T')=-15  WNS*(T)=-24  picked=11  solve_ms=122.433
[OC-Shortest/pow2] m=10 h=10 SEG=4 bits=40 words=1 threads=24
[DP-fwdX] L=0 states=1 -> 1
[DP-fwdX] L=16 states=193 -> 237
[DP-fwdX] L=32 states=2293 -> 2517
[DP-fwdX] L=48 states=5392 -> 5424
[DP-bwdX] L=96 states=5 -> 7
[DP-bwdX] L=80 states=433 -> 515
[DP-bwdX] L=64 states=3246 -> 3481
[DP-fwdX] L=0 states=1 -> 1
[DP-fwdX] L=16 states=193 -> 237
[DP-bwdX] L=48 states=2 -> 3
[DP-bwdX] L=32 states=103 -> 111
[DP-fwdX] L=0 states=1 -> 1
[DP-bwdX] L=16 states=21 -> 22
[DP-fwdX] L=0 states=1 -> 1
[DP-fwdX] L=0 states=1 -> 1
[DP-fwdX] L=0 states=1 -> 1
[DP-fwdX] L=16 states=19 -> 32
[DP-bwdX] L=16 states=4 -> 5
[DP-fwdX] L=16 states=1 -> 2
[DP-fwdX] L=32 states=125 -> 187
[DP-bwdX] L=48 states=2 -> 3
[DP-bwdX] L=32 states=14 -> 18
[DP-fwdX] L=32 states=4 -> 9
[DP-fwdX] L=32 states=1 -> 4
[DP-bwdX] L=48 states=2 -> 3
[DP-bwdX] L=48 states=2 -> 3
[DP-bwdX] L=48 states=1 -> 2
[DP-fwdX] L=48 states=1 -> 2
[DP-fwdX] L=64 states=63 -> 72
[DP-bwdX] L=96 states=5 -> 7
[DP-bwdX] L=80 states=433 -> 515
[DP-bwdX] L=64 states=240 -> 312
[DP-fwdX] L=64 states=4 -> 6
[DP-fwdX] L=64 states=4 -> 6
[DP-bwdX] L=64 states=2 -> 4
[DP-fwdX] L=80 states=7 -> 9
[DP-bwdX] L=96 states=5 -> 7
[DP-fwdX] L=80 states=7 -> 9
[DP-bwdX] L=80 states=3 -> 7
[DP-bwdX] L=80 states=3 -> 7
[DP-bwdX] L=96 states=5 -> 7
[DP-bwdX] L=96 states=1 -> 2
[DP-bwdX] L=96 states=1 -> 2
[DP-fwdX] L=96 states=1 -> 1
[DP-fwdX] L=96 states=1 -> 1
  [Round 16] T_prime=19  T_target=10  HPWL_w=959444  HPWL_eq=921  maxL=34  WNS(T')=-15  WNS*(T)=-24  picked=11  solve_ms=118.328
[OC-Shortest/pow2] m=10 h=10 SEG=4 bits=40 words=1 threads=24
[DP-fwdX] L=0 states=1 -> 1
[DP-fwdX] L=16 states=193 -> 237
[DP-fwdX] L=32 states=2293 -> 2517
[DP-fwdX] L=48 states=5392 -> 5424
[DP-bwdX] L=96 states=5 -> 7
[DP-bwdX] L=80 states=433 -> 515
[DP-bwdX] L=64 states=3246 -> 3481
[DP-fwdX] L=0 states=1 -> 1
[DP-fwdX] L=16 states=193 -> 237
[DP-bwdX] L=48 states=2 -> 3
[DP-bwdX] L=32 states=103 -> 111
[DP-fwdX] L=0 states=1 -> 1
[DP-bwdX] L=16 states=14 -> 15
[DP-fwdX] L=0 states=1 -> 1
[DP-fwdX] L=0 states=1 -> 1
[DP-fwdX] L=0 states=1 -> 1
[DP-fwdX] L=16 states=30 -> 50
[DP-bwdX] L=16 states=2 -> 3
[DP-fwdX] L=16 states=1 -> 3
[DP-fwdX] L=32 states=66 -> 95
[DP-bwdX] L=48 states=2 -> 3
[DP-bwdX] L=32 states=14 -> 18
[DP-fwdX] L=32 states=2 -> 3
[DP-fwdX] L=32 states=1 -> 2
[DP-bwdX] L=48 states=2 -> 3
[DP-bwdX] L=48 states=2 -> 3
[DP-bwdX] L=48 states=1 -> 2
[DP-fwdX] L=48 states=1 -> 2
[DP-fwdX] L=64 states=63 -> 72
[DP-bwdX] L=96 states=5 -> 7
[DP-bwdX] L=80 states=433 -> 515
[DP-bwdX] L=64 states=233 -> 301
[DP-fwdX] L=64 states=4 -> 6
[DP-fwdX] L=64 states=4 -> 6
[DP-bwdX] L=64 states=2 -> 4
[DP-fwdX] L=80 states=11 -> 13
[DP-bwdX] L=96 states=5 -> 7
[DP-fwdX] L=80 states=11 -> 13
[DP-bwdX] L=80 states=3 -> 7
[DP-bwdX] L=80 states=3 -> 7
[DP-bwdX] L=96 states=5 -> 7
[DP-bwdX] L=96 states=1 -> 2
[DP-bwdX] L=96 states=1 -> 2
[DP-fwdX] L=96 states=1 -> 1
[DP-fwdX] L=96 states=1 -> 1
  [Round 17] T_prime=19  T_target=10  HPWL_w=961890  HPWL_eq=920  maxL=20  WNS(T')=-1  WNS*(T)=-10  picked=10  solve_ms=112.607
[OC-Shortest/pow2] m=10 h=10 SEG=4 bits=40 words=1 threads=24
[DP-fwdX] L=0 states=1 -> 1
[DP-fwdX] L=16 states=193 -> 237
[DP-fwdX] L=32 states=2293 -> 2517
[DP-fwdX] L=48 states=5392 -> 5424
[DP-bwdX] L=96 states=5 -> 7
[DP-bwdX] L=80 states=433 -> 515
[DP-bwdX] L=64 states=3246 -> 3481
[DP-fwdX] L=0 states=1 -> 1
[DP-fwdX] L=16 states=193 -> 237
[DP-bwdX] L=48 states=2 -> 3
[DP-bwdX] L=32 states=103 -> 111
[DP-fwdX] L=0 states=1 -> 1
[DP-bwdX] L=16 states=14 -> 15
[DP-fwdX] L=0 states=1 -> 1
[DP-fwdX] L=0 states=1 -> 1
[DP-fwdX] L=0 states=1 -> 1
[DP-fwdX] L=16 states=30 -> 50
[DP-bwdX] L=16 states=2 -> 3
[DP-fwdX] L=16 states=1 -> 3
[DP-fwdX] L=32 states=66 -> 95
[DP-bwdX] L=48 states=2 -> 3
