[MultiCol] m=8 h=8 K=2 T=5 rounds=150 policy=soft snake=1
[MultiCol] exec: build/oc_policy_singlecol 8 4 150 --T=5 --policy=soft --freeze=1 --cap=64 --scale=1000 --dV=1 --pow2=1 --progress=1 --alpha=0.9 --eta=1 --gamma=0.3 --beta=3 --homotopy=1 --sigma=0.8 --shrink=0.9
[Policy] m=8 h=4 rounds=150 T_target=5 policy=soft+freeze cap=64 scale=1000 freeze=1 homotopy=1 sigma=0.8 shrink=0.9
[OC-Shortest/pow2] m=8 h=4 SEG=3 bits=24 words=1 threads=24
[DP-fwdX] L=0 states=1 -> 1
[DP-bwdX] L=32 states=1 -> 1
[DP-fwdX] L=0 states=1 -> 1
[DP-bwdX] L=16 states=1 -> 1
[DP-fwdX] L=0 states=1 -> 1
[DP-fwdX] L=0 states=1 -> 1
[DP-fwdX] L=0 states=1 -> 1
[DP-bwdX] L=16 states=1 -> 1
[DP-bwdX] L=16 states=1 -> 1
[DP-bwdX] L=16 states=1 -> 1
[DP-fwdX] L=16 states=1 -> 1
[DP-bwdX] L=32 states=1 -> 1
[DP-fwdX] L=16 states=1 -> 1
[DP-fwdX] L=16 states=1 -> 1
[DP-fwdX] L=16 states=1 -> 1
[DP-bwdX] L=32 states=1 -> 1
[DP-bwdX] L=32 states=1 -> 1
[DP-bwdX] L=32 states=1 -> 1
[Init-Homotopy] round1 maxL=7  set T_prime0=6 (T_target=5)
  [Round 1] T_prime=6  T_target=5  HPWL_w=136000  HPWL_eq=136  maxL=7  WNS(T')=-1  WNS*(T)=-2  picked=1  solve_ms=8.98486
[OC-Shortest/pow2] m=8 h=4 SEG=3 bits=24 words=1 threads=24
[DP-fwdX] L=0 states=1 -> 1
[DP-bwdX] L=32 states=1 -> 1
[DP-fwdX] L=0 states=1 -> 1
[DP-bwdX] L=16 states=1 -> 1
[DP-fwdX] L=0 states=1 -> 1
[DP-fwdX] L=0 states=1 -> 1
[DP-fwdX] L=0 states=1 -> 1
[DP-bwdX] L=16 states=1 -> 1
[DP-bwdX] L=16 states=1 -> 1
[DP-bwdX] L=16 states=1 -> 1
[DP-fwdX] L=16 states=1 -> 1
[DP-bwdX] L=32 states=1 -> 1
[DP-fwdX] L=16 states=1 -> 1
[DP-fwdX] L=16 states=1 -> 1
[DP-fwdX] L=16 states=1 -> 1
[DP-bwdX] L=32 states=1 -> 1
[DP-bwdX] L=32 states=1 -> 1
[DP-bwdX] L=32 states=1 -> 1
  [Round 2] T_prime=6  T_target=5  HPWL_w=136048  HPWL_eq=136  maxL=4  WNS(T')=2  WNS*(T)=1  picked=0  solve_ms=4.16698
  [TD] reach target: all edges <= T_target.
[Policy] wrote placement to: placement8_Col_1_T_5.txt
[MultiCol] moved base placement to: ./base_placement_8x4_T_5.txt
[MultiCol] parsed base Y entries: 32 (expect 32)
[MultiCol] wrote multi-col placement: placement8_Col_2_T_5.txt
[MultiCol] final placement: placement8_Col_2_T_5.txt
