[MultiCol] m=40 h=36 K=4 T=13 rounds=150 policy=soft snake=1 work_dir=.
[MultiCol] exec: build/oc_policy_singlecol 40 9 150 --T=13 --policy=soft --freeze=1 --cap=64 --scale=1000 --dV=1 --pow2=1 --progress=1 --alpha=0.9 --eta=1 --gamma=0.3 --beta=3 --homotopy=1 --sigma=0.8 --shrink=0.9
[Policy] m_full=40 h_full=9  m_dp=9 h_dp=9  rounds=150 T_target=13 policy=soft+freeze cap=64 scale=1000 freeze=1 homotopy=1 sigma=0.8 shrink=0.9 fast_ctr=1
[OC-Shortest/pow2] m=9 h=9 SEG=4 bits=36 words=1 threads=24
[DP-fwdX] L=0 states=1 -> 1
[DP-fwdX] L=16 states=171 -> 207
[DP-fwdX] L=32 states=1292 -> 1368
[DP-bwdX] L=80 states=1 -> 2
[DP-bwdX] L=64 states=207 -> 251
[DP-bwdX] L=48 states=1368 -> 1437
[DP-fwdX] L=0 states=1 -> 1
[DP-fwdX] L=16 states=171 -> 207
[DP-bwdX] L=32 states=41 -> 50
[DP-fwdX] L=0 states=1 -> 1
[DP-bwdX] L=16 states=5 -> 7
[DP-fwdX] L=0 states=1 -> 1
[DP-fwdX] L=0 states=1 -> 1
[DP-fwdX] L=0 states=1 -> 1
[DP-bwdX] L=16 states=5 -> 7
[DP-fwdX] L=16 states=2 -> 5
[DP-bwdX] L=32 states=41 -> 50
[DP-fwdX] L=32 states=4 -> 7
[DP-bwdX] L=32 states=1 -> 2
[DP-fwdX] L=32 states=1 -> 2
[DP-fwdX] L=48 states=40 -> 48
[DP-bwdX] L=80 states=1 -> 2
[DP-bwdX] L=64 states=207 -> 251
[DP-fwdX] L=48 states=40 -> 48
[DP-bwdX] L=48 states=4 -> 7
[DP-bwdX] L=48 states=4 -> 7
[DP-fwdX] L=48 states=1 -> 2
[DP-fwdX] L=64 states=4 -> 5
[DP-bwdX] L=80 states=1 -> 2
[DP-fwdX] L=64 states=4 -> 5
[DP-bwdX] L=64 states=3 -> 7
[DP-bwdX] L=64 states=3 -> 7
[DP-bwdX] L=80 states=1 -> 2
[DP-bwdX] L=80 states=1 -> 2
[DP-bwdX] L=80 states=1 -> 2
[Init-Homotopy] round1 maxL=23  set T_prime0=19 (T_target=13)
  [Round 1] T_prime=19  T_target=13  HPWL_w=668000  HPWL_eq=668  maxL=23  WNS(T')=-4  WNS*(T)=-10  picked=6  solve_ms=47.1169
[OC-Shortest/pow2] m=9 h=9 SEG=4 bits=36 words=1 threads=24
[DP-fwdX] L=0 states=1 -> 1
[DP-fwdX] L=16 states=171 -> 207
[DP-fwdX] L=32 states=1292 -> 1368
[DP-bwdX] L=80 states=1 -> 2
[DP-bwdX] L=64 states=207 -> 251
[DP-bwdX] L=48 states=1368 -> 1437
[DP-fwdX] L=0 states=1 -> 1
[DP-fwdX] L=16 states=171 -> 207
[DP-bwdX] L=32 states=41 -> 50
[DP-fwdX] L=0 states=1 -> 1
[DP-bwdX] L=16 states=5 -> 7
[DP-fwdX] L=0 states=1 -> 1
[DP-fwdX] L=0 states=1 -> 1
[DP-fwdX] L=0 states=1 -> 1
[DP-bwdX] L=16 states=5 -> 7
[DP-fwdX] L=16 states=2 -> 5
[DP-bwdX] L=32 states=41 -> 50
[DP-fwdX] L=32 states=4 -> 7
[DP-bwdX] L=32 states=1 -> 2
[DP-fwdX] L=32 states=1 -> 2
[DP-fwdX] L=48 states=40 -> 48
[DP-bwdX] L=80 states=1 -> 2
[DP-bwdX] L=64 states=207 -> 251
[DP-fwdX] L=48 states=40 -> 48
[DP-bwdX] L=48 states=4 -> 7
[DP-bwdX] L=48 states=4 -> 7
[DP-fwdX] L=48 states=1 -> 2
[DP-fwdX] L=64 states=4 -> 5
[DP-bwdX] L=80 states=1 -> 2
[DP-fwdX] L=64 states=4 -> 5
[DP-bwdX] L=64 states=3 -> 7
[DP-bwdX] L=64 states=3 -> 7
[DP-bwdX] L=80 states=1 -> 2
[DP-bwdX] L=80 states=1 -> 2
[DP-bwdX] L=80 states=1 -> 2
  [Round 2] T_prime=19  T_target=13  HPWL_w=668186  HPWL_eq=668  maxL=23  WNS(T')=-4  WNS*(T)=-10  picked=6  solve_ms=42.7349
[OC-Shortest/pow2] m=9 h=9 SEG=4 bits=36 words=1 threads=24
[DP-fwdX] L=0 states=1 -> 1
[DP-fwdX] L=16 states=171 -> 207
[DP-fwdX] L=32 states=1292 -> 1368
[DP-bwdX] L=80 states=1 -> 2
[DP-bwdX] L=64 states=207 -> 251
[DP-bwdX] L=48 states=1368 -> 1437
[DP-fwdX] L=0 states=1 -> 1
[DP-fwdX] L=16 states=171 -> 207
[DP-bwdX] L=32 states=41 -> 50
[DP-fwdX] L=0 states=1 -> 1
[DP-bwdX] L=16 states=5 -> 7
[DP-fwdX] L=0 states=1 -> 1
[DP-fwdX] L=0 states=1 -> 1
[DP-fwdX] L=0 states=1 -> 1
[DP-bwdX] L=16 states=5 -> 7
[DP-fwdX] L=16 states=2 -> 5
[DP-bwdX] L=32 states=41 -> 50
[DP-fwdX] L=32 states=4 -> 7
[DP-bwdX] L=32 states=1 -> 2
[DP-fwdX] L=32 states=1 -> 2
[DP-fwdX] L=48 states=40 -> 48
[DP-bwdX] L=80 states=1 -> 2
[DP-bwdX] L=64 states=207 -> 251
[DP-fwdX] L=48 states=40 -> 48
[DP-bwdX] L=48 states=4 -> 7
[DP-bwdX] L=48 states=4 -> 7
[DP-fwdX] L=48 states=1 -> 2
[DP-fwdX] L=64 states=4 -> 5
[DP-bwdX] L=80 states=1 -> 2
[DP-fwdX] L=64 states=4 -> 5
[DP-bwdX] L=64 states=3 -> 7
[DP-bwdX] L=64 states=3 -> 7
[DP-bwdX] L=80 states=1 -> 2
[DP-bwdX] L=80 states=1 -> 2
[DP-bwdX] L=80 states=1 -> 2
  [Round 3] T_prime=19  T_target=13  HPWL_w=669622  HPWL_eq=668  maxL=23  WNS(T')=-4  WNS*(T)=-10  picked=6  solve_ms=42.598
[OC-Shortest/pow2] m=9 h=9 SEG=4 bits=36 words=1 threads=24
[DP-fwdX] L=0 states=1 -> 1
[DP-fwdX] L=16 states=171 -> 207
[DP-fwdX] L=32 states=1292 -> 1368
[DP-bwdX] L=80 states=1 -> 2
[DP-bwdX] L=64 states=207 -> 251
[DP-bwdX] L=48 states=1368 -> 1437
[DP-fwdX] L=0 states=1 -> 1
[DP-fwdX] L=16 states=171 -> 207
[DP-bwdX] L=32 states=41 -> 50
[DP-fwdX] L=0 states=1 -> 1
[DP-bwdX] L=16 states=5 -> 7
[DP-fwdX] L=0 states=1 -> 1
[DP-fwdX] L=0 states=1 -> 1
[DP-fwdX] L=0 states=1 -> 1
[DP-bwdX] L=16 states=5 -> 7
[DP-fwdX] L=16 states=2 -> 5
[DP-bwdX] L=32 states=41 -> 50
[DP-fwdX] L=32 states=4 -> 7
[DP-bwdX] L=32 states=1 -> 2
[DP-fwdX] L=32 states=1 -> 2
[DP-fwdX] L=48 states=40 -> 48
[DP-bwdX] L=80 states=1 -> 2
[DP-bwdX] L=64 states=207 -> 251
[DP-fwdX] L=48 states=40 -> 48
[DP-bwdX] L=48 states=4 -> 7
[DP-bwdX] L=48 states=4 -> 7
[DP-fwdX] L=48 states=1 -> 2
[DP-fwdX] L=64 states=4 -> 5
[DP-bwdX] L=80 states=1 -> 2
[DP-fwdX] L=64 states=4 -> 5
[DP-bwdX] L=64 states=3 -> 7
[DP-bwdX] L=64 states=3 -> 7
[DP-bwdX] L=80 states=1 -> 2
[DP-bwdX] L=80 states=1 -> 2
[DP-bwdX] L=80 states=1 -> 2
  [Round 4] T_prime=19  T_target=13  HPWL_w=670286  HPWL_eq=668  maxL=23  WNS(T')=-4  WNS*(T)=-10  picked=6  solve_ms=42.3382
[OC-Shortest/pow2] m=9 h=9 SEG=4 bits=36 words=1 threads=24
[DP-fwdX] L=0 states=1 -> 1
[DP-fwdX] L=16 states=171 -> 207
[DP-fwdX] L=32 states=1292 -> 1368
[DP-bwdX] L=80 states=1 -> 2
[DP-bwdX] L=64 states=207 -> 251
[DP-bwdX] L=48 states=1368 -> 1437
[DP-fwdX] L=0 states=1 -> 1
[DP-fwdX] L=16 states=171 -> 207
[DP-bwdX] L=32 states=41 -> 50
[DP-fwdX] L=0 states=1 -> 1
[DP-bwdX] L=16 states=5 -> 7
[DP-fwdX] L=0 states=1 -> 1
[DP-fwdX] L=0 states=1 -> 1
[DP-fwdX] L=0 states=1 -> 1
[DP-bwdX] L=16 states=5 -> 7
[DP-fwdX] L=16 states=2 -> 5
[DP-bwdX] L=32 states=41 -> 50
[DP-fwdX] L=32 states=4 -> 7
[DP-bwdX] L=32 states=1 -> 2
[DP-fwdX] L=32 states=1 -> 2
[DP-fwdX] L=48 states=40 -> 48
[DP-bwdX] L=80 states=1 -> 2
[DP-bwdX] L=64 states=207 -> 251
[DP-fwdX] L=48 states=40 -> 48
[DP-bwdX] L=48 states=4 -> 7
[DP-bwdX] L=48 states=4 -> 7
[DP-fwdX] L=48 states=1 -> 2
[DP-fwdX] L=64 states=4 -> 5
[DP-bwdX] L=80 states=1 -> 2
[DP-fwdX] L=64 states=4 -> 5
[DP-bwdX] L=64 states=3 -> 7
[DP-bwdX] L=64 states=3 -> 7
[DP-bwdX] L=80 states=1 -> 2
[DP-bwdX] L=80 states=1 -> 2
[DP-bwdX] L=80 states=1 -> 2
  [Round 5] T_prime=19  T_target=13  HPWL_w=672920  HPWL_eq=668  maxL=23  WNS(T')=-4  WNS*(T)=-10  picked=6  solve_ms=41.7096
[OC-Shortest/pow2] m=9 h=9 SEG=4 bits=36 words=1 threads=24
[DP-fwdX] L=0 states=1 -> 1
[DP-fwdX] L=16 states=171 -> 207
[DP-fwdX] L=32 states=1292 -> 1368
[DP-bwdX] L=80 states=1 -> 2
[DP-bwdX] L=64 states=207 -> 251
[DP-bwdX] L=48 states=1368 -> 1437
[DP-fwdX] L=0 states=1 -> 1
[DP-fwdX] L=16 states=171 -> 207
[DP-bwdX] L=32 states=41 -> 50
[DP-fwdX] L=0 states=1 -> 1
[DP-bwdX] L=16 states=5 -> 7
[DP-fwdX] L=0 states=1 -> 1
[DP-fwdX] L=0 states=1 -> 1
[DP-fwdX] L=0 states=1 -> 1
[DP-bwdX] L=16 states=5 -> 7
[DP-fwdX] L=16 states=2 -> 5
[DP-bwdX] L=32 states=41 -> 50
[DP-fwdX] L=32 states=4 -> 7
[DP-bwdX] L=32 states=1 -> 2
[DP-fwdX] L=32 states=1 -> 2
[DP-fwdX] L=48 states=40 -> 48
[DP-bwdX] L=80 states=1 -> 2
[DP-bwdX] L=64 states=207 -> 251
[DP-fwdX] L=48 states=40 -> 48
[DP-bwdX] L=48 states=4 -> 7
[DP-bwdX] L=48 states=4 -> 7
[DP-fwdX] L=48 states=1 -> 2
[DP-fwdX] L=64 states=4 -> 5
[DP-bwdX] L=80 states=1 -> 2
[DP-fwdX] L=64 states=4 -> 5
[DP-bwdX] L=64 states=3 -> 7
[DP-bwdX] L=64 states=3 -> 7
[DP-bwdX] L=80 states=1 -> 2
[DP-bwdX] L=80 states=1 -> 2
[DP-bwdX] L=80 states=1 -> 2
  [Round 6] T_prime=19  T_target=13  HPWL_w=673964  HPWL_eq=668  maxL=23  WNS(T')=-4  WNS*(T)=-10  picked=6  solve_ms=41.5694
[OC-Shortest/pow2] m=9 h=9 SEG=4 bits=36 words=1 threads=24
[DP-fwdX] L=0 states=1 -> 1
[DP-fwdX] L=16 states=171 -> 207
[DP-fwdX] L=32 states=1292 -> 1368
[DP-bwdX] L=80 states=1 -> 2
[DP-bwdX] L=64 states=207 -> 251
[DP-bwdX] L=48 states=1368 -> 1437
[DP-fwdX] L=0 states=1 -> 1
[DP-fwdX] L=16 states=171 -> 207
[DP-bwdX] L=32 states=41 -> 50
[DP-fwdX] L=0 states=1 -> 1
[DP-bwdX] L=16 states=5 -> 7
[DP-fwdX] L=0 states=1 -> 1
[DP-fwdX] L=0 states=1 -> 1
[DP-fwdX] L=0 states=1 -> 1
[DP-bwdX] L=16 states=5 -> 7
[DP-fwdX] L=16 states=2 -> 5
[DP-bwdX] L=32 states=41 -> 50
[DP-fwdX] L=32 states=4 -> 7
[DP-bwdX] L=32 states=1 -> 2
[DP-fwdX] L=32 states=1 -> 2
[DP-fwdX] L=48 states=40 -> 48
[DP-bwdX] L=80 states=1 -> 2
[DP-bwdX] L=64 states=207 -> 251
[DP-fwdX] L=48 states=40 -> 48
[DP-bwdX] L=48 states=4 -> 7
[DP-bwdX] L=48 states=4 -> 7
[DP-fwdX] L=48 states=1 -> 2
[DP-fwdX] L=64 states=4 -> 5
[DP-bwdX] L=80 states=1 -> 2
[DP-fwdX] L=64 states=4 -> 5
[DP-bwdX] L=64 states=3 -> 7
[DP-bwdX] L=64 states=3 -> 7
[DP-bwdX] L=80 states=1 -> 2
[DP-bwdX] L=80 states=1 -> 2
[DP-bwdX] L=80 states=1 -> 2
  [Round 7] T_prime=19  T_target=13  HPWL_w=677754  HPWL_eq=668  maxL=23  WNS(T')=-4  WNS*(T)=-10  picked=6  solve_ms=41.8471
[OC-Shortest/pow2] m=9 h=9 SEG=4 bits=36 words=1 threads=24
[DP-fwdX] L=0 states=1 -> 1
[DP-fwdX] L=16 states=171 -> 207
[DP-fwdX] L=32 states=1292 -> 1368
[DP-bwdX] L=80 states=1 -> 2
[DP-bwdX] L=64 states=207 -> 251
[DP-bwdX] L=48 states=1368 -> 1437
[DP-fwdX] L=0 states=1 -> 1
[DP-fwdX] L=16 states=171 -> 207
[DP-bwdX] L=32 states=41 -> 50
[DP-fwdX] L=0 states=1 -> 1
[DP-bwdX] L=16 states=5 -> 7
[DP-fwdX] L=0 states=1 -> 1
[DP-fwdX] L=0 states=1 -> 1
[DP-fwdX] L=0 states=1 -> 1
[DP-bwdX] L=16 states=5 -> 7
[DP-fwdX] L=16 states=2 -> 5
[DP-bwdX] L=32 states=41 -> 50
[DP-fwdX] L=32 states=4 -> 7
[DP-bwdX] L=32 states=1 -> 2
[DP-fwdX] L=32 states=1 -> 2
[DP-fwdX] L=48 states=40 -> 48
[DP-bwdX] L=80 states=1 -> 2
[DP-bwdX] L=64 states=207 -> 251
[DP-fwdX] L=48 states=40 -> 48
[DP-bwdX] L=48 states=4 -> 7
[DP-bwdX] L=48 states=4 -> 7
[DP-fwdX] L=48 states=1 -> 2
[DP-fwdX] L=64 states=4 -> 5
[DP-bwdX] L=80 states=1 -> 2
[DP-fwdX] L=64 states=4 -> 5
[DP-bwdX] L=64 states=3 -> 7
[DP-bwdX] L=64 states=3 -> 7
[DP-bwdX] L=80 states=1 -> 2
[DP-bwdX] L=80 states=1 -> 2
[DP-bwdX] L=80 states=1 -> 2
  [Round 8] T_prime=19  T_target=13  HPWL_w=678916  HPWL_eq=670  maxL=19  WNS(T')=0  WNS*(T)=-6  picked=0  solve_ms=41.8859
    [Tighten] T_prime: 19 -> 16 (sigma*maxL=16, shrink=18)  | cold-start: reset inertia
[OC-Shortest/pow2] m=9 h=9 SEG=4 bits=36 words=1 threads=24
[DP-fwdX] L=0 states=1 -> 1
[DP-fwdX] L=16 states=171 -> 207
[DP-fwdX] L=32 states=1292 -> 1368
[DP-bwdX] L=80 states=1 -> 2
[DP-bwdX] L=64 states=207 -> 251
[DP-bwdX] L=48 states=1368 -> 1437
[DP-fwdX] L=0 states=1 -> 1
[DP-fwdX] L=16 states=171 -> 207
[DP-bwdX] L=32 states=41 -> 50
[DP-fwdX] L=0 states=1 -> 1
[DP-bwdX] L=16 states=5 -> 7
[DP-fwdX] L=0 states=1 -> 1
[DP-fwdX] L=0 states=1 -> 1
[DP-fwdX] L=0 states=1 -> 1
[DP-bwdX] L=16 states=5 -> 7
[DP-fwdX] L=16 states=2 -> 5
[DP-bwdX] L=32 states=41 -> 50
[DP-fwdX] L=32 states=4 -> 7
[DP-bwdX] L=32 states=1 -> 2
[DP-fwdX] L=32 states=1 -> 2
[DP-fwdX] L=48 states=40 -> 48
[DP-bwdX] L=80 states=1 -> 2
[DP-bwdX] L=64 states=207 -> 251
[DP-fwdX] L=48 states=40 -> 48
[DP-bwdX] L=48 states=4 -> 7
[DP-bwdX] L=48 states=4 -> 7
[DP-fwdX] L=48 states=1 -> 2
[DP-fwdX] L=64 states=4 -> 5
[DP-bwdX] L=80 states=1 -> 2
[DP-fwdX] L=64 states=4 -> 5
[DP-bwdX] L=64 states=3 -> 7
[DP-bwdX] L=64 states=3 -> 7
[DP-bwdX] L=80 states=1 -> 2
[DP-bwdX] L=80 states=1 -> 2
[DP-bwdX] L=80 states=1 -> 2
  [Round 9] T_prime=16  T_target=13  HPWL_w=678916  HPWL_eq=670  maxL=19  WNS(T')=-3  WNS*(T)=-6  picked=10  solve_ms=41.6928
[OC-Shortest/pow2] m=9 h=9 SEG=4 bits=36 words=1 threads=24
[DP-fwdX] L=0 states=1 -> 1
[DP-fwdX] L=16 states=171 -> 207
[DP-fwdX] L=32 states=1292 -> 1368
[DP-bwdX] L=80 states=1 -> 2
[DP-bwdX] L=64 states=207 -> 251
[DP-bwdX] L=48 states=1368 -> 1437
[DP-fwdX] L=0 states=1 -> 1
[DP-fwdX] L=16 states=171 -> 207
[DP-bwdX] L=32 states=41 -> 50
[DP-fwdX] L=0 states=1 -> 1
[DP-bwdX] L=16 states=5 -> 7
[DP-fwdX] L=0 states=1 -> 1
[DP-fwdX] L=0 states=1 -> 1
[DP-fwdX] L=0 states=1 -> 1
[DP-bwdX] L=16 states=5 -> 7
[DP-fwdX] L=16 states=2 -> 5
[DP-bwdX] L=32 states=41 -> 50
[DP-fwdX] L=32 states=4 -> 7
[DP-bwdX] L=32 states=1 -> 2
[DP-fwdX] L=32 states=1 -> 2
[DP-fwdX] L=48 states=40 -> 48
[DP-bwdX] L=80 states=1 -> 2
[DP-bwdX] L=64 states=207 -> 251
[DP-fwdX] L=48 states=40 -> 48
[DP-bwdX] L=48 states=4 -> 7
[DP-bwdX] L=48 states=4 -> 7
[DP-fwdX] L=48 states=1 -> 2
[DP-fwdX] L=64 states=4 -> 5
[DP-bwdX] L=80 states=1 -> 2
[DP-fwdX] L=64 states=4 -> 5
[DP-bwdX] L=64 states=3 -> 7
[DP-bwdX] L=64 states=3 -> 7
[DP-bwdX] L=80 states=1 -> 2
[DP-bwdX] L=80 states=1 -> 2
[DP-bwdX] L=80 states=1 -> 2
  [Round 10] T_prime=16  T_target=13  HPWL_w=681176  HPWL_eq=670  maxL=19  WNS(T')=-3  WNS*(T)=-6  picked=10  solve_ms=41.725
[OC-Shortest/pow2] m=9 h=9 SEG=4 bits=36 words=1 threads=24
[DP-fwdX] L=0 states=1 -> 1
[DP-fwdX] L=16 states=171 -> 207
[DP-fwdX] L=32 states=1292 -> 1368
[DP-bwdX] L=80 states=1 -> 2
[DP-bwdX] L=64 states=207 -> 251
[DP-bwdX] L=48 states=1368 -> 1437
[DP-fwdX] L=0 states=1 -> 1
[DP-fwdX] L=16 states=171 -> 207
[DP-bwdX] L=32 states=41 -> 50
[DP-fwdX] L=0 states=1 -> 1
[DP-bwdX] L=16 states=5 -> 7
[DP-fwdX] L=0 states=1 -> 1
[DP-fwdX] L=0 states=1 -> 1
[DP-fwdX] L=0 states=1 -> 1
[DP-bwdX] L=16 states=5 -> 7
[DP-fwdX] L=16 states=2 -> 5
[DP-bwdX] L=32 states=41 -> 50
[DP-fwdX] L=32 states=4 -> 7
[DP-bwdX] L=32 states=1 -> 2
[DP-fwdX] L=32 states=1 -> 2
[DP-fwdX] L=48 states=40 -> 48
[DP-bwdX] L=80 states=1 -> 2
[DP-bwdX] L=64 states=207 -> 251
[DP-fwdX] L=48 states=40 -> 48
[DP-bwdX] L=48 states=4 -> 7
[DP-bwdX] L=48 states=4 -> 7
[DP-fwdX] L=48 states=1 -> 2
[DP-fwdX] L=64 states=4 -> 5
[DP-bwdX] L=80 states=1 -> 2
[DP-fwdX] L=64 states=4 -> 5
[DP-bwdX] L=64 states=3 -> 7
[DP-bwdX] L=64 states=3 -> 7
[DP-bwdX] L=80 states=1 -> 2
[DP-bwdX] L=80 states=1 -> 2
[DP-bwdX] L=80 states=1 -> 2
  [Round 11] T_prime=16  T_target=13  HPWL_w=682932  HPWL_eq=670  maxL=19  WNS(T')=-3  WNS*(T)=-6  picked=10  solve_ms=41.4159
[OC-Shortest/pow2] m=9 h=9 SEG=4 bits=36 words=1 threads=24
[DP-fwdX] L=0 states=1 -> 1
[DP-fwdX] L=16 states=171 -> 207
[DP-fwdX] L=32 states=1292 -> 1368
[DP-bwdX] L=80 states=1 -> 2
[DP-bwdX] L=64 states=207 -> 251
[DP-bwdX] L=48 states=1368 -> 1437
[DP-fwdX] L=0 states=1 -> 1
[DP-fwdX] L=16 states=171 -> 207
[DP-bwdX] L=32 states=41 -> 50
[DP-fwdX] L=0 states=1 -> 1
[DP-bwdX] L=16 states=5 -> 7
[DP-fwdX] L=0 states=1 -> 1
[DP-fwdX] L=0 states=1 -> 1
[DP-fwdX] L=0 states=1 -> 1
[DP-bwdX] L=16 states=5 -> 7
[DP-fwdX] L=16 states=2 -> 5
[DP-bwdX] L=32 states=41 -> 50
[DP-fwdX] L=32 states=4 -> 7
[DP-bwdX] L=32 states=1 -> 2
[DP-fwdX] L=32 states=1 -> 2
[DP-fwdX] L=48 states=40 -> 48
[DP-bwdX] L=80 states=1 -> 2
[DP-bwdX] L=64 states=207 -> 251
[DP-fwdX] L=48 states=40 -> 48
[DP-bwdX] L=48 states=4 -> 7
[DP-bwdX] L=48 states=4 -> 7
[DP-fwdX] L=48 states=1 -> 2
[DP-fwdX] L=64 states=4 -> 5
[DP-bwdX] L=80 states=1 -> 2
[DP-fwdX] L=64 states=4 -> 5
[DP-bwdX] L=64 states=3 -> 7
[DP-bwdX] L=64 states=3 -> 7
[DP-bwdX] L=80 states=1 -> 2
[DP-bwdX] L=80 states=1 -> 2
[DP-bwdX] L=80 states=1 -> 2
  [Round 12] T_prime=16  T_target=13  HPWL_w=685268  HPWL_eq=670  maxL=19  WNS(T')=-3  WNS*(T)=-6  picked=10  solve_ms=41.7089
[OC-Shortest/pow2] m=9 h=9 SEG=4 bits=36 words=1 threads=24
[DP-fwdX] L=0 states=1 -> 1
[DP-fwdX] L=16 states=171 -> 207
[DP-fwdX] L=32 states=1292 -> 1368
[DP-bwdX] L=80 states=1 -> 2
[DP-bwdX] L=64 states=207 -> 251
[DP-bwdX] L=48 states=1368 -> 1437
[DP-fwdX] L=0 states=1 -> 1
[DP-fwdX] L=16 states=171 -> 207
[DP-bwdX] L=32 states=41 -> 50
[DP-fwdX] L=0 states=1 -> 1
[DP-bwdX] L=16 states=5 -> 7
[DP-fwdX] L=0 states=1 -> 1
[DP-fwdX] L=0 states=1 -> 1
[DP-fwdX] L=0 states=1 -> 1
[DP-bwdX] L=16 states=5 -> 7
[DP-fwdX] L=16 states=2 -> 5
[DP-bwdX] L=32 states=41 -> 50
[DP-fwdX] L=32 states=4 -> 7
[DP-bwdX] L=32 states=1 -> 2
[DP-fwdX] L=32 states=1 -> 2
[DP-fwdX] L=48 states=40 -> 48
[DP-bwdX] L=80 states=1 -> 2
[DP-bwdX] L=64 states=207 -> 251
[DP-fwdX] L=48 states=40 -> 48
[DP-bwdX] L=48 states=4 -> 7
[DP-bwdX] L=48 states=4 -> 7
[DP-fwdX] L=48 states=1 -> 2
[DP-fwdX] L=64 states=4 -> 5
[DP-bwdX] L=80 states=1 -> 2
[DP-fwdX] L=64 states=4 -> 5
[DP-bwdX] L=64 states=3 -> 7
[DP-bwdX] L=64 states=3 -> 7
[DP-bwdX] L=80 states=1 -> 2
[DP-bwdX] L=80 states=1 -> 2
[DP-bwdX] L=80 states=1 -> 2
  [Round 13] T_prime=16  T_target=13  HPWL_w=686282  HPWL_eq=670  maxL=19  WNS(T')=-3  WNS*(T)=-6  picked=10  solve_ms=41.4606
[OC-Shortest/pow2] m=9 h=9 SEG=4 bits=36 words=1 threads=24
[DP-fwdX] L=0 states=1 -> 1
[DP-fwdX] L=16 states=171 -> 207
[DP-fwdX] L=32 states=1292 -> 1368
[DP-bwdX] L=80 states=1 -> 2
[DP-bwdX] L=64 states=207 -> 251
[DP-bwdX] L=48 states=1368 -> 1437
[DP-fwdX] L=0 states=1 -> 1
[DP-fwdX] L=16 states=171 -> 207
[DP-bwdX] L=32 states=41 -> 50
[DP-fwdX] L=0 states=1 -> 1
[DP-bwdX] L=16 states=5 -> 6
[DP-fwdX] L=0 states=1 -> 1
[DP-fwdX] L=0 states=1 -> 1
[DP-fwdX] L=0 states=1 -> 1
[DP-bwdX] L=16 states=5 -> 6
[DP-fwdX] L=16 states=3 -> 7
[DP-bwdX] L=32 states=41 -> 50
[DP-fwdX] L=32 states=5 -> 9
[DP-bwdX] L=32 states=1 -> 3
[DP-fwdX] L=32 states=1 -> 3
[DP-fwdX] L=48 states=40 -> 48
[DP-bwdX] L=80 states=1 -> 2
[DP-bwdX] L=64 states=207 -> 251
[DP-fwdX] L=48 states=40 -> 48
[DP-bwdX] L=48 states=6 -> 11
[DP-bwdX] L=48 states=6 -> 11
[DP-fwdX] L=48 states=1 -> 2
[DP-fwdX] L=64 states=7 -> 10
[DP-bwdX] L=80 states=1 -> 2
[DP-fwdX] L=64 states=7 -> 10
[DP-bwdX] L=64 states=2 -> 5
[DP-bwdX] L=64 states=2 -> 5
[DP-bwdX] L=80 states=1 -> 2
[DP-bwdX] L=80 states=1 -> 2
[DP-bwdX] L=80 states=1 -> 2
  [Round 14] T_prime=16  T_target=13  HPWL_w=687578  HPWL_eq=682  maxL=24  WNS(T')=-8  WNS*(T)=-11  picked=12  solve_ms=42.2268
[OC-Shortest/pow2] m=9 h=9 SEG=4 bits=36 words=1 threads=24
[DP-fwdX] L=0 states=1 -> 1
[DP-fwdX] L=16 states=171 -> 207
[DP-fwdX] L=32 states=1292 -> 1368
[DP-bwdX] L=80 states=1 -> 2
[DP-bwdX] L=64 states=207 -> 251
[DP-bwdX] L=48 states=1368 -> 1437
[DP-fwdX] L=0 states=1 -> 1
[DP-fwdX] L=16 states=171 -> 207
[DP-bwdX] L=32 states=41 -> 50
[DP-fwdX] L=0 states=1 -> 1
[DP-bwdX] L=16 states=5 -> 6
[DP-fwdX] L=0 states=1 -> 1
[DP-fwdX] L=0 states=1 -> 1
[DP-fwdX] L=0 states=1 -> 1
[DP-bwdX] L=16 states=5 -> 6
[DP-fwdX] L=16 states=3 -> 7
[DP-bwdX] L=32 states=41 -> 50
[DP-fwdX] L=32 states=5 -> 9
[DP-bwdX] L=32 states=1 -> 3
[DP-fwdX] L=32 states=1 -> 3
[DP-fwdX] L=48 states=40 -> 48
[DP-bwdX] L=80 states=1 -> 2
[DP-bwdX] L=64 states=207 -> 251
[DP-fwdX] L=48 states=40 -> 48
[DP-bwdX] L=48 states=6 -> 11
[DP-bwdX] L=48 states=6 -> 11
[DP-fwdX] L=48 states=1 -> 2
[DP-fwdX] L=64 states=7 -> 10
[DP-bwdX] L=80 states=1 -> 2
[DP-fwdX] L=64 states=7 -> 10
[DP-bwdX] L=64 states=2 -> 5
[DP-bwdX] L=64 states=2 -> 5
[DP-bwdX] L=80 states=1 -> 2
[DP-bwdX] L=80 states=1 -> 2
[DP-bwdX] L=80 states=1 -> 2
  [Round 15] T_prime=16  T_target=13  HPWL_w=688594  HPWL_eq=682  maxL=30  WNS(T')=-14  WNS*(T)=-17  picked=12  solve_ms=41.963
[OC-Shortest/pow2] m=9 h=9 SEG=4 bits=36 words=1 threads=24
[DP-fwdX] L=0 states=1 -> 1
[DP-fwdX] L=16 states=171 -> 207
[DP-fwdX] L=32 states=1292 -> 1368
[DP-bwdX] L=80 states=1 -> 2
[DP-bwdX] L=64 states=207 -> 251
[DP-bwdX] L=48 states=1368 -> 1437
[DP-fwdX] L=0 states=1 -> 1
[DP-fwdX] L=16 states=171 -> 207
[DP-bwdX] L=32 states=41 -> 50
[DP-fwdX] L=0 states=1 -> 1
[DP-bwdX] L=16 states=7 -> 8
[DP-fwdX] L=0 states=1 -> 1
[DP-fwdX] L=0 states=1 -> 1
[DP-fwdX] L=0 states=1 -> 1
[DP-bwdX] L=16 states=7 -> 8
[DP-fwdX] L=16 states=3 -> 5
[DP-bwdX] L=32 states=41 -> 50
[DP-fwdX] L=32 states=4 -> 7
[DP-bwdX] L=32 states=1 -> 2
[DP-fwdX] L=32 states=1 -> 2
[DP-fwdX] L=48 states=40 -> 48
[DP-bwdX] L=80 states=1 -> 2
[DP-bwdX] L=64 states=207 -> 251
[DP-fwdX] L=48 states=40 -> 48
[DP-bwdX] L=48 states=4 -> 7
[DP-bwdX] L=48 states=4 -> 7
[DP-fwdX] L=48 states=1 -> 2
[DP-fwdX] L=64 states=8 -> 10
[DP-bwdX] L=80 states=1 -> 2
[DP-fwdX] L=64 states=8 -> 10
[DP-bwdX] L=64 states=2 -> 4
[DP-bwdX] L=64 states=2 -> 4
[DP-bwdX] L=80 states=1 -> 2
[DP-bwdX] L=80 states=1 -> 2
[DP-bwdX] L=80 states=1 -> 2
  [Round 16] T_prime=16  T_target=13  HPWL_w=693650  HPWL_eq=680  maxL=16  WNS(T')=0  WNS*(T)=-3  picked=0  solve_ms=41.5919
    [Tighten] T_prime: 16 -> 13 (sigma*maxL=13, shrink=15)  | cold-start: reset inertia
[OC-Shortest/pow2] m=9 h=9 SEG=4 bits=36 words=1 threads=24
[DP-fwdX] L=0 states=1 -> 1
[DP-fwdX] L=16 states=171 -> 207
[DP-fwdX] L=32 states=1292 -> 1368
[DP-bwdX] L=80 states=1 -> 2
[DP-bwdX] L=64 states=207 -> 251
[DP-bwdX] L=48 states=1368 -> 1437
[DP-fwdX] L=0 states=1 -> 1
[DP-fwdX] L=16 states=171 -> 207
[DP-bwdX] L=32 states=41 -> 50
[DP-fwdX] L=0 states=1 -> 1
[DP-bwdX] L=16 states=7 -> 8
[DP-fwdX] L=0 states=1 -> 1
[DP-fwdX] L=0 states=1 -> 1
[DP-fwdX] L=0 states=1 -> 1
[DP-bwdX] L=16 states=7 -> 8
[DP-fwdX] L=16 states=3 -> 5
[DP-bwdX] L=32 states=41 -> 50
[DP-fwdX] L=32 states=4 -> 7
[DP-bwdX] L=32 states=1 -> 2
[DP-fwdX] L=32 states=1 -> 2
[DP-fwdX] L=48 states=40 -> 48
[DP-bwdX] L=80 states=1 -> 2
[DP-bwdX] L=64 states=207 -> 251
[DP-fwdX] L=48 states=40 -> 48
[DP-bwdX] L=48 states=4 -> 7
[DP-bwdX] L=48 states=4 -> 7
[DP-fwdX] L=48 states=1 -> 2
[DP-fwdX] L=64 states=8 -> 10
[DP-bwdX] L=80 states=1 -> 2
[DP-fwdX] L=64 states=8 -> 10
[DP-bwdX] L=64 states=2 -> 4
[DP-bwdX] L=64 states=2 -> 4
[DP-bwdX] L=80 states=1 -> 2
[DP-bwdX] L=80 states=1 -> 2
[DP-bwdX] L=80 states=1 -> 2
  [Round 17] T_prime=13  T_target=13  HPWL_w=693650  HPWL_eq=680  maxL=16  WNS(T')=-3  WNS*(T)=-3  picked=8  solve_ms=151.992
[OC-Shortest/pow2] m=9 h=9 SEG=4 bits=36 words=1 threads=24
[DP-fwdX] L=0 states=1 -> 1
[DP-fwdX] L=16 states=171 -> 207
[DP-fwdX] L=32 states=1292 -> 1368
[DP-bwdX] L=80 states=1 -> 2
[DP-bwdX] L=64 states=207 -> 251
[DP-bwdX] L=48 states=1368 -> 1437
[DP-fwdX] L=0 states=1 -> 1
[DP-fwdX] L=16 states=171 -> 207
[DP-bwdX] L=32 states=41 -> 50
[DP-fwdX] L=0 states=1 -> 1
[DP-bwdX] L=16 states=7 -> 8
[DP-fwdX] L=0 states=1 -> 1
[DP-fwdX] L=0 states=1 -> 1
[DP-fwdX] L=0 states=1 -> 1
[DP-bwdX] L=16 states=7 -> 8
[DP-fwdX] L=16 states=3 -> 5
[DP-bwdX] L=32 states=41 -> 50
[DP-fwdX] L=32 states=4 -> 7
[DP-bwdX] L=32 states=1 -> 2
[DP-fwdX] L=32 states=1 -> 2
[DP-fwdX] L=48 states=40 -> 48
[DP-bwdX] L=80 states=1 -> 2
[DP-bwdX] L=64 states=207 -> 251
[DP-fwdX] L=48 states=40 -> 48
[DP-bwdX] L=48 states=4 -> 7
[DP-bwdX] L=48 states=4 -> 7
[DP-fwdX] L=48 states=1 -> 2
[DP-fwdX] L=64 states=4 -> 5
[DP-bwdX] L=80 states=1 -> 2
[DP-fwdX] L=64 states=4 -> 5
[DP-bwdX] L=64 states=3 -> 7
[DP-bwdX] L=64 states=3 -> 7
[DP-bwdX] L=80 states=1 -> 2
[DP-bwdX] L=80 states=1 -> 2
[DP-bwdX] L=80 states=1 -> 2
  [Round 18] T_prime=13  T_target=13  HPWL_w=694732  HPWL_eq=675  maxL=19  WNS(T')=-6  WNS*(T)=-6  picked=10  solve_ms=41.4484
[OC-Shortest/pow2] m=9 h=9 SEG=4 bits=36 words=1 threads=24
[DP-fwdX] L=0 states=1 -> 1
[DP-fwdX] L=16 states=171 -> 207
[DP-fwdX] L=32 states=1292 -> 1368
[DP-bwdX] L=80 states=1 -> 2
[DP-bwdX] L=64 states=207 -> 251
[DP-bwdX] L=48 states=1368 -> 1437
[DP-fwdX] L=0 states=1 -> 1
[DP-fwdX] L=16 states=171 -> 207
[DP-bwdX] L=32 states=41 -> 50
[DP-fwdX] L=0 states=1 -> 1
[DP-bwdX] L=16 states=7 -> 8
[DP-fwdX] L=0 states=1 -> 1
[DP-fwdX] L=0 states=1 -> 1
[DP-fwdX] L=0 states=1 -> 1
[DP-bwdX] L=16 states=7 -> 8
[DP-fwdX] L=16 states=3 -> 5
[DP-bwdX] L=32 states=41 -> 50
[DP-fwdX] L=32 states=4 -> 7
[DP-bwdX] L=32 states=1 -> 2
[DP-fwdX] L=32 states=1 -> 2
[DP-fwdX] L=48 states=40 -> 48
[DP-bwdX] L=80 states=1 -> 2
[DP-bwdX] L=64 states=207 -> 251
[DP-fwdX] L=48 states=40 -> 48
[DP-bwdX] L=48 states=4 -> 7
[DP-bwdX] L=48 states=4 -> 7
[DP-fwdX] L=48 states=1 -> 2
[DP-fwdX] L=64 states=8 -> 10
[DP-bwdX] L=80 states=1 -> 2
[DP-fwdX] L=64 states=8 -> 10
[DP-bwdX] L=64 states=2 -> 4
[DP-bwdX] L=64 states=2 -> 4
[DP-bwdX] L=80 states=1 -> 2
[DP-bwdX] L=80 states=1 -> 2
[DP-bwdX] L=80 states=1 -> 2
  [Round 19] T_prime=13  T_target=13  HPWL_w=695380  HPWL_eq=680  maxL=17  WNS(T')=-4  WNS*(T)=-4  picked=8  solve_ms=41.3665
[OC-Shortest/pow2] m=9 h=9 SEG=4 bits=36 words=1 threads=24
[DP-fwdX] L=0 states=1 -> 1
[DP-fwdX] L=16 states=171 -> 207
[DP-fwdX] L=32 states=1292 -> 1368
[DP-bwdX] L=80 states=1 -> 2
[DP-bwdX] L=64 states=207 -> 251
[DP-bwdX] L=48 states=1368 -> 1437
[DP-fwdX] L=0 states=1 -> 1
[DP-fwdX] L=16 states=171 -> 207
[DP-bwdX] L=32 states=41 -> 50
[DP-fwdX] L=0 states=1 -> 1
[DP-bwdX] L=16 states=7 -> 8
[DP-fwdX] L=0 states=1 -> 1
[DP-fwdX] L=0 states=1 -> 1
[DP-fwdX] L=0 states=1 -> 1
[DP-bwdX] L=16 states=7 -> 8
[DP-fwdX] L=16 states=3 -> 5
[DP-bwdX] L=32 states=41 -> 50
[DP-fwdX] L=32 states=4 -> 7
[DP-bwdX] L=32 states=1 -> 2
[DP-fwdX] L=32 states=1 -> 2
[DP-fwdX] L=48 states=40 -> 48
[DP-bwdX] L=80 states=1 -> 2
[DP-bwdX] L=64 states=207 -> 251
[DP-fwdX] L=48 states=40 -> 48
[DP-bwdX] L=48 states=4 -> 7
[DP-bwdX] L=48 states=4 -> 7
[DP-fwdX] L=48 states=1 -> 2
[DP-fwdX] L=64 states=8 -> 10
[DP-bwdX] L=80 states=1 -> 2
[DP-fwdX] L=64 states=8 -> 10
[DP-bwdX] L=64 states=2 -> 4
[DP-bwdX] L=64 states=2 -> 4
[DP-bwdX] L=80 states=1 -> 2
[DP-bwdX] L=80 states=1 -> 2
[DP-bwdX] L=80 states=1 -> 2
  [Round 20] T_prime=13  T_target=13  HPWL_w=697066  HPWL_eq=680  maxL=17  WNS(T')=-4  WNS*(T)=-4  picked=8  solve_ms=41.4971
[OC-Shortest/pow2] m=9 h=9 SEG=4 bits=36 words=1 threads=24
[DP-fwdX] L=0 states=1 -> 1
[DP-fwdX] L=16 states=171 -> 207
[DP-fwdX] L=32 states=1292 -> 1368
[DP-bwdX] L=80 states=1 -> 2
[DP-bwdX] L=64 states=207 -> 251
[DP-bwdX] L=48 states=1368 -> 1437
[DP-fwdX] L=0 states=1 -> 1
[DP-fwdX] L=16 states=171 -> 207
[DP-bwdX] L=32 states=41 -> 50
[DP-fwdX] L=0 states=1 -> 1
[DP-bwdX] L=16 states=5 -> 7
[DP-fwdX] L=0 states=1 -> 1
[DP-fwdX] L=0 states=1 -> 1
[DP-fwdX] L=0 states=1 -> 1
[DP-bwdX] L=16 states=5 -> 7
[DP-fwdX] L=16 states=2 -> 5
[DP-bwdX] L=32 states=41 -> 50
[DP-fwdX] L=32 states=4 -> 7
[DP-bwdX] L=32 states=1 -> 2
[DP-fwdX] L=32 states=1 -> 2
[DP-fwdX] L=48 states=40 -> 48
[DP-bwdX] L=80 states=1 -> 2
[DP-bwdX] L=64 states=207 -> 251
[DP-fwdX] L=48 states=40 -> 48
[DP-bwdX] L=48 states=4 -> 7
[DP-bwdX] L=48 states=4 -> 7
[DP-fwdX] L=48 states=1 -> 2
[DP-fwdX] L=64 states=8 -> 10
[DP-bwdX] L=80 states=1 -> 2
[DP-fwdX] L=64 states=8 -> 10
[DP-bwdX] L=64 states=2 -> 4
[DP-bwdX] L=64 states=2 -> 4
[DP-bwdX] L=80 states=1 -> 2
[DP-bwdX] L=80 states=1 -> 2
[DP-bwdX] L=80 states=1 -> 2
  [Round 21] T_prime=13  T_target=13  HPWL_w=697649  HPWL_eq=675  maxL=19  WNS(T')=-6  WNS*(T)=-6  picked=10  solve_ms=42.0575
[OC-Shortest/pow2] m=9 h=9 SEG=4 bits=36 words=1 threads=24
[DP-fwdX] L=0 states=1 -> 1
[DP-fwdX] L=16 states=171 -> 207
[DP-fwdX] L=32 states=1292 -> 1368
[DP-bwdX] L=80 states=1 -> 2
[DP-bwdX] L=64 states=207 -> 251
[DP-bwdX] L=48 states=1368 -> 1437
[DP-fwdX] L=0 states=1 -> 1
[DP-fwdX] L=16 states=171 -> 207
[DP-bwdX] L=32 states=41 -> 50
[DP-fwdX] L=0 states=1 -> 1
[DP-bwdX] L=16 states=5 -> 7
[DP-fwdX] L=0 states=1 -> 1
[DP-fwdX] L=0 states=1 -> 1
[DP-fwdX] L=0 states=1 -> 1
[DP-bwdX] L=16 states=5 -> 7
[DP-fwdX] L=16 states=2 -> 5
[DP-bwdX] L=32 states=41 -> 50
[DP-fwdX] L=32 states=4 -> 7
[DP-bwdX] L=32 states=1 -> 2
[DP-fwdX] L=32 states=1 -> 2
[DP-fwdX] L=48 states=40 -> 48
[DP-bwdX] L=80 states=1 -> 2
[DP-bwdX] L=64 states=207 -> 251
[DP-fwdX] L=48 states=40 -> 48
[DP-bwdX] L=48 states=4 -> 7
[DP-bwdX] L=48 states=4 -> 7
[DP-fwdX] L=48 states=1 -> 2
[DP-fwdX] L=64 states=4 -> 5
[DP-bwdX] L=80 states=1 -> 2
[DP-fwdX] L=64 states=4 -> 5
[DP-bwdX] L=64 states=3 -> 7
[DP-bwdX] L=64 states=3 -> 7
[DP-bwdX] L=80 states=1 -> 2
[DP-bwdX] L=80 states=1 -> 2
[DP-bwdX] L=80 states=1 -> 2
  [Round 22] T_prime=13  T_target=13  HPWL_w=698846  HPWL_eq=670  maxL=19  WNS(T')=-6  WNS*(T)=-6  picked=12  solve_ms=43.2618
[OC-Shortest/pow2] m=9 h=9 SEG=4 bits=36 words=1 threads=24
[DP-fwdX] L=0 states=1 -> 1
[DP-fwdX] L=16 states=171 -> 207
[DP-fwdX] L=32 states=1292 -> 1368
[DP-bwdX] L=80 states=1 -> 2
[DP-bwdX] L=64 states=207 -> 251
[DP-bwdX] L=48 states=1368 -> 1437
[DP-fwdX] L=0 states=1 -> 1
[DP-fwdX] L=16 states=171 -> 207
[DP-bwdX] L=32 states=41 -> 50
[DP-fwdX] L=0 states=1 -> 1
[DP-bwdX] L=16 states=5 -> 6
[DP-fwdX] L=0 states=1 -> 1
[DP-fwdX] L=0 states=1 -> 1
[DP-fwdX] L=0 states=1 -> 1
[DP-bwdX] L=16 states=5 -> 6
[DP-fwdX] L=16 states=3 -> 7
[DP-bwdX] L=32 states=41 -> 50
[DP-fwdX] L=32 states=5 -> 9
[DP-bwdX] L=32 states=1 -> 3
[DP-fwdX] L=32 states=1 -> 3
[DP-fwdX] L=48 states=40 -> 48
[DP-bwdX] L=80 states=1 -> 2
[DP-bwdX] L=64 states=207 -> 251
[DP-fwdX] L=48 states=40 -> 48
[DP-bwdX] L=48 states=6 -> 11
[DP-bwdX] L=48 states=6 -> 11
[DP-fwdX] L=48 states=1 -> 2
[DP-fwdX] L=64 states=7 -> 10
[DP-bwdX] L=80 states=1 -> 2
[DP-fwdX] L=64 states=7 -> 10
[DP-bwdX] L=64 states=2 -> 5
[DP-bwdX] L=64 states=2 -> 5
[DP-bwdX] L=80 states=1 -> 2
[DP-bwdX] L=80 states=1 -> 2
[DP-bwdX] L=80 states=1 -> 2
  [Round 23] T_prime=13  T_target=13  HPWL_w=700309  HPWL_eq=682  maxL=30  WNS(T')=-17  WNS*(T)=-17  picked=12  solve_ms=42.4578
[OC-Shortest/pow2] m=9 h=9 SEG=4 bits=36 words=1 threads=24
[DP-fwdX] L=0 states=1 -> 1
[DP-fwdX] L=16 states=171 -> 207
[DP-fwdX] L=32 states=1292 -> 1368
[DP-bwdX] L=80 states=1 -> 2
[DP-bwdX] L=64 states=207 -> 251
[DP-bwdX] L=48 states=1368 -> 1437
[DP-fwdX] L=0 states=1 -> 1
[DP-fwdX] L=16 states=171 -> 207
[DP-bwdX] L=32 states=41 -> 50
[DP-fwdX] L=0 states=1 -> 1
[DP-bwdX] L=16 states=5 -> 6
[DP-fwdX] L=0 states=1 -> 1
[DP-fwdX] L=0 states=1 -> 1
[DP-fwdX] L=0 states=1 -> 1
[DP-bwdX] L=16 states=5 -> 6
[DP-fwdX] L=16 states=3 -> 7
[DP-bwdX] L=32 states=41 -> 50
[DP-fwdX] L=32 states=5 -> 9
[DP-bwdX] L=32 states=1 -> 3
[DP-fwdX] L=32 states=1 -> 3
[DP-fwdX] L=48 states=40 -> 48
[DP-bwdX] L=80 states=1 -> 2
[DP-bwdX] L=64 states=207 -> 251
[DP-fwdX] L=48 states=40 -> 48
[DP-bwdX] L=48 states=6 -> 11
[DP-bwdX] L=48 states=6 -> 11
[DP-fwdX] L=48 states=1 -> 2
[DP-fwdX] L=64 states=7 -> 10
[DP-bwdX] L=80 states=1 -> 2
[DP-fwdX] L=64 states=7 -> 10
[DP-bwdX] L=64 states=2 -> 5
[DP-bwdX] L=64 states=2 -> 5
[DP-bwdX] L=80 states=1 -> 2
[DP-bwdX] L=80 states=1 -> 2
[DP-bwdX] L=80 states=1 -> 2
  [Round 24] T_prime=13  T_target=13  HPWL_w=703089  HPWL_eq=682  maxL=30  WNS(T')=-17  WNS*(T)=-17  picked=12  solve_ms=42.6709
[OC-Shortest/pow2] m=9 h=9 SEG=4 bits=36 words=1 threads=24
[DP-fwdX] L=0 states=1 -> 1
[DP-fwdX] L=16 states=171 -> 207
[DP-fwdX] L=32 states=1292 -> 1368
[DP-bwdX] L=80 states=1 -> 2
[DP-bwdX] L=64 states=207 -> 251
[DP-bwdX] L=48 states=1368 -> 1437
[DP-fwdX] L=0 states=1 -> 1
[DP-fwdX] L=16 states=171 -> 207
[DP-bwdX] L=32 states=41 -> 50
[DP-fwdX] L=0 states=1 -> 1
[DP-bwdX] L=16 states=7 -> 8
[DP-fwdX] L=0 states=1 -> 1
[DP-fwdX] L=0 states=1 -> 1
[DP-fwdX] L=0 states=1 -> 1
[DP-bwdX] L=16 states=7 -> 8
[DP-fwdX] L=16 states=3 -> 5
[DP-bwdX] L=32 states=41 -> 50
[DP-fwdX] L=32 states=4 -> 7
[DP-bwdX] L=32 states=1 -> 2
[DP-fwdX] L=32 states=1 -> 2
[DP-fwdX] L=48 states=40 -> 48
[DP-bwdX] L=80 states=1 -> 2
[DP-bwdX] L=64 states=207 -> 251
[DP-fwdX] L=48 states=40 -> 48
[DP-bwdX] L=48 states=4 -> 7
[DP-bwdX] L=48 states=4 -> 7
[DP-fwdX] L=48 states=1 -> 2
[DP-fwdX] L=64 states=8 -> 10
[DP-bwdX] L=80 states=1 -> 2
[DP-fwdX] L=64 states=8 -> 10
[DP-bwdX] L=64 states=2 -> 4
[DP-bwdX] L=64 states=2 -> 4
[DP-bwdX] L=80 states=1 -> 2
[DP-bwdX] L=80 states=1 -> 2
[DP-bwdX] L=80 states=1 -> 2
  [Round 25] T_prime=13  T_target=13  HPWL_w=706578  HPWL_eq=680  maxL=17  WNS(T')=-4  WNS*(T)=-4  picked=8  solve_ms=41.5663
[OC-Shortest/pow2] m=9 h=9 SEG=4 bits=36 words=1 threads=24
[DP-fwdX] L=0 states=1 -> 1
[DP-fwdX] L=16 states=171 -> 207
[DP-fwdX] L=32 states=1292 -> 1368
[DP-bwdX] L=80 states=1 -> 2
[DP-bwdX] L=64 states=207 -> 251
[DP-bwdX] L=48 states=1368 -> 1437
[DP-fwdX] L=0 states=1 -> 1
[DP-fwdX] L=16 states=171 -> 207
[DP-bwdX] L=32 states=41 -> 50
[DP-fwdX] L=0 states=1 -> 1
[DP-bwdX] L=16 states=7 -> 8
[DP-fwdX] L=0 states=1 -> 1
[DP-fwdX] L=0 states=1 -> 1
[DP-fwdX] L=0 states=1 -> 1
[DP-bwdX] L=16 states=7 -> 8
[DP-fwdX] L=16 states=3 -> 5
[DP-bwdX] L=32 states=41 -> 50
[DP-fwdX] L=32 states=4 -> 7
[DP-bwdX] L=32 states=1 -> 2
[DP-fwdX] L=32 states=1 -> 2
[DP-fwdX] L=48 states=40 -> 48
[DP-bwdX] L=80 states=1 -> 2
[DP-bwdX] L=64 states=207 -> 251
[DP-fwdX] L=48 states=40 -> 48
[DP-bwdX] L=48 states=4 -> 7
[DP-bwdX] L=48 states=4 -> 7
[DP-fwdX] L=48 states=1 -> 2
[DP-fwdX] L=64 states=8 -> 10
[DP-bwdX] L=80 states=1 -> 2
[DP-fwdX] L=64 states=8 -> 10
[DP-bwdX] L=64 states=2 -> 4
[DP-bwdX] L=64 states=2 -> 4
[DP-bwdX] L=80 states=1 -> 2
[DP-bwdX] L=80 states=1 -> 2
[DP-bwdX] L=80 states=1 -> 2
  [Round 26] T_prime=13  T_target=13  HPWL_w=708777  HPWL_eq=680  maxL=17  WNS(T')=-4  WNS*(T)=-4  picked=8  solve_ms=41.3066
[OC-Shortest/pow2] m=9 h=9 SEG=4 bits=36 words=1 threads=24
[DP-fwdX] L=0 states=1 -> 1
[DP-fwdX] L=16 states=171 -> 207
[DP-fwdX] L=32 states=1292 -> 1368
[DP-bwdX] L=80 states=1 -> 2
[DP-bwdX] L=64 states=207 -> 251
[DP-bwdX] L=48 states=1368 -> 1437
[DP-fwdX] L=0 states=1 -> 1
[DP-fwdX] L=16 states=171 -> 207
[DP-bwdX] L=32 states=41 -> 50
[DP-fwdX] L=0 states=1 -> 1
[DP-bwdX] L=16 states=5 -> 7
[DP-fwdX] L=0 states=1 -> 1
[DP-fwdX] L=0 states=1 -> 1
[DP-fwdX] L=0 states=1 -> 1
[DP-bwdX] L=16 states=5 -> 7
[DP-fwdX] L=16 states=2 -> 5
[DP-bwdX] L=32 states=41 -> 50
[DP-fwdX] L=32 states=4 -> 7
[DP-bwdX] L=32 states=1 -> 2
[DP-fwdX] L=32 states=1 -> 2
[DP-fwdX] L=48 states=40 -> 48
[DP-bwdX] L=80 states=1 -> 2
[DP-bwdX] L=64 states=207 -> 251
[DP-fwdX] L=48 states=40 -> 48
[DP-bwdX] L=48 states=4 -> 7
[DP-bwdX] L=48 states=4 -> 7
[DP-fwdX] L=48 states=1 -> 2
[DP-fwdX] L=64 states=4 -> 5
[DP-bwdX] L=80 states=1 -> 2
[DP-fwdX] L=64 states=4 -> 5
[DP-bwdX] L=64 states=3 -> 7
[DP-bwdX] L=64 states=3 -> 7
[DP-bwdX] L=80 states=1 -> 2
[DP-bwdX] L=80 states=1 -> 2
[DP-bwdX] L=80 states=1 -> 2
  [Round 27] T_prime=13  T_target=13  HPWL_w=709762  HPWL_eq=670  maxL=19  WNS(T')=-6  WNS*(T)=-6  picked=12  solve_ms=42.1068
[OC-Shortest/pow2] m=9 h=9 SEG=4 bits=36 words=1 threads=24
[DP-fwdX] L=0 states=1 -> 1
[DP-fwdX] L=16 states=171 -> 207
[DP-fwdX] L=32 states=1292 -> 1368
[DP-bwdX] L=80 states=1 -> 2
[DP-bwdX] L=64 states=207 -> 251
[DP-bwdX] L=48 states=1368 -> 1437
[DP-fwdX] L=0 states=1 -> 1
[DP-fwdX] L=16 states=171 -> 207
[DP-bwdX] L=32 states=41 -> 50
[DP-fwdX] L=0 states=1 -> 1
[DP-bwdX] L=16 states=5 -> 7
[DP-fwdX] L=0 states=1 -> 1
[DP-fwdX] L=0 states=1 -> 1
[DP-fwdX] L=0 states=1 -> 1
[DP-bwdX] L=16 states=5 -> 7
[DP-fwdX] L=16 states=2 -> 5
[DP-bwdX] L=32 states=41 -> 50
[DP-fwdX] L=32 states=4 -> 7
[DP-bwdX] L=32 states=1 -> 2
[DP-fwdX] L=32 states=1 -> 2
[DP-fwdX] L=48 states=40 -> 48
[DP-bwdX] L=80 states=1 -> 2
[DP-bwdX] L=64 states=207 -> 251
[DP-fwdX] L=48 states=40 -> 48
[DP-bwdX] L=48 states=4 -> 7
[DP-bwdX] L=48 states=4 -> 7
[DP-fwdX] L=48 states=1 -> 2
[DP-fwdX] L=64 states=4 -> 5
[DP-bwdX] L=80 states=1 -> 2
[DP-fwdX] L=64 states=4 -> 5
[DP-bwdX] L=64 states=3 -> 7
[DP-bwdX] L=64 states=3 -> 7
[DP-bwdX] L=80 states=1 -> 2
[DP-bwdX] L=80 states=1 -> 2
[DP-bwdX] L=80 states=1 -> 2
  [Round 28] T_prime=13  T_target=13  HPWL_w=712612  HPWL_eq=670  maxL=19  WNS(T')=-6  WNS*(T)=-6  picked=12  solve_ms=42.945
[OC-Shortest/pow2] m=9 h=9 SEG=4 bits=36 words=1 threads=24
[DP-fwdX] L=0 states=1 -> 1
[DP-fwdX] L=16 states=171 -> 207
[DP-fwdX] L=32 states=1292 -> 1368
[DP-bwdX] L=80 states=1 -> 2
[DP-bwdX] L=64 states=207 -> 251
[DP-bwdX] L=48 states=1368 -> 1437
[DP-fwdX] L=0 states=1 -> 1
[DP-fwdX] L=16 states=171 -> 207
[DP-bwdX] L=32 states=41 -> 50
[DP-fwdX] L=0 states=1 -> 1
[DP-bwdX] L=16 states=7 -> 8
[DP-fwdX] L=0 states=1 -> 1
[DP-fwdX] L=0 states=1 -> 1
[DP-fwdX] L=0 states=1 -> 1
[DP-bwdX] L=16 states=7 -> 8
[DP-fwdX] L=16 states=3 -> 5
[DP-bwdX] L=32 states=41 -> 50
[DP-fwdX] L=32 states=4 -> 7
[DP-bwdX] L=32 states=1 -> 2
[DP-fwdX] L=32 states=1 -> 2
[DP-fwdX] L=48 states=40 -> 48
[DP-bwdX] L=80 states=1 -> 2
[DP-bwdX] L=64 states=207 -> 251
[DP-fwdX] L=48 states=40 -> 48
[DP-bwdX] L=48 states=4 -> 7
[DP-bwdX] L=48 states=4 -> 7
[DP-fwdX] L=48 states=1 -> 2
[DP-fwdX] L=64 states=8 -> 10
[DP-bwdX] L=80 states=1 -> 2
[DP-fwdX] L=64 states=8 -> 10
[DP-bwdX] L=64 states=2 -> 4
[DP-bwdX] L=64 states=2 -> 4
[DP-bwdX] L=80 states=1 -> 2
[DP-bwdX] L=80 states=1 -> 2
[DP-bwdX] L=80 states=1 -> 2
  [Round 29] T_prime=13  T_target=13  HPWL_w=715132  HPWL_eq=680  maxL=17  WNS(T')=-4  WNS*(T)=-4  picked=8  solve_ms=41.6236
[OC-Shortest/pow2] m=9 h=9 SEG=4 bits=36 words=1 threads=24
[DP-fwdX] L=0 states=1 -> 1
[DP-fwdX] L=16 states=171 -> 207
[DP-fwdX] L=32 states=1292 -> 1368
[DP-bwdX] L=80 states=1 -> 2
[DP-bwdX] L=64 states=207 -> 251
[DP-bwdX] L=48 states=1368 -> 1437
[DP-fwdX] L=0 states=1 -> 1
[DP-fwdX] L=16 states=171 -> 207
[DP-bwdX] L=32 states=41 -> 50
[DP-fwdX] L=0 states=1 -> 1
[DP-bwdX] L=16 states=7 -> 8
[DP-fwdX] L=0 states=1 -> 1
[DP-fwdX] L=0 states=1 -> 1
[DP-fwdX] L=0 states=1 -> 1
[DP-bwdX] L=16 states=7 -> 8
[DP-fwdX] L=16 states=3 -> 5
[DP-bwdX] L=32 states=41 -> 50
[DP-fwdX] L=32 states=4 -> 7
[DP-bwdX] L=32 states=1 -> 2
[DP-fwdX] L=32 states=1 -> 2
[DP-fwdX] L=48 states=40 -> 48
[DP-bwdX] L=80 states=1 -> 2
[DP-bwdX] L=64 states=207 -> 251
[DP-fwdX] L=48 states=40 -> 48
[DP-bwdX] L=48 states=4 -> 7
[DP-bwdX] L=48 states=4 -> 7
[DP-fwdX] L=48 states=1 -> 2
[DP-fwdX] L=64 states=8 -> 10
[DP-bwdX] L=80 states=1 -> 2
[DP-fwdX] L=64 states=8 -> 10
[DP-bwdX] L=64 states=2 -> 4
[DP-bwdX] L=64 states=2 -> 4
[DP-bwdX] L=80 states=1 -> 2
[DP-bwdX] L=80 states=1 -> 2
[DP-bwdX] L=80 states=1 -> 2
  [Round 30] T_prime=13  T_target=13  HPWL_w=717707  HPWL_eq=680  maxL=17  WNS(T')=-4  WNS*(T)=-4  picked=8  solve_ms=41.6306
[OC-Shortest/pow2] m=9 h=9 SEG=4 bits=36 words=1 threads=24
[DP-fwdX] L=0 states=1 -> 1
[DP-fwdX] L=16 states=171 -> 207
[DP-fwdX] L=32 states=1292 -> 1368
[DP-bwdX] L=80 states=1 -> 2
[DP-bwdX] L=64 states=207 -> 251
[DP-bwdX] L=48 states=1368 -> 1437
[DP-fwdX] L=0 states=1 -> 1
[DP-fwdX] L=16 states=171 -> 207
[DP-bwdX] L=32 states=41 -> 50
[DP-fwdX] L=0 states=1 -> 1
[DP-bwdX] L=16 states=7 -> 8
[DP-fwdX] L=0 states=1 -> 1
[DP-fwdX] L=0 states=1 -> 1
[DP-fwdX] L=0 states=1 -> 1
[DP-bwdX] L=16 states=7 -> 8
[DP-fwdX] L=16 states=3 -> 5
[DP-bwdX] L=32 states=41 -> 50
[DP-fwdX] L=32 states=4 -> 7
[DP-bwdX] L=32 states=1 -> 2
[DP-fwdX] L=32 states=1 -> 2
[DP-fwdX] L=48 states=40 -> 48
[DP-bwdX] L=80 states=1 -> 2
[DP-bwdX] L=64 states=207 -> 251
[DP-fwdX] L=48 states=40 -> 48
[DP-bwdX] L=48 states=4 -> 7
[DP-bwdX] L=48 states=4 -> 7
[DP-fwdX] L=48 states=1 -> 2
[DP-fwdX] L=64 states=8 -> 10
[DP-bwdX] L=80 states=1 -> 2
[DP-fwdX] L=64 states=8 -> 10
[DP-bwdX] L=64 states=2 -> 4
[DP-bwdX] L=64 states=2 -> 4
[DP-bwdX] L=80 states=1 -> 2
[DP-bwdX] L=80 states=1 -> 2
[DP-bwdX] L=80 states=1 -> 2
  [Round 31] T_prime=13  T_target=13  HPWL_w=719767  HPWL_eq=680  maxL=17  WNS(T')=-4  WNS*(T)=-4  picked=8  solve_ms=41.4675
[OC-Shortest/pow2] m=9 h=9 SEG=4 bits=36 words=1 threads=24
[DP-fwdX] L=0 states=1 -> 1
[DP-fwdX] L=16 states=171 -> 207
[DP-fwdX] L=32 states=1292 -> 1368
[DP-bwdX] L=80 states=1 -> 2
[DP-bwdX] L=64 states=207 -> 251
[DP-bwdX] L=48 states=1368 -> 1437
[DP-fwdX] L=0 states=1 -> 1
[DP-fwdX] L=16 states=171 -> 207
[DP-bwdX] L=32 states=41 -> 50
[DP-fwdX] L=0 states=1 -> 1
[DP-bwdX] L=16 states=5 -> 6
[DP-fwdX] L=0 states=1 -> 1
[DP-fwdX] L=0 states=1 -> 1
[DP-fwdX] L=0 states=1 -> 1
[DP-bwdX] L=16 states=5 -> 6
[DP-fwdX] L=16 states=3 -> 7
[DP-bwdX] L=32 states=41 -> 50
[DP-fwdX] L=32 states=5 -> 9
[DP-bwdX] L=32 states=1 -> 3
[DP-fwdX] L=32 states=1 -> 3
[DP-fwdX] L=48 states=40 -> 48
[DP-bwdX] L=80 states=1 -> 2
[DP-bwdX] L=64 states=207 -> 251
[DP-fwdX] L=48 states=40 -> 48
[DP-bwdX] L=48 states=6 -> 11
[DP-bwdX] L=48 states=6 -> 11
[DP-fwdX] L=48 states=1 -> 2
[DP-fwdX] L=64 states=7 -> 10
[DP-bwdX] L=80 states=1 -> 2
[DP-fwdX] L=64 states=7 -> 10
[DP-bwdX] L=64 states=2 -> 5
[DP-bwdX] L=64 states=2 -> 5
[DP-bwdX] L=80 states=1 -> 2
[DP-bwdX] L=80 states=1 -> 2
[DP-bwdX] L=80 states=1 -> 2
  [Round 32] T_prime=13  T_target=13  HPWL_w=720834  HPWL_eq=682  maxL=30  WNS(T')=-17  WNS*(T)=-17  picked=11  solve_ms=42.9794
[OC-Shortest/pow2] m=9 h=9 SEG=4 bits=36 words=1 threads=24
[DP-fwdX] L=0 states=1 -> 1
[DP-fwdX] L=16 states=171 -> 207
[DP-fwdX] L=32 states=1292 -> 1368
[DP-bwdX] L=80 states=1 -> 2
[DP-bwdX] L=64 states=207 -> 251
[DP-bwdX] L=48 states=1368 -> 1437
[DP-fwdX] L=0 states=1 -> 1
[DP-fwdX] L=16 states=171 -> 207
[DP-bwdX] L=32 states=41 -> 50
[DP-fwdX] L=0 states=1 -> 1
[DP-bwdX] L=16 states=7 -> 8
[DP-fwdX] L=0 states=1 -> 1
[DP-fwdX] L=0 states=1 -> 1
[DP-fwdX] L=0 states=1 -> 1
[DP-bwdX] L=16 states=7 -> 8
[DP-fwdX] L=16 states=3 -> 5
[DP-bwdX] L=32 states=41 -> 50
[DP-fwdX] L=32 states=4 -> 7
[DP-bwdX] L=32 states=1 -> 2
[DP-fwdX] L=32 states=1 -> 2
[DP-fwdX] L=48 states=40 -> 48
[DP-bwdX] L=80 states=1 -> 2
[DP-bwdX] L=64 states=207 -> 251
[DP-fwdX] L=48 states=40 -> 48
[DP-bwdX] L=48 states=4 -> 7
[DP-bwdX] L=48 states=4 -> 7
[DP-fwdX] L=48 states=1 -> 2
[DP-fwdX] L=64 states=8 -> 10
[DP-bwdX] L=80 states=1 -> 2
[DP-fwdX] L=64 states=8 -> 10
[DP-bwdX] L=64 states=2 -> 4
[DP-bwdX] L=64 states=2 -> 4
[DP-bwdX] L=80 states=1 -> 2
[DP-bwdX] L=80 states=1 -> 2
[DP-bwdX] L=80 states=1 -> 2
  [Round 33] T_prime=13  T_target=13  HPWL_w=723489  HPWL_eq=680  maxL=17  WNS(T')=-4  WNS*(T)=-4  picked=8  solve_ms=41.7027
[OC-Shortest/pow2] m=9 h=9 SEG=4 bits=36 words=1 threads=24
[DP-fwdX] L=0 states=1 -> 1
[DP-fwdX] L=16 states=171 -> 207
[DP-fwdX] L=32 states=1292 -> 1368
[DP-bwdX] L=80 states=1 -> 2
[DP-bwdX] L=64 states=207 -> 251
[DP-bwdX] L=48 states=1368 -> 1437
[DP-fwdX] L=0 states=1 -> 1
[DP-fwdX] L=16 states=171 -> 207
[DP-bwdX] L=32 states=41 -> 50
[DP-fwdX] L=0 states=1 -> 1
[DP-bwdX] L=16 states=5 -> 6
[DP-fwdX] L=0 states=1 -> 1
[DP-fwdX] L=0 states=1 -> 1
[DP-fwdX] L=0 states=1 -> 1
[DP-bwdX] L=16 states=5 -> 6
[DP-fwdX] L=16 states=3 -> 7
[DP-bwdX] L=32 states=41 -> 50
[DP-fwdX] L=32 states=5 -> 9
[DP-bwdX] L=32 states=1 -> 3
[DP-fwdX] L=32 states=1 -> 3
[DP-fwdX] L=48 states=40 -> 48
[DP-bwdX] L=80 states=1 -> 2
[DP-bwdX] L=64 states=207 -> 251
[DP-fwdX] L=48 states=40 -> 48
[DP-bwdX] L=48 states=6 -> 11
[DP-bwdX] L=48 states=6 -> 11
[DP-fwdX] L=48 states=1 -> 2
[DP-fwdX] L=64 states=7 -> 10
[DP-bwdX] L=80 states=1 -> 2
[DP-fwdX] L=64 states=7 -> 10
[DP-bwdX] L=64 states=2 -> 5
[DP-bwdX] L=64 states=2 -> 5
[DP-bwdX] L=80 states=1 -> 2
[DP-bwdX] L=80 states=1 -> 2
[DP-bwdX] L=80 states=1 -> 2
  [Round 34] T_prime=13  T_target=13  HPWL_w=726909  HPWL_eq=682  maxL=30  WNS(T')=-17  WNS*(T)=-17  picked=12  solve_ms=42.7386
[OC-Shortest/pow2] m=9 h=9 SEG=4 bits=36 words=1 threads=24
[DP-fwdX] L=0 states=1 -> 1
[DP-fwdX] L=16 states=171 -> 207
[DP-fwdX] L=32 states=1292 -> 1368
[DP-bwdX] L=80 states=1 -> 2
[DP-bwdX] L=64 states=207 -> 251
[DP-bwdX] L=48 states=1368 -> 1437
[DP-fwdX] L=0 states=1 -> 1
[DP-fwdX] L=16 states=171 -> 207
[DP-bwdX] L=32 states=41 -> 50
[DP-fwdX] L=0 states=1 -> 1
[DP-bwdX] L=16 states=5 -> 7
[DP-fwdX] L=0 states=1 -> 1
[DP-fwdX] L=0 states=1 -> 1
[DP-fwdX] L=0 states=1 -> 1
[DP-bwdX] L=16 states=5 -> 7
[DP-fwdX] L=16 states=2 -> 5
[DP-bwdX] L=32 states=41 -> 50
[DP-fwdX] L=32 states=4 -> 7
[DP-bwdX] L=32 states=1 -> 2
[DP-fwdX] L=32 states=1 -> 2
[DP-fwdX] L=48 states=40 -> 48
[DP-bwdX] L=80 states=1 -> 2
[DP-bwdX] L=64 states=207 -> 251
[DP-fwdX] L=48 states=40 -> 48
[DP-bwdX] L=48 states=4 -> 7
[DP-bwdX] L=48 states=4 -> 7
[DP-fwdX] L=48 states=1 -> 2
[DP-fwdX] L=64 states=4 -> 5
[DP-bwdX] L=80 states=1 -> 2
[DP-fwdX] L=64 states=4 -> 5
[DP-bwdX] L=64 states=3 -> 7
[DP-bwdX] L=64 states=3 -> 7
[DP-bwdX] L=80 states=1 -> 2
[DP-bwdX] L=80 states=1 -> 2
[DP-bwdX] L=80 states=1 -> 2
  [Round 35] T_prime=13  T_target=13  HPWL_w=731381  HPWL_eq=671  maxL=23  WNS(T')=-10  WNS*(T)=-10  picked=12  solve_ms=42.0296
[OC-Shortest/pow2] m=9 h=9 SEG=4 bits=36 words=1 threads=24
[DP-fwdX] L=0 states=1 -> 1
[DP-fwdX] L=16 states=171 -> 207
[DP-fwdX] L=32 states=1292 -> 1368
[DP-bwdX] L=80 states=1 -> 2
[DP-bwdX] L=64 states=207 -> 251
[DP-bwdX] L=48 states=1368 -> 1437
[DP-fwdX] L=0 states=1 -> 1
[DP-fwdX] L=16 states=171 -> 207
[DP-bwdX] L=32 states=41 -> 50
[DP-fwdX] L=0 states=1 -> 1
[DP-bwdX] L=16 states=5 -> 7
[DP-fwdX] L=0 states=1 -> 1
[DP-fwdX] L=0 states=1 -> 1
[DP-fwdX] L=0 states=1 -> 1
[DP-bwdX] L=16 states=5 -> 7
[DP-fwdX] L=16 states=2 -> 5
[DP-bwdX] L=32 states=41 -> 50
[DP-fwdX] L=32 states=4 -> 7
[DP-bwdX] L=32 states=1 -> 2
[DP-fwdX] L=32 states=1 -> 2
[DP-fwdX] L=48 states=40 -> 48
[DP-bwdX] L=80 states=1 -> 2
[DP-bwdX] L=64 states=207 -> 251
[DP-fwdX] L=48 states=40 -> 48
[DP-bwdX] L=48 states=4 -> 7
[DP-bwdX] L=48 states=4 -> 7
[DP-fwdX] L=48 states=1 -> 2
[DP-fwdX] L=64 states=4 -> 5
[DP-bwdX] L=80 states=1 -> 2
[DP-fwdX] L=64 states=4 -> 5
[DP-bwdX] L=64 states=3 -> 7
[DP-bwdX] L=64 states=3 -> 7
[DP-bwdX] L=80 states=1 -> 2
[DP-bwdX] L=80 states=1 -> 2
[DP-bwdX] L=80 states=1 -> 2
  [Round 36] T_prime=13  T_target=13  HPWL_w=735237  HPWL_eq=672  maxL=19  WNS(T')=-6  WNS*(T)=-6  picked=12  solve_ms=41.7339
[OC-Shortest/pow2] m=9 h=9 SEG=4 bits=36 words=1 threads=24
[DP-fwdX] L=0 states=1 -> 1
[DP-fwdX] L=16 states=171 -> 207
[DP-fwdX] L=32 states=1292 -> 1368
[DP-bwdX] L=80 states=1 -> 2
[DP-bwdX] L=64 states=207 -> 251
[DP-bwdX] L=48 states=1368 -> 1437
[DP-fwdX] L=0 states=1 -> 1
[DP-fwdX] L=16 states=171 -> 207
[DP-bwdX] L=32 states=41 -> 50
[DP-fwdX] L=0 states=1 -> 1
[DP-bwdX] L=16 states=7 -> 8
[DP-fwdX] L=0 states=1 -> 1
[DP-fwdX] L=0 states=1 -> 1
[DP-fwdX] L=0 states=1 -> 1
[DP-bwdX] L=16 states=7 -> 8
[DP-fwdX] L=16 states=3 -> 5
[DP-bwdX] L=32 states=41 -> 50
[DP-fwdX] L=32 states=4 -> 7
[DP-bwdX] L=32 states=1 -> 2
[DP-fwdX] L=32 states=1 -> 2
[DP-fwdX] L=48 states=40 -> 48
[DP-bwdX] L=80 states=1 -> 2
[DP-bwdX] L=64 states=207 -> 251
[DP-fwdX] L=48 states=40 -> 48
[DP-bwdX] L=48 states=4 -> 7
[DP-bwdX] L=48 states=4 -> 7
[DP-fwdX] L=48 states=1 -> 2
[DP-fwdX] L=64 states=8 -> 10
[DP-bwdX] L=80 states=1 -> 2
[DP-fwdX] L=64 states=8 -> 10
[DP-bwdX] L=64 states=2 -> 4
[DP-bwdX] L=64 states=2 -> 4
[DP-bwdX] L=80 states=1 -> 2
[DP-bwdX] L=80 states=1 -> 2
[DP-bwdX] L=80 states=1 -> 2
  [Round 37] T_prime=13  T_target=13  HPWL_w=738018  HPWL_eq=680  maxL=17  WNS(T')=-4  WNS*(T)=-4  picked=8  solve_ms=41.3517
[OC-Shortest/pow2] m=9 h=9 SEG=4 bits=36 words=1 threads=24
[DP-fwdX] L=0 states=1 -> 1
[DP-fwdX] L=16 states=171 -> 207
[DP-fwdX] L=32 states=1292 -> 1368
[DP-bwdX] L=80 states=1 -> 2
[DP-bwdX] L=64 states=207 -> 251
[DP-bwdX] L=48 states=1368 -> 1437
[DP-fwdX] L=0 states=1 -> 1
[DP-fwdX] L=16 states=171 -> 207
[DP-bwdX] L=32 states=41 -> 50
[DP-fwdX] L=0 states=1 -> 1
[DP-bwdX] L=16 states=7 -> 8
[DP-fwdX] L=0 states=1 -> 1
[DP-fwdX] L=0 states=1 -> 1
[DP-fwdX] L=0 states=1 -> 1
[DP-bwdX] L=16 states=7 -> 8
[DP-fwdX] L=16 states=3 -> 5
[DP-bwdX] L=32 states=41 -> 50
[DP-fwdX] L=32 states=4 -> 7
[DP-bwdX] L=32 states=1 -> 2
[DP-fwdX] L=32 states=1 -> 2
[DP-fwdX] L=48 states=40 -> 48
[DP-bwdX] L=80 states=1 -> 2
[DP-bwdX] L=64 states=207 -> 251
[DP-fwdX] L=48 states=40 -> 48
[DP-bwdX] L=48 states=4 -> 7
[DP-bwdX] L=48 states=4 -> 7
[DP-fwdX] L=48 states=1 -> 2
[DP-fwdX] L=64 states=8 -> 10
[DP-bwdX] L=80 states=1 -> 2
[DP-fwdX] L=64 states=8 -> 10
[DP-bwdX] L=64 states=2 -> 4
[DP-bwdX] L=64 states=2 -> 4
[DP-bwdX] L=80 states=1 -> 2
[DP-bwdX] L=80 states=1 -> 2
[DP-bwdX] L=80 states=1 -> 2
  [Round 38] T_prime=13  T_target=13  HPWL_w=740677  HPWL_eq=680  maxL=17  WNS(T')=-4  WNS*(T)=-4  picked=8  solve_ms=41.4571
[OC-Shortest/pow2] m=9 h=9 SEG=4 bits=36 words=1 threads=24
[DP-fwdX] L=0 states=1 -> 1
[DP-fwdX] L=16 states=171 -> 207
[DP-fwdX] L=32 states=1292 -> 1368
[DP-bwdX] L=80 states=1 -> 2
[DP-bwdX] L=64 states=207 -> 251
[DP-bwdX] L=48 states=1368 -> 1437
[DP-fwdX] L=0 states=1 -> 1
[DP-fwdX] L=16 states=171 -> 207
[DP-bwdX] L=32 states=41 -> 50
[DP-fwdX] L=0 states=1 -> 1
[DP-bwdX] L=16 states=7 -> 8
[DP-fwdX] L=0 states=1 -> 1
[DP-fwdX] L=0 states=1 -> 1
[DP-fwdX] L=0 states=1 -> 1
[DP-bwdX] L=16 states=7 -> 8
[DP-fwdX] L=16 states=3 -> 5
[DP-bwdX] L=32 states=41 -> 50
[DP-fwdX] L=32 states=4 -> 7
[DP-bwdX] L=32 states=1 -> 2
[DP-fwdX] L=32 states=1 -> 2
[DP-fwdX] L=48 states=40 -> 48
[DP-bwdX] L=80 states=1 -> 2
[DP-bwdX] L=64 states=207 -> 251
[DP-fwdX] L=48 states=40 -> 48
[DP-bwdX] L=48 states=4 -> 7
[DP-bwdX] L=48 states=4 -> 7
[DP-fwdX] L=48 states=1 -> 2
[DP-fwdX] L=64 states=8 -> 10
[DP-bwdX] L=80 states=1 -> 2
[DP-fwdX] L=64 states=8 -> 10
[DP-bwdX] L=64 states=2 -> 4
[DP-bwdX] L=64 states=2 -> 4
[DP-bwdX] L=80 states=1 -> 2
[DP-bwdX] L=80 states=1 -> 2
[DP-bwdX] L=80 states=1 -> 2
  [Round 39] T_prime=13  T_target=13  HPWL_w=743507  HPWL_eq=680  maxL=17  WNS(T')=-4  WNS*(T)=-4  picked=8  solve_ms=41.3625
[OC-Shortest/pow2] m=9 h=9 SEG=4 bits=36 words=1 threads=24
[DP-fwdX] L=0 states=1 -> 1
[DP-fwdX] L=16 states=171 -> 207
[DP-fwdX] L=32 states=1292 -> 1368
[DP-bwdX] L=80 states=1 -> 2
[DP-bwdX] L=64 states=207 -> 251
[DP-bwdX] L=48 states=1368 -> 1437
[DP-fwdX] L=0 states=1 -> 1
[DP-fwdX] L=16 states=171 -> 207
[DP-bwdX] L=32 states=41 -> 50
[DP-fwdX] L=0 states=1 -> 1
[DP-bwdX] L=16 states=5 -> 7
[DP-fwdX] L=0 states=1 -> 1
[DP-fwdX] L=0 states=1 -> 1
[DP-fwdX] L=0 states=1 -> 1
[DP-bwdX] L=16 states=5 -> 7
[DP-fwdX] L=16 states=2 -> 5
[DP-bwdX] L=32 states=41 -> 50
[DP-fwdX] L=32 states=4 -> 7
[DP-bwdX] L=32 states=1 -> 2
[DP-fwdX] L=32 states=1 -> 2
[DP-fwdX] L=48 states=40 -> 48
[DP-bwdX] L=80 states=1 -> 2
[DP-bwdX] L=64 states=207 -> 251
[DP-fwdX] L=48 states=40 -> 48
[DP-bwdX] L=48 states=4 -> 7
[DP-bwdX] L=48 states=4 -> 7
[DP-fwdX] L=48 states=1 -> 2
[DP-fwdX] L=64 states=4 -> 5
[DP-bwdX] L=80 states=1 -> 2
[DP-fwdX] L=64 states=4 -> 5
[DP-bwdX] L=64 states=3 -> 7
[DP-bwdX] L=64 states=3 -> 7
[DP-bwdX] L=80 states=1 -> 2
[DP-bwdX] L=80 states=1 -> 2
[DP-bwdX] L=80 states=1 -> 2
  [Round 40] T_prime=13  T_target=13  HPWL_w=745955  HPWL_eq=668  maxL=23  WNS(T')=-10  WNS*(T)=-10  picked=12  solve_ms=42.2783
[OC-Shortest/pow2] m=9 h=9 SEG=4 bits=36 words=1 threads=24
[DP-fwdX] L=0 states=1 -> 1
[DP-fwdX] L=16 states=171 -> 207
[DP-fwdX] L=32 states=1292 -> 1368
[DP-bwdX] L=80 states=1 -> 2
[DP-bwdX] L=64 states=207 -> 251
[DP-bwdX] L=48 states=1368 -> 1437
[DP-fwdX] L=0 states=1 -> 1
[DP-fwdX] L=16 states=171 -> 207
[DP-bwdX] L=32 states=41 -> 50
[DP-fwdX] L=0 states=1 -> 1
[DP-bwdX] L=16 states=7 -> 8
[DP-fwdX] L=0 states=1 -> 1
[DP-fwdX] L=0 states=1 -> 1
[DP-fwdX] L=0 states=1 -> 1
[DP-bwdX] L=16 states=7 -> 8
[DP-fwdX] L=16 states=3 -> 5
[DP-bwdX] L=32 states=41 -> 50
[DP-fwdX] L=32 states=4 -> 7
[DP-bwdX] L=32 states=1 -> 2
[DP-fwdX] L=32 states=1 -> 2
[DP-fwdX] L=48 states=40 -> 48
[DP-bwdX] L=80 states=1 -> 2
[DP-bwdX] L=64 states=207 -> 251
[DP-fwdX] L=48 states=40 -> 48
[DP-bwdX] L=48 states=4 -> 7
[DP-bwdX] L=48 states=4 -> 7
[DP-fwdX] L=48 states=1 -> 2
[DP-fwdX] L=64 states=8 -> 10
[DP-bwdX] L=80 states=1 -> 2
[DP-fwdX] L=64 states=8 -> 10
[DP-bwdX] L=64 states=2 -> 4
[DP-bwdX] L=64 states=2 -> 4
[DP-bwdX] L=80 states=1 -> 2
[DP-bwdX] L=80 states=1 -> 2
[DP-bwdX] L=80 states=1 -> 2
  [Round 41] T_prime=13  T_target=13  HPWL_w=747550  HPWL_eq=680  maxL=17  WNS(T')=-4  WNS*(T)=-4  picked=8  solve_ms=41.5427
[OC-Shortest/pow2] m=9 h=9 SEG=4 bits=36 words=1 threads=24
[DP-fwdX] L=0 states=1 -> 1
[DP-fwdX] L=16 states=171 -> 207
[DP-fwdX] L=32 states=1292 -> 1368
[DP-bwdX] L=80 states=1 -> 2
[DP-bwdX] L=64 states=207 -> 251
[DP-bwdX] L=48 states=1368 -> 1437
[DP-fwdX] L=0 states=1 -> 1
[DP-fwdX] L=16 states=171 -> 207
[DP-bwdX] L=32 states=41 -> 50
[DP-fwdX] L=0 states=1 -> 1
[DP-bwdX] L=16 states=5 -> 7
[DP-fwdX] L=0 states=1 -> 1
[DP-fwdX] L=0 states=1 -> 1
[DP-fwdX] L=0 states=1 -> 1
[DP-bwdX] L=16 states=5 -> 7
[DP-fwdX] L=16 states=2 -> 5
[DP-bwdX] L=32 states=41 -> 50
[DP-fwdX] L=32 states=4 -> 7
[DP-bwdX] L=32 states=1 -> 2
[DP-fwdX] L=32 states=1 -> 2
[DP-fwdX] L=48 states=40 -> 48
[DP-bwdX] L=80 states=1 -> 2
[DP-bwdX] L=64 states=207 -> 251
[DP-fwdX] L=48 states=40 -> 48
[DP-bwdX] L=48 states=4 -> 7
[DP-bwdX] L=48 states=4 -> 7
[DP-fwdX] L=48 states=1 -> 2
[DP-fwdX] L=64 states=4 -> 5
[DP-bwdX] L=80 states=1 -> 2
[DP-fwdX] L=64 states=4 -> 5
[DP-bwdX] L=64 states=3 -> 7
[DP-bwdX] L=64 states=3 -> 7
[DP-bwdX] L=80 states=1 -> 2
[DP-bwdX] L=80 states=1 -> 2
[DP-bwdX] L=80 states=1 -> 2
  [Round 42] T_prime=13  T_target=13  HPWL_w=750958  HPWL_eq=670  maxL=19  WNS(T')=-6  WNS*(T)=-6  picked=12  solve_ms=42.0567
[OC-Shortest/pow2] m=9 h=9 SEG=4 bits=36 words=1 threads=24
[DP-fwdX] L=0 states=1 -> 1
[DP-fwdX] L=16 states=171 -> 207
[DP-fwdX] L=32 states=1292 -> 1368
[DP-bwdX] L=80 states=1 -> 2
[DP-bwdX] L=64 states=207 -> 251
[DP-bwdX] L=48 states=1368 -> 1437
[DP-fwdX] L=0 states=1 -> 1
[DP-fwdX] L=16 states=171 -> 207
[DP-bwdX] L=32 states=41 -> 50
[DP-fwdX] L=0 states=1 -> 1
[DP-bwdX] L=16 states=5 -> 6
[DP-fwdX] L=0 states=1 -> 1
[DP-fwdX] L=0 states=1 -> 1
[DP-fwdX] L=0 states=1 -> 1
[DP-bwdX] L=16 states=5 -> 6
[DP-fwdX] L=16 states=3 -> 7
[DP-bwdX] L=32 states=41 -> 50
[DP-fwdX] L=32 states=5 -> 9
[DP-bwdX] L=32 states=1 -> 3
[DP-fwdX] L=32 states=1 -> 3
[DP-fwdX] L=48 states=40 -> 48
[DP-bwdX] L=80 states=1 -> 2
[DP-bwdX] L=64 states=207 -> 251
[DP-fwdX] L=48 states=40 -> 48
[DP-bwdX] L=48 states=6 -> 11
[DP-bwdX] L=48 states=6 -> 11
[DP-fwdX] L=48 states=1 -> 2
[DP-fwdX] L=64 states=7 -> 10
[DP-bwdX] L=80 states=1 -> 2
[DP-fwdX] L=64 states=7 -> 10
[DP-bwdX] L=64 states=2 -> 5
[DP-bwdX] L=64 states=2 -> 5
[DP-bwdX] L=80 states=1 -> 2
[DP-bwdX] L=80 states=1 -> 2
[DP-bwdX] L=80 states=1 -> 2
  [Round 43] T_prime=13  T_target=13  HPWL_w=754249  HPWL_eq=682  maxL=30  WNS(T')=-17  WNS*(T)=-17  picked=12  solve_ms=61.9508
[OC-Shortest/pow2] m=9 h=9 SEG=4 bits=36 words=1 threads=24
[DP-fwdX] L=0 states=1 -> 1
[DP-fwdX] L=16 states=171 -> 207
[DP-fwdX] L=32 states=1292 -> 1368
[DP-bwdX] L=80 states=1 -> 2
[DP-bwdX] L=64 states=207 -> 251
[DP-bwdX] L=48 states=1368 -> 1437
[DP-fwdX] L=0 states=1 -> 1
[DP-fwdX] L=16 states=171 -> 207
[DP-bwdX] L=32 states=41 -> 50
[DP-fwdX] L=0 states=1 -> 1
[DP-bwdX] L=16 states=5 -> 6
[DP-fwdX] L=0 states=1 -> 1
[DP-fwdX] L=0 states=1 -> 1
[DP-fwdX] L=0 states=1 -> 1
[DP-bwdX] L=16 states=5 -> 6
[DP-fwdX] L=16 states=3 -> 7
[DP-bwdX] L=32 states=41 -> 50
[DP-fwdX] L=32 states=7 -> 12
[DP-bwdX] L=32 states=1 -> 2
[DP-fwdX] L=32 states=1 -> 2
[DP-fwdX] L=48 states=40 -> 48
[DP-bwdX] L=80 states=1 -> 2
[DP-bwdX] L=64 states=207 -> 251
[DP-fwdX] L=48 states=40 -> 48
[DP-bwdX] L=48 states=6 -> 11
[DP-bwdX] L=48 states=6 -> 11
[DP-fwdX] L=48 states=1 -> 2
[DP-fwdX] L=64 states=7 -> 10
[DP-bwdX] L=80 states=1 -> 2
[DP-fwdX] L=64 states=7 -> 10
[DP-bwdX] L=64 states=2 -> 5
[DP-bwdX] L=64 states=2 -> 5
[DP-bwdX] L=80 states=1 -> 2
[DP-bwdX] L=80 states=1 -> 2
[DP-bwdX] L=80 states=1 -> 2
  [Round 44] T_prime=13  T_target=13  HPWL_w=759605  HPWL_eq=682  maxL=30  WNS(T')=-17  WNS*(T)=-17  picked=11  solve_ms=42.9499
[OC-Shortest/pow2] m=9 h=9 SEG=4 bits=36 words=1 threads=24
[DP-fwdX] L=0 states=1 -> 1
[DP-fwdX] L=16 states=171 -> 207
[DP-fwdX] L=32 states=1292 -> 1368
[DP-bwdX] L=80 states=1 -> 2
[DP-bwdX] L=64 states=207 -> 251
[DP-bwdX] L=48 states=1368 -> 1437
[DP-fwdX] L=0 states=1 -> 1
[DP-fwdX] L=16 states=171 -> 207
[DP-bwdX] L=32 states=41 -> 50
[DP-fwdX] L=0 states=1 -> 1
[DP-bwdX] L=16 states=7 -> 8
[DP-fwdX] L=0 states=1 -> 1
[DP-fwdX] L=0 states=1 -> 1
[DP-fwdX] L=0 states=1 -> 1
[DP-bwdX] L=16 states=7 -> 8
[DP-fwdX] L=16 states=3 -> 5
[DP-bwdX] L=32 states=41 -> 50
[DP-fwdX] L=32 states=4 -> 7
[DP-bwdX] L=32 states=1 -> 2
[DP-fwdX] L=32 states=1 -> 2
[DP-fwdX] L=48 states=40 -> 48
[DP-bwdX] L=80 states=1 -> 2
[DP-bwdX] L=64 states=207 -> 251
[DP-fwdX] L=48 states=40 -> 48
[DP-bwdX] L=48 states=4 -> 7
[DP-bwdX] L=48 states=4 -> 7
[DP-fwdX] L=48 states=1 -> 2
[DP-fwdX] L=64 states=8 -> 10
[DP-bwdX] L=80 states=1 -> 2
[DP-fwdX] L=64 states=8 -> 10
[DP-bwdX] L=64 states=2 -> 4
[DP-bwdX] L=64 states=2 -> 4
[DP-bwdX] L=80 states=1 -> 2
[DP-bwdX] L=80 states=1 -> 2
[DP-bwdX] L=80 states=1 -> 2
  [Round 45] T_prime=13  T_target=13  HPWL_w=765710  HPWL_eq=680  maxL=17  WNS(T')=-4  WNS*(T)=-4  picked=8  solve_ms=41.4472
[OC-Shortest/pow2] m=9 h=9 SEG=4 bits=36 words=1 threads=24
[DP-fwdX] L=0 states=1 -> 1
[DP-fwdX] L=16 states=171 -> 207
[DP-fwdX] L=32 states=1292 -> 1368
[DP-bwdX] L=80 states=1 -> 2
[DP-bwdX] L=64 states=207 -> 251
[DP-bwdX] L=48 states=1368 -> 1437
[DP-fwdX] L=0 states=1 -> 1
[DP-fwdX] L=16 states=171 -> 207
[DP-bwdX] L=32 states=41 -> 50
[DP-fwdX] L=0 states=1 -> 1
[DP-bwdX] L=16 states=7 -> 8
[DP-fwdX] L=0 states=1 -> 1
[DP-fwdX] L=0 states=1 -> 1
[DP-fwdX] L=0 states=1 -> 1
[DP-bwdX] L=16 states=7 -> 8
[DP-fwdX] L=16 states=3 -> 5
[DP-bwdX] L=32 states=41 -> 50
[DP-fwdX] L=32 states=4 -> 7
[DP-bwdX] L=32 states=1 -> 2
[DP-fwdX] L=32 states=1 -> 2
[DP-fwdX] L=48 states=40 -> 48
[DP-bwdX] L=80 states=1 -> 2
[DP-bwdX] L=64 states=207 -> 251
[DP-fwdX] L=48 states=40 -> 48
[DP-bwdX] L=48 states=4 -> 7
[DP-bwdX] L=48 states=4 -> 7
[DP-fwdX] L=48 states=1 -> 2
[DP-fwdX] L=64 states=8 -> 10
[DP-bwdX] L=80 states=1 -> 2
[DP-fwdX] L=64 states=8 -> 10
[DP-bwdX] L=64 states=2 -> 4
[DP-bwdX] L=64 states=2 -> 4
[DP-bwdX] L=80 states=1 -> 2
[DP-bwdX] L=80 states=1 -> 2
[DP-bwdX] L=80 states=1 -> 2
  [Round 46] T_prime=13  T_target=13  HPWL_w=767670  HPWL_eq=680  maxL=17  WNS(T')=-4  WNS*(T)=-4  picked=8  solve_ms=41.4944
[OC-Shortest/pow2] m=9 h=9 SEG=4 bits=36 words=1 threads=24
[DP-fwdX] L=0 states=1 -> 1
[DP-fwdX] L=16 states=171 -> 207
[DP-fwdX] L=32 states=1292 -> 1368
[DP-bwdX] L=80 states=1 -> 2
[DP-bwdX] L=64 states=207 -> 251
[DP-bwdX] L=48 states=1368 -> 1437
[DP-fwdX] L=0 states=1 -> 1
[DP-fwdX] L=16 states=171 -> 207
[DP-bwdX] L=32 states=41 -> 50
[DP-fwdX] L=0 states=1 -> 1
[DP-bwdX] L=16 states=7 -> 8
[DP-fwdX] L=0 states=1 -> 1
[DP-fwdX] L=0 states=1 -> 1
[DP-fwdX] L=0 states=1 -> 1
[DP-bwdX] L=16 states=7 -> 8
[DP-fwdX] L=16 states=3 -> 5
[DP-bwdX] L=32 states=41 -> 50
[DP-fwdX] L=32 states=4 -> 7
[DP-bwdX] L=32 states=1 -> 2
[DP-fwdX] L=32 states=1 -> 2
[DP-fwdX] L=48 states=40 -> 48
[DP-bwdX] L=80 states=1 -> 2
[DP-bwdX] L=64 states=207 -> 251
[DP-fwdX] L=48 states=40 -> 48
[DP-bwdX] L=48 states=4 -> 7
[DP-bwdX] L=48 states=4 -> 7
[DP-fwdX] L=48 states=1 -> 2
[DP-fwdX] L=64 states=8 -> 10
[DP-bwdX] L=80 states=1 -> 2
[DP-fwdX] L=64 states=8 -> 10
[DP-bwdX] L=64 states=2 -> 4
[DP-bwdX] L=64 states=2 -> 4
[DP-bwdX] L=80 states=1 -> 2
[DP-bwdX] L=80 states=1 -> 2
[DP-bwdX] L=80 states=1 -> 2
  [Round 47] T_prime=13  T_target=13  HPWL_w=771654  HPWL_eq=682  maxL=15  WNS(T')=-2  WNS*(T)=-2  picked=8  solve_ms=41.3418
[OC-Shortest/pow2] m=9 h=9 SEG=4 bits=36 words=1 threads=24
[DP-fwdX] L=0 states=1 -> 1
[DP-fwdX] L=16 states=171 -> 207
[DP-fwdX] L=32 states=1292 -> 1368
[DP-bwdX] L=80 states=1 -> 2
[DP-bwdX] L=64 states=207 -> 251
[DP-bwdX] L=48 states=1368 -> 1437
[DP-fwdX] L=0 states=1 -> 1
[DP-fwdX] L=16 states=171 -> 207
[DP-bwdX] L=32 states=41 -> 50
[DP-fwdX] L=0 states=1 -> 1
[DP-bwdX] L=16 states=5 -> 7
[DP-fwdX] L=0 states=1 -> 1
[DP-fwdX] L=0 states=1 -> 1
[DP-fwdX] L=0 states=1 -> 1
[DP-bwdX] L=16 states=5 -> 7
[DP-fwdX] L=16 states=2 -> 5
[DP-bwdX] L=32 states=41 -> 50
[DP-fwdX] L=32 states=4 -> 7
[DP-bwdX] L=32 states=1 -> 2
[DP-fwdX] L=32 states=1 -> 2
[DP-fwdX] L=48 states=40 -> 48
[DP-bwdX] L=80 states=1 -> 2
[DP-bwdX] L=64 states=207 -> 251
[DP-fwdX] L=48 states=40 -> 48
[DP-bwdX] L=48 states=4 -> 7
[DP-bwdX] L=48 states=4 -> 7
[DP-fwdX] L=48 states=1 -> 2
[DP-fwdX] L=64 states=8 -> 10
[DP-bwdX] L=80 states=1 -> 2
[DP-fwdX] L=64 states=8 -> 10
[DP-bwdX] L=64 states=2 -> 4
[DP-bwdX] L=64 states=2 -> 4
[DP-bwdX] L=80 states=1 -> 2
[DP-bwdX] L=80 states=1 -> 2
[DP-bwdX] L=80 states=1 -> 2
  [Round 48] T_prime=13  T_target=13  HPWL_w=773409  HPWL_eq=679  maxL=17  WNS(T')=-4  WNS*(T)=-4  picked=10  solve_ms=98.2981
[OC-Shortest/pow2] m=9 h=9 SEG=4 bits=36 words=1 threads=24
[DP-fwdX] L=0 states=1 -> 1
[DP-fwdX] L=16 states=171 -> 207
[DP-fwdX] L=32 states=1292 -> 1368
[DP-bwdX] L=80 states=1 -> 2
[DP-bwdX] L=64 states=207 -> 251
[DP-bwdX] L=48 states=1368 -> 1437
[DP-fwdX] L=0 states=1 -> 1
[DP-fwdX] L=16 states=171 -> 207
[DP-bwdX] L=32 states=41 -> 50
[DP-fwdX] L=0 states=1 -> 1
[DP-bwdX] L=16 states=5 -> 7
[DP-fwdX] L=0 states=1 -> 1
[DP-fwdX] L=0 states=1 -> 1
[DP-fwdX] L=0 states=1 -> 1
[DP-bwdX] L=16 states=5 -> 7
[DP-fwdX] L=16 states=2 -> 5
[DP-bwdX] L=32 states=41 -> 50
[DP-fwdX] L=32 states=4 -> 7
[DP-bwdX] L=32 states=1 -> 2
[DP-fwdX] L=32 states=1 -> 2
[DP-fwdX] L=48 states=40 -> 48
[DP-bwdX] L=80 states=1 -> 2
[DP-bwdX] L=64 states=207 -> 251
[DP-fwdX] L=48 states=40 -> 48
[DP-bwdX] L=48 states=4 -> 7
[DP-bwdX] L=48 states=4 -> 7
[DP-fwdX] L=48 states=1 -> 2
[DP-fwdX] L=64 states=4 -> 5
[DP-bwdX] L=80 states=1 -> 2
[DP-fwdX] L=64 states=4 -> 5
[DP-bwdX] L=64 states=3 -> 7
[DP-bwdX] L=64 states=3 -> 7
[DP-bwdX] L=80 states=1 -> 2
[DP-bwdX] L=80 states=1 -> 2
[DP-bwdX] L=80 states=1 -> 2
  [Round 49] T_prime=13  T_target=13  HPWL_w=775467  HPWL_eq=678  maxL=17  WNS(T')=-4  WNS*(T)=-4  picked=12  solve_ms=41.7246
[OC-Shortest/pow2] m=9 h=9 SEG=4 bits=36 words=1 threads=24
[DP-fwdX] L=0 states=1 -> 1
[DP-fwdX] L=16 states=171 -> 207
[DP-fwdX] L=32 states=1292 -> 1368
[DP-bwdX] L=80 states=1 -> 2
[DP-bwdX] L=64 states=207 -> 251
[DP-bwdX] L=48 states=1368 -> 1437
[DP-fwdX] L=0 states=1 -> 1
[DP-fwdX] L=16 states=171 -> 207
[DP-bwdX] L=32 states=41 -> 50
[DP-fwdX] L=0 states=1 -> 1
[DP-bwdX] L=16 states=7 -> 8
[DP-fwdX] L=0 states=1 -> 1
[DP-fwdX] L=0 states=1 -> 1
[DP-fwdX] L=0 states=1 -> 1
[DP-bwdX] L=16 states=7 -> 8
[DP-fwdX] L=16 states=3 -> 5
[DP-bwdX] L=32 states=41 -> 50
[DP-fwdX] L=32 states=4 -> 7
[DP-bwdX] L=32 states=1 -> 2
[DP-fwdX] L=32 states=1 -> 2
[DP-fwdX] L=48 states=40 -> 48
[DP-bwdX] L=80 states=1 -> 2
[DP-bwdX] L=64 states=207 -> 251
[DP-fwdX] L=48 states=40 -> 48
[DP-bwdX] L=48 states=4 -> 7
[DP-bwdX] L=48 states=4 -> 7
[DP-fwdX] L=48 states=1 -> 2
[DP-fwdX] L=64 states=4 -> 5
[DP-bwdX] L=80 states=1 -> 2
[DP-fwdX] L=64 states=4 -> 5
[DP-bwdX] L=64 states=3 -> 7
[DP-bwdX] L=64 states=3 -> 7
[DP-bwdX] L=80 states=1 -> 2
[DP-bwdX] L=80 states=1 -> 2
[DP-bwdX] L=80 states=1 -> 2
  [Round 50] T_prime=13  T_target=13  HPWL_w=778896  HPWL_eq=683  maxL=17  WNS(T')=-4  WNS*(T)=-4  picked=10  solve_ms=41.4882
[OC-Shortest/pow2] m=9 h=9 SEG=4 bits=36 words=1 threads=24
[DP-fwdX] L=0 states=1 -> 1
[DP-fwdX] L=16 states=171 -> 207
[DP-fwdX] L=32 states=1292 -> 1368
[DP-bwdX] L=80 states=1 -> 2
[DP-bwdX] L=64 states=207 -> 251
[DP-bwdX] L=48 states=1368 -> 1437
[DP-fwdX] L=0 states=1 -> 1
[DP-fwdX] L=16 states=171 -> 207
[DP-bwdX] L=32 states=41 -> 50
[DP-fwdX] L=0 states=1 -> 1
[DP-bwdX] L=16 states=7 -> 8
[DP-fwdX] L=0 states=1 -> 1
[DP-fwdX] L=0 states=1 -> 1
[DP-fwdX] L=0 states=1 -> 1
[DP-bwdX] L=16 states=7 -> 8
[DP-fwdX] L=16 states=3 -> 5
[DP-bwdX] L=32 states=41 -> 50
[DP-fwdX] L=32 states=4 -> 7
[DP-bwdX] L=32 states=1 -> 2
[DP-fwdX] L=32 states=1 -> 2
[DP-fwdX] L=48 states=40 -> 48
[DP-bwdX] L=80 states=1 -> 2
[DP-bwdX] L=64 states=207 -> 251
[DP-fwdX] L=48 states=40 -> 48
[DP-bwdX] L=48 states=6 -> 11
[DP-bwdX] L=48 states=6 -> 11
[DP-fwdX] L=48 states=1 -> 2
[DP-fwdX] L=64 states=7 -> 10
[DP-bwdX] L=80 states=1 -> 2
[DP-fwdX] L=64 states=7 -> 10
[DP-bwdX] L=64 states=2 -> 5
[DP-bwdX] L=64 states=2 -> 5
[DP-bwdX] L=80 states=1 -> 2
[DP-bwdX] L=80 states=1 -> 2
[DP-bwdX] L=80 states=1 -> 2
  [Round 51] T_prime=13  T_target=13  HPWL_w=783566  HPWL_eq=687  maxL=33  WNS(T')=-20  WNS*(T)=-20  picked=10  solve_ms=41.8887
[OC-Shortest/pow2] m=9 h=9 SEG=4 bits=36 words=1 threads=24
[DP-fwdX] L=0 states=1 -> 1
[DP-fwdX] L=16 states=171 -> 207
[DP-fwdX] L=32 states=1292 -> 1368
[DP-bwdX] L=80 states=1 -> 2
[DP-bwdX] L=64 states=207 -> 251
[DP-bwdX] L=48 states=1368 -> 1437
[DP-fwdX] L=0 states=1 -> 1
[DP-fwdX] L=16 states=171 -> 207
[DP-bwdX] L=32 states=41 -> 50
[DP-fwdX] L=0 states=1 -> 1
[DP-bwdX] L=16 states=7 -> 8
[DP-fwdX] L=0 states=1 -> 1
[DP-fwdX] L=0 states=1 -> 1
[DP-fwdX] L=0 states=1 -> 1
[DP-bwdX] L=16 states=7 -> 8
[DP-fwdX] L=16 states=3 -> 5
[DP-bwdX] L=32 states=41 -> 50
[DP-fwdX] L=32 states=4 -> 7
[DP-bwdX] L=32 states=1 -> 2
[DP-fwdX] L=32 states=1 -> 2
[DP-fwdX] L=48 states=40 -> 48
[DP-bwdX] L=80 states=1 -> 2
[DP-bwdX] L=64 states=207 -> 251
[DP-fwdX] L=48 states=40 -> 48
[DP-bwdX] L=48 states=4 -> 7
[DP-bwdX] L=48 states=4 -> 7
[DP-fwdX] L=48 states=1 -> 2
[DP-fwdX] L=64 states=8 -> 10
[DP-bwdX] L=80 states=1 -> 2
[DP-fwdX] L=64 states=8 -> 10
[DP-bwdX] L=64 states=2 -> 4
[DP-bwdX] L=64 states=2 -> 4
[DP-bwdX] L=80 states=1 -> 2
[DP-bwdX] L=80 states=1 -> 2
[DP-bwdX] L=80 states=1 -> 2
  [Round 52] T_prime=13  T_target=13  HPWL_w=786184  HPWL_eq=684  maxL=15  WNS(T')=-2  WNS*(T)=-2  picked=8  solve_ms=41.2174
[OC-Shortest/pow2] m=9 h=9 SEG=4 bits=36 words=1 threads=24
[DP-fwdX] L=0 states=1 -> 1
[DP-fwdX] L=16 states=171 -> 207
[DP-fwdX] L=32 states=1292 -> 1368
[DP-bwdX] L=80 states=1 -> 2
[DP-bwdX] L=64 states=207 -> 251
[DP-bwdX] L=48 states=1368 -> 1437
[DP-fwdX] L=0 states=1 -> 1
[DP-fwdX] L=16 states=171 -> 207
[DP-bwdX] L=32 states=41 -> 50
[DP-fwdX] L=0 states=1 -> 1
[DP-bwdX] L=16 states=5 -> 6
[DP-fwdX] L=0 states=1 -> 1
[DP-fwdX] L=0 states=1 -> 1
[DP-fwdX] L=0 states=1 -> 1
[DP-bwdX] L=16 states=5 -> 6
[DP-fwdX] L=16 states=2 -> 5
[DP-bwdX] L=32 states=41 -> 50
[DP-fwdX] L=32 states=5 -> 9
[DP-bwdX] L=32 states=1 -> 3
[DP-fwdX] L=32 states=1 -> 3
[DP-fwdX] L=48 states=40 -> 48
[DP-bwdX] L=80 states=1 -> 2
[DP-bwdX] L=64 states=207 -> 251
[DP-fwdX] L=48 states=40 -> 48
[DP-bwdX] L=48 states=6 -> 11
[DP-bwdX] L=48 states=6 -> 11
[DP-fwdX] L=48 states=1 -> 2
[DP-fwdX] L=64 states=7 -> 10
[DP-bwdX] L=80 states=1 -> 2
[DP-fwdX] L=64 states=7 -> 10
[DP-bwdX] L=64 states=3 -> 7
[DP-bwdX] L=64 states=3 -> 7
[DP-bwdX] L=80 states=1 -> 2
[DP-bwdX] L=80 states=1 -> 2
[DP-bwdX] L=80 states=1 -> 2
  [Round 53] T_prime=13  T_target=13  HPWL_w=789809  HPWL_eq=697  maxL=21  WNS(T')=-8  WNS*(T)=-8  picked=12  solve_ms=42.3885
[OC-Shortest/pow2] m=9 h=9 SEG=4 bits=36 words=1 threads=24
[DP-fwdX] L=0 states=1 -> 1
[DP-fwdX] L=16 states=171 -> 207
[DP-fwdX] L=32 states=1292 -> 1368
[DP-bwdX] L=80 states=1 -> 2
[DP-bwdX] L=64 states=207 -> 251
[DP-bwdX] L=48 states=1368 -> 1437
[DP-fwdX] L=0 states=1 -> 1
[DP-fwdX] L=16 states=171 -> 207
[DP-bwdX] L=32 states=41 -> 50
[DP-fwdX] L=0 states=1 -> 1
[DP-bwdX] L=16 states=5 -> 6
[DP-fwdX] L=0 states=1 -> 1
[DP-fwdX] L=0 states=1 -> 1
[DP-fwdX] L=0 states=1 -> 1
[DP-bwdX] L=16 states=5 -> 6
[DP-fwdX] L=16 states=2 -> 5
[DP-bwdX] L=32 states=41 -> 50
[DP-fwdX] L=32 states=5 -> 9
[DP-bwdX] L=32 states=1 -> 3
[DP-fwdX] L=32 states=1 -> 3
[DP-fwdX] L=48 states=40 -> 48
[DP-bwdX] L=80 states=1 -> 2
[DP-bwdX] L=64 states=207 -> 251
[DP-fwdX] L=48 states=40 -> 48
[DP-bwdX] L=48 states=4 -> 7
[DP-bwdX] L=48 states=4 -> 7
[DP-fwdX] L=48 states=1 -> 2
[DP-fwdX] L=64 states=8 -> 10
[DP-bwdX] L=80 states=1 -> 2
[DP-fwdX] L=64 states=8 -> 10
[DP-bwdX] L=64 states=2 -> 4
[DP-bwdX] L=64 states=2 -> 4
[DP-bwdX] L=80 states=1 -> 2
[DP-bwdX] L=80 states=1 -> 2
[DP-bwdX] L=80 states=1 -> 2
  [Round 54] T_prime=13  T_target=13  HPWL_w=791780  HPWL_eq=686  maxL=21  WNS(T')=-8  WNS*(T)=-8  picked=10  solve_ms=41.6307
[OC-Shortest/pow2] m=9 h=9 SEG=4 bits=36 words=1 threads=24
[DP-fwdX] L=0 states=1 -> 1
[DP-fwdX] L=16 states=171 -> 207
[DP-fwdX] L=32 states=1292 -> 1368
[DP-bwdX] L=80 states=1 -> 2
[DP-bwdX] L=64 states=207 -> 251
[DP-bwdX] L=48 states=1368 -> 1437
[DP-fwdX] L=0 states=1 -> 1
[DP-fwdX] L=16 states=171 -> 207
[DP-bwdX] L=32 states=41 -> 50
[DP-fwdX] L=0 states=1 -> 1
[DP-bwdX] L=16 states=5 -> 7
[DP-fwdX] L=0 states=1 -> 1
[DP-fwdX] L=0 states=1 -> 1
[DP-fwdX] L=0 states=1 -> 1
[DP-bwdX] L=16 states=5 -> 7
[DP-fwdX] L=16 states=2 -> 5
[DP-bwdX] L=32 states=41 -> 50
[DP-fwdX] L=32 states=4 -> 7
[DP-bwdX] L=32 states=1 -> 2
[DP-fwdX] L=32 states=1 -> 2
[DP-fwdX] L=48 states=40 -> 48
[DP-bwdX] L=80 states=1 -> 2
[DP-bwdX] L=64 states=207 -> 251
[DP-fwdX] L=48 states=40 -> 48
[DP-bwdX] L=48 states=4 -> 7
[DP-bwdX] L=48 states=4 -> 7
[DP-fwdX] L=48 states=1 -> 2
[DP-fwdX] L=64 states=4 -> 5
[DP-bwdX] L=80 states=1 -> 2
[DP-fwdX] L=64 states=4 -> 5
[DP-bwdX] L=64 states=3 -> 7
[DP-bwdX] L=64 states=3 -> 7
[DP-bwdX] L=80 states=1 -> 2
[DP-bwdX] L=80 states=1 -> 2
[DP-bwdX] L=80 states=1 -> 2
  [Round 55] T_prime=13  T_target=13  HPWL_w=796817  HPWL_eq=681  maxL=17  WNS(T')=-4  WNS*(T)=-4  picked=12  solve_ms=42.1067
[OC-Shortest/pow2] m=9 h=9 SEG=4 bits=36 words=1 threads=24
[DP-fwdX] L=0 states=1 -> 1
[DP-fwdX] L=16 states=171 -> 207
[DP-fwdX] L=32 states=1292 -> 1368
[DP-bwdX] L=80 states=1 -> 2
[DP-bwdX] L=64 states=207 -> 251
[DP-bwdX] L=48 states=1368 -> 1437
[DP-fwdX] L=0 states=1 -> 1
[DP-fwdX] L=16 states=171 -> 207
[DP-bwdX] L=32 states=41 -> 50
[DP-fwdX] L=0 states=1 -> 1
[DP-bwdX] L=16 states=5 -> 7
[DP-fwdX] L=0 states=1 -> 1
[DP-fwdX] L=0 states=1 -> 1
[DP-fwdX] L=0 states=1 -> 1
[DP-bwdX] L=16 states=5 -> 7
[DP-fwdX] L=16 states=2 -> 5
[DP-bwdX] L=32 states=41 -> 50
[DP-fwdX] L=32 states=4 -> 7
[DP-bwdX] L=32 states=1 -> 2
[DP-fwdX] L=32 states=1 -> 2
[DP-fwdX] L=48 states=40 -> 48
[DP-bwdX] L=80 states=1 -> 2
[DP-bwdX] L=64 states=207 -> 251
[DP-fwdX] L=48 states=40 -> 48
[DP-bwdX] L=48 states=4 -> 7
[DP-bwdX] L=48 states=4 -> 7
[DP-fwdX] L=48 states=1 -> 2
[DP-fwdX] L=64 states=4 -> 5
[DP-bwdX] L=80 states=1 -> 2
[DP-fwdX] L=64 states=4 -> 5
[DP-bwdX] L=64 states=3 -> 7
[DP-bwdX] L=64 states=3 -> 7
[DP-bwdX] L=80 states=1 -> 2
[DP-bwdX] L=80 states=1 -> 2
[DP-bwdX] L=80 states=1 -> 2
  [Round 56] T_prime=13  T_target=13  HPWL_w=798059  HPWL_eq=683  maxL=17  WNS(T')=-4  WNS*(T)=-4  picked=12  solve_ms=41.7295
[OC-Shortest/pow2] m=9 h=9 SEG=4 bits=36 words=1 threads=24
[DP-fwdX] L=0 states=1 -> 1
[DP-fwdX] L=16 states=171 -> 207
[DP-fwdX] L=32 states=1292 -> 1368
[DP-bwdX] L=80 states=1 -> 2
[DP-bwdX] L=64 states=207 -> 251
[DP-bwdX] L=48 states=1368 -> 1437
[DP-fwdX] L=0 states=1 -> 1
[DP-fwdX] L=16 states=171 -> 207
[DP-bwdX] L=32 states=41 -> 50
[DP-fwdX] L=0 states=1 -> 1
[DP-bwdX] L=16 states=7 -> 8
[DP-fwdX] L=0 states=1 -> 1
[DP-fwdX] L=0 states=1 -> 1
[DP-fwdX] L=0 states=1 -> 1
[DP-bwdX] L=16 states=7 -> 8
[DP-fwdX] L=16 states=3 -> 5
[DP-bwdX] L=32 states=41 -> 50
[DP-fwdX] L=32 states=4 -> 7
[DP-bwdX] L=32 states=1 -> 2
[DP-fwdX] L=32 states=1 -> 2
[DP-fwdX] L=48 states=40 -> 48
[DP-bwdX] L=80 states=1 -> 2
[DP-bwdX] L=64 states=207 -> 251
[DP-fwdX] L=48 states=40 -> 48
[DP-bwdX] L=48 states=4 -> 7
[DP-bwdX] L=48 states=4 -> 7
[DP-fwdX] L=48 states=1 -> 2
[DP-fwdX] L=64 states=8 -> 10
[DP-bwdX] L=80 states=1 -> 2
[DP-fwdX] L=64 states=8 -> 10
[DP-bwdX] L=64 states=2 -> 4
[DP-bwdX] L=64 states=2 -> 4
[DP-bwdX] L=80 states=1 -> 2
[DP-bwdX] L=80 states=1 -> 2
[DP-bwdX] L=80 states=1 -> 2
  [Round 57] T_prime=13  T_target=13  HPWL_w=804004  HPWL_eq=692  maxL=13  WNS(T')=0  WNS*(T)=0  picked=0  solve_ms=41.3529
  [TD] reach target on DP grid: all edges <= T_target.
[Policy] wrote placement to: placement40_Col_1_T_13.txt
[MultiCol] moved base placement to: ./base_placement_40x9_T_13.txt
[MultiCol] parsed base Y entries: 360 (expect 360)
[MultiCol] wrote multi-col placement: placement40_Col_4_T_13.txt
[MultiCol] done. placement=placement40_Col_4_T_13.txt  total_ms=2589.23 ms
