[Policy] m=18 h=8 rounds=80 T_target=12 policy=soft+freeze cap=64 scale=1000 freeze=1 homotopy=1 sigma=0.8 shrink=0.9
[OC-Shortest/pow2] m=18 h=8 SEG=4 bits=72 words=2 threads=24
[DP-fwdX] L=0 states=1 -> 1
[DP-fwdX] L=16 states=186 -> 230
[DP-fwdX] L=32 states=2991 -> 3395
[DP-fwdX] L=48 states=14721 -> 15765
[DP-fwdX] L=64 states=30945 -> 31590
[DP-bwdX] L=144 states=1 -> 1
[DP-bwdX] L=128 states=186 -> 230
[DP-bwdX] L=112 states=2991 -> 3395
[DP-bwdX] L=96 states=14721 -> 15765
[DP-bwdX] L=80 states=30945 -> 31590
[DP-fwdX] L=0 states=1 -> 1
[DP-fwdX] L=16 states=186 -> 230
[DP-fwdX] L=32 states=2991 -> 3395
[DP-bwdX] L=64 states=22 -> 29
[DP-bwdX] L=48 states=495 -> 543
[DP-fwdX] L=0 states=1 -> 1
[DP-fwdX] L=16 states=186 -> 230
[DP-bwdX] L=32 states=12 -> 16
[DP-fwdX] L=0 states=1 -> 1
[DP-bwdX] L=16 states=4 -> 6
[DP-fwdX] L=0 states=1 -> 1
[DP-fwdX] L=0 states=1 -> 1
[DP-fwdX] L=0 states=1 -> 1
[DP-bwdX] L=16 states=4 -> 6
[DP-bwdX] L=16 states=4 -> 6
[DP-fwdX] L=16 states=1 -> 3
[DP-bwdX] L=32 states=12 -> 16
[DP-bwdX] L=32 states=12 -> 16
[DP-fwdX] L=32 states=2 -> 3
[DP-fwdX] L=48 states=156 -> 197
[DP-bwdX] L=64 states=22 -> 29
[DP-bwdX] L=48 states=21 -> 27
[DP-fwdX] L=48 states=7 -> 11
[DP-bwdX] L=48 states=2 -> 3
[DP-bwdX] L=64 states=22 -> 29
[DP-fwdX] L=64 states=2 -> 3
[DP-fwdX] L=64 states=2 -> 3
[DP-fwdX] L=80 states=22 -> 29
[DP-fwdX] L=96 states=495 -> 543
[DP-bwdX] L=144 states=1 -> 1
[DP-bwdX] L=128 states=186 -> 230
[DP-bwdX] L=112 states=2991 -> 3395
[DP-fwdX] L=80 states=22 -> 29
[DP-bwdX] L=96 states=156 -> 197
[DP-fwdX] L=80 states=22 -> 29
[DP-bwdX] L=80 states=2 -> 3
[DP-bwdX] L=80 states=2 -> 3
[DP-bwdX] L=80 states=2 -> 3
[DP-fwdX] L=96 states=21 -> 27
[DP-bwdX] L=96 states=7 -> 11
[DP-bwdX] L=96 states=1 -> 1
[DP-fwdX] L=96 states=1 -> 1
[DP-fwdX] L=112 states=12 -> 16
[DP-bwdX] L=144 states=1 -> 1
[DP-bwdX] L=128 states=186 -> 230
[DP-fwdX] L=112 states=12 -> 16
[DP-bwdX] L=112 states=1 -> 1
[DP-bwdX] L=112 states=1 -> 1
[DP-fwdX] L=112 states=1 -> 1
[DP-fwdX] L=112 states=1 -> 1
[DP-fwdX] L=128 states=2 -> 3
[DP-bwdX] L=144 states=1 -> 1
[DP-fwdX] L=128 states=2 -> 3
[DP-bwdX] L=128 states=1 -> 3
[DP-fwdX] L=128 states=1 -> 2
[DP-bwdX] L=144 states=1 -> 1
[DP-bwdX] L=144 states=1 -> 1
[DP-bwdX] L=144 states=1 -> 1
[DP-bwdX] L=144 states=1 -> 1
[Init-Homotopy] round1 maxL=20  set T_prime0=16 (T_target=12)
  [Round 1] T_prime=16  T_target=12  HPWL_w=1182000  HPWL_eq=1182  maxL=20  WNS(T')=-4  WNS*(T)=-8  picked=6  solve_ms=844.592
[OC-Shortest/pow2] m=18 h=8 SEG=4 bits=72 words=2 threads=24
[DP-fwdX] L=0 states=1 -> 1
[DP-fwdX] L=16 states=186 -> 230
[DP-fwdX] L=32 states=2991 -> 3395
[DP-fwdX] L=48 states=14721 -> 15765
[DP-fwdX] L=64 states=30945 -> 31590
[DP-bwdX] L=144 states=1 -> 1
[DP-bwdX] L=128 states=186 -> 230
[DP-bwdX] L=112 states=2991 -> 3395
[DP-bwdX] L=96 states=14721 -> 15765
[DP-bwdX] L=80 states=30945 -> 31590
[DP-fwdX] L=0 states=1 -> 1
[DP-fwdX] L=16 states=186 -> 230
[DP-fwdX] L=32 states=2991 -> 3395
[DP-bwdX] L=64 states=22 -> 29
[DP-bwdX] L=48 states=495 -> 543
[DP-fwdX] L=0 states=1 -> 1
[DP-fwdX] L=16 states=186 -> 230
[DP-bwdX] L=32 states=12 -> 16
[DP-fwdX] L=0 states=1 -> 1
[DP-bwdX] L=16 states=4 -> 6
[DP-fwdX] L=0 states=1 -> 1
[DP-fwdX] L=0 states=1 -> 1
[DP-fwdX] L=0 states=1 -> 1
[DP-bwdX] L=16 states=4 -> 6
[DP-bwdX] L=16 states=4 -> 6
[DP-fwdX] L=16 states=1 -> 3
[DP-bwdX] L=32 states=12 -> 16
[DP-bwdX] L=32 states=12 -> 16
[DP-fwdX] L=32 states=2 -> 3
[DP-fwdX] L=48 states=156 -> 197
[DP-bwdX] L=64 states=22 -> 29
[DP-bwdX] L=48 states=21 -> 27
[DP-fwdX] L=48 states=7 -> 11
[DP-bwdX] L=48 states=2 -> 3
[DP-bwdX] L=64 states=22 -> 29
[DP-fwdX] L=64 states=2 -> 3
[DP-fwdX] L=64 states=2 -> 3
[DP-fwdX] L=80 states=22 -> 29
[DP-fwdX] L=96 states=495 -> 543
[DP-bwdX] L=144 states=1 -> 1
[DP-bwdX] L=128 states=186 -> 230
[DP-bwdX] L=112 states=2991 -> 3395
[DP-fwdX] L=80 states=22 -> 29
[DP-bwdX] L=96 states=156 -> 197
[DP-fwdX] L=80 states=22 -> 29
[DP-bwdX] L=80 states=2 -> 3
[DP-bwdX] L=80 states=2 -> 3
[DP-bwdX] L=80 states=2 -> 3
[DP-fwdX] L=96 states=21 -> 27
[DP-bwdX] L=96 states=7 -> 11
[DP-bwdX] L=96 states=1 -> 1
[DP-fwdX] L=96 states=1 -> 1
[DP-fwdX] L=112 states=12 -> 16
[DP-bwdX] L=144 states=1 -> 1
[DP-bwdX] L=128 states=186 -> 230
[DP-fwdX] L=112 states=12 -> 16
[DP-bwdX] L=112 states=1 -> 1
[DP-bwdX] L=112 states=1 -> 1
[DP-fwdX] L=112 states=1 -> 1
[DP-fwdX] L=112 states=1 -> 1
[DP-fwdX] L=128 states=2 -> 3
[DP-bwdX] L=144 states=1 -> 1
[DP-fwdX] L=128 states=2 -> 3
[DP-bwdX] L=128 states=1 -> 3
[DP-fwdX] L=128 states=1 -> 2
[DP-bwdX] L=144 states=1 -> 1
[DP-bwdX] L=144 states=1 -> 1
[DP-bwdX] L=144 states=1 -> 1
[DP-bwdX] L=144 states=1 -> 1
  [Round 2] T_prime=16  T_target=12  HPWL_w=1183332  HPWL_eq=1182  maxL=18  WNS(T')=-2  WNS*(T)=-6  picked=6  solve_ms=932.273
[OC-Shortest/pow2] m=18 h=8 SEG=4 bits=72 words=2 threads=24
[DP-fwdX] L=0 states=1 -> 1
[DP-fwdX] L=16 states=186 -> 230
[DP-fwdX] L=32 states=2991 -> 3395
[DP-fwdX] L=48 states=14721 -> 15765
[DP-fwdX] L=64 states=30945 -> 31590
[DP-bwdX] L=144 states=1 -> 1
[DP-bwdX] L=128 states=186 -> 230
[DP-bwdX] L=112 states=2991 -> 3395
[DP-bwdX] L=96 states=14721 -> 15765
[DP-bwdX] L=80 states=30945 -> 31590
[DP-fwdX] L=0 states=1 -> 1
[DP-fwdX] L=16 states=186 -> 230
[DP-fwdX] L=32 states=2991 -> 3395
[DP-bwdX] L=64 states=22 -> 29
[DP-bwdX] L=48 states=495 -> 543
[DP-fwdX] L=0 states=1 -> 1
[DP-fwdX] L=16 states=186 -> 230
[DP-bwdX] L=32 states=12 -> 16
[DP-fwdX] L=0 states=1 -> 1
[DP-bwdX] L=16 states=4 -> 6
[DP-fwdX] L=0 states=1 -> 1
[DP-fwdX] L=0 states=1 -> 1
[DP-fwdX] L=0 states=1 -> 1
[DP-bwdX] L=16 states=4 -> 6
[DP-bwdX] L=16 states=4 -> 6
[DP-fwdX] L=16 states=1 -> 3
[DP-bwdX] L=32 states=12 -> 16
[DP-bwdX] L=32 states=12 -> 16
[DP-fwdX] L=32 states=2 -> 3
[DP-fwdX] L=48 states=156 -> 197
[DP-bwdX] L=64 states=22 -> 29
[DP-bwdX] L=48 states=21 -> 27
[DP-fwdX] L=48 states=7 -> 11
[DP-bwdX] L=48 states=2 -> 3
[DP-bwdX] L=64 states=22 -> 29
[DP-fwdX] L=64 states=2 -> 3
[DP-fwdX] L=64 states=2 -> 3
[DP-fwdX] L=80 states=22 -> 29
[DP-fwdX] L=96 states=495 -> 543
[DP-bwdX] L=144 states=1 -> 1
[DP-bwdX] L=128 states=186 -> 230
[DP-bwdX] L=112 states=2991 -> 3395
[DP-fwdX] L=80 states=22 -> 29
[DP-bwdX] L=96 states=156 -> 197
[DP-fwdX] L=80 states=22 -> 29
[DP-bwdX] L=80 states=2 -> 3
[DP-bwdX] L=80 states=2 -> 3
[DP-bwdX] L=80 states=2 -> 3
[DP-fwdX] L=96 states=21 -> 27
[DP-bwdX] L=96 states=7 -> 11
[DP-bwdX] L=96 states=1 -> 1
[DP-fwdX] L=96 states=1 -> 1
[DP-fwdX] L=112 states=12 -> 16
[DP-bwdX] L=144 states=1 -> 1
[DP-bwdX] L=128 states=186 -> 230
[DP-fwdX] L=112 states=12 -> 16
[DP-bwdX] L=112 states=1 -> 1
[DP-bwdX] L=112 states=1 -> 1
[DP-fwdX] L=112 states=1 -> 1
[DP-fwdX] L=112 states=1 -> 1
[DP-fwdX] L=128 states=2 -> 3
[DP-bwdX] L=144 states=1 -> 1
[DP-fwdX] L=128 states=2 -> 3
[DP-bwdX] L=128 states=1 -> 3
[DP-fwdX] L=128 states=1 -> 2
[DP-bwdX] L=144 states=1 -> 1
[DP-bwdX] L=144 states=1 -> 1
[DP-bwdX] L=144 states=1 -> 1
[DP-bwdX] L=144 states=1 -> 1
  [Round 3] T_prime=16  T_target=12  HPWL_w=1185528  HPWL_eq=1182  maxL=18  WNS(T')=-2  WNS*(T)=-6  picked=6  solve_ms=920.049
[OC-Shortest/pow2] m=18 h=8 SEG=4 bits=72 words=2 threads=24
[DP-fwdX] L=0 states=1 -> 1
[DP-fwdX] L=16 states=186 -> 230
[DP-fwdX] L=32 states=2991 -> 3395
[DP-fwdX] L=48 states=14721 -> 15765
[DP-fwdX] L=64 states=30945 -> 31590
[DP-bwdX] L=144 states=1 -> 1
[DP-bwdX] L=128 states=186 -> 230
[DP-bwdX] L=112 states=2991 -> 3395
[DP-bwdX] L=96 states=14721 -> 15765
[DP-bwdX] L=80 states=30945 -> 31590
[DP-fwdX] L=0 states=1 -> 1
[DP-fwdX] L=16 states=186 -> 230
[DP-fwdX] L=32 states=2991 -> 3395
[DP-bwdX] L=64 states=22 -> 29
[DP-bwdX] L=48 states=495 -> 543
[DP-fwdX] L=0 states=1 -> 1
[DP-fwdX] L=16 states=186 -> 230
[DP-bwdX] L=32 states=12 -> 16
[DP-fwdX] L=0 states=1 -> 1
[DP-bwdX] L=16 states=4 -> 6
[DP-fwdX] L=0 states=1 -> 1
[DP-fwdX] L=0 states=1 -> 1
[DP-fwdX] L=0 states=1 -> 1
[DP-bwdX] L=16 states=4 -> 6
[DP-bwdX] L=16 states=4 -> 6
[DP-fwdX] L=16 states=1 -> 3
[DP-bwdX] L=32 states=12 -> 16
[DP-bwdX] L=32 states=12 -> 16
[DP-fwdX] L=32 states=2 -> 3
[DP-fwdX] L=48 states=156 -> 197
[DP-bwdX] L=64 states=22 -> 29
[DP-bwdX] L=48 states=21 -> 27
[DP-fwdX] L=48 states=7 -> 11
[DP-bwdX] L=48 states=2 -> 3
[DP-bwdX] L=64 states=22 -> 29
[DP-fwdX] L=64 states=2 -> 3
[DP-fwdX] L=64 states=2 -> 3
[DP-fwdX] L=80 states=22 -> 29
[DP-fwdX] L=96 states=495 -> 543
[DP-bwdX] L=144 states=1 -> 1
[DP-bwdX] L=128 states=186 -> 230
[DP-bwdX] L=112 states=2991 -> 3395
[DP-fwdX] L=80 states=22 -> 29
[DP-bwdX] L=96 states=156 -> 197
[DP-fwdX] L=80 states=22 -> 29
[DP-bwdX] L=80 states=2 -> 3
[DP-bwdX] L=80 states=2 -> 3
[DP-bwdX] L=80 states=2 -> 3
[DP-fwdX] L=96 states=21 -> 27
[DP-bwdX] L=96 states=7 -> 11
[DP-bwdX] L=96 states=1 -> 1
[DP-fwdX] L=96 states=1 -> 1
[DP-fwdX] L=112 states=12 -> 16
[DP-bwdX] L=144 states=1 -> 1
[DP-bwdX] L=128 states=186 -> 230
[DP-fwdX] L=112 states=12 -> 16
[DP-bwdX] L=112 states=1 -> 1
[DP-bwdX] L=112 states=1 -> 1
[DP-fwdX] L=112 states=1 -> 1
[DP-fwdX] L=112 states=1 -> 1
[DP-fwdX] L=128 states=4 -> 5
[DP-bwdX] L=144 states=1 -> 1
[DP-fwdX] L=128 states=4 -> 5
[DP-bwdX] L=128 states=1 -> 1
[DP-fwdX] L=128 states=1 -> 1
[DP-bwdX] L=144 states=1 -> 1
[DP-bwdX] L=144 states=1 -> 1
[DP-bwdX] L=144 states=1 -> 1
[DP-bwdX] L=144 states=1 -> 1
  [Round 4] T_prime=16  T_target=12  HPWL_w=1188626  HPWL_eq=1184  maxL=18  WNS(T')=-2  WNS*(T)=-6  picked=3  solve_ms=913.927
[OC-Shortest/pow2] m=18 h=8 SEG=4 bits=72 words=2 threads=24
[DP-fwdX] L=0 states=1 -> 1
[DP-fwdX] L=16 states=186 -> 230
[DP-fwdX] L=32 states=2991 -> 3395
[DP-fwdX] L=48 states=14721 -> 15765
[DP-fwdX] L=64 states=30945 -> 31590
[DP-bwdX] L=144 states=1 -> 1
[DP-bwdX] L=128 states=186 -> 230
[DP-bwdX] L=112 states=2991 -> 3395
[DP-bwdX] L=96 states=14721 -> 15765
[DP-bwdX] L=80 states=30945 -> 31590
[DP-fwdX] L=0 states=1 -> 1
[DP-fwdX] L=16 states=186 -> 230
[DP-fwdX] L=32 states=2991 -> 3395
[DP-bwdX] L=64 states=22 -> 29
[DP-bwdX] L=48 states=495 -> 543
[DP-fwdX] L=0 states=1 -> 1
[DP-fwdX] L=16 states=186 -> 230
[DP-bwdX] L=32 states=12 -> 16
[DP-fwdX] L=0 states=1 -> 1
[DP-bwdX] L=16 states=4 -> 5
[DP-fwdX] L=0 states=1 -> 1
[DP-fwdX] L=0 states=1 -> 1
[DP-fwdX] L=0 states=1 -> 1
[DP-bwdX] L=16 states=4 -> 5
[DP-bwdX] L=16 states=4 -> 5
[DP-fwdX] L=16 states=1 -> 1
[DP-bwdX] L=32 states=12 -> 16
[DP-bwdX] L=32 states=12 -> 16
[DP-fwdX] L=32 states=2 -> 3
[DP-fwdX] L=48 states=156 -> 197
[DP-bwdX] L=64 states=22 -> 29
[DP-bwdX] L=48 states=21 -> 27
[DP-fwdX] L=48 states=7 -> 11
[DP-bwdX] L=48 states=2 -> 3
[DP-bwdX] L=64 states=22 -> 29
[DP-fwdX] L=64 states=2 -> 3
[DP-fwdX] L=64 states=2 -> 3
[DP-fwdX] L=80 states=22 -> 29
[DP-fwdX] L=96 states=495 -> 543
[DP-bwdX] L=144 states=1 -> 1
[DP-bwdX] L=128 states=186 -> 230
[DP-bwdX] L=112 states=2991 -> 3395
[DP-fwdX] L=80 states=22 -> 29
[DP-bwdX] L=96 states=156 -> 197
[DP-fwdX] L=80 states=22 -> 29
[DP-bwdX] L=80 states=2 -> 3
[DP-bwdX] L=80 states=2 -> 3
[DP-bwdX] L=80 states=2 -> 3
[DP-fwdX] L=96 states=21 -> 27
[DP-bwdX] L=96 states=7 -> 11
[DP-bwdX] L=96 states=1 -> 1
[DP-fwdX] L=96 states=1 -> 1
[DP-fwdX] L=112 states=12 -> 16
[DP-bwdX] L=144 states=1 -> 1
[DP-bwdX] L=128 states=186 -> 230
[DP-fwdX] L=112 states=12 -> 16
[DP-bwdX] L=112 states=1 -> 1
[DP-bwdX] L=112 states=1 -> 1
[DP-fwdX] L=112 states=1 -> 1
[DP-fwdX] L=112 states=1 -> 1
[DP-fwdX] L=128 states=4 -> 5
[DP-bwdX] L=144 states=1 -> 1
[DP-fwdX] L=128 states=4 -> 5
[DP-bwdX] L=128 states=1 -> 1
[DP-fwdX] L=128 states=1 -> 1
[DP-bwdX] L=144 states=1 -> 1
[DP-bwdX] L=144 states=1 -> 1
[DP-bwdX] L=144 states=1 -> 1
[DP-bwdX] L=144 states=1 -> 1
  [Round 5] T_prime=16  T_target=12  HPWL_w=1189816  HPWL_eq=1186  maxL=15  WNS(T')=1  WNS*(T)=-3  picked=0  solve_ms=947.395
    [Tighten] T_prime: 16 -> 12 (sigma*maxL=12, shrink=15)  | cold-start: reset inertia
[OC-Shortest/pow2] m=18 h=8 SEG=4 bits=72 words=2 threads=24
[DP-fwdX] L=0 states=1 -> 1
[DP-fwdX] L=16 states=186 -> 230
[DP-fwdX] L=32 states=2991 -> 3395
[DP-fwdX] L=48 states=14721 -> 15765
[DP-fwdX] L=64 states=30945 -> 31590
[DP-bwdX] L=144 states=1 -> 1
[DP-bwdX] L=128 states=186 -> 230
[DP-bwdX] L=112 states=2991 -> 3395
[DP-bwdX] L=96 states=14721 -> 15765
[DP-bwdX] L=80 states=30945 -> 31590
[DP-fwdX] L=0 states=1 -> 1
[DP-fwdX] L=16 states=186 -> 230
[DP-fwdX] L=32 states=2991 -> 3395
[DP-bwdX] L=64 states=22 -> 29
[DP-bwdX] L=48 states=495 -> 543
[DP-fwdX] L=0 states=1 -> 1
[DP-fwdX] L=16 states=186 -> 230
[DP-bwdX] L=32 states=12 -> 16
[DP-fwdX] L=0 states=1 -> 1
[DP-bwdX] L=16 states=4 -> 5
[DP-fwdX] L=0 states=1 -> 1
[DP-fwdX] L=0 states=1 -> 1
[DP-fwdX] L=0 states=1 -> 1
[DP-bwdX] L=16 states=4 -> 5
[DP-bwdX] L=16 states=4 -> 5
[DP-fwdX] L=16 states=1 -> 1
[DP-bwdX] L=32 states=12 -> 16
[DP-bwdX] L=32 states=12 -> 16
[DP-fwdX] L=32 states=2 -> 3
[DP-fwdX] L=48 states=156 -> 197
[DP-bwdX] L=64 states=22 -> 29
[DP-bwdX] L=48 states=21 -> 27
[DP-fwdX] L=48 states=7 -> 11
[DP-bwdX] L=48 states=2 -> 3
[DP-bwdX] L=64 states=22 -> 29
[DP-fwdX] L=64 states=2 -> 3
[DP-fwdX] L=64 states=2 -> 3
[DP-fwdX] L=80 states=22 -> 29
[DP-fwdX] L=96 states=495 -> 543
[DP-bwdX] L=144 states=1 -> 1
[DP-bwdX] L=128 states=186 -> 230
[DP-bwdX] L=112 states=2991 -> 3395
[DP-fwdX] L=80 states=22 -> 29
[DP-bwdX] L=96 states=156 -> 197
[DP-fwdX] L=80 states=22 -> 29
[DP-bwdX] L=80 states=2 -> 3
[DP-bwdX] L=80 states=2 -> 3
[DP-bwdX] L=80 states=2 -> 3
[DP-fwdX] L=96 states=21 -> 27
[DP-bwdX] L=96 states=7 -> 11
[DP-bwdX] L=96 states=1 -> 1
[DP-fwdX] L=96 states=1 -> 1
[DP-fwdX] L=112 states=12 -> 16
[DP-bwdX] L=144 states=1 -> 1
[DP-bwdX] L=128 states=186 -> 230
[DP-fwdX] L=112 states=12 -> 16
[DP-bwdX] L=112 states=1 -> 1
[DP-bwdX] L=112 states=1 -> 1
[DP-fwdX] L=112 states=1 -> 1
[DP-fwdX] L=112 states=1 -> 1
[DP-fwdX] L=128 states=4 -> 5
[DP-bwdX] L=144 states=1 -> 1
[DP-fwdX] L=128 states=4 -> 5
[DP-bwdX] L=128 states=1 -> 1
[DP-fwdX] L=128 states=1 -> 1
[DP-bwdX] L=144 states=1 -> 1
[DP-bwdX] L=144 states=1 -> 1
[DP-bwdX] L=144 states=1 -> 1
[DP-bwdX] L=144 states=1 -> 1
  [Round 6] T_prime=12  T_target=12  HPWL_w=1189816  HPWL_eq=1186  maxL=15  WNS(T')=-3  WNS*(T)=-3  picked=6  solve_ms=892.894
[OC-Shortest/pow2] m=18 h=8 SEG=4 bits=72 words=2 threads=24
[DP-fwdX] L=0 states=1 -> 1
[DP-fwdX] L=16 states=186 -> 230
[DP-fwdX] L=32 states=2991 -> 3395
[DP-fwdX] L=48 states=14721 -> 15765
[DP-fwdX] L=64 states=30945 -> 31590
[DP-bwdX] L=144 states=1 -> 1
[DP-bwdX] L=128 states=186 -> 230
[DP-bwdX] L=112 states=2991 -> 3395
[DP-bwdX] L=96 states=14721 -> 15765
[DP-bwdX] L=80 states=30945 -> 31590
[DP-fwdX] L=0 states=1 -> 1
[DP-fwdX] L=16 states=186 -> 230
[DP-fwdX] L=32 states=2991 -> 3395
[DP-bwdX] L=64 states=22 -> 29
[DP-bwdX] L=48 states=495 -> 543
[DP-fwdX] L=0 states=1 -> 1
[DP-fwdX] L=16 states=186 -> 230
[DP-bwdX] L=32 states=12 -> 16
[DP-fwdX] L=0 states=1 -> 1
[DP-bwdX] L=16 states=4 -> 5
[DP-fwdX] L=0 states=1 -> 1
[DP-fwdX] L=0 states=1 -> 1
[DP-fwdX] L=0 states=1 -> 1
[DP-bwdX] L=16 states=4 -> 5
[DP-bwdX] L=16 states=4 -> 5
[DP-fwdX] L=16 states=1 -> 1
[DP-bwdX] L=32 states=12 -> 16
[DP-bwdX] L=32 states=12 -> 16
[DP-fwdX] L=32 states=2 -> 3
[DP-fwdX] L=48 states=156 -> 197
[DP-bwdX] L=64 states=22 -> 29
[DP-bwdX] L=48 states=21 -> 27
[DP-fwdX] L=48 states=7 -> 11
[DP-bwdX] L=48 states=2 -> 3
[DP-bwdX] L=64 states=22 -> 29
[DP-fwdX] L=64 states=2 -> 3
[DP-fwdX] L=64 states=2 -> 3
[DP-fwdX] L=80 states=22 -> 29
[DP-fwdX] L=96 states=495 -> 543
[DP-bwdX] L=144 states=1 -> 1
[DP-bwdX] L=128 states=186 -> 230
[DP-bwdX] L=112 states=2991 -> 3395
[DP-fwdX] L=80 states=22 -> 29
[DP-bwdX] L=96 states=156 -> 197
[DP-fwdX] L=80 states=22 -> 29
[DP-bwdX] L=80 states=2 -> 3
[DP-bwdX] L=80 states=2 -> 3
[DP-bwdX] L=80 states=2 -> 3
[DP-fwdX] L=96 states=21 -> 27
[DP-bwdX] L=96 states=7 -> 11
[DP-bwdX] L=96 states=1 -> 1
[DP-fwdX] L=96 states=1 -> 1
[DP-fwdX] L=112 states=12 -> 16
[DP-bwdX] L=144 states=1 -> 1
[DP-bwdX] L=128 states=186 -> 230
[DP-fwdX] L=112 states=12 -> 16
[DP-bwdX] L=112 states=1 -> 1
[DP-bwdX] L=112 states=1 -> 1
[DP-fwdX] L=112 states=1 -> 1
[DP-fwdX] L=112 states=1 -> 1
[DP-fwdX] L=128 states=2 -> 3
[DP-bwdX] L=144 states=1 -> 1
[DP-fwdX] L=128 states=2 -> 3
[DP-bwdX] L=128 states=1 -> 3
[DP-fwdX] L=128 states=1 -> 2
[DP-bwdX] L=144 states=1 -> 1
[DP-bwdX] L=144 states=1 -> 1
[DP-bwdX] L=144 states=1 -> 1
[DP-bwdX] L=144 states=1 -> 1
  [Round 7] T_prime=12  T_target=12  HPWL_w=1190520  HPWL_eq=1184  maxL=18  WNS(T')=-6  WNS*(T)=-6  picked=8  solve_ms=1542.12
[OC-Shortest/pow2] m=18 h=8 SEG=4 bits=72 words=2 threads=24
[DP-fwdX] L=0 states=1 -> 1
[DP-fwdX] L=16 states=186 -> 230
[DP-fwdX] L=32 states=2991 -> 3395
[DP-fwdX] L=48 states=14721 -> 15765
[DP-fwdX] L=64 states=30945 -> 31590
[DP-bwdX] L=144 states=1 -> 1
[DP-bwdX] L=128 states=186 -> 230
[DP-bwdX] L=112 states=2991 -> 3395
[DP-bwdX] L=96 states=14721 -> 15765
[DP-bwdX] L=80 states=30945 -> 31590
[DP-fwdX] L=0 states=1 -> 1
[DP-fwdX] L=16 states=186 -> 230
[DP-fwdX] L=32 states=2991 -> 3395
[DP-bwdX] L=64 states=22 -> 29
[DP-bwdX] L=48 states=495 -> 543
[DP-fwdX] L=0 states=1 -> 1
[DP-fwdX] L=16 states=186 -> 230
[DP-bwdX] L=32 states=12 -> 16
[DP-fwdX] L=0 states=1 -> 1
[DP-bwdX] L=16 states=4 -> 6
[DP-fwdX] L=0 states=1 -> 1
[DP-fwdX] L=0 states=1 -> 1
[DP-fwdX] L=0 states=1 -> 1
[DP-bwdX] L=16 states=4 -> 6
[DP-bwdX] L=16 states=4 -> 6
[DP-fwdX] L=16 states=1 -> 3
[DP-bwdX] L=32 states=12 -> 16
[DP-bwdX] L=32 states=12 -> 16
[DP-fwdX] L=32 states=2 -> 3
[DP-fwdX] L=48 states=156 -> 197
[DP-bwdX] L=64 states=22 -> 29
[DP-bwdX] L=48 states=21 -> 27
[DP-fwdX] L=48 states=7 -> 11
[DP-bwdX] L=48 states=2 -> 3
[DP-bwdX] L=64 states=22 -> 29
[DP-fwdX] L=64 states=2 -> 3
[DP-fwdX] L=64 states=2 -> 3
[DP-fwdX] L=80 states=22 -> 29
[DP-fwdX] L=96 states=495 -> 543
[DP-bwdX] L=144 states=1 -> 1
[DP-bwdX] L=128 states=186 -> 230
[DP-bwdX] L=112 states=2991 -> 3395
[DP-fwdX] L=80 states=22 -> 29
[DP-bwdX] L=96 states=156 -> 197
[DP-fwdX] L=80 states=22 -> 29
[DP-bwdX] L=80 states=2 -> 3
[DP-bwdX] L=80 states=2 -> 3
[DP-bwdX] L=80 states=2 -> 3
[DP-fwdX] L=96 states=21 -> 27
[DP-bwdX] L=96 states=7 -> 11
[DP-bwdX] L=96 states=1 -> 1
[DP-fwdX] L=96 states=1 -> 1
[DP-fwdX] L=112 states=12 -> 16
[DP-bwdX] L=144 states=1 -> 1
[DP-bwdX] L=128 states=186 -> 230
[DP-fwdX] L=112 states=12 -> 16
[DP-bwdX] L=112 states=1 -> 1
[DP-bwdX] L=112 states=1 -> 1
[DP-fwdX] L=112 states=1 -> 1
[DP-fwdX] L=112 states=1 -> 1
[DP-fwdX] L=128 states=4 -> 5
[DP-bwdX] L=144 states=1 -> 1
[DP-fwdX] L=128 states=4 -> 5
[DP-bwdX] L=128 states=1 -> 1
[DP-fwdX] L=128 states=1 -> 1
[DP-bwdX] L=144 states=1 -> 1
[DP-bwdX] L=144 states=1 -> 1
[DP-bwdX] L=144 states=1 -> 1
[DP-bwdX] L=144 states=1 -> 1
  [Round 8] T_prime=12  T_target=12  HPWL_w=1192373  HPWL_eq=1184  maxL=18  WNS(T')=-6  WNS*(T)=-6  picked=8  solve_ms=943.71
[OC-Shortest/pow2] m=18 h=8 SEG=4 bits=72 words=2 threads=24
[DP-fwdX] L=0 states=1 -> 1
[DP-fwdX] L=16 states=186 -> 230
[DP-fwdX] L=32 states=2991 -> 3395
[DP-fwdX] L=48 states=14721 -> 15765
[DP-fwdX] L=64 states=30945 -> 31590
[DP-bwdX] L=144 states=1 -> 1
[DP-bwdX] L=128 states=186 -> 230
[DP-bwdX] L=112 states=2991 -> 3395
[DP-bwdX] L=96 states=14721 -> 15765
[DP-bwdX] L=80 states=30945 -> 31590
[DP-fwdX] L=0 states=1 -> 1
[DP-fwdX] L=16 states=186 -> 230
[DP-fwdX] L=32 states=2991 -> 3395
[DP-bwdX] L=64 states=22 -> 29
[DP-bwdX] L=48 states=495 -> 543
[DP-fwdX] L=0 states=1 -> 1
[DP-fwdX] L=16 states=186 -> 230
[DP-bwdX] L=32 states=12 -> 16
[DP-fwdX] L=0 states=1 -> 1
[DP-bwdX] L=16 states=4 -> 5
[DP-fwdX] L=0 states=1 -> 1
[DP-fwdX] L=0 states=1 -> 1
[DP-fwdX] L=0 states=1 -> 1
[DP-bwdX] L=16 states=4 -> 5
[DP-bwdX] L=16 states=4 -> 5
[DP-fwdX] L=16 states=1 -> 1
[DP-bwdX] L=32 states=12 -> 16
[DP-bwdX] L=32 states=12 -> 16
[DP-fwdX] L=32 states=2 -> 3
[DP-fwdX] L=48 states=156 -> 197
[DP-bwdX] L=64 states=22 -> 29
[DP-bwdX] L=48 states=21 -> 27
[DP-fwdX] L=48 states=7 -> 11
[DP-bwdX] L=48 states=2 -> 3
[DP-bwdX] L=64 states=22 -> 29
[DP-fwdX] L=64 states=2 -> 3
[DP-fwdX] L=64 states=2 -> 3
[DP-fwdX] L=80 states=22 -> 29
[DP-fwdX] L=96 states=495 -> 543
[DP-bwdX] L=144 states=1 -> 1
[DP-bwdX] L=128 states=186 -> 230
[DP-bwdX] L=112 states=2991 -> 3395
[DP-fwdX] L=80 states=22 -> 29
[DP-bwdX] L=96 states=156 -> 197
[DP-fwdX] L=80 states=22 -> 29
[DP-bwdX] L=80 states=2 -> 3
[DP-bwdX] L=80 states=2 -> 3
[DP-bwdX] L=80 states=2 -> 3
[DP-fwdX] L=96 states=21 -> 27
[DP-bwdX] L=96 states=7 -> 11
[DP-bwdX] L=96 states=1 -> 1
[DP-fwdX] L=96 states=1 -> 1
[DP-fwdX] L=112 states=12 -> 16
[DP-bwdX] L=144 states=1 -> 1
[DP-bwdX] L=128 states=186 -> 230
[DP-fwdX] L=112 states=12 -> 16
[DP-bwdX] L=112 states=1 -> 1
[DP-bwdX] L=112 states=1 -> 1
[DP-fwdX] L=112 states=1 -> 1
[DP-fwdX] L=112 states=1 -> 1
[DP-fwdX] L=128 states=4 -> 5
[DP-bwdX] L=144 states=1 -> 1
[DP-fwdX] L=128 states=4 -> 5
[DP-bwdX] L=128 states=1 -> 1
[DP-fwdX] L=128 states=1 -> 1
[DP-bwdX] L=144 states=1 -> 1
[DP-bwdX] L=144 states=1 -> 1
[DP-bwdX] L=144 states=1 -> 1
[DP-bwdX] L=144 states=1 -> 1
  [Round 9] T_prime=12  T_target=12  HPWL_w=1194533  HPWL_eq=1186  maxL=14  WNS(T')=-2  WNS*(T)=-2  picked=6  solve_ms=909.451
[OC-Shortest/pow2] m=18 h=8 SEG=4 bits=72 words=2 threads=24
[DP-fwdX] L=0 states=1 -> 1
[DP-fwdX] L=16 states=186 -> 230
[DP-fwdX] L=32 states=2991 -> 3395
[DP-fwdX] L=48 states=14721 -> 15765
[DP-fwdX] L=64 states=30945 -> 31590
[DP-bwdX] L=144 states=1 -> 1
[DP-bwdX] L=128 states=186 -> 230
[DP-bwdX] L=112 states=2991 -> 3395
[DP-bwdX] L=96 states=14721 -> 15765
[DP-bwdX] L=80 states=30945 -> 31590
[DP-fwdX] L=0 states=1 -> 1
[DP-fwdX] L=16 states=186 -> 230
[DP-fwdX] L=32 states=2991 -> 3395
[DP-bwdX] L=64 states=22 -> 29
[DP-bwdX] L=48 states=495 -> 543
[DP-fwdX] L=0 states=1 -> 1
[DP-fwdX] L=16 states=186 -> 230
[DP-bwdX] L=32 states=12 -> 16
[DP-fwdX] L=0 states=1 -> 1
[DP-bwdX] L=16 states=4 -> 5
[DP-fwdX] L=0 states=1 -> 1
[DP-fwdX] L=0 states=1 -> 1
[DP-fwdX] L=0 states=1 -> 1
[DP-bwdX] L=16 states=4 -> 5
[DP-bwdX] L=16 states=4 -> 5
[DP-fwdX] L=16 states=1 -> 1
[DP-bwdX] L=32 states=12 -> 16
[DP-bwdX] L=32 states=12 -> 16
[DP-fwdX] L=32 states=2 -> 3
[DP-fwdX] L=48 states=156 -> 197
[DP-bwdX] L=64 states=22 -> 29
[DP-bwdX] L=48 states=21 -> 27
[DP-fwdX] L=48 states=7 -> 11
[DP-bwdX] L=48 states=2 -> 3
[DP-bwdX] L=64 states=22 -> 29
[DP-fwdX] L=64 states=2 -> 3
[DP-fwdX] L=64 states=2 -> 3
[DP-fwdX] L=80 states=22 -> 29
[DP-fwdX] L=96 states=495 -> 543
[DP-bwdX] L=144 states=1 -> 1
[DP-bwdX] L=128 states=186 -> 230
[DP-bwdX] L=112 states=2991 -> 3395
[DP-fwdX] L=80 states=22 -> 29
[DP-bwdX] L=96 states=156 -> 197
[DP-fwdX] L=80 states=22 -> 29
[DP-bwdX] L=80 states=2 -> 3
[DP-bwdX] L=80 states=2 -> 3
[DP-bwdX] L=80 states=2 -> 3
[DP-fwdX] L=96 states=21 -> 27
[DP-bwdX] L=96 states=7 -> 11
[DP-bwdX] L=96 states=1 -> 1
[DP-fwdX] L=96 states=1 -> 1
[DP-fwdX] L=112 states=12 -> 16
[DP-bwdX] L=144 states=1 -> 1
[DP-bwdX] L=128 states=186 -> 230
[DP-fwdX] L=112 states=12 -> 16
[DP-bwdX] L=112 states=1 -> 1
[DP-bwdX] L=112 states=1 -> 1
[DP-fwdX] L=112 states=1 -> 1
[DP-fwdX] L=112 states=1 -> 1
[DP-fwdX] L=128 states=2 -> 3
[DP-bwdX] L=144 states=1 -> 1
[DP-fwdX] L=128 states=2 -> 3
[DP-bwdX] L=128 states=1 -> 3
[DP-fwdX] L=128 states=1 -> 2
[DP-bwdX] L=144 states=1 -> 1
[DP-bwdX] L=144 states=1 -> 1
[DP-bwdX] L=144 states=1 -> 1
[DP-bwdX] L=144 states=1 -> 1
  [Round 10] T_prime=12  T_target=12  HPWL_w=1196274  HPWL_eq=1184  maxL=18  WNS(T')=-6  WNS*(T)=-6  picked=8  solve_ms=900.369
[OC-Shortest/pow2] m=18 h=8 SEG=4 bits=72 words=2 threads=24
[DP-fwdX] L=0 states=1 -> 1
[DP-fwdX] L=16 states=186 -> 230
[DP-fwdX] L=32 states=2991 -> 3395
[DP-fwdX] L=48 states=14721 -> 15765
[DP-fwdX] L=64 states=30945 -> 31590
[DP-bwdX] L=144 states=1 -> 1
[DP-bwdX] L=128 states=186 -> 230
[DP-bwdX] L=112 states=2991 -> 3395
[DP-bwdX] L=96 states=14721 -> 15765
[DP-bwdX] L=80 states=30945 -> 31590
[DP-fwdX] L=0 states=1 -> 1
[DP-fwdX] L=16 states=186 -> 230
[DP-fwdX] L=32 states=2991 -> 3395
[DP-bwdX] L=64 states=22 -> 29
[DP-bwdX] L=48 states=495 -> 543
[DP-fwdX] L=0 states=1 -> 1
[DP-fwdX] L=16 states=186 -> 230
[DP-bwdX] L=32 states=12 -> 16
[DP-fwdX] L=0 states=1 -> 1
[DP-bwdX] L=16 states=4 -> 6
[DP-fwdX] L=0 states=1 -> 1
[DP-fwdX] L=0 states=1 -> 1
[DP-fwdX] L=0 states=1 -> 1
[DP-bwdX] L=16 states=4 -> 6
[DP-bwdX] L=16 states=4 -> 6
[DP-fwdX] L=16 states=1 -> 3
[DP-bwdX] L=32 states=12 -> 16
[DP-bwdX] L=32 states=12 -> 16
[DP-fwdX] L=32 states=2 -> 3
[DP-fwdX] L=48 states=156 -> 197
[DP-bwdX] L=64 states=22 -> 29
[DP-bwdX] L=48 states=21 -> 27
[DP-fwdX] L=48 states=7 -> 11
[DP-bwdX] L=48 states=2 -> 3
[DP-bwdX] L=64 states=22 -> 29
[DP-fwdX] L=64 states=2 -> 3
[DP-fwdX] L=64 states=2 -> 3
[DP-fwdX] L=80 states=22 -> 29
[DP-fwdX] L=96 states=495 -> 543
[DP-bwdX] L=144 states=1 -> 1
[DP-bwdX] L=128 states=186 -> 230
[DP-bwdX] L=112 states=2991 -> 3395
[DP-fwdX] L=80 states=22 -> 29
[DP-bwdX] L=96 states=156 -> 197
[DP-fwdX] L=80 states=22 -> 29
[DP-bwdX] L=80 states=2 -> 3
[DP-bwdX] L=80 states=2 -> 3
[DP-bwdX] L=80 states=2 -> 3
[DP-fwdX] L=96 states=21 -> 27
[DP-bwdX] L=96 states=7 -> 11
[DP-bwdX] L=96 states=1 -> 1
[DP-fwdX] L=96 states=1 -> 1
[DP-fwdX] L=112 states=12 -> 16
[DP-bwdX] L=144 states=1 -> 1
[DP-bwdX] L=128 states=186 -> 230
[DP-fwdX] L=112 states=12 -> 16
[DP-bwdX] L=112 states=1 -> 1
[DP-bwdX] L=112 states=1 -> 1
[DP-fwdX] L=112 states=1 -> 1
[DP-fwdX] L=112 states=1 -> 1
[DP-fwdX] L=128 states=4 -> 5
[DP-bwdX] L=144 states=1 -> 1
[DP-fwdX] L=128 states=4 -> 5
[DP-bwdX] L=128 states=1 -> 1
[DP-fwdX] L=128 states=1 -> 1
[DP-bwdX] L=144 states=1 -> 1
[DP-bwdX] L=144 states=1 -> 1
[DP-bwdX] L=144 states=1 -> 1
[DP-bwdX] L=144 states=1 -> 1
  [Round 11] T_prime=12  T_target=12  HPWL_w=1199023  HPWL_eq=1184  maxL=20  WNS(T')=-8  WNS*(T)=-8  picked=8  solve_ms=910.381
[OC-Shortest/pow2] m=18 h=8 SEG=4 bits=72 words=2 threads=24
[DP-fwdX] L=0 states=1 -> 1
[DP-fwdX] L=16 states=186 -> 230
[DP-fwdX] L=32 states=2991 -> 3395
[DP-fwdX] L=48 states=14721 -> 15765
[DP-fwdX] L=64 states=30945 -> 31590
[DP-bwdX] L=144 states=1 -> 1
[DP-bwdX] L=128 states=186 -> 230
[DP-bwdX] L=112 states=2991 -> 3395
[DP-bwdX] L=96 states=14721 -> 15765
[DP-bwdX] L=80 states=30945 -> 31590
[DP-fwdX] L=0 states=1 -> 1
[DP-fwdX] L=16 states=186 -> 230
[DP-fwdX] L=32 states=2991 -> 3395
[DP-bwdX] L=64 states=22 -> 29
[DP-bwdX] L=48 states=495 -> 543
[DP-fwdX] L=0 states=1 -> 1
[DP-fwdX] L=16 states=186 -> 230
[DP-bwdX] L=32 states=12 -> 16
[DP-fwdX] L=0 states=1 -> 1
[DP-bwdX] L=16 states=4 -> 5
[DP-fwdX] L=0 states=1 -> 1
[DP-fwdX] L=0 states=1 -> 1
[DP-fwdX] L=0 states=1 -> 1
[DP-bwdX] L=16 states=4 -> 5
[DP-bwdX] L=16 states=4 -> 5
[DP-fwdX] L=16 states=1 -> 2
[DP-bwdX] L=32 states=12 -> 16
[DP-bwdX] L=32 states=12 -> 16
[DP-fwdX] L=32 states=2 -> 3
[DP-fwdX] L=48 states=156 -> 197
[DP-bwdX] L=64 states=22 -> 29
[DP-bwdX] L=48 states=21 -> 27
[DP-fwdX] L=48 states=7 -> 11
[DP-bwdX] L=48 states=2 -> 3
[DP-bwdX] L=64 states=22 -> 29
[DP-fwdX] L=64 states=2 -> 3
[DP-fwdX] L=64 states=2 -> 3
[DP-fwdX] L=80 states=22 -> 29
[DP-fwdX] L=96 states=495 -> 543
[DP-bwdX] L=144 states=1 -> 1
[DP-bwdX] L=128 states=186 -> 230
[DP-bwdX] L=112 states=2991 -> 3395
[DP-fwdX] L=80 states=22 -> 29
[DP-bwdX] L=96 states=156 -> 197
[DP-fwdX] L=80 states=22 -> 29
[DP-bwdX] L=80 states=2 -> 3
[DP-bwdX] L=80 states=2 -> 3
[DP-bwdX] L=80 states=2 -> 3
[DP-fwdX] L=96 states=21 -> 27
[DP-bwdX] L=96 states=7 -> 11
[DP-bwdX] L=96 states=1 -> 1
[DP-fwdX] L=96 states=1 -> 1
[DP-fwdX] L=112 states=12 -> 16
[DP-bwdX] L=144 states=1 -> 1
[DP-bwdX] L=128 states=186 -> 230
[DP-fwdX] L=112 states=12 -> 16
[DP-bwdX] L=112 states=1 -> 1
[DP-bwdX] L=112 states=1 -> 1
[DP-fwdX] L=112 states=1 -> 1
[DP-fwdX] L=112 states=1 -> 1
[DP-fwdX] L=128 states=4 -> 5
[DP-bwdX] L=144 states=1 -> 1
[DP-fwdX] L=128 states=4 -> 5
[DP-bwdX] L=128 states=1 -> 2
[DP-fwdX] L=128 states=1 -> 1
[DP-bwdX] L=144 states=1 -> 1
[DP-bwdX] L=144 states=1 -> 1
[DP-bwdX] L=144 states=1 -> 1
[DP-bwdX] L=144 states=1 -> 1
  [Round 12] T_prime=12  T_target=12  HPWL_w=1202937  HPWL_eq=1200  maxL=26  WNS(T')=-14  WNS*(T)=-14  picked=10  solve_ms=901.897
[OC-Shortest/pow2] m=18 h=8 SEG=4 bits=72 words=2 threads=24
[DP-fwdX] L=0 states=1 -> 1
[DP-fwdX] L=16 states=186 -> 230
[DP-fwdX] L=32 states=2991 -> 3395
[DP-fwdX] L=48 states=14721 -> 15765
[DP-fwdX] L=64 states=30945 -> 31590
[DP-bwdX] L=144 states=1 -> 1
[DP-bwdX] L=128 states=186 -> 230
[DP-bwdX] L=112 states=2991 -> 3395
[DP-bwdX] L=96 states=14721 -> 15765
[DP-bwdX] L=80 states=30945 -> 31590
[DP-fwdX] L=0 states=1 -> 1
[DP-fwdX] L=16 states=186 -> 230
[DP-fwdX] L=32 states=2991 -> 3395
[DP-bwdX] L=64 states=22 -> 29
[DP-bwdX] L=48 states=495 -> 543
[DP-fwdX] L=0 states=1 -> 1
[DP-fwdX] L=16 states=186 -> 230
[DP-bwdX] L=32 states=12 -> 16
[DP-fwdX] L=0 states=1 -> 1
[DP-bwdX] L=16 states=4 -> 5
[DP-fwdX] L=0 states=1 -> 1
[DP-fwdX] L=0 states=1 -> 1
[DP-fwdX] L=0 states=1 -> 1
[DP-bwdX] L=16 states=4 -> 5
[DP-bwdX] L=16 states=4 -> 5
[DP-fwdX] L=16 states=1 -> 1
[DP-bwdX] L=32 states=12 -> 16
[DP-bwdX] L=32 states=12 -> 16
[DP-fwdX] L=32 states=2 -> 3
[DP-fwdX] L=48 states=156 -> 197
[DP-bwdX] L=64 states=22 -> 29
[DP-bwdX] L=48 states=21 -> 27
[DP-fwdX] L=48 states=7 -> 11
[DP-bwdX] L=48 states=2 -> 3
[DP-bwdX] L=64 states=22 -> 29
[DP-fwdX] L=64 states=2 -> 3
[DP-fwdX] L=64 states=2 -> 3
[DP-fwdX] L=80 states=22 -> 29
[DP-fwdX] L=96 states=495 -> 543
[DP-bwdX] L=144 states=1 -> 1
[DP-bwdX] L=128 states=186 -> 230
[DP-bwdX] L=112 states=2991 -> 3395
[DP-fwdX] L=80 states=22 -> 29
[DP-bwdX] L=96 states=156 -> 197
[DP-fwdX] L=80 states=22 -> 29
[DP-bwdX] L=80 states=2 -> 3
[DP-bwdX] L=80 states=2 -> 3
[DP-bwdX] L=80 states=2 -> 3
[DP-fwdX] L=96 states=21 -> 27
[DP-bwdX] L=96 states=7 -> 11
[DP-bwdX] L=96 states=1 -> 1
[DP-fwdX] L=96 states=1 -> 1
[DP-fwdX] L=112 states=12 -> 16
[DP-bwdX] L=144 states=1 -> 1
[DP-bwdX] L=128 states=186 -> 230
[DP-fwdX] L=112 states=12 -> 16
[DP-bwdX] L=112 states=1 -> 1
[DP-bwdX] L=112 states=1 -> 1
[DP-fwdX] L=112 states=1 -> 1
[DP-fwdX] L=112 states=1 -> 1
[DP-fwdX] L=128 states=4 -> 5
[DP-bwdX] L=144 states=1 -> 1
[DP-fwdX] L=128 states=4 -> 5
[DP-bwdX] L=128 states=1 -> 1
[DP-fwdX] L=128 states=1 -> 1
[DP-bwdX] L=144 states=1 -> 1
[DP-bwdX] L=144 states=1 -> 1
[DP-bwdX] L=144 states=1 -> 1
[DP-bwdX] L=144 states=1 -> 1
  [Round 13] T_prime=12  T_target=12  HPWL_w=1206721  HPWL_eq=1186  maxL=14  WNS(T')=-2  WNS*(T)=-2  picked=6  solve_ms=908.562
[OC-Shortest/pow2] m=18 h=8 SEG=4 bits=72 words=2 threads=24
[DP-fwdX] L=0 states=1 -> 1
[DP-fwdX] L=16 states=186 -> 230
[DP-fwdX] L=32 states=2991 -> 3395
[DP-fwdX] L=48 states=14721 -> 15765
[DP-fwdX] L=64 states=30945 -> 31590
[DP-bwdX] L=144 states=1 -> 1
[DP-bwdX] L=128 states=186 -> 230
[DP-bwdX] L=112 states=2991 -> 3395
[DP-bwdX] L=96 states=14721 -> 15765
[DP-bwdX] L=80 states=30945 -> 31590
[DP-fwdX] L=0 states=1 -> 1
[DP-fwdX] L=16 states=186 -> 230
[DP-fwdX] L=32 states=2991 -> 3395
[DP-bwdX] L=64 states=22 -> 29
[DP-bwdX] L=48 states=495 -> 543
[DP-fwdX] L=0 states=1 -> 1
[DP-fwdX] L=16 states=186 -> 230
[DP-bwdX] L=32 states=12 -> 16
[DP-fwdX] L=0 states=1 -> 1
[DP-bwdX] L=16 states=4 -> 6
[DP-fwdX] L=0 states=1 -> 1
[DP-fwdX] L=0 states=1 -> 1
[DP-fwdX] L=0 states=1 -> 1
[DP-bwdX] L=16 states=4 -> 6
[DP-bwdX] L=16 states=4 -> 6
[DP-fwdX] L=16 states=1 -> 3
[DP-bwdX] L=32 states=12 -> 16
[DP-bwdX] L=32 states=12 -> 16
[DP-fwdX] L=32 states=2 -> 3
[DP-fwdX] L=48 states=156 -> 197
[DP-bwdX] L=64 states=22 -> 29
[DP-bwdX] L=48 states=21 -> 27
[DP-fwdX] L=48 states=7 -> 11
[DP-bwdX] L=48 states=2 -> 3
[DP-bwdX] L=64 states=22 -> 29
[DP-fwdX] L=64 states=2 -> 3
[DP-fwdX] L=64 states=2 -> 3
[DP-fwdX] L=80 states=22 -> 29
[DP-fwdX] L=96 states=495 -> 543
[DP-bwdX] L=144 states=1 -> 1
[DP-bwdX] L=128 states=186 -> 230
[DP-bwdX] L=112 states=2991 -> 3395
[DP-fwdX] L=80 states=22 -> 29
[DP-bwdX] L=96 states=156 -> 197
[DP-fwdX] L=80 states=22 -> 29
[DP-bwdX] L=80 states=2 -> 3
[DP-bwdX] L=80 states=2 -> 3
[DP-bwdX] L=80 states=2 -> 3
[DP-fwdX] L=96 states=21 -> 27
[DP-bwdX] L=96 states=7 -> 11
[DP-bwdX] L=96 states=1 -> 1
[DP-fwdX] L=96 states=1 -> 1
[DP-fwdX] L=112 states=12 -> 16
[DP-bwdX] L=144 states=1 -> 1
[DP-bwdX] L=128 states=186 -> 230
[DP-fwdX] L=112 states=12 -> 16
[DP-bwdX] L=112 states=1 -> 1
[DP-bwdX] L=112 states=1 -> 1
[DP-fwdX] L=112 states=1 -> 1
[DP-fwdX] L=112 states=1 -> 1
[DP-fwdX] L=128 states=2 -> 3
[DP-bwdX] L=144 states=1 -> 1
[DP-fwdX] L=128 states=2 -> 3
[DP-bwdX] L=128 states=1 -> 3
[DP-fwdX] L=128 states=1 -> 2
[DP-bwdX] L=144 states=1 -> 1
[DP-bwdX] L=144 states=1 -> 1
[DP-bwdX] L=144 states=1 -> 1
[DP-bwdX] L=144 states=1 -> 1
  [Round 14] T_prime=12  T_target=12  HPWL_w=1208679  HPWL_eq=1182  maxL=20  WNS(T')=-8  WNS*(T)=-8  picked=10  solve_ms=924.762
[OC-Shortest/pow2] m=18 h=8 SEG=4 bits=72 words=2 threads=24
[DP-fwdX] L=0 states=1 -> 1
[DP-fwdX] L=16 states=186 -> 230
[DP-fwdX] L=32 states=2991 -> 3395
[DP-fwdX] L=48 states=14721 -> 15765
[DP-fwdX] L=64 states=30945 -> 31590
[DP-bwdX] L=144 states=1 -> 1
[DP-bwdX] L=128 states=186 -> 230
[DP-bwdX] L=112 states=2991 -> 3395
[DP-bwdX] L=96 states=14721 -> 15765
[DP-bwdX] L=80 states=30945 -> 31590
[DP-fwdX] L=0 states=1 -> 1
[DP-fwdX] L=16 states=186 -> 230
[DP-fwdX] L=32 states=2991 -> 3395
[DP-bwdX] L=64 states=22 -> 29
[DP-bwdX] L=48 states=495 -> 543
[DP-fwdX] L=0 states=1 -> 1
[DP-fwdX] L=16 states=186 -> 230
[DP-bwdX] L=32 states=12 -> 16
[DP-fwdX] L=0 states=1 -> 1
[DP-bwdX] L=16 states=4 -> 5
[DP-fwdX] L=0 states=1 -> 1
[DP-fwdX] L=0 states=1 -> 1
[DP-fwdX] L=0 states=1 -> 1
[DP-bwdX] L=16 states=4 -> 5
[DP-bwdX] L=16 states=4 -> 5
[DP-fwdX] L=16 states=1 -> 2
[DP-bwdX] L=32 states=12 -> 16
[DP-bwdX] L=32 states=12 -> 16
[DP-fwdX] L=32 states=2 -> 3
[DP-fwdX] L=48 states=156 -> 197
[DP-bwdX] L=64 states=22 -> 29
[DP-bwdX] L=48 states=21 -> 27
[DP-fwdX] L=48 states=7 -> 11
[DP-bwdX] L=48 states=2 -> 3
[DP-bwdX] L=64 states=22 -> 29
[DP-fwdX] L=64 states=2 -> 3
[DP-fwdX] L=64 states=2 -> 3
[DP-fwdX] L=80 states=22 -> 29
[DP-fwdX] L=96 states=495 -> 543
[DP-bwdX] L=144 states=1 -> 1
[DP-bwdX] L=128 states=186 -> 230
[DP-bwdX] L=112 states=2991 -> 3395
[DP-fwdX] L=80 states=22 -> 29
[DP-bwdX] L=96 states=156 -> 197
[DP-fwdX] L=80 states=22 -> 29
[DP-bwdX] L=80 states=2 -> 3
[DP-bwdX] L=80 states=2 -> 3
[DP-bwdX] L=80 states=2 -> 3
[DP-fwdX] L=96 states=21 -> 27
[DP-bwdX] L=96 states=7 -> 11
[DP-bwdX] L=96 states=1 -> 1
[DP-fwdX] L=96 states=1 -> 1
[DP-fwdX] L=112 states=12 -> 16
[DP-bwdX] L=144 states=1 -> 1
[DP-bwdX] L=128 states=186 -> 230
[DP-fwdX] L=112 states=12 -> 16
[DP-bwdX] L=112 states=1 -> 1
[DP-bwdX] L=112 states=1 -> 1
[DP-fwdX] L=112 states=1 -> 1
[DP-fwdX] L=112 states=1 -> 1
[DP-fwdX] L=128 states=4 -> 5
[DP-bwdX] L=144 states=1 -> 1
[DP-fwdX] L=128 states=4 -> 5
[DP-bwdX] L=128 states=1 -> 2
[DP-fwdX] L=128 states=1 -> 1
[DP-bwdX] L=144 states=1 -> 1
[DP-bwdX] L=144 states=1 -> 1
[DP-bwdX] L=144 states=1 -> 1
[DP-bwdX] L=144 states=1 -> 1
  [Round 15] T_prime=12  T_target=12  HPWL_w=1213173  HPWL_eq=1200  maxL=26  WNS(T')=-14  WNS*(T)=-14  picked=10  solve_ms=923.563
[OC-Shortest/pow2] m=18 h=8 SEG=4 bits=72 words=2 threads=24
[DP-fwdX] L=0 states=1 -> 1
[DP-fwdX] L=16 states=186 -> 230
[DP-fwdX] L=32 states=2991 -> 3395
[DP-fwdX] L=48 states=14721 -> 15765
[DP-fwdX] L=64 states=30945 -> 31590
[DP-bwdX] L=144 states=1 -> 1
[DP-bwdX] L=128 states=186 -> 230
[DP-bwdX] L=112 states=2991 -> 3395
[DP-bwdX] L=96 states=14721 -> 15765
[DP-bwdX] L=80 states=30945 -> 31590
[DP-fwdX] L=0 states=1 -> 1
[DP-fwdX] L=16 states=186 -> 230
[DP-fwdX] L=32 states=2991 -> 3395
[DP-bwdX] L=64 states=22 -> 29
[DP-bwdX] L=48 states=495 -> 543
[DP-fwdX] L=0 states=1 -> 1
[DP-fwdX] L=16 states=186 -> 230
[DP-bwdX] L=32 states=12 -> 16
[DP-fwdX] L=0 states=1 -> 1
[DP-bwdX] L=16 states=4 -> 5
[DP-fwdX] L=0 states=1 -> 1
[DP-fwdX] L=0 states=1 -> 1
[DP-fwdX] L=0 states=1 -> 1
[DP-bwdX] L=16 states=4 -> 5
[DP-bwdX] L=16 states=4 -> 5
[DP-fwdX] L=16 states=1 -> 1
[DP-bwdX] L=32 states=12 -> 16
[DP-bwdX] L=32 states=12 -> 16
[DP-fwdX] L=32 states=2 -> 3
[DP-fwdX] L=48 states=156 -> 197
[DP-bwdX] L=64 states=22 -> 29
[DP-bwdX] L=48 states=21 -> 27
[DP-fwdX] L=48 states=7 -> 11
[DP-bwdX] L=48 states=2 -> 3
[DP-bwdX] L=64 states=22 -> 29
[DP-fwdX] L=64 states=2 -> 3
[DP-fwdX] L=64 states=2 -> 3
[DP-fwdX] L=80 states=22 -> 29
[DP-fwdX] L=96 states=495 -> 543
[DP-bwdX] L=144 states=1 -> 1
[DP-bwdX] L=128 states=186 -> 230
[DP-bwdX] L=112 states=2991 -> 3395
[DP-fwdX] L=80 states=22 -> 29
[DP-bwdX] L=96 states=156 -> 197
[DP-fwdX] L=80 states=22 -> 29
[DP-bwdX] L=80 states=2 -> 3
[DP-bwdX] L=80 states=2 -> 3
[DP-bwdX] L=80 states=2 -> 3
[DP-fwdX] L=96 states=21 -> 27
[DP-bwdX] L=96 states=7 -> 11
[DP-bwdX] L=96 states=1 -> 1
[DP-fwdX] L=96 states=1 -> 1
[DP-fwdX] L=112 states=12 -> 16
[DP-bwdX] L=144 states=1 -> 1
[DP-bwdX] L=128 states=186 -> 230
[DP-fwdX] L=112 states=12 -> 16
[DP-bwdX] L=112 states=1 -> 1
[DP-bwdX] L=112 states=1 -> 1
[DP-fwdX] L=112 states=1 -> 1
[DP-fwdX] L=112 states=1 -> 1
[DP-fwdX] L=128 states=4 -> 5
[DP-bwdX] L=144 states=1 -> 1
[DP-fwdX] L=128 states=4 -> 5
[DP-bwdX] L=128 states=1 -> 1
[DP-fwdX] L=128 states=1 -> 1
[DP-bwdX] L=144 states=1 -> 1
[DP-bwdX] L=144 states=1 -> 1
[DP-bwdX] L=144 states=1 -> 1
[DP-bwdX] L=144 states=1 -> 1
  [Round 16] T_prime=12  T_target=12  HPWL_w=1220735  HPWL_eq=1186  maxL=14  WNS(T')=-2  WNS*(T)=-2  picked=6  solve_ms=901.411
[OC-Shortest/pow2] m=18 h=8 SEG=4 bits=72 words=2 threads=24
[DP-fwdX] L=0 states=1 -> 1
[DP-fwdX] L=16 states=186 -> 230
[DP-fwdX] L=32 states=2991 -> 3395
[DP-fwdX] L=48 states=14721 -> 15765
[DP-fwdX] L=64 states=30945 -> 31590
[DP-bwdX] L=144 states=1 -> 1
[DP-bwdX] L=128 states=186 -> 230
[DP-bwdX] L=112 states=2991 -> 3395
[DP-bwdX] L=96 states=14721 -> 15765
[DP-bwdX] L=80 states=30945 -> 31590
[DP-fwdX] L=0 states=1 -> 1
[DP-fwdX] L=16 states=186 -> 230
[DP-fwdX] L=32 states=2991 -> 3395
[DP-bwdX] L=64 states=22 -> 29
[DP-bwdX] L=48 states=495 -> 543
[DP-fwdX] L=0 states=1 -> 1
[DP-fwdX] L=16 states=186 -> 230
[DP-bwdX] L=32 states=12 -> 16
[DP-fwdX] L=0 states=1 -> 1
[DP-bwdX] L=16 states=4 -> 5
[DP-fwdX] L=0 states=1 -> 1
[DP-fwdX] L=0 states=1 -> 1
[DP-fwdX] L=0 states=1 -> 1
[DP-bwdX] L=16 states=4 -> 5
[DP-bwdX] L=16 states=4 -> 5
[DP-fwdX] L=16 states=1 -> 1
[DP-bwdX] L=32 states=12 -> 16
[DP-bwdX] L=32 states=12 -> 16
[DP-fwdX] L=32 states=2 -> 3
[DP-fwdX] L=48 states=156 -> 197
[DP-bwdX] L=64 states=22 -> 29
[DP-bwdX] L=48 states=21 -> 27
[DP-fwdX] L=48 states=7 -> 11
[DP-bwdX] L=48 states=2 -> 3
[DP-bwdX] L=64 states=22 -> 29
[DP-fwdX] L=64 states=2 -> 3
[DP-fwdX] L=64 states=2 -> 3
[DP-fwdX] L=80 states=22 -> 29
[DP-fwdX] L=96 states=495 -> 543
[DP-bwdX] L=144 states=1 -> 1
[DP-bwdX] L=128 states=186 -> 230
[DP-bwdX] L=112 states=2991 -> 3395
[DP-fwdX] L=80 states=22 -> 29
[DP-bwdX] L=96 states=156 -> 197
[DP-fwdX] L=80 states=22 -> 29
[DP-bwdX] L=80 states=2 -> 3
[DP-bwdX] L=80 states=2 -> 3
[DP-bwdX] L=80 states=2 -> 3
[DP-fwdX] L=96 states=21 -> 27
[DP-bwdX] L=96 states=7 -> 11
[DP-bwdX] L=96 states=1 -> 1
[DP-fwdX] L=96 states=1 -> 1
[DP-fwdX] L=112 states=12 -> 16
[DP-bwdX] L=144 states=1 -> 1
[DP-bwdX] L=128 states=186 -> 230
[DP-fwdX] L=112 states=12 -> 16
[DP-bwdX] L=112 states=1 -> 1
[DP-bwdX] L=112 states=1 -> 1
[DP-fwdX] L=112 states=1 -> 1
[DP-fwdX] L=112 states=1 -> 1
[DP-fwdX] L=128 states=4 -> 5
[DP-bwdX] L=144 states=1 -> 1
[DP-fwdX] L=128 states=4 -> 5
[DP-bwdX] L=128 states=1 -> 1
[DP-fwdX] L=128 states=1 -> 1
[DP-bwdX] L=144 states=1 -> 1
[DP-bwdX] L=144 states=1 -> 1
[DP-bwdX] L=144 states=1 -> 1
[DP-bwdX] L=144 states=1 -> 1
  [Round 17] T_prime=12  T_target=12  HPWL_w=1224323  HPWL_eq=1186  maxL=14  WNS(T')=-2  WNS*(T)=-2  picked=6  solve_ms=910.063
[OC-Shortest/pow2] m=18 h=8 SEG=4 bits=72 words=2 threads=24
[DP-fwdX] L=0 states=1 -> 1
[DP-fwdX] L=16 states=186 -> 230
[DP-fwdX] L=32 states=2991 -> 3395
[DP-fwdX] L=48 states=14721 -> 15765
[DP-fwdX] L=64 states=30945 -> 31590
[DP-bwdX] L=144 states=1 -> 1
[DP-bwdX] L=128 states=186 -> 230
[DP-bwdX] L=112 states=2991 -> 3395
[DP-bwdX] L=96 states=14721 -> 15765
[DP-bwdX] L=80 states=30945 -> 31590
[DP-fwdX] L=0 states=1 -> 1
[DP-fwdX] L=16 states=186 -> 230
[DP-fwdX] L=32 states=2991 -> 3395
[DP-bwdX] L=64 states=22 -> 29
[DP-bwdX] L=48 states=495 -> 543
[DP-fwdX] L=0 states=1 -> 1
[DP-fwdX] L=16 states=186 -> 230
[DP-bwdX] L=32 states=12 -> 16
[DP-fwdX] L=0 states=1 -> 1
[DP-bwdX] L=16 states=4 -> 6
[DP-fwdX] L=0 states=1 -> 1
[DP-fwdX] L=0 states=1 -> 1
[DP-fwdX] L=0 states=1 -> 1
[DP-bwdX] L=16 states=4 -> 6
[DP-bwdX] L=16 states=4 -> 6
[DP-fwdX] L=16 states=1 -> 3
[DP-bwdX] L=32 states=12 -> 16
[DP-bwdX] L=32 states=12 -> 16
[DP-fwdX] L=32 states=2 -> 3
[DP-fwdX] L=48 states=156 -> 197
[DP-bwdX] L=64 states=22 -> 29
[DP-bwdX] L=48 states=21 -> 27
[DP-fwdX] L=48 states=7 -> 11
[DP-bwdX] L=48 states=2 -> 3
[DP-bwdX] L=64 states=22 -> 29
[DP-fwdX] L=64 states=2 -> 3
[DP-fwdX] L=64 states=2 -> 3
[DP-fwdX] L=80 states=22 -> 29
[DP-fwdX] L=96 states=495 -> 543
[DP-bwdX] L=144 states=1 -> 1
[DP-bwdX] L=128 states=186 -> 230
[DP-bwdX] L=112 states=2991 -> 3395
[DP-fwdX] L=80 states=22 -> 29
[DP-bwdX] L=96 states=156 -> 197
[DP-fwdX] L=80 states=22 -> 29
[DP-bwdX] L=80 states=2 -> 3
[DP-bwdX] L=80 states=2 -> 3
[DP-bwdX] L=80 states=2 -> 3
[DP-fwdX] L=96 states=21 -> 27
[DP-bwdX] L=96 states=7 -> 11
[DP-bwdX] L=96 states=1 -> 1
[DP-fwdX] L=96 states=1 -> 1
[DP-fwdX] L=112 states=12 -> 16
[DP-bwdX] L=144 states=1 -> 1
[DP-bwdX] L=128 states=186 -> 230
[DP-fwdX] L=112 states=12 -> 16
[DP-bwdX] L=112 states=1 -> 1
[DP-bwdX] L=112 states=1 -> 1
[DP-fwdX] L=112 states=1 -> 1
[DP-fwdX] L=112 states=1 -> 1
[DP-fwdX] L=128 states=2 -> 3
[DP-bwdX] L=144 states=1 -> 1
[DP-fwdX] L=128 states=2 -> 3
[DP-bwdX] L=128 states=1 -> 3
[DP-fwdX] L=128 states=1 -> 2
[DP-bwdX] L=144 states=1 -> 1
[DP-bwdX] L=144 states=1 -> 1
[DP-bwdX] L=144 states=1 -> 1
[DP-bwdX] L=144 states=1 -> 1
  [Round 18] T_prime=12  T_target=12  HPWL_w=1226831  HPWL_eq=1182  maxL=20  WNS(T')=-8  WNS*(T)=-8  picked=10  solve_ms=953.337
[OC-Shortest/pow2] m=18 h=8 SEG=4 bits=72 words=2 threads=24
[DP-fwdX] L=0 states=1 -> 1
[DP-fwdX] L=16 states=186 -> 230
[DP-fwdX] L=32 states=2991 -> 3395
[DP-fwdX] L=48 states=14721 -> 15765
[DP-fwdX] L=64 states=30945 -> 31590
[DP-bwdX] L=144 states=1 -> 1
[DP-bwdX] L=128 states=186 -> 230
[DP-bwdX] L=112 states=2991 -> 3395
[DP-bwdX] L=96 states=14721 -> 15765
[DP-bwdX] L=80 states=30945 -> 31590
[DP-fwdX] L=0 states=1 -> 1
[DP-fwdX] L=16 states=186 -> 230
[DP-fwdX] L=32 states=2991 -> 3395
[DP-bwdX] L=64 states=22 -> 29
[DP-bwdX] L=48 states=495 -> 543
[DP-fwdX] L=0 states=1 -> 1
[DP-fwdX] L=16 states=186 -> 230
[DP-bwdX] L=32 states=12 -> 16
[DP-fwdX] L=0 states=1 -> 1
[DP-bwdX] L=16 states=4 -> 5
[DP-fwdX] L=0 states=1 -> 1
[DP-fwdX] L=0 states=1 -> 1
[DP-fwdX] L=0 states=1 -> 1
[DP-bwdX] L=16 states=4 -> 5
[DP-bwdX] L=16 states=4 -> 5
[DP-fwdX] L=16 states=1 -> 2
[DP-bwdX] L=32 states=12 -> 16
[DP-bwdX] L=32 states=12 -> 16
[DP-fwdX] L=32 states=2 -> 3
[DP-fwdX] L=48 states=156 -> 197
[DP-bwdX] L=64 states=22 -> 29
[DP-bwdX] L=48 states=21 -> 27
[DP-fwdX] L=48 states=7 -> 11
[DP-bwdX] L=48 states=2 -> 3
[DP-bwdX] L=64 states=22 -> 29
[DP-fwdX] L=64 states=2 -> 3
[DP-fwdX] L=64 states=2 -> 3
[DP-fwdX] L=80 states=22 -> 29
[DP-fwdX] L=96 states=495 -> 543
[DP-bwdX] L=144 states=1 -> 1
[DP-bwdX] L=128 states=186 -> 230
[DP-bwdX] L=112 states=2991 -> 3395
[DP-fwdX] L=80 states=22 -> 29
[DP-bwdX] L=96 states=156 -> 197
[DP-fwdX] L=80 states=22 -> 29
[DP-bwdX] L=80 states=2 -> 3
[DP-bwdX] L=80 states=2 -> 3
[DP-bwdX] L=80 states=2 -> 3
[DP-fwdX] L=96 states=21 -> 27
[DP-bwdX] L=96 states=7 -> 11
[DP-bwdX] L=96 states=1 -> 1
[DP-fwdX] L=96 states=1 -> 1
[DP-fwdX] L=112 states=12 -> 16
[DP-bwdX] L=144 states=1 -> 1
[DP-bwdX] L=128 states=186 -> 230
[DP-fwdX] L=112 states=12 -> 16
[DP-bwdX] L=112 states=1 -> 1
[DP-bwdX] L=112 states=1 -> 1
[DP-fwdX] L=112 states=1 -> 1
[DP-fwdX] L=112 states=1 -> 1
[DP-fwdX] L=128 states=4 -> 5
[DP-bwdX] L=144 states=1 -> 1
[DP-fwdX] L=128 states=4 -> 5
[DP-bwdX] L=128 states=1 -> 2
[DP-fwdX] L=128 states=1 -> 1
[DP-bwdX] L=144 states=1 -> 1
[DP-bwdX] L=144 states=1 -> 1
[DP-bwdX] L=144 states=1 -> 1
[DP-bwdX] L=144 states=1 -> 1
  [Round 19] T_prime=12  T_target=12  HPWL_w=1231516  HPWL_eq=1200  maxL=26  WNS(T')=-14  WNS*(T)=-14  picked=10  solve_ms=906.948
[OC-Shortest/pow2] m=18 h=8 SEG=4 bits=72 words=2 threads=24
[DP-fwdX] L=0 states=1 -> 1
[DP-fwdX] L=16 states=186 -> 230
[DP-fwdX] L=32 states=2991 -> 3395
[DP-fwdX] L=48 states=14721 -> 15765
[DP-fwdX] L=64 states=30945 -> 31590
[DP-bwdX] L=144 states=1 -> 1
[DP-bwdX] L=128 states=186 -> 230
[DP-bwdX] L=112 states=2991 -> 3395
[DP-bwdX] L=96 states=14721 -> 15765
[DP-bwdX] L=80 states=30945 -> 31590
[DP-fwdX] L=0 states=1 -> 1
[DP-fwdX] L=16 states=186 -> 230
[DP-fwdX] L=32 states=2991 -> 3395
[DP-bwdX] L=64 states=22 -> 29
[DP-bwdX] L=48 states=495 -> 543
[DP-fwdX] L=0 states=1 -> 1
[DP-fwdX] L=16 states=186 -> 230
[DP-bwdX] L=32 states=12 -> 16
[DP-fwdX] L=0 states=1 -> 1
[DP-bwdX] L=16 states=4 -> 5
[DP-fwdX] L=0 states=1 -> 1
[DP-fwdX] L=0 states=1 -> 1
[DP-fwdX] L=0 states=1 -> 1
[DP-bwdX] L=16 states=4 -> 5
[DP-bwdX] L=16 states=4 -> 5
[DP-fwdX] L=16 states=1 -> 1
[DP-bwdX] L=32 states=12 -> 16
[DP-bwdX] L=32 states=12 -> 16
[DP-fwdX] L=32 states=2 -> 3
[DP-fwdX] L=48 states=156 -> 197
[DP-bwdX] L=64 states=22 -> 29
[DP-bwdX] L=48 states=21 -> 27
[DP-fwdX] L=48 states=7 -> 11
[DP-bwdX] L=48 states=2 -> 3
[DP-bwdX] L=64 states=22 -> 29
[DP-fwdX] L=64 states=2 -> 3
[DP-fwdX] L=64 states=2 -> 3
[DP-fwdX] L=80 states=22 -> 29
[DP-fwdX] L=96 states=495 -> 543
[DP-bwdX] L=144 states=1 -> 1
[DP-bwdX] L=128 states=186 -> 230
[DP-bwdX] L=112 states=2991 -> 3395
[DP-fwdX] L=80 states=22 -> 29
[DP-bwdX] L=96 states=156 -> 197
[DP-fwdX] L=80 states=22 -> 29
[DP-bwdX] L=80 states=2 -> 3
[DP-bwdX] L=80 states=2 -> 3
[DP-bwdX] L=80 states=2 -> 3
[DP-fwdX] L=96 states=21 -> 27
[DP-bwdX] L=96 states=7 -> 11
[DP-bwdX] L=96 states=1 -> 1
[DP-fwdX] L=96 states=1 -> 1
[DP-fwdX] L=112 states=12 -> 16
[DP-bwdX] L=144 states=1 -> 1
[DP-bwdX] L=128 states=186 -> 230
[DP-fwdX] L=112 states=12 -> 16
[DP-bwdX] L=112 states=1 -> 1
[DP-bwdX] L=112 states=1 -> 1
[DP-fwdX] L=112 states=1 -> 1
[DP-fwdX] L=112 states=1 -> 1
[DP-fwdX] L=128 states=4 -> 5
[DP-bwdX] L=144 states=1 -> 1
[DP-fwdX] L=128 states=4 -> 5
[DP-bwdX] L=128 states=1 -> 1
[DP-fwdX] L=128 states=1 -> 1
[DP-bwdX] L=144 states=1 -> 1
[DP-bwdX] L=144 states=1 -> 1
[DP-bwdX] L=144 states=1 -> 1
[DP-bwdX] L=144 states=1 -> 1
  [Round 20] T_prime=12  T_target=12  HPWL_w=1242189  HPWL_eq=1186  maxL=14  WNS(T')=-2  WNS*(T)=-2  picked=6  solve_ms=915.589
[OC-Shortest/pow2] m=18 h=8 SEG=4 bits=72 words=2 threads=24
[DP-fwdX] L=0 states=1 -> 1
[DP-fwdX] L=16 states=186 -> 230
[DP-fwdX] L=32 states=2991 -> 3395
[DP-fwdX] L=48 states=14721 -> 15765
[DP-fwdX] L=64 states=30945 -> 31590
[DP-bwdX] L=144 states=1 -> 1
[DP-bwdX] L=128 states=186 -> 230
[DP-bwdX] L=112 states=2991 -> 3395
[DP-bwdX] L=96 states=14721 -> 15765
[DP-bwdX] L=80 states=30945 -> 31590
[DP-fwdX] L=0 states=1 -> 1
[DP-fwdX] L=16 states=186 -> 230
[DP-fwdX] L=32 states=2991 -> 3395
[DP-bwdX] L=64 states=22 -> 29
[DP-bwdX] L=48 states=495 -> 543
[DP-fwdX] L=0 states=1 -> 1
[DP-fwdX] L=16 states=186 -> 230
[DP-bwdX] L=32 states=12 -> 16
[DP-fwdX] L=0 states=1 -> 1
[DP-bwdX] L=16 states=4 -> 5
[DP-fwdX] L=0 states=1 -> 1
[DP-fwdX] L=0 states=1 -> 1
[DP-fwdX] L=0 states=1 -> 1
[DP-bwdX] L=16 states=4 -> 5
[DP-bwdX] L=16 states=4 -> 5
[DP-fwdX] L=16 states=1 -> 1
[DP-bwdX] L=32 states=12 -> 16
[DP-bwdX] L=32 states=12 -> 16
[DP-fwdX] L=32 states=2 -> 3
[DP-fwdX] L=48 states=156 -> 197
[DP-bwdX] L=64 states=22 -> 29
[DP-bwdX] L=48 states=21 -> 27
[DP-fwdX] L=48 states=7 -> 11
[DP-bwdX] L=48 states=2 -> 3
[DP-bwdX] L=64 states=22 -> 29
[DP-fwdX] L=64 states=2 -> 3
[DP-fwdX] L=64 states=2 -> 3
[DP-fwdX] L=80 states=22 -> 29
[DP-fwdX] L=96 states=495 -> 543
[DP-bwdX] L=144 states=1 -> 1
[DP-bwdX] L=128 states=186 -> 230
[DP-bwdX] L=112 states=2991 -> 3395
[DP-fwdX] L=80 states=22 -> 29
[DP-bwdX] L=96 states=156 -> 197
[DP-fwdX] L=80 states=22 -> 29
[DP-bwdX] L=80 states=2 -> 3
[DP-bwdX] L=80 states=2 -> 3
[DP-bwdX] L=80 states=2 -> 3
[DP-fwdX] L=96 states=21 -> 27
[DP-bwdX] L=96 states=7 -> 11
[DP-bwdX] L=96 states=1 -> 1
[DP-fwdX] L=96 states=1 -> 1
[DP-fwdX] L=112 states=12 -> 16
[DP-bwdX] L=144 states=1 -> 1
[DP-bwdX] L=128 states=186 -> 230
[DP-fwdX] L=112 states=12 -> 16
[DP-bwdX] L=112 states=1 -> 1
[DP-bwdX] L=112 states=1 -> 1
[DP-fwdX] L=112 states=1 -> 1
[DP-fwdX] L=112 states=1 -> 1
[DP-fwdX] L=128 states=4 -> 5
[DP-bwdX] L=144 states=1 -> 1
[DP-fwdX] L=128 states=4 -> 5
[DP-bwdX] L=128 states=1 -> 1
[DP-fwdX] L=128 states=1 -> 1
[DP-bwdX] L=144 states=1 -> 1
[DP-bwdX] L=144 states=1 -> 1
[DP-bwdX] L=144 states=1 -> 1
[DP-bwdX] L=144 states=1 -> 1
  [Round 21] T_prime=12  T_target=12  HPWL_w=1246704  HPWL_eq=1186  maxL=14  WNS(T')=-2  WNS*(T)=-2  picked=6  solve_ms=955.952
[OC-Shortest/pow2] m=18 h=8 SEG=4 bits=72 words=2 threads=24
[DP-fwdX] L=0 states=1 -> 1
[DP-fwdX] L=16 states=186 -> 230
[DP-fwdX] L=32 states=2991 -> 3395
[DP-fwdX] L=48 states=14721 -> 15765
[DP-fwdX] L=64 states=30945 -> 31590
[DP-bwdX] L=144 states=1 -> 1
[DP-bwdX] L=128 states=186 -> 230
[DP-bwdX] L=112 states=2991 -> 3395
[DP-bwdX] L=96 states=14721 -> 15765
[DP-bwdX] L=80 states=30945 -> 31590
[DP-fwdX] L=0 states=1 -> 1
[DP-fwdX] L=16 states=186 -> 230
[DP-fwdX] L=32 states=2991 -> 3395
[DP-bwdX] L=64 states=22 -> 29
[DP-bwdX] L=48 states=495 -> 543
[DP-fwdX] L=0 states=1 -> 1
[DP-fwdX] L=16 states=186 -> 230
[DP-bwdX] L=32 states=15 -> 21
[DP-fwdX] L=0 states=1 -> 1
[DP-bwdX] L=16 states=4 -> 6
[DP-fwdX] L=0 states=1 -> 1
[DP-fwdX] L=0 states=1 -> 1
[DP-fwdX] L=0 states=1 -> 1
[DP-bwdX] L=16 states=4 -> 6
[DP-bwdX] L=16 states=4 -> 6
[DP-fwdX] L=16 states=1 -> 3
[DP-bwdX] L=32 states=15 -> 21
[DP-bwdX] L=32 states=15 -> 21
[DP-fwdX] L=32 states=2 -> 5
[DP-fwdX] L=48 states=251 -> 322
[DP-bwdX] L=64 states=22 -> 29
[DP-bwdX] L=48 states=21 -> 27
[DP-fwdX] L=48 states=7 -> 11
[DP-bwdX] L=48 states=2 -> 3
[DP-bwdX] L=64 states=22 -> 29
[DP-fwdX] L=64 states=2 -> 3
[DP-fwdX] L=64 states=2 -> 3
[DP-fwdX] L=80 states=22 -> 29
[DP-fwdX] L=96 states=495 -> 543
[DP-bwdX] L=144 states=1 -> 1
[DP-bwdX] L=128 states=186 -> 230
[DP-bwdX] L=112 states=2991 -> 3395
[DP-fwdX] L=80 states=22 -> 29
[DP-bwdX] L=96 states=156 -> 197
[DP-fwdX] L=80 states=22 -> 29
[DP-bwdX] L=80 states=2 -> 3
[DP-bwdX] L=80 states=2 -> 3
[DP-bwdX] L=80 states=2 -> 3
[DP-fwdX] L=96 states=21 -> 27
[DP-bwdX] L=96 states=7 -> 11
[DP-bwdX] L=96 states=1 -> 1
[DP-fwdX] L=96 states=1 -> 1
[DP-fwdX] L=112 states=12 -> 16
[DP-bwdX] L=144 states=1 -> 1
[DP-bwdX] L=128 states=186 -> 230
[DP-fwdX] L=112 states=12 -> 16
[DP-bwdX] L=112 states=1 -> 1
[DP-bwdX] L=112 states=1 -> 1
[DP-fwdX] L=112 states=1 -> 1
[DP-fwdX] L=112 states=1 -> 1
[DP-fwdX] L=128 states=2 -> 3
[DP-bwdX] L=144 states=1 -> 1
[DP-fwdX] L=128 states=2 -> 3
[DP-bwdX] L=128 states=1 -> 3
[DP-fwdX] L=128 states=1 -> 2
[DP-bwdX] L=144 states=1 -> 1
[DP-bwdX] L=144 states=1 -> 1
[DP-bwdX] L=144 states=1 -> 1
[DP-bwdX] L=144 states=1 -> 1
  [Round 22] T_prime=12  T_target=12  HPWL_w=1248881  HPWL_eq=1211  maxL=32  WNS(T')=-20  WNS*(T)=-20  picked=11  solve_ms=918.661
[OC-Shortest/pow2] m=18 h=8 SEG=4 bits=72 words=2 threads=24
[DP-fwdX] L=0 states=1 -> 1
[DP-fwdX] L=16 states=186 -> 230
[DP-fwdX] L=32 states=2991 -> 3395
[DP-fwdX] L=48 states=14721 -> 15765
[DP-fwdX] L=64 states=30945 -> 31590
[DP-bwdX] L=144 states=1 -> 1
[DP-bwdX] L=128 states=186 -> 230
[DP-bwdX] L=112 states=2991 -> 3395
[DP-bwdX] L=96 states=14721 -> 15765
[DP-bwdX] L=80 states=30945 -> 31590
[DP-fwdX] L=0 states=1 -> 1
[DP-fwdX] L=16 states=186 -> 230
[DP-fwdX] L=32 states=2991 -> 3395
[DP-bwdX] L=64 states=22 -> 29
[DP-bwdX] L=48 states=495 -> 543
[DP-fwdX] L=0 states=1 -> 1
[DP-fwdX] L=16 states=186 -> 230
[DP-bwdX] L=32 states=12 -> 16
[DP-fwdX] L=0 states=1 -> 1
[DP-bwdX] L=16 states=4 -> 6
[DP-fwdX] L=0 states=1 -> 1
[DP-fwdX] L=0 states=1 -> 1
[DP-fwdX] L=0 states=1 -> 1
[DP-bwdX] L=16 states=4 -> 6
[DP-bwdX] L=16 states=4 -> 6
[DP-fwdX] L=16 states=1 -> 3
[DP-bwdX] L=32 states=12 -> 16
[DP-bwdX] L=32 states=12 -> 16
[DP-fwdX] L=32 states=2 -> 3
[DP-fwdX] L=48 states=156 -> 197
[DP-bwdX] L=64 states=22 -> 29
[DP-bwdX] L=48 states=21 -> 27
[DP-fwdX] L=48 states=7 -> 11
[DP-bwdX] L=48 states=2 -> 3
[DP-bwdX] L=64 states=22 -> 29
[DP-fwdX] L=64 states=2 -> 3
[DP-fwdX] L=64 states=2 -> 3
[DP-fwdX] L=80 states=22 -> 29
[DP-fwdX] L=96 states=495 -> 543
[DP-bwdX] L=144 states=1 -> 1
[DP-bwdX] L=128 states=186 -> 230
[DP-bwdX] L=112 states=2991 -> 3395
[DP-fwdX] L=80 states=22 -> 29
[DP-bwdX] L=96 states=251 -> 322
[DP-fwdX] L=80 states=22 -> 29
[DP-bwdX] L=80 states=2 -> 3
[DP-bwdX] L=80 states=2 -> 3
[DP-bwdX] L=80 states=2 -> 3
[DP-fwdX] L=96 states=21 -> 27
[DP-bwdX] L=96 states=7 -> 11
[DP-bwdX] L=96 states=1 -> 1
[DP-fwdX] L=96 states=1 -> 1
[DP-fwdX] L=112 states=15 -> 21
[DP-bwdX] L=144 states=1 -> 1
[DP-bwdX] L=128 states=186 -> 230
[DP-fwdX] L=112 states=15 -> 21
[DP-bwdX] L=112 states=1 -> 3
[DP-bwdX] L=112 states=1 -> 3
[DP-fwdX] L=112 states=1 -> 3
[DP-fwdX] L=112 states=1 -> 3
[DP-fwdX] L=128 states=4 -> 6
[DP-bwdX] L=144 states=1 -> 1
[DP-fwdX] L=128 states=4 -> 6
[DP-bwdX] L=128 states=1 -> 3
[DP-fwdX] L=128 states=1 -> 2
[DP-bwdX] L=144 states=1 -> 1
[DP-bwdX] L=144 states=1 -> 1
[DP-bwdX] L=144 states=1 -> 1
[DP-bwdX] L=144 states=1 -> 1
  [Round 23] T_prime=12  T_target=12  HPWL_w=1253911  HPWL_eq=1211  maxL=32  WNS(T')=-20  WNS*(T)=-20  picked=11  solve_ms=911.625
[OC-Shortest/pow2] m=18 h=8 SEG=4 bits=72 words=2 threads=24
[DP-fwdX] L=0 states=1 -> 1
[DP-fwdX] L=16 states=186 -> 230
[DP-fwdX] L=32 states=2991 -> 3395
[DP-fwdX] L=48 states=14721 -> 15765
[DP-fwdX] L=64 states=30945 -> 31590
[DP-bwdX] L=144 states=1 -> 1
[DP-bwdX] L=128 states=186 -> 230
[DP-bwdX] L=112 states=2991 -> 3395
[DP-bwdX] L=96 states=14721 -> 15765
[DP-bwdX] L=80 states=30945 -> 31590
[DP-fwdX] L=0 states=1 -> 1
[DP-fwdX] L=16 states=186 -> 230
[DP-fwdX] L=32 states=2991 -> 3395
[DP-bwdX] L=64 states=22 -> 29
[DP-bwdX] L=48 states=495 -> 543
[DP-fwdX] L=0 states=1 -> 1
[DP-fwdX] L=16 states=186 -> 230
[DP-bwdX] L=32 states=12 -> 16
[DP-fwdX] L=0 states=1 -> 1
[DP-bwdX] L=16 states=4 -> 5
[DP-fwdX] L=0 states=1 -> 1
[DP-fwdX] L=0 states=1 -> 1
[DP-fwdX] L=0 states=1 -> 1
[DP-bwdX] L=16 states=4 -> 5
[DP-bwdX] L=16 states=4 -> 5
[DP-fwdX] L=16 states=1 -> 2
[DP-bwdX] L=32 states=12 -> 16
[DP-bwdX] L=32 states=12 -> 16
[DP-fwdX] L=32 states=2 -> 3
[DP-fwdX] L=48 states=156 -> 197
[DP-bwdX] L=64 states=22 -> 29
[DP-bwdX] L=48 states=21 -> 27
[DP-fwdX] L=48 states=7 -> 11
[DP-bwdX] L=48 states=2 -> 3
[DP-bwdX] L=64 states=22 -> 29
[DP-fwdX] L=64 states=2 -> 3
[DP-fwdX] L=64 states=2 -> 3
[DP-fwdX] L=80 states=22 -> 29
[DP-fwdX] L=96 states=495 -> 543
[DP-bwdX] L=144 states=1 -> 1
[DP-bwdX] L=128 states=186 -> 230
[DP-bwdX] L=112 states=2991 -> 3395
[DP-fwdX] L=80 states=22 -> 29
[DP-bwdX] L=96 states=156 -> 197
[DP-fwdX] L=80 states=22 -> 29
[DP-bwdX] L=80 states=2 -> 3
[DP-bwdX] L=80 states=2 -> 3
[DP-bwdX] L=80 states=2 -> 3
[DP-fwdX] L=96 states=21 -> 27
[DP-bwdX] L=96 states=7 -> 11
[DP-bwdX] L=96 states=1 -> 1
[DP-fwdX] L=96 states=1 -> 1
[DP-fwdX] L=112 states=12 -> 16
[DP-bwdX] L=144 states=1 -> 1
[DP-bwdX] L=128 states=186 -> 230
[DP-fwdX] L=112 states=12 -> 16
[DP-bwdX] L=112 states=1 -> 1
[DP-bwdX] L=112 states=1 -> 1
[DP-fwdX] L=112 states=1 -> 1
[DP-fwdX] L=112 states=1 -> 1
[DP-fwdX] L=128 states=4 -> 5
[DP-bwdX] L=144 states=1 -> 1
[DP-fwdX] L=128 states=4 -> 5
[DP-bwdX] L=128 states=1 -> 2
[DP-fwdX] L=128 states=1 -> 1
[DP-bwdX] L=144 states=1 -> 1
[DP-bwdX] L=144 states=1 -> 1
[DP-bwdX] L=144 states=1 -> 1
[DP-bwdX] L=144 states=1 -> 1
  [Round 24] T_prime=12  T_target=12  HPWL_w=1259435  HPWL_eq=1200  maxL=26  WNS(T')=-14  WNS*(T)=-14  picked=10  solve_ms=906.835
[OC-Shortest/pow2] m=18 h=8 SEG=4 bits=72 words=2 threads=24
[DP-fwdX] L=0 states=1 -> 1
[DP-fwdX] L=16 states=186 -> 230
[DP-fwdX] L=32 states=2991 -> 3395
[DP-fwdX] L=48 states=14721 -> 15765
[DP-fwdX] L=64 states=30945 -> 31590
[DP-bwdX] L=144 states=1 -> 1
[DP-bwdX] L=128 states=186 -> 230
[DP-bwdX] L=112 states=2991 -> 3395
[DP-bwdX] L=96 states=14721 -> 15765
[DP-bwdX] L=80 states=30945 -> 31590
[DP-fwdX] L=0 states=1 -> 1
[DP-fwdX] L=16 states=186 -> 230
[DP-fwdX] L=32 states=2991 -> 3395
[DP-bwdX] L=64 states=22 -> 29
[DP-bwdX] L=48 states=495 -> 543
[DP-fwdX] L=0 states=1 -> 1
[DP-fwdX] L=16 states=186 -> 230
[DP-bwdX] L=32 states=15 -> 21
[DP-fwdX] L=0 states=1 -> 1
[DP-bwdX] L=16 states=4 -> 6
[DP-fwdX] L=0 states=1 -> 1
[DP-fwdX] L=0 states=1 -> 1
[DP-fwdX] L=0 states=1 -> 1
[DP-bwdX] L=16 states=4 -> 6
[DP-bwdX] L=16 states=4 -> 6
[DP-fwdX] L=16 states=1 -> 3
[DP-bwdX] L=32 states=15 -> 21
[DP-bwdX] L=32 states=15 -> 21
[DP-fwdX] L=32 states=2 -> 5
[DP-fwdX] L=48 states=251 -> 322
[DP-bwdX] L=64 states=22 -> 29
[DP-bwdX] L=48 states=21 -> 27
[DP-fwdX] L=48 states=7 -> 11
[DP-bwdX] L=48 states=2 -> 3
[DP-bwdX] L=64 states=22 -> 29
[DP-fwdX] L=64 states=2 -> 3
[DP-fwdX] L=64 states=2 -> 3
[DP-fwdX] L=80 states=22 -> 29
[DP-fwdX] L=96 states=495 -> 543
[DP-bwdX] L=144 states=1 -> 1
[DP-bwdX] L=128 states=186 -> 230
[DP-bwdX] L=112 states=2991 -> 3395
[DP-fwdX] L=80 states=22 -> 29
[DP-bwdX] L=96 states=251 -> 322
[DP-fwdX] L=80 states=22 -> 29
[DP-bwdX] L=80 states=2 -> 3
[DP-bwdX] L=80 states=2 -> 3
[DP-bwdX] L=80 states=2 -> 3
[DP-fwdX] L=96 states=21 -> 27
[DP-bwdX] L=96 states=7 -> 11
[DP-bwdX] L=96 states=1 -> 1
[DP-fwdX] L=96 states=1 -> 1
[DP-fwdX] L=112 states=15 -> 21
[DP-bwdX] L=144 states=1 -> 1
[DP-bwdX] L=128 states=186 -> 230
[DP-fwdX] L=112 states=15 -> 21
[DP-bwdX] L=112 states=1 -> 3
[DP-bwdX] L=112 states=1 -> 3
[DP-fwdX] L=112 states=1 -> 3
[DP-fwdX] L=112 states=1 -> 3
[DP-fwdX] L=128 states=4 -> 6
[DP-bwdX] L=144 states=1 -> 1
[DP-fwdX] L=128 states=4 -> 6
[DP-bwdX] L=128 states=1 -> 3
[DP-fwdX] L=128 states=1 -> 2
[DP-bwdX] L=144 states=1 -> 1
[DP-bwdX] L=144 states=1 -> 1
[DP-bwdX] L=144 states=1 -> 1
[DP-bwdX] L=144 states=1 -> 1
  [Round 25] T_prime=12  T_target=12  HPWL_w=1267073  HPWL_eq=1240  maxL=32  WNS(T')=-20  WNS*(T)=-20  picked=12  solve_ms=945.673
[OC-Shortest/pow2] m=18 h=8 SEG=4 bits=72 words=2 threads=24
[DP-fwdX] L=0 states=1 -> 1
[DP-fwdX] L=16 states=186 -> 230
[DP-fwdX] L=32 states=2991 -> 3395
[DP-fwdX] L=48 states=14721 -> 15765
[DP-fwdX] L=64 states=30945 -> 31590
[DP-bwdX] L=144 states=1 -> 1
[DP-bwdX] L=128 states=186 -> 230
[DP-bwdX] L=112 states=2991 -> 3395
[DP-bwdX] L=96 states=14721 -> 15765
[DP-bwdX] L=80 states=30945 -> 31590
[DP-fwdX] L=0 states=1 -> 1
[DP-fwdX] L=16 states=186 -> 230
[DP-fwdX] L=32 states=2991 -> 3395
[DP-bwdX] L=64 states=22 -> 29
[DP-bwdX] L=48 states=495 -> 543
[DP-fwdX] L=0 states=1 -> 1
[DP-fwdX] L=16 states=186 -> 230
[DP-bwdX] L=32 states=12 -> 16
[DP-fwdX] L=0 states=1 -> 1
[DP-bwdX] L=16 states=4 -> 5
[DP-fwdX] L=0 states=1 -> 1
[DP-fwdX] L=0 states=1 -> 1
[DP-fwdX] L=0 states=1 -> 1
[DP-bwdX] L=16 states=4 -> 5
[DP-bwdX] L=16 states=4 -> 5
[DP-fwdX] L=16 states=1 -> 1
[DP-bwdX] L=32 states=12 -> 16
[DP-bwdX] L=32 states=12 -> 16
[DP-fwdX] L=32 states=2 -> 3
[DP-fwdX] L=48 states=156 -> 197
[DP-bwdX] L=64 states=22 -> 29
[DP-bwdX] L=48 states=21 -> 27
[DP-fwdX] L=48 states=7 -> 11
[DP-bwdX] L=48 states=2 -> 3
[DP-bwdX] L=64 states=22 -> 29
[DP-fwdX] L=64 states=2 -> 3
[DP-fwdX] L=64 states=2 -> 3
[DP-fwdX] L=80 states=22 -> 29
[DP-fwdX] L=96 states=495 -> 543
[DP-bwdX] L=144 states=1 -> 1
[DP-bwdX] L=128 states=186 -> 230
[DP-bwdX] L=112 states=2991 -> 3395
[DP-fwdX] L=80 states=22 -> 29
[DP-bwdX] L=96 states=156 -> 197
[DP-fwdX] L=80 states=22 -> 29
[DP-bwdX] L=80 states=2 -> 3
[DP-bwdX] L=80 states=2 -> 3
[DP-bwdX] L=80 states=2 -> 3
[DP-fwdX] L=96 states=21 -> 27
[DP-bwdX] L=96 states=7 -> 11
[DP-bwdX] L=96 states=1 -> 1
[DP-fwdX] L=96 states=1 -> 1
[DP-fwdX] L=112 states=12 -> 16
[DP-bwdX] L=144 states=1 -> 1
[DP-bwdX] L=128 states=186 -> 230
[DP-fwdX] L=112 states=12 -> 16
[DP-bwdX] L=112 states=1 -> 1
[DP-bwdX] L=112 states=1 -> 1
[DP-fwdX] L=112 states=1 -> 1
[DP-fwdX] L=112 states=1 -> 1
[DP-fwdX] L=128 states=4 -> 5
[DP-bwdX] L=144 states=1 -> 1
[DP-fwdX] L=128 states=4 -> 5
[DP-bwdX] L=128 states=1 -> 1
[DP-fwdX] L=128 states=1 -> 1
[DP-bwdX] L=144 states=1 -> 1
[DP-bwdX] L=144 states=1 -> 1
[DP-bwdX] L=144 states=1 -> 1
[DP-bwdX] L=144 states=1 -> 1
  [Round 26] T_prime=12  T_target=12  HPWL_w=1278327  HPWL_eq=1186  maxL=14  WNS(T')=-2  WNS*(T)=-2  picked=6  solve_ms=933.732
[OC-Shortest/pow2] m=18 h=8 SEG=4 bits=72 words=2 threads=24
[DP-fwdX] L=0 states=1 -> 1
[DP-fwdX] L=16 states=186 -> 230
[DP-fwdX] L=32 states=2991 -> 3395
[DP-fwdX] L=48 states=14721 -> 15765
[DP-fwdX] L=64 states=30945 -> 31590
[DP-bwdX] L=144 states=1 -> 1
[DP-bwdX] L=128 states=186 -> 230
[DP-bwdX] L=112 states=2991 -> 3395
[DP-bwdX] L=96 states=14721 -> 15765
[DP-bwdX] L=80 states=30945 -> 31590
[DP-fwdX] L=0 states=1 -> 1
[DP-fwdX] L=16 states=186 -> 230
[DP-fwdX] L=32 states=2991 -> 3395
[DP-bwdX] L=64 states=22 -> 29
[DP-bwdX] L=48 states=495 -> 543
[DP-fwdX] L=0 states=1 -> 1
[DP-fwdX] L=16 states=186 -> 230
[DP-bwdX] L=32 states=12 -> 16
[DP-fwdX] L=0 states=1 -> 1
[DP-bwdX] L=16 states=4 -> 5
[DP-fwdX] L=0 states=1 -> 1
[DP-fwdX] L=0 states=1 -> 1
[DP-fwdX] L=0 states=1 -> 1
[DP-bwdX] L=16 states=4 -> 5
[DP-bwdX] L=16 states=4 -> 5
[DP-fwdX] L=16 states=1 -> 1
[DP-bwdX] L=32 states=12 -> 16
[DP-bwdX] L=32 states=12 -> 16
[DP-fwdX] L=32 states=2 -> 3
[DP-fwdX] L=48 states=156 -> 197
[DP-bwdX] L=64 states=22 -> 29
[DP-bwdX] L=48 states=21 -> 27
[DP-fwdX] L=48 states=7 -> 11
[DP-bwdX] L=48 states=2 -> 3
[DP-bwdX] L=64 states=22 -> 29
[DP-fwdX] L=64 states=2 -> 3
[DP-fwdX] L=64 states=2 -> 3
[DP-fwdX] L=80 states=22 -> 29
[DP-fwdX] L=96 states=495 -> 543
[DP-bwdX] L=144 states=1 -> 1
[DP-bwdX] L=128 states=186 -> 230
[DP-bwdX] L=112 states=2991 -> 3395
[DP-fwdX] L=80 states=22 -> 29
[DP-bwdX] L=96 states=156 -> 197
[DP-fwdX] L=80 states=22 -> 29
[DP-bwdX] L=80 states=2 -> 3
[DP-bwdX] L=80 states=2 -> 3
[DP-bwdX] L=80 states=2 -> 3
[DP-fwdX] L=96 states=21 -> 27
[DP-bwdX] L=96 states=7 -> 11
[DP-bwdX] L=96 states=1 -> 1
[DP-fwdX] L=96 states=1 -> 1
[DP-fwdX] L=112 states=12 -> 16
[DP-bwdX] L=144 states=1 -> 1
[DP-bwdX] L=128 states=186 -> 230
[DP-fwdX] L=112 states=12 -> 16
[DP-bwdX] L=112 states=1 -> 1
[DP-bwdX] L=112 states=1 -> 1
[DP-fwdX] L=112 states=1 -> 1
[DP-fwdX] L=112 states=1 -> 1
[DP-fwdX] L=128 states=4 -> 5
[DP-bwdX] L=144 states=1 -> 1
[DP-fwdX] L=128 states=4 -> 5
[DP-bwdX] L=128 states=1 -> 1
[DP-fwdX] L=128 states=1 -> 1
[DP-bwdX] L=144 states=1 -> 1
[DP-bwdX] L=144 states=1 -> 1
[DP-bwdX] L=144 states=1 -> 1
[DP-bwdX] L=144 states=1 -> 1
  [Round 27] T_prime=12  T_target=12  HPWL_w=1282858  HPWL_eq=1186  maxL=14  WNS(T')=-2  WNS*(T)=-2  picked=6  solve_ms=920.067
[OC-Shortest/pow2] m=18 h=8 SEG=4 bits=72 words=2 threads=24
[DP-fwdX] L=0 states=1 -> 1
[DP-fwdX] L=16 states=186 -> 230
[DP-fwdX] L=32 states=2991 -> 3395
[DP-fwdX] L=48 states=14721 -> 15765
[DP-fwdX] L=64 states=30945 -> 31590
[DP-bwdX] L=144 states=1 -> 1
[DP-bwdX] L=128 states=186 -> 230
[DP-bwdX] L=112 states=2991 -> 3395
[DP-bwdX] L=96 states=14721 -> 15765
[DP-bwdX] L=80 states=30945 -> 31590
[DP-fwdX] L=0 states=1 -> 1
[DP-fwdX] L=16 states=186 -> 230
[DP-fwdX] L=32 states=2991 -> 3395
[DP-bwdX] L=64 states=22 -> 29
[DP-bwdX] L=48 states=495 -> 543
[DP-fwdX] L=0 states=1 -> 1
[DP-fwdX] L=16 states=186 -> 230
[DP-bwdX] L=32 states=12 -> 16
[DP-fwdX] L=0 states=1 -> 1
[DP-bwdX] L=16 states=4 -> 6
[DP-fwdX] L=0 states=1 -> 1
[DP-fwdX] L=0 states=1 -> 1
[DP-fwdX] L=0 states=1 -> 1
[DP-bwdX] L=16 states=4 -> 6
[DP-bwdX] L=16 states=4 -> 6
[DP-fwdX] L=16 states=1 -> 3
[DP-bwdX] L=32 states=12 -> 16
[DP-bwdX] L=32 states=12 -> 16
[DP-fwdX] L=32 states=2 -> 3
[DP-fwdX] L=48 states=156 -> 197
[DP-bwdX] L=64 states=22 -> 29
[DP-bwdX] L=48 states=21 -> 27
[DP-fwdX] L=48 states=7 -> 11
[DP-bwdX] L=48 states=2 -> 3
[DP-bwdX] L=64 states=22 -> 29
[DP-fwdX] L=64 states=2 -> 3
[DP-fwdX] L=64 states=2 -> 3
[DP-fwdX] L=80 states=22 -> 29
[DP-fwdX] L=96 states=495 -> 543
[DP-bwdX] L=144 states=1 -> 1
[DP-bwdX] L=128 states=186 -> 230
[DP-bwdX] L=112 states=2991 -> 3395
[DP-fwdX] L=80 states=22 -> 29
[DP-bwdX] L=96 states=156 -> 197
[DP-fwdX] L=80 states=22 -> 29
[DP-bwdX] L=80 states=2 -> 3
[DP-bwdX] L=80 states=2 -> 3
[DP-bwdX] L=80 states=2 -> 3
[DP-fwdX] L=96 states=21 -> 27
[DP-bwdX] L=96 states=7 -> 11
[DP-bwdX] L=96 states=1 -> 1
[DP-fwdX] L=96 states=1 -> 1
[DP-fwdX] L=112 states=12 -> 16
[DP-bwdX] L=144 states=1 -> 1
[DP-bwdX] L=128 states=186 -> 230
[DP-fwdX] L=112 states=12 -> 16
[DP-bwdX] L=112 states=1 -> 1
[DP-bwdX] L=112 states=1 -> 1
[DP-fwdX] L=112 states=1 -> 1
[DP-fwdX] L=112 states=1 -> 1
[DP-fwdX] L=128 states=2 -> 3
[DP-bwdX] L=144 states=1 -> 1
[DP-fwdX] L=128 states=2 -> 3
[DP-bwdX] L=128 states=1 -> 3
[DP-fwdX] L=128 states=1 -> 2
[DP-bwdX] L=144 states=1 -> 1
[DP-bwdX] L=144 states=1 -> 1
[DP-bwdX] L=144 states=1 -> 1
[DP-bwdX] L=144 states=1 -> 1
  [Round 28] T_prime=12  T_target=12  HPWL_w=1285798  HPWL_eq=1182  maxL=20  WNS(T')=-8  WNS*(T)=-8  picked=10  solve_ms=909.933
[OC-Shortest/pow2] m=18 h=8 SEG=4 bits=72 words=2 threads=24
[DP-fwdX] L=0 states=1 -> 1
[DP-fwdX] L=16 states=186 -> 230
[DP-fwdX] L=32 states=2991 -> 3395
[DP-fwdX] L=48 states=14721 -> 15765
[DP-fwdX] L=64 states=30945 -> 31590
[DP-bwdX] L=144 states=1 -> 1
[DP-bwdX] L=128 states=186 -> 230
[DP-bwdX] L=112 states=2991 -> 3395
[DP-bwdX] L=96 states=14721 -> 15765
[DP-bwdX] L=80 states=30945 -> 31590
[DP-fwdX] L=0 states=1 -> 1
[DP-fwdX] L=16 states=186 -> 230
[DP-fwdX] L=32 states=2991 -> 3395
[DP-bwdX] L=64 states=22 -> 29
[DP-bwdX] L=48 states=495 -> 543
[DP-fwdX] L=0 states=1 -> 1
[DP-fwdX] L=16 states=186 -> 230
[DP-bwdX] L=32 states=12 -> 16
[DP-fwdX] L=0 states=1 -> 1
[DP-bwdX] L=16 states=4 -> 5
[DP-fwdX] L=0 states=1 -> 1
[DP-fwdX] L=0 states=1 -> 1
[DP-fwdX] L=0 states=1 -> 1
[DP-bwdX] L=16 states=4 -> 5
[DP-bwdX] L=16 states=4 -> 5
[DP-fwdX] L=16 states=1 -> 2
[DP-bwdX] L=32 states=12 -> 16
[DP-bwdX] L=32 states=12 -> 16
[DP-fwdX] L=32 states=2 -> 3
[DP-fwdX] L=48 states=156 -> 197
[DP-bwdX] L=64 states=22 -> 29
[DP-bwdX] L=48 states=21 -> 27
[DP-fwdX] L=48 states=7 -> 11
[DP-bwdX] L=48 states=2 -> 3
[DP-bwdX] L=64 states=22 -> 29
[DP-fwdX] L=64 states=2 -> 3
[DP-fwdX] L=64 states=2 -> 3
[DP-fwdX] L=80 states=22 -> 29
[DP-fwdX] L=96 states=495 -> 543
[DP-bwdX] L=144 states=1 -> 1
[DP-bwdX] L=128 states=186 -> 230
[DP-bwdX] L=112 states=2991 -> 3395
[DP-fwdX] L=80 states=22 -> 29
[DP-bwdX] L=96 states=156 -> 197
[DP-fwdX] L=80 states=22 -> 29
[DP-bwdX] L=80 states=2 -> 3
[DP-bwdX] L=80 states=2 -> 3
[DP-bwdX] L=80 states=2 -> 3
[DP-fwdX] L=96 states=21 -> 27
[DP-bwdX] L=96 states=7 -> 11
[DP-bwdX] L=96 states=1 -> 1
[DP-fwdX] L=96 states=1 -> 1
[DP-fwdX] L=112 states=12 -> 16
[DP-bwdX] L=144 states=1 -> 1
[DP-bwdX] L=128 states=186 -> 230
[DP-fwdX] L=112 states=12 -> 16
[DP-bwdX] L=112 states=1 -> 1
[DP-bwdX] L=112 states=1 -> 1
[DP-fwdX] L=112 states=1 -> 1
[DP-fwdX] L=112 states=1 -> 1
[DP-fwdX] L=128 states=4 -> 5
[DP-bwdX] L=144 states=1 -> 1
[DP-fwdX] L=128 states=4 -> 5
[DP-bwdX] L=128 states=1 -> 2
[DP-fwdX] L=128 states=1 -> 1
[DP-bwdX] L=144 states=1 -> 1
[DP-bwdX] L=144 states=1 -> 1
[DP-bwdX] L=144 states=1 -> 1
[DP-bwdX] L=144 states=1 -> 1
  [Round 29] T_prime=12  T_target=12  HPWL_w=1293688  HPWL_eq=1200  maxL=26  WNS(T')=-14  WNS*(T)=-14  picked=10  solve_ms=921.691
[OC-Shortest/pow2] m=18 h=8 SEG=4 bits=72 words=2 threads=24
[DP-fwdX] L=0 states=1 -> 1
[DP-fwdX] L=16 states=186 -> 230
[DP-fwdX] L=32 states=2991 -> 3395
[DP-fwdX] L=48 states=14721 -> 15765
[DP-fwdX] L=64 states=30945 -> 31590
[DP-bwdX] L=144 states=1 -> 1
[DP-bwdX] L=128 states=186 -> 230
[DP-bwdX] L=112 states=2991 -> 3395
[DP-bwdX] L=96 states=14721 -> 15765
[DP-bwdX] L=80 states=30945 -> 31590
[DP-fwdX] L=0 states=1 -> 1
[DP-fwdX] L=16 states=186 -> 230
[DP-fwdX] L=32 states=2991 -> 3395
[DP-bwdX] L=64 states=22 -> 29
[DP-bwdX] L=48 states=495 -> 543
[DP-fwdX] L=0 states=1 -> 1
[DP-fwdX] L=16 states=186 -> 230
[DP-bwdX] L=32 states=12 -> 16
[DP-fwdX] L=0 states=1 -> 1
[DP-bwdX] L=16 states=4 -> 6
[DP-fwdX] L=0 states=1 -> 1
[DP-fwdX] L=0 states=1 -> 1
[DP-fwdX] L=0 states=1 -> 1
[DP-bwdX] L=16 states=4 -> 6
[DP-bwdX] L=16 states=4 -> 6
[DP-fwdX] L=16 states=1 -> 3
[DP-bwdX] L=32 states=12 -> 16
[DP-bwdX] L=32 states=12 -> 16
[DP-fwdX] L=32 states=3 -> 7
[DP-fwdX] L=48 states=156 -> 197
[DP-bwdX] L=64 states=22 -> 29
[DP-bwdX] L=48 states=21 -> 27
[DP-fwdX] L=48 states=7 -> 11
[DP-bwdX] L=48 states=2 -> 3
[DP-bwdX] L=64 states=22 -> 29
[DP-fwdX] L=64 states=2 -> 3
[DP-fwdX] L=64 states=2 -> 3
[DP-fwdX] L=80 states=22 -> 29
[DP-fwdX] L=96 states=495 -> 543
[DP-bwdX] L=144 states=1 -> 1
[DP-bwdX] L=128 states=186 -> 230
[DP-bwdX] L=112 states=2991 -> 3395
[DP-fwdX] L=80 states=22 -> 29
[DP-bwdX] L=96 states=156 -> 197
[DP-fwdX] L=80 states=22 -> 29
[DP-bwdX] L=80 states=2 -> 3
[DP-bwdX] L=80 states=2 -> 3
[DP-bwdX] L=80 states=2 -> 3
[DP-fwdX] L=96 states=21 -> 27
[DP-bwdX] L=96 states=7 -> 11
[DP-bwdX] L=96 states=1 -> 1
[DP-fwdX] L=96 states=1 -> 1
[DP-fwdX] L=112 states=12 -> 16
[DP-bwdX] L=144 states=1 -> 1
[DP-bwdX] L=128 states=186 -> 230
[DP-fwdX] L=112 states=12 -> 16
[DP-bwdX] L=112 states=1 -> 2
[DP-bwdX] L=112 states=1 -> 2
[DP-fwdX] L=112 states=1 -> 2
[DP-fwdX] L=112 states=1 -> 2
[DP-fwdX] L=128 states=4 -> 6
[DP-bwdX] L=144 states=1 -> 1
[DP-fwdX] L=128 states=4 -> 6
[DP-bwdX] L=128 states=1 -> 3
[DP-fwdX] L=128 states=1 -> 2
[DP-bwdX] L=144 states=1 -> 1
[DP-bwdX] L=144 states=1 -> 1
[DP-bwdX] L=144 states=1 -> 1
[DP-bwdX] L=144 states=1 -> 1
  [Round 30] T_prime=12  T_target=12  HPWL_w=1296290  HPWL_eq=1238  maxL=32  WNS(T')=-20  WNS*(T)=-20  picked=12  solve_ms=908.483
[OC-Shortest/pow2] m=18 h=8 SEG=4 bits=72 words=2 threads=24
[DP-fwdX] L=0 states=1 -> 1
[DP-fwdX] L=16 states=186 -> 230
[DP-fwdX] L=32 states=2991 -> 3395
[DP-fwdX] L=48 states=14721 -> 15765
[DP-fwdX] L=64 states=30945 -> 31590
[DP-bwdX] L=144 states=1 -> 1
[DP-bwdX] L=128 states=186 -> 230
[DP-bwdX] L=112 states=2991 -> 3395
[DP-bwdX] L=96 states=14721 -> 15765
[DP-bwdX] L=80 states=30945 -> 31590
[DP-fwdX] L=0 states=1 -> 1
[DP-fwdX] L=16 states=186 -> 230
[DP-fwdX] L=32 states=2991 -> 3395
[DP-bwdX] L=64 states=22 -> 29
[DP-bwdX] L=48 states=495 -> 543
[DP-fwdX] L=0 states=1 -> 1
[DP-fwdX] L=16 states=186 -> 230
[DP-bwdX] L=32 states=12 -> 16
[DP-fwdX] L=0 states=1 -> 1
[DP-bwdX] L=16 states=4 -> 5
[DP-fwdX] L=0 states=1 -> 1
[DP-fwdX] L=0 states=1 -> 1
[DP-fwdX] L=0 states=1 -> 1
[DP-bwdX] L=16 states=4 -> 5
[DP-bwdX] L=16 states=4 -> 5
[DP-fwdX] L=16 states=1 -> 1
[DP-bwdX] L=32 states=12 -> 16
[DP-bwdX] L=32 states=12 -> 16
[DP-fwdX] L=32 states=2 -> 3
[DP-fwdX] L=48 states=156 -> 197
[DP-bwdX] L=64 states=22 -> 29
[DP-bwdX] L=48 states=21 -> 27
[DP-fwdX] L=48 states=7 -> 11
[DP-bwdX] L=48 states=2 -> 3
[DP-bwdX] L=64 states=22 -> 29
[DP-fwdX] L=64 states=2 -> 3
[DP-fwdX] L=64 states=2 -> 3
[DP-fwdX] L=80 states=22 -> 29
[DP-fwdX] L=96 states=495 -> 543
[DP-bwdX] L=144 states=1 -> 1
[DP-bwdX] L=128 states=186 -> 230
[DP-bwdX] L=112 states=2991 -> 3395
[DP-fwdX] L=80 states=22 -> 29
[DP-bwdX] L=96 states=156 -> 197
[DP-fwdX] L=80 states=22 -> 29
[DP-bwdX] L=80 states=2 -> 3
[DP-bwdX] L=80 states=2 -> 3
[DP-bwdX] L=80 states=2 -> 3
[DP-fwdX] L=96 states=21 -> 27
[DP-bwdX] L=96 states=7 -> 11
[DP-bwdX] L=96 states=1 -> 1
[DP-fwdX] L=96 states=1 -> 1
[DP-fwdX] L=112 states=12 -> 16
[DP-bwdX] L=144 states=1 -> 1
[DP-bwdX] L=128 states=186 -> 230
[DP-fwdX] L=112 states=12 -> 16
[DP-bwdX] L=112 states=1 -> 1
[DP-bwdX] L=112 states=1 -> 1
[DP-fwdX] L=112 states=1 -> 1
[DP-fwdX] L=112 states=1 -> 1
[DP-fwdX] L=128 states=4 -> 5
[DP-bwdX] L=144 states=1 -> 1
[DP-fwdX] L=128 states=4 -> 5
[DP-bwdX] L=128 states=1 -> 1
[DP-fwdX] L=128 states=1 -> 1
[DP-bwdX] L=144 states=1 -> 1
[DP-bwdX] L=144 states=1 -> 1
[DP-bwdX] L=144 states=1 -> 1
[DP-bwdX] L=144 states=1 -> 1
  [Round 31] T_prime=12  T_target=12  HPWL_w=1311487  HPWL_eq=1188  maxL=13  WNS(T')=-1  WNS*(T)=-1  picked=6  solve_ms=921.543
[OC-Shortest/pow2] m=18 h=8 SEG=4 bits=72 words=2 threads=24
[DP-fwdX] L=0 states=1 -> 1
[DP-fwdX] L=16 states=186 -> 230
[DP-fwdX] L=32 states=2991 -> 3395
[DP-fwdX] L=48 states=14721 -> 15765
[DP-fwdX] L=64 states=30945 -> 31590
[DP-bwdX] L=144 states=1 -> 1
[DP-bwdX] L=128 states=186 -> 230
[DP-bwdX] L=112 states=2991 -> 3395
[DP-bwdX] L=96 states=14721 -> 15765
[DP-bwdX] L=80 states=30945 -> 31590
[DP-fwdX] L=0 states=1 -> 1
[DP-fwdX] L=16 states=186 -> 230
[DP-fwdX] L=32 states=2991 -> 3395
[DP-bwdX] L=64 states=22 -> 29
[DP-bwdX] L=48 states=495 -> 543
[DP-fwdX] L=0 states=1 -> 1
[DP-fwdX] L=16 states=186 -> 230
[DP-bwdX] L=32 states=12 -> 16
[DP-fwdX] L=0 states=1 -> 1
[DP-bwdX] L=16 states=4 -> 5
[DP-fwdX] L=0 states=1 -> 1
[DP-fwdX] L=0 states=1 -> 1
[DP-fwdX] L=0 states=1 -> 1
[DP-bwdX] L=16 states=4 -> 5
[DP-bwdX] L=16 states=4 -> 5
[DP-fwdX] L=16 states=1 -> 1
[DP-bwdX] L=32 states=12 -> 16
[DP-bwdX] L=32 states=12 -> 16
[DP-fwdX] L=32 states=2 -> 3
[DP-fwdX] L=48 states=156 -> 197
[DP-bwdX] L=64 states=22 -> 29
[DP-bwdX] L=48 states=21 -> 27
[DP-fwdX] L=48 states=7 -> 11
[DP-bwdX] L=48 states=2 -> 3
[DP-bwdX] L=64 states=22 -> 29
[DP-fwdX] L=64 states=2 -> 3
[DP-fwdX] L=64 states=2 -> 3
[DP-fwdX] L=80 states=22 -> 29
[DP-fwdX] L=96 states=495 -> 543
[DP-bwdX] L=144 states=1 -> 1
[DP-bwdX] L=128 states=186 -> 230
[DP-bwdX] L=112 states=2991 -> 3395
[DP-fwdX] L=80 states=22 -> 29
[DP-bwdX] L=96 states=156 -> 197
[DP-fwdX] L=80 states=22 -> 29
[DP-bwdX] L=80 states=2 -> 3
[DP-bwdX] L=80 states=2 -> 3
[DP-bwdX] L=80 states=2 -> 3
[DP-fwdX] L=96 states=21 -> 27
[DP-bwdX] L=96 states=7 -> 11
[DP-bwdX] L=96 states=1 -> 1
[DP-fwdX] L=96 states=1 -> 1
[DP-fwdX] L=112 states=12 -> 16
[DP-bwdX] L=144 states=1 -> 1
[DP-bwdX] L=128 states=186 -> 230
[DP-fwdX] L=112 states=12 -> 16
[DP-bwdX] L=112 states=1 -> 1
[DP-bwdX] L=112 states=1 -> 1
[DP-fwdX] L=112 states=1 -> 1
[DP-fwdX] L=112 states=1 -> 1
[DP-fwdX] L=128 states=4 -> 5
[DP-bwdX] L=144 states=1 -> 1
[DP-fwdX] L=128 states=4 -> 5
[DP-bwdX] L=128 states=1 -> 1
[DP-fwdX] L=128 states=1 -> 1
[DP-bwdX] L=144 states=1 -> 1
[DP-bwdX] L=144 states=1 -> 1
[DP-bwdX] L=144 states=1 -> 1
[DP-bwdX] L=144 states=1 -> 1
  [Round 32] T_prime=12  T_target=12  HPWL_w=1315868  HPWL_eq=1188  maxL=13  WNS(T')=-1  WNS*(T)=-1  picked=6  solve_ms=945.219
[OC-Shortest/pow2] m=18 h=8 SEG=4 bits=72 words=2 threads=24
[DP-fwdX] L=0 states=1 -> 1
[DP-fwdX] L=16 states=186 -> 230
[DP-fwdX] L=32 states=2991 -> 3395
[DP-fwdX] L=48 states=14721 -> 15765
[DP-fwdX] L=64 states=30945 -> 31590
[DP-bwdX] L=144 states=1 -> 1
[DP-bwdX] L=128 states=186 -> 230
[DP-bwdX] L=112 states=2991 -> 3395
[DP-bwdX] L=96 states=14721 -> 15765
[DP-bwdX] L=80 states=30945 -> 31590
[DP-fwdX] L=0 states=1 -> 1
[DP-fwdX] L=16 states=186 -> 230
[DP-fwdX] L=32 states=2991 -> 3395
[DP-bwdX] L=64 states=22 -> 29
[DP-bwdX] L=48 states=495 -> 543
[DP-fwdX] L=0 states=1 -> 1
[DP-fwdX] L=16 states=186 -> 230
[DP-bwdX] L=32 states=12 -> 16
[DP-fwdX] L=0 states=1 -> 1
[DP-bwdX] L=16 states=4 -> 5
[DP-fwdX] L=0 states=1 -> 1
[DP-fwdX] L=0 states=1 -> 1
[DP-fwdX] L=0 states=1 -> 1
[DP-bwdX] L=16 states=4 -> 5
[DP-bwdX] L=16 states=4 -> 5
[DP-fwdX] L=16 states=1 -> 1
[DP-bwdX] L=32 states=12 -> 16
[DP-bwdX] L=32 states=12 -> 16
[DP-fwdX] L=32 states=2 -> 3
[DP-fwdX] L=48 states=156 -> 197
[DP-bwdX] L=64 states=22 -> 29
[DP-bwdX] L=48 states=21 -> 27
[DP-fwdX] L=48 states=7 -> 11
[DP-bwdX] L=48 states=2 -> 3
[DP-bwdX] L=64 states=22 -> 29
[DP-fwdX] L=64 states=2 -> 3
[DP-fwdX] L=64 states=2 -> 3
[DP-fwdX] L=80 states=22 -> 29
[DP-fwdX] L=96 states=495 -> 543
[DP-bwdX] L=144 states=1 -> 1
[DP-bwdX] L=128 states=186 -> 230
[DP-bwdX] L=112 states=2991 -> 3395
[DP-fwdX] L=80 states=22 -> 29
[DP-bwdX] L=96 states=156 -> 197
[DP-fwdX] L=80 states=22 -> 29
[DP-bwdX] L=80 states=2 -> 3
[DP-bwdX] L=80 states=2 -> 3
[DP-bwdX] L=80 states=2 -> 3
[DP-fwdX] L=96 states=21 -> 27
[DP-bwdX] L=96 states=7 -> 11
[DP-bwdX] L=96 states=1 -> 1
[DP-fwdX] L=96 states=1 -> 1
[DP-fwdX] L=112 states=12 -> 16
[DP-bwdX] L=144 states=1 -> 1
[DP-bwdX] L=128 states=186 -> 230
[DP-fwdX] L=112 states=12 -> 16
[DP-bwdX] L=112 states=1 -> 1
[DP-bwdX] L=112 states=1 -> 1
[DP-fwdX] L=112 states=1 -> 1
[DP-fwdX] L=112 states=1 -> 1
[DP-fwdX] L=128 states=5 -> 8
[DP-bwdX] L=144 states=1 -> 1
[DP-fwdX] L=128 states=5 -> 8
[DP-bwdX] L=128 states=1 -> 4
[DP-fwdX] L=128 states=1 -> 3
[DP-bwdX] L=144 states=1 -> 1
[DP-bwdX] L=144 states=1 -> 1
[DP-bwdX] L=144 states=1 -> 1
[DP-bwdX] L=144 states=1 -> 1
  [Round 33] T_prime=12  T_target=12  HPWL_w=1318842  HPWL_eq=1188  maxL=20  WNS(T')=-8  WNS*(T)=-8  picked=6  solve_ms=912.454
[OC-Shortest/pow2] m=18 h=8 SEG=4 bits=72 words=2 threads=24
[DP-fwdX] L=0 states=1 -> 1
[DP-fwdX] L=16 states=186 -> 230
[DP-fwdX] L=32 states=2991 -> 3395
[DP-fwdX] L=48 states=14721 -> 15765
[DP-fwdX] L=64 states=30945 -> 31590
[DP-bwdX] L=144 states=1 -> 1
[DP-bwdX] L=128 states=186 -> 230
[DP-bwdX] L=112 states=2991 -> 3395
[DP-bwdX] L=96 states=14721 -> 15765
[DP-bwdX] L=80 states=30945 -> 31590
[DP-fwdX] L=0 states=1 -> 1
[DP-fwdX] L=16 states=186 -> 230
[DP-fwdX] L=32 states=2991 -> 3395
[DP-bwdX] L=64 states=22 -> 29
[DP-bwdX] L=48 states=495 -> 543
[DP-fwdX] L=0 states=1 -> 1
[DP-fwdX] L=16 states=186 -> 230
[DP-bwdX] L=32 states=12 -> 16
[DP-fwdX] L=0 states=1 -> 1
[DP-bwdX] L=16 states=5 -> 8
[DP-fwdX] L=0 states=1 -> 1
[DP-fwdX] L=0 states=1 -> 1
[DP-fwdX] L=0 states=1 -> 1
[DP-bwdX] L=16 states=5 -> 8
[DP-bwdX] L=16 states=5 -> 8
[DP-fwdX] L=16 states=1 -> 4
[DP-bwdX] L=32 states=12 -> 16
[DP-bwdX] L=32 states=12 -> 16
[DP-fwdX] L=32 states=2 -> 3
[DP-fwdX] L=48 states=156 -> 197
[DP-bwdX] L=64 states=22 -> 29
[DP-bwdX] L=48 states=21 -> 27
[DP-fwdX] L=48 states=7 -> 11
[DP-bwdX] L=48 states=2 -> 3
[DP-bwdX] L=64 states=22 -> 29
[DP-fwdX] L=64 states=2 -> 3
[DP-fwdX] L=64 states=2 -> 3
[DP-fwdX] L=80 states=22 -> 29
[DP-fwdX] L=96 states=495 -> 543
[DP-bwdX] L=144 states=1 -> 1
[DP-bwdX] L=128 states=186 -> 230
[DP-bwdX] L=112 states=2991 -> 3395
[DP-fwdX] L=80 states=22 -> 29
[DP-bwdX] L=96 states=156 -> 197
[DP-fwdX] L=80 states=22 -> 29
[DP-bwdX] L=80 states=2 -> 3
[DP-bwdX] L=80 states=2 -> 3
[DP-bwdX] L=80 states=2 -> 3
[DP-fwdX] L=96 states=21 -> 27
[DP-bwdX] L=96 states=7 -> 11
[DP-bwdX] L=96 states=1 -> 1
[DP-fwdX] L=96 states=1 -> 1
[DP-fwdX] L=112 states=12 -> 16
[DP-bwdX] L=144 states=1 -> 1
[DP-bwdX] L=128 states=186 -> 230
[DP-fwdX] L=112 states=12 -> 16
[DP-bwdX] L=112 states=1 -> 1
[DP-bwdX] L=112 states=1 -> 1
[DP-fwdX] L=112 states=1 -> 1
[DP-fwdX] L=112 states=1 -> 1
[DP-fwdX] L=128 states=4 -> 5
[DP-bwdX] L=144 states=1 -> 1
[DP-fwdX] L=128 states=4 -> 5
[DP-bwdX] L=128 states=1 -> 1
[DP-fwdX] L=128 states=1 -> 1
[DP-bwdX] L=144 states=1 -> 1
[DP-bwdX] L=144 states=1 -> 1
[DP-bwdX] L=144 states=1 -> 1
[DP-bwdX] L=144 states=1 -> 1
  [Round 34] T_prime=12  T_target=12  HPWL_w=1324104  HPWL_eq=1188  maxL=20  WNS(T')=-8  WNS*(T)=-8  picked=6  solve_ms=906.144
[OC-Shortest/pow2] m=18 h=8 SEG=4 bits=72 words=2 threads=24
[DP-fwdX] L=0 states=1 -> 1
[DP-fwdX] L=16 states=186 -> 230
[DP-fwdX] L=32 states=2991 -> 3395
[DP-fwdX] L=48 states=14721 -> 15765
[DP-fwdX] L=64 states=30945 -> 31590
[DP-bwdX] L=144 states=1 -> 1
[DP-bwdX] L=128 states=186 -> 230
[DP-bwdX] L=112 states=2991 -> 3395
[DP-bwdX] L=96 states=14721 -> 15765
[DP-bwdX] L=80 states=30945 -> 31590
[DP-fwdX] L=0 states=1 -> 1
[DP-fwdX] L=16 states=186 -> 230
[DP-fwdX] L=32 states=2991 -> 3395
[DP-bwdX] L=64 states=22 -> 29
[DP-bwdX] L=48 states=495 -> 543
[DP-fwdX] L=0 states=1 -> 1
[DP-fwdX] L=16 states=186 -> 230
[DP-bwdX] L=32 states=32 -> 47
[DP-fwdX] L=0 states=1 -> 1
[DP-bwdX] L=16 states=2 -> 3
[DP-fwdX] L=0 states=1 -> 1
[DP-fwdX] L=0 states=1 -> 1
[DP-fwdX] L=0 states=1 -> 1
[DP-bwdX] L=16 states=2 -> 3
[DP-bwdX] L=16 states=2 -> 3
[DP-fwdX] L=16 states=1 -> 3
[DP-bwdX] L=32 states=32 -> 47
[DP-bwdX] L=32 states=32 -> 47
[DP-fwdX] L=32 states=4 -> 11
[DP-fwdX] L=48 states=726 -> 933
[DP-bwdX] L=64 states=22 -> 29
[DP-bwdX] L=48 states=21 -> 27
[DP-fwdX] L=48 states=7 -> 11
[DP-bwdX] L=48 states=2 -> 3
[DP-bwdX] L=64 states=22 -> 29
[DP-fwdX] L=64 states=2 -> 3
[DP-fwdX] L=64 states=2 -> 3
[DP-fwdX] L=80 states=22 -> 29
[DP-fwdX] L=96 states=495 -> 543
[DP-bwdX] L=144 states=1 -> 1
[DP-bwdX] L=128 states=186 -> 230
[DP-bwdX] L=112 states=2991 -> 3395
[DP-fwdX] L=80 states=22 -> 29
[DP-bwdX] L=96 states=726 -> 933
[DP-fwdX] L=80 states=22 -> 29
[DP-bwdX] L=80 states=2 -> 3
[DP-bwdX] L=80 states=2 -> 3
[DP-bwdX] L=80 states=2 -> 3
[DP-fwdX] L=96 states=21 -> 27
[DP-bwdX] L=96 states=7 -> 11
[DP-bwdX] L=96 states=1 -> 1
[DP-fwdX] L=96 states=1 -> 1
[DP-fwdX] L=112 states=32 -> 47
[DP-bwdX] L=144 states=1 -> 1
[DP-bwdX] L=128 states=186 -> 230
[DP-fwdX] L=112 states=32 -> 47
[DP-bwdX] L=112 states=1 -> 4
[DP-bwdX] L=112 states=1 -> 4
[DP-fwdX] L=112 states=1 -> 3
[DP-fwdX] L=112 states=1 -> 3
[DP-fwdX] L=128 states=2 -> 3
[DP-bwdX] L=144 states=1 -> 1
[DP-fwdX] L=128 states=2 -> 3
[DP-bwdX] L=128 states=1 -> 3
[DP-fwdX] L=128 states=1 -> 2
[DP-bwdX] L=144 states=1 -> 1
[DP-bwdX] L=144 states=1 -> 1
[DP-bwdX] L=144 states=1 -> 1
[DP-bwdX] L=144 states=1 -> 1
  [Round 35] T_prime=12  T_target=12  HPWL_w=1326763  HPWL_eq=1298  maxL=38  WNS(T')=-26  WNS*(T)=-26  picked=14  solve_ms=927.307
[OC-Shortest/pow2] m=18 h=8 SEG=4 bits=72 words=2 threads=24
[DP-fwdX] L=0 states=1 -> 1
[DP-fwdX] L=16 states=186 -> 230
[DP-fwdX] L=32 states=2991 -> 3395
[DP-fwdX] L=48 states=14721 -> 15765
[DP-fwdX] L=64 states=30945 -> 31590
[DP-bwdX] L=144 states=1 -> 1
[DP-bwdX] L=128 states=186 -> 230
[DP-bwdX] L=112 states=2991 -> 3395
[DP-bwdX] L=96 states=14721 -> 15765
[DP-bwdX] L=80 states=30945 -> 31590
[DP-fwdX] L=0 states=1 -> 1
[DP-fwdX] L=16 states=186 -> 230
[DP-fwdX] L=32 states=2991 -> 3395
[DP-bwdX] L=64 states=22 -> 29
[DP-bwdX] L=48 states=495 -> 543
[DP-fwdX] L=0 states=1 -> 1
[DP-fwdX] L=16 states=186 -> 230
[DP-bwdX] L=32 states=12 -> 16
[DP-fwdX] L=0 states=1 -> 1
[DP-bwdX] L=16 states=4 -> 6
[DP-fwdX] L=0 states=1 -> 1
[DP-fwdX] L=0 states=1 -> 1
[DP-fwdX] L=0 states=1 -> 1
[DP-bwdX] L=16 states=4 -> 6
[DP-bwdX] L=16 states=4 -> 6
[DP-fwdX] L=16 states=1 -> 3
[DP-bwdX] L=32 states=12 -> 16
[DP-bwdX] L=32 states=12 -> 16
[DP-fwdX] L=32 states=3 -> 7
[DP-fwdX] L=48 states=156 -> 197
[DP-bwdX] L=64 states=22 -> 29
[DP-bwdX] L=48 states=21 -> 27
[DP-fwdX] L=48 states=7 -> 11
[DP-bwdX] L=48 states=2 -> 3
[DP-bwdX] L=64 states=22 -> 29
[DP-fwdX] L=64 states=2 -> 3
[DP-fwdX] L=64 states=2 -> 3
[DP-fwdX] L=80 states=22 -> 29
[DP-fwdX] L=96 states=495 -> 543
[DP-bwdX] L=144 states=1 -> 1
[DP-bwdX] L=128 states=186 -> 230
[DP-bwdX] L=112 states=2991 -> 3395
[DP-fwdX] L=80 states=22 -> 29
[DP-bwdX] L=96 states=156 -> 197
[DP-fwdX] L=80 states=22 -> 29
[DP-bwdX] L=80 states=2 -> 3
[DP-bwdX] L=80 states=2 -> 3
[DP-bwdX] L=80 states=2 -> 3
[DP-fwdX] L=96 states=21 -> 27
[DP-bwdX] L=96 states=7 -> 11
[DP-bwdX] L=96 states=1 -> 1
[DP-fwdX] L=96 states=1 -> 1
[DP-fwdX] L=112 states=12 -> 16
[DP-bwdX] L=144 states=1 -> 1
[DP-bwdX] L=128 states=186 -> 230
[DP-fwdX] L=112 states=12 -> 16
[DP-bwdX] L=112 states=1 -> 2
[DP-bwdX] L=112 states=1 -> 2
[DP-fwdX] L=112 states=1 -> 2
[DP-fwdX] L=112 states=1 -> 2
[DP-fwdX] L=128 states=4 -> 6
[DP-bwdX] L=144 states=1 -> 1
[DP-fwdX] L=128 states=4 -> 6
[DP-bwdX] L=128 states=1 -> 3
[DP-fwdX] L=128 states=1 -> 2
[DP-bwdX] L=144 states=1 -> 1
[DP-bwdX] L=144 states=1 -> 1
[DP-bwdX] L=144 states=1 -> 1
[DP-bwdX] L=144 states=1 -> 1
  [Round 36] T_prime=12  T_target=12  HPWL_w=1334097  HPWL_eq=1238  maxL=32  WNS(T')=-20  WNS*(T)=-20  picked=12  solve_ms=905.054
[OC-Shortest/pow2] m=18 h=8 SEG=4 bits=72 words=2 threads=24
[DP-fwdX] L=0 states=1 -> 1
[DP-fwdX] L=16 states=186 -> 230
[DP-fwdX] L=32 states=2991 -> 3395
[DP-fwdX] L=48 states=14721 -> 15765
[DP-fwdX] L=64 states=30945 -> 31590
[DP-bwdX] L=144 states=1 -> 1
[DP-bwdX] L=128 states=186 -> 230
[DP-bwdX] L=112 states=2991 -> 3395
[DP-bwdX] L=96 states=14721 -> 15765
[DP-bwdX] L=80 states=30945 -> 31590
[DP-fwdX] L=0 states=1 -> 1
[DP-fwdX] L=16 states=186 -> 230
[DP-fwdX] L=32 states=2991 -> 3395
[DP-bwdX] L=64 states=22 -> 29
[DP-bwdX] L=48 states=495 -> 543
[DP-fwdX] L=0 states=1 -> 1
[DP-fwdX] L=16 states=186 -> 230
[DP-bwdX] L=32 states=12 -> 16
[DP-fwdX] L=0 states=1 -> 1
[DP-bwdX] L=16 states=5 -> 8
[DP-fwdX] L=0 states=1 -> 1
[DP-fwdX] L=0 states=1 -> 1
[DP-fwdX] L=0 states=1 -> 1
[DP-bwdX] L=16 states=5 -> 8
[DP-bwdX] L=16 states=5 -> 8
[DP-fwdX] L=16 states=1 -> 3
[DP-bwdX] L=32 states=12 -> 16
[DP-bwdX] L=32 states=12 -> 16
[DP-fwdX] L=32 states=2 -> 3
[DP-fwdX] L=48 states=156 -> 197
[DP-bwdX] L=64 states=22 -> 29
[DP-bwdX] L=48 states=21 -> 27
[DP-fwdX] L=48 states=7 -> 11
[DP-bwdX] L=48 states=2 -> 3
[DP-bwdX] L=64 states=22 -> 29
[DP-fwdX] L=64 states=2 -> 3
[DP-fwdX] L=64 states=2 -> 3
[DP-fwdX] L=80 states=22 -> 29
[DP-fwdX] L=96 states=495 -> 543
[DP-bwdX] L=144 states=1 -> 1
[DP-bwdX] L=128 states=186 -> 230
[DP-bwdX] L=112 states=2991 -> 3395
[DP-fwdX] L=80 states=22 -> 29
[DP-bwdX] L=96 states=156 -> 197
[DP-fwdX] L=80 states=22 -> 29
[DP-bwdX] L=80 states=2 -> 3
[DP-bwdX] L=80 states=2 -> 3
[DP-bwdX] L=80 states=2 -> 3
[DP-fwdX] L=96 states=21 -> 27
[DP-bwdX] L=96 states=7 -> 11
[DP-bwdX] L=96 states=1 -> 1
[DP-fwdX] L=96 states=1 -> 1
[DP-fwdX] L=112 states=12 -> 16
[DP-bwdX] L=144 states=1 -> 1
[DP-bwdX] L=128 states=186 -> 230
[DP-fwdX] L=112 states=12 -> 16
[DP-bwdX] L=112 states=1 -> 1
[DP-bwdX] L=112 states=1 -> 1
[DP-fwdX] L=112 states=1 -> 1
[DP-fwdX] L=112 states=1 -> 1
[DP-fwdX] L=128 states=5 -> 8
[DP-bwdX] L=144 states=1 -> 1
[DP-fwdX] L=128 states=5 -> 8
[DP-bwdX] L=128 states=1 -> 3
[DP-fwdX] L=128 states=1 -> 2
[DP-bwdX] L=144 states=1 -> 1
[DP-bwdX] L=144 states=1 -> 1
[DP-bwdX] L=144 states=1 -> 1
[DP-bwdX] L=144 states=1 -> 1
  [Round 37] T_prime=12  T_target=12  HPWL_w=1344104  HPWL_eq=1208  maxL=26  WNS(T')=-14  WNS*(T)=-14  picked=8  solve_ms=1110.75
[OC-Shortest/pow2] m=18 h=8 SEG=4 bits=72 words=2 threads=24
[DP-fwdX] L=0 states=1 -> 1
[DP-fwdX] L=16 states=186 -> 230
[DP-fwdX] L=32 states=2991 -> 3395
[DP-fwdX] L=48 states=14721 -> 15765
[DP-fwdX] L=64 states=30945 -> 31590
[DP-bwdX] L=144 states=1 -> 1
[DP-bwdX] L=128 states=186 -> 230
[DP-bwdX] L=112 states=2991 -> 3395
[DP-bwdX] L=96 states=14721 -> 15765
[DP-bwdX] L=80 states=30945 -> 31590
[DP-fwdX] L=0 states=1 -> 1
[DP-fwdX] L=16 states=186 -> 230
[DP-fwdX] L=32 states=2991 -> 3395
[DP-bwdX] L=64 states=22 -> 29
[DP-bwdX] L=48 states=495 -> 543
[DP-fwdX] L=0 states=1 -> 1
[DP-fwdX] L=16 states=186 -> 230
[DP-bwdX] L=32 states=16 -> 24
[DP-fwdX] L=0 states=1 -> 1
[DP-bwdX] L=16 states=2 -> 3
[DP-fwdX] L=0 states=1 -> 1
[DP-fwdX] L=0 states=1 -> 1
[DP-fwdX] L=0 states=1 -> 1
[DP-bwdX] L=16 states=2 -> 3
[DP-bwdX] L=16 states=2 -> 3
[DP-fwdX] L=16 states=1 -> 3
[DP-bwdX] L=32 states=16 -> 24
[DP-bwdX] L=32 states=16 -> 24
[DP-fwdX] L=32 states=3 -> 7
[DP-fwdX] L=48 states=455 -> 597
[DP-bwdX] L=64 states=22 -> 29
[DP-bwdX] L=48 states=21 -> 27
[DP-fwdX] L=48 states=7 -> 11
[DP-bwdX] L=48 states=2 -> 3
[DP-bwdX] L=64 states=22 -> 29
[DP-fwdX] L=64 states=2 -> 3
[DP-fwdX] L=64 states=2 -> 3
[DP-fwdX] L=80 states=22 -> 29
[DP-fwdX] L=96 states=495 -> 543
[DP-bwdX] L=144 states=1 -> 1
[DP-bwdX] L=128 states=186 -> 230
[DP-bwdX] L=112 states=2991 -> 3395
[DP-fwdX] L=80 states=22 -> 29
[DP-bwdX] L=96 states=744 -> 972
[DP-fwdX] L=80 states=22 -> 29
[DP-bwdX] L=80 states=2 -> 3
[DP-bwdX] L=80 states=2 -> 3
[DP-bwdX] L=80 states=2 -> 3
[DP-fwdX] L=96 states=21 -> 27
[DP-bwdX] L=96 states=7 -> 11
[DP-bwdX] L=96 states=1 -> 1
[DP-fwdX] L=96 states=1 -> 1
[DP-fwdX] L=112 states=24 -> 36
[DP-bwdX] L=144 states=1 -> 1
[DP-bwdX] L=128 states=186 -> 230
[DP-fwdX] L=112 states=24 -> 36
[DP-bwdX] L=112 states=1 -> 3
[DP-bwdX] L=112 states=1 -> 3
[DP-fwdX] L=112 states=1 -> 2
[DP-fwdX] L=112 states=1 -> 2
[DP-fwdX] L=128 states=2 -> 3
[DP-bwdX] L=144 states=1 -> 1
[DP-fwdX] L=128 states=2 -> 3
[DP-bwdX] L=128 states=1 -> 3
[DP-fwdX] L=128 states=1 -> 2
[DP-bwdX] L=144 states=1 -> 1
[DP-bwdX] L=144 states=1 -> 1
[DP-bwdX] L=144 states=1 -> 1
[DP-bwdX] L=144 states=1 -> 1
  [Round 38] T_prime=12  T_target=12  HPWL_w=1348811  HPWL_eq=1302  maxL=38  WNS(T')=-26  WNS*(T)=-26  picked=14  solve_ms=932.111
[OC-Shortest/pow2] m=18 h=8 SEG=4 bits=72 words=2 threads=24
[DP-fwdX] L=0 states=1 -> 1
[DP-fwdX] L=16 states=186 -> 230
[DP-fwdX] L=32 states=2991 -> 3395
[DP-fwdX] L=48 states=14721 -> 15765
[DP-fwdX] L=64 states=30945 -> 31590
[DP-bwdX] L=144 states=1 -> 1
[DP-bwdX] L=128 states=186 -> 230
[DP-bwdX] L=112 states=2991 -> 3395
[DP-bwdX] L=96 states=14721 -> 15765
[DP-bwdX] L=80 states=30945 -> 31590
[DP-fwdX] L=0 states=1 -> 1
[DP-fwdX] L=16 states=186 -> 230
[DP-fwdX] L=32 states=2991 -> 3395
[DP-bwdX] L=64 states=22 -> 29
[DP-bwdX] L=48 states=495 -> 543
[DP-fwdX] L=0 states=1 -> 1
[DP-fwdX] L=16 states=186 -> 230
[DP-bwdX] L=32 states=12 -> 16
[DP-fwdX] L=0 states=1 -> 1
[DP-bwdX] L=16 states=4 -> 5
[DP-fwdX] L=0 states=1 -> 1
[DP-fwdX] L=0 states=1 -> 1
[DP-fwdX] L=0 states=1 -> 1
[DP-bwdX] L=16 states=4 -> 5
[DP-bwdX] L=16 states=4 -> 5
[DP-fwdX] L=16 states=1 -> 1
[DP-bwdX] L=32 states=12 -> 16
[DP-bwdX] L=32 states=12 -> 16
[DP-fwdX] L=32 states=2 -> 3
[DP-fwdX] L=48 states=156 -> 197
[DP-bwdX] L=64 states=22 -> 29
[DP-bwdX] L=48 states=21 -> 27
[DP-fwdX] L=48 states=7 -> 11
[DP-bwdX] L=48 states=2 -> 3
[DP-bwdX] L=64 states=22 -> 29
[DP-fwdX] L=64 states=2 -> 3
[DP-fwdX] L=64 states=2 -> 3
[DP-fwdX] L=80 states=22 -> 29
[DP-fwdX] L=96 states=495 -> 543
[DP-bwdX] L=144 states=1 -> 1
[DP-bwdX] L=128 states=186 -> 230
[DP-bwdX] L=112 states=2991 -> 3395
[DP-fwdX] L=80 states=22 -> 29
[DP-bwdX] L=96 states=156 -> 197
[DP-fwdX] L=80 states=22 -> 29
[DP-bwdX] L=80 states=2 -> 3
[DP-bwdX] L=80 states=2 -> 3
[DP-bwdX] L=80 states=2 -> 3
[DP-fwdX] L=96 states=21 -> 27
[DP-bwdX] L=96 states=7 -> 11
[DP-bwdX] L=96 states=1 -> 1
[DP-fwdX] L=96 states=1 -> 1
[DP-fwdX] L=112 states=12 -> 16
[DP-bwdX] L=144 states=1 -> 1
[DP-bwdX] L=128 states=186 -> 230
[DP-fwdX] L=112 states=12 -> 16
[DP-bwdX] L=112 states=1 -> 1
[DP-bwdX] L=112 states=1 -> 1
[DP-fwdX] L=112 states=1 -> 1
[DP-fwdX] L=112 states=1 -> 1
[DP-fwdX] L=128 states=5 -> 8
[DP-bwdX] L=144 states=1 -> 1
[DP-fwdX] L=128 states=5 -> 8
[DP-bwdX] L=128 states=1 -> 4
[DP-fwdX] L=128 states=1 -> 3
[DP-bwdX] L=144 states=1 -> 1
[DP-bwdX] L=144 states=1 -> 1
[DP-bwdX] L=144 states=1 -> 1
[DP-bwdX] L=144 states=1 -> 1
  [Round 39] T_prime=12  T_target=12  HPWL_w=1359341  HPWL_eq=1188  maxL=20  WNS(T')=-8  WNS*(T)=-8  picked=6  solve_ms=945.009
[OC-Shortest/pow2] m=18 h=8 SEG=4 bits=72 words=2 threads=24
[DP-fwdX] L=0 states=1 -> 1
[DP-fwdX] L=16 states=186 -> 230
[DP-fwdX] L=32 states=2991 -> 3395
[DP-fwdX] L=48 states=14721 -> 15765
[DP-fwdX] L=64 states=30945 -> 31590
[DP-bwdX] L=144 states=1 -> 1
[DP-bwdX] L=128 states=186 -> 230
[DP-bwdX] L=112 states=2991 -> 3395
[DP-bwdX] L=96 states=14721 -> 15765
[DP-bwdX] L=80 states=30945 -> 31590
[DP-fwdX] L=0 states=1 -> 1
[DP-fwdX] L=16 states=186 -> 230
[DP-fwdX] L=32 states=2991 -> 3395
[DP-bwdX] L=64 states=22 -> 29
[DP-bwdX] L=48 states=495 -> 543
[DP-fwdX] L=0 states=1 -> 1
[DP-fwdX] L=16 states=186 -> 230
[DP-bwdX] L=32 states=12 -> 16
[DP-fwdX] L=0 states=1 -> 1
[DP-bwdX] L=16 states=4 -> 5
[DP-fwdX] L=0 states=1 -> 1
[DP-fwdX] L=0 states=1 -> 1
[DP-fwdX] L=0 states=1 -> 1
[DP-bwdX] L=16 states=4 -> 5
[DP-bwdX] L=16 states=4 -> 5
[DP-fwdX] L=16 states=1 -> 1
[DP-bwdX] L=32 states=12 -> 16
[DP-bwdX] L=32 states=12 -> 16
[DP-fwdX] L=32 states=2 -> 3
[DP-fwdX] L=48 states=156 -> 197
[DP-bwdX] L=64 states=22 -> 29
[DP-bwdX] L=48 states=21 -> 27
[DP-fwdX] L=48 states=7 -> 11
[DP-bwdX] L=48 states=2 -> 3
[DP-bwdX] L=64 states=22 -> 29
[DP-fwdX] L=64 states=2 -> 3
[DP-fwdX] L=64 states=2 -> 3
[DP-fwdX] L=80 states=22 -> 29
[DP-fwdX] L=96 states=495 -> 543
[DP-bwdX] L=144 states=1 -> 1
[DP-bwdX] L=128 states=186 -> 230
[DP-bwdX] L=112 states=2991 -> 3395
[DP-fwdX] L=80 states=22 -> 29
[DP-bwdX] L=96 states=156 -> 197
[DP-fwdX] L=80 states=22 -> 29
[DP-bwdX] L=80 states=2 -> 3
[DP-bwdX] L=80 states=2 -> 3
[DP-bwdX] L=80 states=2 -> 3
[DP-fwdX] L=96 states=21 -> 27
[DP-bwdX] L=96 states=7 -> 11
[DP-bwdX] L=96 states=1 -> 1
[DP-fwdX] L=96 states=1 -> 1
[DP-fwdX] L=112 states=12 -> 16
[DP-bwdX] L=144 states=1 -> 1
[DP-bwdX] L=128 states=186 -> 230
[DP-fwdX] L=112 states=12 -> 16
[DP-bwdX] L=112 states=1 -> 1
[DP-bwdX] L=112 states=1 -> 1
[DP-fwdX] L=112 states=1 -> 1
[DP-fwdX] L=112 states=1 -> 1
[DP-fwdX] L=128 states=4 -> 5
[DP-bwdX] L=144 states=1 -> 1
[DP-fwdX] L=128 states=4 -> 5
[DP-bwdX] L=128 states=1 -> 1
[DP-fwdX] L=128 states=1 -> 1
[DP-bwdX] L=144 states=1 -> 1
[DP-bwdX] L=144 states=1 -> 1
[DP-bwdX] L=144 states=1 -> 1
[DP-bwdX] L=144 states=1 -> 1
  [Round 40] T_prime=12  T_target=12  HPWL_w=1364055  HPWL_eq=1190  maxL=13  WNS(T')=-1  WNS*(T)=-1  picked=3  solve_ms=1018.99
[OC-Shortest/pow2] m=18 h=8 SEG=4 bits=72 words=2 threads=24
[DP-fwdX] L=0 states=1 -> 1
[DP-fwdX] L=16 states=186 -> 230
[DP-fwdX] L=32 states=2991 -> 3395
[DP-fwdX] L=48 states=14721 -> 15765
[DP-fwdX] L=64 states=30945 -> 31590
[DP-bwdX] L=144 states=1 -> 1
[DP-bwdX] L=128 states=186 -> 230
[DP-bwdX] L=112 states=2991 -> 3395
[DP-bwdX] L=96 states=14721 -> 15765
[DP-bwdX] L=80 states=30945 -> 31590
[DP-fwdX] L=0 states=1 -> 1
[DP-fwdX] L=16 states=186 -> 230
[DP-fwdX] L=32 states=2991 -> 3395
[DP-bwdX] L=64 states=22 -> 29
[DP-bwdX] L=48 states=495 -> 543
[DP-fwdX] L=0 states=1 -> 1
[DP-fwdX] L=16 states=186 -> 230
[DP-bwdX] L=32 states=12 -> 16
[DP-fwdX] L=0 states=1 -> 1
[DP-bwdX] L=16 states=4 -> 5
[DP-fwdX] L=0 states=1 -> 1
[DP-fwdX] L=0 states=1 -> 1
[DP-fwdX] L=0 states=1 -> 1
[DP-bwdX] L=16 states=4 -> 5
[DP-bwdX] L=16 states=4 -> 5
[DP-fwdX] L=16 states=1 -> 1
[DP-bwdX] L=32 states=12 -> 16
[DP-bwdX] L=32 states=12 -> 16
[DP-fwdX] L=32 states=2 -> 3
[DP-fwdX] L=48 states=156 -> 197
[DP-bwdX] L=64 states=22 -> 29
[DP-bwdX] L=48 states=21 -> 27
[DP-fwdX] L=48 states=7 -> 11
[DP-bwdX] L=48 states=2 -> 3
[DP-bwdX] L=64 states=22 -> 29
[DP-fwdX] L=64 states=2 -> 3
[DP-fwdX] L=64 states=2 -> 3
[DP-fwdX] L=80 states=22 -> 29
[DP-fwdX] L=96 states=495 -> 543
[DP-bwdX] L=144 states=1 -> 1
[DP-bwdX] L=128 states=186 -> 230
[DP-bwdX] L=112 states=2991 -> 3395
[DP-fwdX] L=80 states=22 -> 29
[DP-bwdX] L=96 states=156 -> 197
[DP-fwdX] L=80 states=22 -> 29
[DP-bwdX] L=80 states=2 -> 3
[DP-bwdX] L=80 states=2 -> 3
[DP-bwdX] L=80 states=2 -> 3
[DP-fwdX] L=96 states=21 -> 27
[DP-bwdX] L=96 states=7 -> 11
[DP-bwdX] L=96 states=1 -> 1
[DP-fwdX] L=96 states=1 -> 1
[DP-fwdX] L=112 states=12 -> 16
[DP-bwdX] L=144 states=1 -> 1
[DP-bwdX] L=128 states=186 -> 230
[DP-fwdX] L=112 states=12 -> 16
[DP-bwdX] L=112 states=1 -> 1
[DP-bwdX] L=112 states=1 -> 1
[DP-fwdX] L=112 states=1 -> 1
[DP-fwdX] L=112 states=1 -> 1
[DP-fwdX] L=128 states=4 -> 5
[DP-bwdX] L=144 states=1 -> 1
[DP-fwdX] L=128 states=4 -> 5
[DP-bwdX] L=128 states=1 -> 1
[DP-fwdX] L=128 states=1 -> 1
[DP-bwdX] L=144 states=1 -> 1
[DP-bwdX] L=144 states=1 -> 1
[DP-bwdX] L=144 states=1 -> 1
[DP-bwdX] L=144 states=1 -> 1
  [Round 41] T_prime=12  T_target=12  HPWL_w=1365741  HPWL_eq=1192  maxL=12  WNS(T')=0  WNS*(T)=0  picked=0  solve_ms=1034.71
  [TD] reach target: all edges <= T_target.
[Policy] wrote placement to: placement18_Col_1_T_12.txt
